C:/Users/developpeur/Documents/BRICK5_H743_176/BRICK6/Src/UI/ui_param.c:292:16:ui_param_is_stack_osc_tune	0	static
C:/Users/developpeur/Documents/BRICK5_H743_176/BRICK6/Src/UI/ui_param.c:460:16:ui_param_value_is_same	0	static
C:/Users/developpeur/Documents/BRICK5_H743_176/BRICK6/Src/UI/ui_param.c:466:13:ui_param_reset_stepped_encoder_accum	0	static
C:/Users/developpeur/Documents/BRICK5_H743_176/BRICK6/Src/UI/ui_param.c:1592:16:ui_param_is_lfo_rate	0	static
C:/Users/developpeur/Documents/BRICK5_H743_176/BRICK6/Src/UI/ui_param.c:914:16:ui_param_is_track_scoped	16	static
C:/Users/developpeur/Documents/BRICK5_H743_176/BRICK6/Src/UI/ui_param.c:1060:16:ui_param_resolve_effective_edit_track	16	static
C:/Users/developpeur/Documents/BRICK5_H743_176/BRICK6/Src/UI/ui_param.c:299:16:ui_param_is_prism_tune	8	static
C:/Users/developpeur/Documents/BRICK5_H743_176/BRICK6/Src/UI/ui_param.c:1468:14:ui_param_encoder_edit_step	16	static
C:/Users/developpeur/Documents/BRICK5_H743_176/BRICK6/Src/UI/ui_param.c:114:16:ui_param_audio_owned_shadow_get	24	static
C:/Users/developpeur/Documents/BRICK5_H743_176/BRICK6/Src/UI/ui_param.c:202:16:ui_param_audio_owned_shadow_set	24	static
C:/Users/developpeur/Documents/BRICK5_H743_176/BRICK6/Src/UI/ui_param.c:494:16:ui_param_get_seq_runtime_track_value	16	static
C:/Users/developpeur/Documents/BRICK5_H743_176/BRICK6/Src/UI/ui_param.c:1109:16:ui_param_get_track_edit_value	32	static
C:/Users/developpeur/Documents/BRICK5_H743_176/BRICK6/Src/UI/ui_param.c:1077:14:ui_param_get_active_track_value	24	static
C:/Users/developpeur/Documents/BRICK5_H743_176/BRICK6/Src/UI/ui_param.c:1166:16:ui_param_resolve_seq_slot	32	static
C:/Users/developpeur/Documents/BRICK5_H743_176/BRICK6/Src/UI/ui_param.c:143:16:ui_param_step_value_find	40	static
C:/Users/developpeur/Documents/BRICK5_H743_176/BRICK6/Src/UI/ui_param.c:962:16:ui_param_resolve_edit_bounds	48	static
C:/Users/developpeur/Documents/BRICK5_H743_176/BRICK6/Src/UI/ui_param.c:926:16:ui_param_track_accepts_relative_param	24	static
C:/Users/developpeur/Documents/BRICK5_H743_176/BRICK6/Src/UI/ui_param.c:1633:14:ui_param_apply_delta_value	48	static
C:/Users/developpeur/Documents/BRICK5_H743_176/BRICK6/Src/UI/ui_param.c:1266:16:ui_param_set_track_value	864	static
C:/Users/developpeur/Documents/BRICK5_H743_176/BRICK6/Src/UI/ui_param.c:1689:16:ui_param_apply_relative_delta_to_other_tracks	80	static
C:/Users/developpeur/Documents/BRICK5_H743_176/BRICK6/Src/UI/ui_param.c:228:6:ui_param_publish_encoder_binding	64	static
C:/Users/developpeur/Documents/BRICK5_H743_176/BRICK6/Src/UI/ui_param.c:271:9:ui_param_get_audio_owned_command_value	8	static
C:/Users/developpeur/Documents/BRICK5_H743_176/BRICK6/Src/UI/ui_param.c:278:9:ui_param_accept_audio_owned_command	8	static
C:/Users/developpeur/Documents/BRICK5_H743_176/BRICK6/Src/UI/ui_param.c:354:6:ui_param_clear_value_flash	0	static
C:/Users/developpeur/Documents/BRICK5_H743_176/BRICK6/Src/UI/ui_param.c:367:6:ui_param_note_user_value_flash	24	static
C:/Users/developpeur/Documents/BRICK5_H743_176/BRICK6/Src/UI/ui_param.c:386:9:ui_param_get_slot_value_flash	16	static
C:/Users/developpeur/Documents/BRICK5_H743_176/BRICK6/Src/UI/ui_param.c:643:6:ui_param_set_bank	24	static
C:/Users/developpeur/Documents/BRICK5_H743_176/BRICK6/Src/UI/ui_param.c:682:6:ui_param_invalidate_bank	8	static
C:/Users/developpeur/Documents/BRICK5_H743_176/BRICK6/Src/UI/ui_param.c:692:6:ui_param_sync_active_bank_values	32	static
C:/Users/developpeur/Documents/BRICK5_H743_176/BRICK6/Src/UI/ui_param.c:739:6:ui_param_sync_active_track_mirror_from_runtime	48	static
C:/Users/developpeur/Documents/BRICK5_H743_176/BRICK6/Src/UI/ui_param.c:814:6:ui_param_capture_encoder_context_for_state	8	static
C:/Users/developpeur/Documents/BRICK5_H743_176/BRICK6/Src/UI/ui_param.c:802:6:ui_param_capture_encoder_context	16	static
C:/Users/developpeur/Documents/BRICK5_H743_176/BRICK6/Src/UI/ui_param.c:829:6:ui_param_begin_encoder_edit_group	0	static
C:/Users/developpeur/Documents/BRICK5_H743_176/BRICK6/Src/UI/ui_param.c:834:6:ui_param_end_encoder_edit_group	0	static
C:/Users/developpeur/Documents/BRICK5_H743_176/BRICK6/Src/UI/ui_param.c:838:9:ui_param_get_active_bank_param	0	static
C:/Users/developpeur/Documents/BRICK5_H743_176/BRICK6/Src/UI/ui_param.c:883:6:ui_param_seq_plock_feedback_frame_begin	32	static
C:/Users/developpeur/Documents/BRICK5_H743_176/BRICK6/Src/UI/ui_param.c:1104:7:ui_param_get_active_track_display_value	8	static
C:/Users/developpeur/Documents/BRICK5_H743_176/BRICK6/Src/UI/ui_param.c:1937:9:ui_param_try_get_seq_plock_feedback_with_frame	48	static
C:/Users/developpeur/Documents/BRICK5_H743_176/BRICK6/Src/UI/ui_param.c:1987:9:ui_param_try_get_seq_plock_feedback	24	static
C:/Users/developpeur/Documents/BRICK5_H743_176/BRICK6/Src/UI/ui_param.c:2013:9:ui_param_handle_encoder_with_context	336	static
C:/Users/developpeur/Documents/BRICK5_H743_176/BRICK6/Src/UI/ui_param.c:2006:6:ui_param_handle_encoder	32	static
C:/Users/developpeur/Documents/BRICK5_H743_176/BRICK6/Src/UI/ui_param.c:2123:9:ui_param_resolve_encoder_detent	40	static
C:/Users/developpeur/Documents/BRICK5_H743_176/BRICK6/Src/UI/ui_param.c:2168:9:ui_param_resolve_encoder_detent_from_binding	72	static
