../tinyusb/src/portable/synopsys/dwc2/dcd_dwc2.c:198:13:dfifo_alloc	16	static,ignoring_inline_asm
../tinyusb/src/portable/synopsys/dwc2/dcd_dwc2.c:300:13:edpt_disable	8	static
../tinyusb/src/portable/synopsys/dwc2/dcd_dwc2.c:829:17:epin_write_tx_fifo	48	static
../tinyusb/src/portable/synopsys/dwc2/dcd_dwc2.c:355:13:edpt_schedule_packets	24	static
../tinyusb/src/portable/synopsys/dwc2/dcd_dwc2.c:1049:13:handle_ep_irq	64	static
../tinyusb/src/portable/synopsys/dwc2/dcd_dwc2.c:431:6:dcd_configure	0	static
../tinyusb/src/portable/synopsys/dwc2/dcd_dwc2.c:440:6:dcd_init	16	static,ignoring_inline_asm
../tinyusb/src/portable/synopsys/dwc2/dcd_dwc2.c:494:6:dcd_int_enable	0	static,ignoring_inline_asm
../tinyusb/src/portable/synopsys/dwc2/dcd_dwc2.c:498:6:dcd_int_disable	0	static,ignoring_inline_asm
../tinyusb/src/portable/synopsys/dwc2/dcd_dwc2.c:502:6:dcd_set_address	16	static
../tinyusb/src/portable/synopsys/dwc2/dcd_dwc2.c:510:6:dcd_remote_wakeup	4	static,ignoring_inline_asm
../tinyusb/src/portable/synopsys/dwc2/dcd_dwc2.c:528:6:dcd_connect	0	static
../tinyusb/src/portable/synopsys/dwc2/dcd_dwc2.c:545:6:dcd_disconnect	0	static
../tinyusb/src/portable/synopsys/dwc2/dcd_dwc2.c:563:6:dcd_sof_enable	0	static
../tinyusb/src/portable/synopsys/dwc2/dcd_dwc2.c:581:6:dcd_edpt_open	36	static,ignoring_inline_asm
../tinyusb/src/portable/synopsys/dwc2/dcd_dwc2.c:589:6:dcd_edpt_close_all	32	static
../tinyusb/src/portable/synopsys/dwc2/dcd_dwc2.c:617:6:dcd_edpt_iso_alloc	12	static,ignoring_inline_asm
../tinyusb/src/portable/synopsys/dwc2/dcd_dwc2.c:622:6:dcd_edpt_iso_activate	24	static
../tinyusb/src/portable/synopsys/dwc2/dcd_dwc2.c:629:6:dcd_edpt_xfer	32	static
../tinyusb/src/portable/synopsys/dwc2/dcd_dwc2.c:665:6:dcd_edpt_xfer_fifo	32	static
../tinyusb/src/portable/synopsys/dwc2/dcd_dwc2.c:693:6:dcd_edpt_stall	8	static
../tinyusb/src/portable/synopsys/dwc2/dcd_dwc2.c:705:6:dcd_edpt_clear_stall	0	static
../tinyusb/src/portable/synopsys/dwc2/dcd_dwc2.c:1140:6:dcd_int_handler	72	static
