C:/Users/developpeur/Documents/BRICK5_H743_176/BRICK6/Src/Seq/seq_edit.c:155:13:seq_edit_mark_step_edited	8	static
C:/Users/developpeur/Documents/BRICK5_H743_176/BRICK6/Src/Seq/seq_edit.c:610:13:seq_edit_reset_hall_press_state	0	static
C:/Users/developpeur/Documents/BRICK5_H743_176/BRICK6/Src/Seq/seq_edit.c:258:16:seq_edit_lowcost_collect_length_targets	56	static
C:/Users/developpeur/Documents/BRICK5_H743_176/BRICK6/Src/Seq/seq_edit.c:352:16:seq_edit_lowcost_find_range_length_source	72	static
C:/Users/developpeur/Documents/BRICK5_H743_176/BRICK6/Src/Seq/seq_edit.c:87:16:seq_edit_begin_snapshot_undo	8	static
C:/Users/developpeur/Documents/BRICK5_H743_176/BRICK6/Src/Seq/seq_edit.c:107:13:seq_edit_finish_snapshot_undo	8	static
C:/Users/developpeur/Documents/BRICK5_H743_176/BRICK6/Src/Seq/seq_edit.c:237:16:seq_edit_lowcost_step_has_play_param	40	static
C:/Users/developpeur/Documents/BRICK5_H743_176/BRICK6/Src/Seq/seq_edit.c:415:16:seq_edit_lowcost_apply_length_to_voice	40	static
C:/Users/developpeur/Documents/BRICK5_H743_176/BRICK6/Src/Seq/seq_edit.c:547:13:seq_edit_apply_short_action	40	static
C:/Users/developpeur/Documents/BRICK5_H743_176/BRICK6/Src/Seq/seq_edit.c:179:9:seq_edit_lowcost_length_flash_step_visible	0	static
C:/Users/developpeur/Documents/BRICK5_H743_176/BRICK6/Src/Seq/seq_edit.c:623:6:seq_edit_init	8	static
C:/Users/developpeur/Documents/BRICK5_H743_176/BRICK6/Src/Seq/seq_edit.c:646:6:seq_edit_change_page	16	static
C:/Users/developpeur/Documents/BRICK5_H743_176/BRICK6/Src/Seq/seq_edit.c:668:9:seq_edit_get_page	8	static
C:/Users/developpeur/Documents/BRICK5_H743_176/BRICK6/Src/Seq/seq_edit.c:673:9:seq_edit_map_hall_to_step	16	static
C:/Users/developpeur/Documents/BRICK5_H743_176/BRICK6/Src/Seq/seq_edit.c:403:9:seq_edit_lowcost_range_length_candidate	24	static
C:/Users/developpeur/Documents/BRICK5_H743_176/BRICK6/Src/Seq/seq_edit.c:632:9:seq_edit_toggle_hall_step	24	static
C:/Users/developpeur/Documents/BRICK5_H743_176/BRICK6/Src/Seq/seq_edit.c:697:6:seq_edit_step_press	72	static
C:/Users/developpeur/Documents/BRICK5_H743_176/BRICK6/Src/Seq/seq_edit.c:728:6:seq_edit_step_release	8	static
C:/Users/developpeur/Documents/BRICK5_H743_176/BRICK6/Src/Seq/seq_edit.c:752:6:seq_edit_step_hold_update	32	static
C:/Users/developpeur/Documents/BRICK5_H743_176/BRICK6/Src/Seq/seq_edit.c:782:9:seq_edit_collect_held_steps	48	static
C:/Users/developpeur/Documents/BRICK5_H743_176/BRICK6/Src/Seq/seq_edit.c:838:9:seq_edit_collect_pressed_steps	20	static
C:/Users/developpeur/Documents/BRICK5_H743_176/BRICK6/Src/Seq/seq_edit.c:878:9:seq_edit_step_plock_find	16	static
C:/Users/developpeur/Documents/BRICK5_H743_176/BRICK6/Src/Seq/seq_edit.c:887:23:seq_edit_step_plock_upsert	16	static
C:/Users/developpeur/Documents/BRICK5_H743_176/BRICK6/Src/Seq/seq_edit.c:897:6:seq_edit_step_plock_commit	24	static
C:/Users/developpeur/Documents/BRICK5_H743_176/BRICK6/Src/Seq/seq_edit.c:915:23:seq_edit_step_plock_delete	72	static
C:/Users/developpeur/Documents/BRICK5_H743_176/BRICK6/Src/Seq/seq_edit.c:954:9:seq_edit_step_plock_apply_state	24	static
C:/Users/developpeur/Documents/BRICK5_H743_176/BRICK6/Src/Seq/seq_edit.c:984:6:seq_edit_step_plock_clear	16	static
C:/Users/developpeur/Documents/BRICK5_H743_176/BRICK6/Src/Seq/seq_edit.c:991:9:seq_edit_step_plock_count	8	static
C:/Users/developpeur/Documents/BRICK5_H743_176/BRICK6/Src/Seq/seq_edit.c:996:9:seq_edit_step_plock_get_at	8	static
C:/Users/developpeur/Documents/BRICK5_H743_176/BRICK6/Src/Seq/seq_edit.c:1004:9:seq_edit_copy_steps	8	static
C:/Users/developpeur/Documents/BRICK5_H743_176/BRICK6/Src/Seq/seq_edit.c:1011:9:seq_edit_paste_steps	24	static
C:/Users/developpeur/Documents/BRICK5_H743_176/BRICK6/Src/Seq/seq_edit.c:1027:6:seq_edit_clear_steps	32	static
