C:/Users/developpeur/Documents/BRICK5_H743_176/BRICK6/Src/Seq/seq_play_scheduler.c:206:16:seq_play_scheduler_track_supports_program_change	0	static
C:/Users/developpeur/Documents/BRICK5_H743_176/BRICK6/Src/Seq/seq_play_scheduler.c:450:22:seq_play_scheduler_get_locked_or_default	56	static
C:/Users/developpeur/Documents/BRICK5_H743_176/BRICK6/Src/Seq/seq_play_scheduler.c:157:13:seq_play_scheduler_emit_midi_program	16	static
C:/Users/developpeur/Documents/BRICK5_H743_176/BRICK6/Src/Seq/seq_play_scheduler.c:169:13:seq_play_scheduler_send_program_if_needed	8	static
C:/Users/developpeur/Documents/BRICK5_H743_176/BRICK6/Src/Seq/seq_play_scheduler.c:431:13:seq_play_scheduler_emit_midi_note_raw	8	static
C:/Users/developpeur/Documents/BRICK5_H743_176/BRICK6/Src/Seq/seq_play_scheduler.c:344:13:seq_play_scheduler_emit_engine_note	48	static
C:/Users/developpeur/Documents/BRICK5_H743_176/BRICK6/Src/Seq/seq_play_scheduler.c:250:13:seq_play_scheduler_push	20	static,ignoring_inline_asm
C:/Users/developpeur/Documents/BRICK5_H743_176/BRICK6/Src/Seq/seq_play_scheduler.c:492:6:seq_play_scheduler_init	8	static
C:/Users/developpeur/Documents/BRICK5_H743_176/BRICK6/Src/Seq/seq_play_scheduler.c:508:6:seq_play_scheduler_clear	8	static,ignoring_inline_asm
C:/Users/developpeur/Documents/BRICK5_H743_176/BRICK6/Src/Seq/seq_play_scheduler.c:519:6:seq_play_scheduler_schedule_step	168	static
C:/Users/developpeur/Documents/BRICK5_H743_176/BRICK6/Src/Seq/seq_play_scheduler.c:674:10:seq_play_scheduler_audio_collect_block_events	120	static,ignoring_inline_asm
C:/Users/developpeur/Documents/BRICK5_H743_176/BRICK6/Src/Seq/seq_play_scheduler.c:789:6:seq_play_scheduler_diag_reset	0	static,ignoring_inline_asm
C:/Users/developpeur/Documents/BRICK5_H743_176/BRICK6/Src/Seq/seq_play_scheduler.c:798:6:seq_play_scheduler_diag_snapshot	8	static,ignoring_inline_asm
C:/Users/developpeur/Documents/BRICK5_H743_176/BRICK6/Src/Seq/seq_play_scheduler.c:811:6:seq_play_scheduler_audio_apply_event	32	static
C:/Users/developpeur/Documents/BRICK5_H743_176/BRICK6/Src/Seq/seq_play_scheduler.c:880:6:seq_play_scheduler_live_midi_program_changed	32	static
C:/Users/developpeur/Documents/BRICK5_H743_176/BRICK6/Src/Seq/seq_play_scheduler.c:895:6:seq_play_scheduler_emit_midi_program_on_transport_start	32	static
C:/Users/developpeur/Documents/BRICK5_H743_176/BRICK6/Src/Seq/seq_play_scheduler.c:919:6:seq_play_scheduler_notify_track_pattern_change	24	static
