../Drivers/CMSIS_DSP/Source/TransformFunctions/arm_rfft_fast_f32.c:319:13:stage_rfft_f32	4	static
../Drivers/CMSIS_DSP/Source/TransformFunctions/arm_rfft_fast_f32.c:408:13:merge_rfft_f32	8	static
../Drivers/CMSIS_DSP/Source/TransformFunctions/arm_rfft_fast_f64.c:34:13:stage_rfft_f64	4	static
../Drivers/CMSIS_DSP/Source/TransformFunctions/arm_rfft_fast_f64.c:121:13:merge_rfft_f64	8	static
../Drivers/CMSIS_DSP/Source/TransformFunctions/arm_bitreversal.c:46:24:arm_bitreversal_f32	28	static
../Drivers/CMSIS_DSP/Source/TransformFunctions/arm_bitreversal.c:121:24:arm_bitreversal_q31	32	static
../Drivers/CMSIS_DSP/Source/TransformFunctions/arm_bitreversal.c:196:24:arm_bitreversal_q15	24	static
../Drivers/CMSIS_DSP/Source/TransformFunctions/arm_bitreversal2.c:45:24:arm_bitreversal_64	12	static
../Drivers/CMSIS_DSP/Source/TransformFunctions/arm_bitreversal2.c:84:24:arm_bitreversal_32	12	static
../Drivers/CMSIS_DSP/Source/TransformFunctions/arm_bitreversal2.c:123:24:arm_bitreversal_16	12	static
../Drivers/CMSIS_DSP/Source/TransformFunctions/arm_cfft_f64.c:59:24:arm_radix4_butterfly_f64	96	static
../Drivers/CMSIS_DSP/Source/TransformFunctions/arm_cfft_f64.c:192:13:arm_cfft_radix4by2_f64	24	static
../Drivers/CMSIS_DSP/Source/TransformFunctions/arm_cfft_f64.c:259:24:arm_cfft_f64	24	static
../Drivers/CMSIS_DSP/Source/TransformFunctions/arm_cfft_init_f32.c:155:1:arm_cfft_init_4096_f32	0	static
../Drivers/CMSIS_DSP/Source/TransformFunctions/arm_cfft_init_f32.c:169:1:arm_cfft_init_2048_f32	0	static
../Drivers/CMSIS_DSP/Source/TransformFunctions/arm_cfft_init_f32.c:183:1:arm_cfft_init_1024_f32	0	static
../Drivers/CMSIS_DSP/Source/TransformFunctions/arm_cfft_init_f32.c:197:1:arm_cfft_init_512_f32	0	static
../Drivers/CMSIS_DSP/Source/TransformFunctions/arm_cfft_init_f32.c:211:1:arm_cfft_init_256_f32	0	static
../Drivers/CMSIS_DSP/Source/TransformFunctions/arm_cfft_init_f32.c:225:1:arm_cfft_init_128_f32	0	static
../Drivers/CMSIS_DSP/Source/TransformFunctions/arm_cfft_init_f32.c:239:1:arm_cfft_init_64_f32	0	static
../Drivers/CMSIS_DSP/Source/TransformFunctions/arm_cfft_init_f32.c:253:1:arm_cfft_init_32_f32	0	static
../Drivers/CMSIS_DSP/Source/TransformFunctions/arm_cfft_init_f32.c:267:1:arm_cfft_init_16_f32	0	static
../Drivers/CMSIS_DSP/Source/TransformFunctions/arm_cfft_init_f32.c:294:30:arm_cfft_init_f32	8	static
../Drivers/CMSIS_DSP/Source/TransformFunctions/arm_cfft_init_f64.c:89:1:arm_cfft_init_4096_f64	0	static
../Drivers/CMSIS_DSP/Source/TransformFunctions/arm_cfft_init_f64.c:102:1:arm_cfft_init_2048_f64	0	static
../Drivers/CMSIS_DSP/Source/TransformFunctions/arm_cfft_init_f64.c:116:1:arm_cfft_init_1024_f64	0	static
../Drivers/CMSIS_DSP/Source/TransformFunctions/arm_cfft_init_f64.c:129:1:arm_cfft_init_512_f64	0	static
../Drivers/CMSIS_DSP/Source/TransformFunctions/arm_cfft_init_f64.c:142:1:arm_cfft_init_256_f64	0	static
../Drivers/CMSIS_DSP/Source/TransformFunctions/arm_cfft_init_f64.c:155:1:arm_cfft_init_128_f64	0	static
../Drivers/CMSIS_DSP/Source/TransformFunctions/arm_cfft_init_f64.c:168:1:arm_cfft_init_64_f64	0	static
../Drivers/CMSIS_DSP/Source/TransformFunctions/arm_cfft_init_f64.c:181:1:arm_cfft_init_32_f64	0	static
../Drivers/CMSIS_DSP/Source/TransformFunctions/arm_cfft_init_f64.c:194:1:arm_cfft_init_16_f64	0	static
../Drivers/CMSIS_DSP/Source/TransformFunctions/arm_cfft_init_f64.c:218:30:arm_cfft_init_f64	8	static
../Drivers/CMSIS_DSP/Source/TransformFunctions/arm_cfft_init_q15.c:157:1:arm_cfft_init_4096_q15	0	static
../Drivers/CMSIS_DSP/Source/TransformFunctions/arm_cfft_init_q15.c:170:1:arm_cfft_init_2048_q15	0	static
../Drivers/CMSIS_DSP/Source/TransformFunctions/arm_cfft_init_q15.c:183:1:arm_cfft_init_1024_q15	0	static
../Drivers/CMSIS_DSP/Source/TransformFunctions/arm_cfft_init_q15.c:196:1:arm_cfft_init_512_q15	0	static
../Drivers/CMSIS_DSP/Source/TransformFunctions/arm_cfft_init_q15.c:209:1:arm_cfft_init_256_q15	0	static
../Drivers/CMSIS_DSP/Source/TransformFunctions/arm_cfft_init_q15.c:222:1:arm_cfft_init_128_q15	0	static
../Drivers/CMSIS_DSP/Source/TransformFunctions/arm_cfft_init_q15.c:235:1:arm_cfft_init_64_q15	0	static
../Drivers/CMSIS_DSP/Source/TransformFunctions/arm_cfft_init_q15.c:248:1:arm_cfft_init_32_q15	0	static
../Drivers/CMSIS_DSP/Source/TransformFunctions/arm_cfft_init_q15.c:261:1:arm_cfft_init_16_q15	0	static
../Drivers/CMSIS_DSP/Source/TransformFunctions/arm_cfft_init_q15.c:286:30:arm_cfft_init_q15	8	static
../Drivers/CMSIS_DSP/Source/TransformFunctions/arm_cfft_init_q31.c:158:1:arm_cfft_init_4096_q31	0	static
../Drivers/CMSIS_DSP/Source/TransformFunctions/arm_cfft_init_q31.c:171:1:arm_cfft_init_2048_q31	0	static
../Drivers/CMSIS_DSP/Source/TransformFunctions/arm_cfft_init_q31.c:184:1:arm_cfft_init_1024_q31	0	static
../Drivers/CMSIS_DSP/Source/TransformFunctions/arm_cfft_init_q31.c:197:1:arm_cfft_init_512_q31	0	static
../Drivers/CMSIS_DSP/Source/TransformFunctions/arm_cfft_init_q31.c:210:1:arm_cfft_init_256_q31	0	static
../Drivers/CMSIS_DSP/Source/TransformFunctions/arm_cfft_init_q31.c:223:1:arm_cfft_init_128_q31	0	static
../Drivers/CMSIS_DSP/Source/TransformFunctions/arm_cfft_init_q31.c:236:1:arm_cfft_init_64_q31	0	static
../Drivers/CMSIS_DSP/Source/TransformFunctions/arm_cfft_init_q31.c:249:1:arm_cfft_init_32_q31	0	static
../Drivers/CMSIS_DSP/Source/TransformFunctions/arm_cfft_init_q31.c:262:1:arm_cfft_init_16_q31	0	static
../Drivers/CMSIS_DSP/Source/TransformFunctions/arm_cfft_init_q31.c:287:30:arm_cfft_init_q31	8	static
../Drivers/CMSIS_DSP/Source/TransformFunctions/arm_cfft_radix2_f32.c:113:24:arm_radix2_butterfly_f32	48	static
../Drivers/CMSIS_DSP/Source/TransformFunctions/arm_cfft_radix2_f32.c:281:24:arm_radix2_butterfly_inverse_f32	36	static
../Drivers/CMSIS_DSP/Source/TransformFunctions/arm_cfft_radix2_f32.c:67:24:arm_cfft_radix2_f32	16	static
../Drivers/CMSIS_DSP/Source/TransformFunctions/arm_cfft_radix2_q15.c:86:24:arm_radix2_butterfly_q15	48	static,ignoring_inline_asm
../Drivers/CMSIS_DSP/Source/TransformFunctions/arm_cfft_radix2_q15.c:396:24:arm_radix2_butterfly_inverse_q15	48	static,ignoring_inline_asm
../Drivers/CMSIS_DSP/Source/TransformFunctions/arm_cfft_radix2_q15.c:65:24:arm_cfft_radix2_q15	16	static
../Drivers/CMSIS_DSP/Source/TransformFunctions/arm_cfft_radix2_q31.c:88:24:arm_radix2_butterfly_q31	80	static
../Drivers/CMSIS_DSP/Source/TransformFunctions/arm_cfft_radix2_q31.c:216:24:arm_radix2_butterfly_inverse_q31	80	static
../Drivers/CMSIS_DSP/Source/TransformFunctions/arm_cfft_radix2_q31.c:65:24:arm_cfft_radix2_q31	16	static
../Drivers/CMSIS_DSP/Source/TransformFunctions/arm_cfft_radix4_f32.c:109:24:arm_radix4_butterfly_f32	56	static
../Drivers/CMSIS_DSP/Source/TransformFunctions/arm_cfft_radix4_f32.c:608:24:arm_radix4_butterfly_inverse_f32	56	static
../Drivers/CMSIS_DSP/Source/TransformFunctions/arm_cfft_radix4_f32.c:69:24:arm_cfft_radix4_f32	16	static
../Drivers/CMSIS_DSP/Source/TransformFunctions/arm_cfft_radix4_q15.c:157:24:arm_radix4_butterfly_q15	88	static,ignoring_inline_asm
../Drivers/CMSIS_DSP/Source/TransformFunctions/arm_cfft_q15.c:735:24:arm_cfft_radix4by2_q15	32	static,ignoring_inline_asm
../Drivers/CMSIS_DSP/Source/TransformFunctions/arm_cfft_radix4_q15.c:1026:24:arm_radix4_butterfly_inverse_q15	88	static,ignoring_inline_asm
../Drivers/CMSIS_DSP/Source/TransformFunctions/arm_cfft_q15.c:834:24:arm_cfft_radix4by2_inverse_q15	32	static,ignoring_inline_asm
../Drivers/CMSIS_DSP/Source/TransformFunctions/arm_cfft_q15.c:674:24:arm_cfft_q15	16	static
../Drivers/CMSIS_DSP/Source/TransformFunctions/arm_cfft_radix4_q15.c:88:24:arm_cfft_radix4_q15	16	static
../Drivers/CMSIS_DSP/Source/TransformFunctions/arm_cfft_radix4_q31.c:156:24:arm_radix4_butterfly_q31	136	static
../Drivers/CMSIS_DSP/Source/TransformFunctions/arm_cfft_q31.c:766:24:arm_cfft_radix4by2_q31	56	static
../Drivers/CMSIS_DSP/Source/TransformFunctions/arm_cfft_radix4_q31.c:527:24:arm_radix4_butterfly_inverse_q31	136	static
../Drivers/CMSIS_DSP/Source/TransformFunctions/arm_cfft_q31.c:827:24:arm_cfft_radix4by2_inverse_q31	56	static
../Drivers/CMSIS_DSP/Source/TransformFunctions/arm_cfft_q31.c:707:24:arm_cfft_q31	16	static
../Drivers/CMSIS_DSP/Source/TransformFunctions/arm_cfft_radix4_q31.c:87:24:arm_cfft_radix4_q31	16	static
../Drivers/CMSIS_DSP/Source/TransformFunctions/arm_cfft_radix8_f32.c:54:24:arm_radix8_butterfly_f32	144	static
../Drivers/CMSIS_DSP/Source/TransformFunctions/arm_cfft_f32.c:849:13:arm_cfft_radix8by2_f32	96	static
../Drivers/CMSIS_DSP/Source/TransformFunctions/arm_cfft_f32.c:963:13:arm_cfft_radix8by4_f32	136	static
../Drivers/CMSIS_DSP/Source/TransformFunctions/arm_cfft_f32.c:1246:24:arm_cfft_f32	24	static
../Drivers/CMSIS_DSP/Source/TransformFunctions/arm_rfft_fast_f32.c:678:24:arm_rfft_fast_f32	24	static
../Drivers/CMSIS_DSP/Source/TransformFunctions/arm_rfft_fast_f64.c:206:24:arm_rfft_fast_f64	24	static
../Drivers/CMSIS_DSP/Source/TransformFunctions/arm_rfft_fast_init_f32.c:86:30:arm_rfft_fast_init_32_f32	8	static
../Drivers/CMSIS_DSP/Source/TransformFunctions/arm_rfft_fast_init_f32.c:114:30:arm_rfft_fast_init_64_f32	8	static
../Drivers/CMSIS_DSP/Source/TransformFunctions/arm_rfft_fast_init_f32.c:144:30:arm_rfft_fast_init_128_f32	8	static
../Drivers/CMSIS_DSP/Source/TransformFunctions/arm_rfft_fast_init_f32.c:173:30:arm_rfft_fast_init_256_f32	8	static
../Drivers/CMSIS_DSP/Source/TransformFunctions/arm_rfft_fast_init_f32.c:202:30:arm_rfft_fast_init_512_f32	8	static
../Drivers/CMSIS_DSP/Source/TransformFunctions/arm_rfft_fast_init_f32.c:231:30:arm_rfft_fast_init_1024_f32	8	static
../Drivers/CMSIS_DSP/Source/TransformFunctions/arm_rfft_fast_init_f32.c:259:30:arm_rfft_fast_init_2048_f32	8	static
../Drivers/CMSIS_DSP/Source/TransformFunctions/arm_rfft_fast_init_f32.c:288:30:arm_rfft_fast_init_4096_f32	8	static
../Drivers/CMSIS_DSP/Source/TransformFunctions/arm_rfft_fast_init_f32.c:334:30:arm_rfft_fast_init_f32	8	static
../Drivers/CMSIS_DSP/Source/TransformFunctions/arm_rfft_fast_init_f64.c:53:30:arm_rfft_fast_init_32_f64	0	static
../Drivers/CMSIS_DSP/Source/TransformFunctions/arm_rfft_fast_init_f64.c:80:30:arm_rfft_fast_init_64_f64	0	static
../Drivers/CMSIS_DSP/Source/TransformFunctions/arm_rfft_fast_init_f64.c:107:30:arm_rfft_fast_init_128_f64	0	static
../Drivers/CMSIS_DSP/Source/TransformFunctions/arm_rfft_fast_init_f64.c:134:30:arm_rfft_fast_init_256_f64	0	static
../Drivers/CMSIS_DSP/Source/TransformFunctions/arm_rfft_fast_init_f64.c:161:30:arm_rfft_fast_init_512_f64	0	static
../Drivers/CMSIS_DSP/Source/TransformFunctions/arm_rfft_fast_init_f64.c:187:30:arm_rfft_fast_init_1024_f64	0	static
../Drivers/CMSIS_DSP/Source/TransformFunctions/arm_rfft_fast_init_f64.c:212:30:arm_rfft_fast_init_2048_f64	0	static
../Drivers/CMSIS_DSP/Source/TransformFunctions/arm_rfft_fast_init_f64.c:238:30:arm_rfft_fast_init_4096_f64	0	static
../Drivers/CMSIS_DSP/Source/TransformFunctions/arm_rfft_fast_init_f64.c:284:30:arm_rfft_fast_init_f64	8	static
../Drivers/CMSIS_DSP/Source/TransformFunctions/arm_mfcc_init_f32.c:94:30:arm_mfcc_init_f32	8	static
../Drivers/CMSIS_DSP/Source/TransformFunctions/arm_mfcc_init_f32.c:211:1:arm_mfcc_init_32_f32	8	static
../Drivers/CMSIS_DSP/Source/TransformFunctions/arm_mfcc_init_f32.c:240:1:arm_mfcc_init_64_f32	8	static
../Drivers/CMSIS_DSP/Source/TransformFunctions/arm_mfcc_init_f32.c:269:1:arm_mfcc_init_128_f32	8	static
../Drivers/CMSIS_DSP/Source/TransformFunctions/arm_mfcc_init_f32.c:298:1:arm_mfcc_init_256_f32	8	static
../Drivers/CMSIS_DSP/Source/TransformFunctions/arm_mfcc_init_f32.c:327:1:arm_mfcc_init_512_f32	8	static
../Drivers/CMSIS_DSP/Source/TransformFunctions/arm_mfcc_init_f32.c:356:1:arm_mfcc_init_1024_f32	8	static
../Drivers/CMSIS_DSP/Source/TransformFunctions/arm_mfcc_init_f32.c:385:1:arm_mfcc_init_2048_f32	8	static
../Drivers/CMSIS_DSP/Source/TransformFunctions/arm_mfcc_init_f32.c:414:1:arm_mfcc_init_4096_f32	8	static
../Drivers/CMSIS_DSP/Source/TransformFunctions/arm_mfcc_f32.c:91:24:arm_mfcc_f32	56	static
../Drivers/CMSIS_DSP/Source/TransformFunctions/arm_rfft_q15.c:270:24:arm_split_rfft_q15	48	static,ignoring_inline_asm
../Drivers/CMSIS_DSP/Source/TransformFunctions/arm_rfft_q15.c:489:24:arm_split_rifft_q15	28	static,ignoring_inline_asm
../Drivers/CMSIS_DSP/Source/TransformFunctions/arm_rfft_q15.c:151:24:arm_rfft_q15	32	static
../Drivers/CMSIS_DSP/Source/TransformFunctions/arm_mfcc_q15.c:101:30:arm_mfcc_q15	80	static,ignoring_inline_asm
../Drivers/CMSIS_DSP/Source/TransformFunctions/arm_rfft_q31.c:260:24:arm_split_rfft_q31	80	static
../Drivers/CMSIS_DSP/Source/TransformFunctions/arm_rfft_q31.c:409:24:arm_split_rifft_q31	56	static
../Drivers/CMSIS_DSP/Source/TransformFunctions/arm_rfft_q31.c:148:24:arm_rfft_q31	32	static
../Drivers/CMSIS_DSP/Source/TransformFunctions/arm_mfcc_q31.c:101:30:arm_mfcc_q31	80	static,ignoring_inline_asm
../Drivers/CMSIS_DSP/Source/TransformFunctions/arm_rfft_init_q15.c:157:1:arm_rfft_init_8192_q15	0	static
../Drivers/CMSIS_DSP/Source/TransformFunctions/arm_rfft_init_q15.c:181:1:arm_rfft_init_4096_q15	0	static
../Drivers/CMSIS_DSP/Source/TransformFunctions/arm_mfcc_init_q15.c:426:1:arm_mfcc_init_4096_q15	8	static
../Drivers/CMSIS_DSP/Source/TransformFunctions/arm_rfft_init_q15.c:205:1:arm_rfft_init_2048_q15	0	static
../Drivers/CMSIS_DSP/Source/TransformFunctions/arm_mfcc_init_q15.c:397:1:arm_mfcc_init_2048_q15	8	static
../Drivers/CMSIS_DSP/Source/TransformFunctions/arm_rfft_init_q15.c:229:1:arm_rfft_init_1024_q15	0	static
../Drivers/CMSIS_DSP/Source/TransformFunctions/arm_mfcc_init_q15.c:368:1:arm_mfcc_init_1024_q15	8	static
../Drivers/CMSIS_DSP/Source/TransformFunctions/arm_rfft_init_q15.c:253:1:arm_rfft_init_512_q15	0	static
../Drivers/CMSIS_DSP/Source/TransformFunctions/arm_mfcc_init_q15.c:339:1:arm_mfcc_init_512_q15	8	static
../Drivers/CMSIS_DSP/Source/TransformFunctions/arm_rfft_init_q15.c:277:1:arm_rfft_init_256_q15	0	static
../Drivers/CMSIS_DSP/Source/TransformFunctions/arm_mfcc_init_q15.c:310:1:arm_mfcc_init_256_q15	8	static
../Drivers/CMSIS_DSP/Source/TransformFunctions/arm_rfft_init_q15.c:301:1:arm_rfft_init_128_q15	0	static
../Drivers/CMSIS_DSP/Source/TransformFunctions/arm_mfcc_init_q15.c:281:1:arm_mfcc_init_128_q15	8	static
../Drivers/CMSIS_DSP/Source/TransformFunctions/arm_rfft_init_q15.c:325:1:arm_rfft_init_64_q15	0	static
../Drivers/CMSIS_DSP/Source/TransformFunctions/arm_mfcc_init_q15.c:252:1:arm_mfcc_init_64_q15	8	static
../Drivers/CMSIS_DSP/Source/TransformFunctions/arm_rfft_init_q15.c:349:1:arm_rfft_init_32_q15	0	static
../Drivers/CMSIS_DSP/Source/TransformFunctions/arm_mfcc_init_q15.c:223:1:arm_mfcc_init_32_q15	8	static
../Drivers/CMSIS_DSP/Source/TransformFunctions/arm_rfft_init_q15.c:435:30:arm_rfft_init_q15	8	static
../Drivers/CMSIS_DSP/Source/TransformFunctions/arm_mfcc_init_q15.c:106:30:arm_mfcc_init_q15	8	static
../Drivers/CMSIS_DSP/Source/TransformFunctions/arm_rfft_init_q31.c:154:1:arm_rfft_init_8192_q31	0	static
../Drivers/CMSIS_DSP/Source/TransformFunctions/arm_rfft_init_q31.c:178:1:arm_rfft_init_4096_q31	0	static
../Drivers/CMSIS_DSP/Source/TransformFunctions/arm_mfcc_init_q31.c:429:1:arm_mfcc_init_4096_q31	8	static
../Drivers/CMSIS_DSP/Source/TransformFunctions/arm_rfft_init_q31.c:202:1:arm_rfft_init_2048_q31	0	static
../Drivers/CMSIS_DSP/Source/TransformFunctions/arm_mfcc_init_q31.c:400:1:arm_mfcc_init_2048_q31	8	static
../Drivers/CMSIS_DSP/Source/TransformFunctions/arm_rfft_init_q31.c:226:1:arm_rfft_init_1024_q31	0	static
../Drivers/CMSIS_DSP/Source/TransformFunctions/arm_mfcc_init_q31.c:371:1:arm_mfcc_init_1024_q31	8	static
../Drivers/CMSIS_DSP/Source/TransformFunctions/arm_rfft_init_q31.c:250:1:arm_rfft_init_512_q31	0	static
../Drivers/CMSIS_DSP/Source/TransformFunctions/arm_mfcc_init_q31.c:342:1:arm_mfcc_init_512_q31	8	static
../Drivers/CMSIS_DSP/Source/TransformFunctions/arm_rfft_init_q31.c:274:1:arm_rfft_init_256_q31	0	static
../Drivers/CMSIS_DSP/Source/TransformFunctions/arm_mfcc_init_q31.c:313:1:arm_mfcc_init_256_q31	8	static
../Drivers/CMSIS_DSP/Source/TransformFunctions/arm_rfft_init_q31.c:298:1:arm_rfft_init_128_q31	0	static
../Drivers/CMSIS_DSP/Source/TransformFunctions/arm_mfcc_init_q31.c:284:1:arm_mfcc_init_128_q31	8	static
../Drivers/CMSIS_DSP/Source/TransformFunctions/arm_rfft_init_q31.c:322:1:arm_rfft_init_64_q31	0	static
../Drivers/CMSIS_DSP/Source/TransformFunctions/arm_mfcc_init_q31.c:255:1:arm_mfcc_init_64_q31	8	static
../Drivers/CMSIS_DSP/Source/TransformFunctions/arm_rfft_init_q31.c:346:1:arm_rfft_init_32_q31	0	static
../Drivers/CMSIS_DSP/Source/TransformFunctions/arm_mfcc_init_q31.c:226:1:arm_mfcc_init_32_q31	8	static
../Drivers/CMSIS_DSP/Source/TransformFunctions/arm_rfft_init_q31.c:432:30:arm_rfft_init_q31	8	static
../Drivers/CMSIS_DSP/Source/TransformFunctions/arm_mfcc_init_q31.c:108:30:arm_mfcc_init_q31	8	static
../Drivers/CMSIS_DSP/Source/TransformFunctions/arm_transform_buffer_sizes.c:47:9:arm_cfft_tmp_buffer_size	0	static
../Drivers/CMSIS_DSP/Source/TransformFunctions/arm_transform_buffer_sizes.c:91:9:arm_cfft_output_buffer_size	0	static
../Drivers/CMSIS_DSP/Source/TransformFunctions/arm_transform_buffer_sizes.c:112:9:arm_cifft_output_buffer_size	0	static
../Drivers/CMSIS_DSP/Source/TransformFunctions/arm_transform_buffer_sizes.c:152:9:arm_rfft_tmp_buffer_size	0	static
../Drivers/CMSIS_DSP/Source/TransformFunctions/arm_transform_buffer_sizes.c:203:9:arm_rfft_output_buffer_size	0	static
../Drivers/CMSIS_DSP/Source/TransformFunctions/arm_transform_buffer_sizes.c:244:9:arm_rifft_input_buffer_size	0	static
../Drivers/CMSIS_DSP/Source/TransformFunctions/arm_transform_buffer_sizes.c:295:9:arm_mfcc_tmp_buffer_size	8	static
../Drivers/CMSIS_DSP/Source/TransformFunctions/arm_cfft_radix4_init_f32.c:68:30:arm_cfft_radix4_init_f32	4	static
../Drivers/CMSIS_DSP/Source/TransformFunctions/arm_cfft_radix4_init_q15.c:69:30:arm_cfft_radix4_init_q15	4	static
../Drivers/CMSIS_DSP/Source/TransformFunctions/arm_cfft_radix4_init_q31.c:68:30:arm_cfft_radix4_init_q31	4	static
../Drivers/CMSIS_DSP/Source/TransformFunctions/arm_cfft_radix2_init_f32.c:67:30:arm_cfft_radix2_init_f32	4	static
../Drivers/CMSIS_DSP/Source/TransformFunctions/arm_cfft_radix2_init_q15.c:68:30:arm_cfft_radix2_init_q15	4	static
../Drivers/CMSIS_DSP/Source/TransformFunctions/arm_cfft_radix2_init_q31.c:67:30:arm_cfft_radix2_init_q31	4	static
