../Src/Mod/mod_lfo_v1.c:58:14:mod_lfo_clampf	0	static
../Src/Mod/mod_lfo_v1.c:71:16:mod_lfo_is_internal_param	0	static
../Src/Mod/mod_lfo_v1.c:147:37:mod_lfo_effective_status_from_ctx	0	static
../Src/Mod/mod_lfo_v1.c:305:17:mod_lfo_phase_inc_from_rate_with_bpm	16	static
../Src/Mod/mod_lfo_v1.c:329:17:mod_lfo_xorshift32	0	static
../Src/Mod/mod_lfo_v1.c:337:14:mod_lfo_sh_next_value	16	static
../Src/Mod/mod_lfo_v1.c:350:14:mod_lfo_wave	0	static
../Src/Mod/mod_lfo_v1.c:324:17:mod_lfo_phase_inc_from_rate	8	static
../Src/Mod/mod_lfo_v1.c:89:16:mod_lfo_param_matches_track_context	16	static
../Src/Mod/mod_lfo_v1.c:188:16:mod_lfo_dest_supported_fast	32	static
../Src/Mod/mod_lfo_v1.c:215:17:mod_lfo_dest_count_supported	40	static
../Src/Mod/mod_lfo_v1.c:241:19:mod_lfo_dest_from_index	40	static
../Src/Mod/mod_lfo_v1.c:383:16:mod_lfo_is_effectively_active	16	static
../Src/Mod/mod_lfo_v1.c:273:17:mod_lfo_dest_to_index	40	static
../Src/Mod/mod_lfo_v1.c:404:13:mod_lfo_release_last_destination	40	static
../Src/Mod/mod_lfo_v1.c:457:13:mod_lfo_process_control_tick	64	static
../Src/Mod/mod_lfo_v1.c:519:6:mod_lfo_v1_init	16	static
../Src/Mod/mod_lfo_v1.c:550:6:mod_lfo_v1_reset_runtime	24	static
../Src/Mod/mod_lfo_v1.c:568:9:mod_lfo_v1_set_track_param	48	static
../Src/Mod/mod_lfo_v1.c:617:9:mod_lfo_v1_get_track_param	8	static
../Src/Mod/mod_lfo_v1.c:655:6:mod_lfo_v1_process_block	8	static
../Src/Mod/mod_lfo_v1.c:650:6:mod_lfo_v1_process_sample_all	8	static
../Src/Mod/mod_lfo_v1.c:670:10:mod_lfo_v1_dest_count	8	static
../Src/Mod/mod_lfo_v1.c:675:9:mod_lfo_v1_dest_param_at	8	static
../Src/Mod/mod_lfo_v1.c:686:9:mod_lfo_v1_dest_label	16	static
