../Src/UI/pages/ui_page_param_test.c:79:13:ui_page_param_test_leave	0	static
../Src/UI/pages/ui_page_param_test.c:182:13:ui_page_param_test_tick	0	static
../Src/UI/pages/ui_page_param_test.c:81:13:ui_page_param_test_format_value	32	static
../Src/UI/pages/ui_page_param_test.c:194:13:ui_page_param_test_render	80	static
../Src/UI/pages/ui_page_param_test.c:47:13:ui_page_param_test_select_page	8	static
../Src/UI/pages/ui_page_param_test.c:159:13:ui_page_param_test_handle_event	8	static
../Src/UI/pages/ui_page_param_test.c:64:13:ui_page_param_test_enter	8	static
