../Src/Seq/seq_model.c:19:16:seq_model_track_is_valid	0	static
../Src/Seq/seq_model.c:24:16:seq_model_step_is_valid	0	static
../Src/Seq/seq_model.c:29:20:seq_model_get_step_mut	16	static
../Src/Seq/seq_model.c:39:26:seq_model_get_step_const	16	static
../Src/Seq/seq_model.c:49:17:seq_model_alloc_lock_node	4	static
../Src/Seq/seq_model.c:63:13:seq_model_free_lock_node	0	static
../Src/Seq/seq_model.c:75:17:seq_model_find_lock_idx	12	static
../Src/Seq/seq_model.c:106:16:seq_model_compute_step_mask	16	static
../Src/Seq/seq_model.c:121:6:seq_model_init_defaults	8	static
../Src/Seq/seq_model.c:145:27:seq_model_get_project	0	static
../Src/Seq/seq_model.c:219:9:seq_model_get_trig	16	static
../Src/Seq/seq_model.c:229:6:seq_model_toggle_trig	16	static
../Src/Seq/seq_model.c:240:6:seq_model_set_trig	16	static
../Src/Seq/seq_model.c:250:9:seq_model_get_track_page	8	static
../Src/Seq/seq_model.c:260:6:seq_model_set_track_page	16	static
../Src/Seq/seq_model.c:275:6:seq_model_set_track_length	16	static
../Src/Seq/seq_model.c:294:9:seq_model_get_track_length	8	static
../Src/Seq/seq_model.c:304:9:seq_model_step_plock_find	16	static
../Src/Seq/seq_model.c:326:23:seq_model_step_plock_upsert	24	static
../Src/Seq/seq_model.c:151:9:seq_model_load_project	16432	static
../Src/Seq/seq_model.c:378:23:seq_model_step_plock_delete	32	static
../Src/Seq/seq_model.c:417:6:seq_model_step_plock_clear	16	static
../Src/Seq/seq_model.c:438:9:seq_model_step_plock_count	8	static
../Src/Seq/seq_model.c:449:9:seq_model_step_plock_get_at	16	static
