../Src/Seq/seq_live_rec_capture.c:36:19:seq_live_rec_capture_play_param_note	0	static
../Src/Seq/seq_live_rec_capture.c:44:19:seq_live_rec_capture_play_param_vel	0	static
../Src/Seq/seq_live_rec_capture.c:52:19:seq_live_rec_capture_play_param_len	0	static
../Src/Seq/seq_live_rec_capture.c:60:19:seq_live_rec_capture_play_param_mictim	0	static
../Src/Seq/seq_live_rec_capture.c:142:16:seq_live_rec_capture_alloc_pending_slot	0	static
../Src/Seq/seq_live_rec_capture.c:155:16:seq_live_rec_capture_find_pending_for_note	20	static
../Src/Seq/seq_live_rec_capture.c:261:16:seq_live_rec_capture_upsert_play_param	40	static
../Src/Seq/seq_live_rec_capture.c:313:13:seq_live_rec_capture_finalize_pending	24	static
../Src/Seq/seq_live_rec_capture.c:184:16:seq_live_rec_capture_track_accepts_source	8	static
../Src/Seq/seq_live_rec_capture.c:196:13:seq_live_rec_capture_compute_step_and_mictim	16	static
../Src/Seq/seq_live_rec_capture.c:99:16:seq_live_rec_capture_voice_has_any_lock	64	static
../Src/Seq/seq_live_rec_capture.c:128:16:seq_live_rec_capture_find_free_voice	16	static
../Src/Seq/seq_live_rec_capture.c:298:16:seq_live_rec_capture_has_play_param	40	static
../Src/Seq/seq_live_rec_capture.c:68:16:seq_live_rec_capture_find_voice_with_note_lock	56	static
../Src/Seq/seq_live_rec_capture.c:283:16:seq_live_rec_capture_delete_play_param	24	static
../Src/Seq/seq_live_rec_capture.c:341:6:seq_live_rec_capture_init	8	static
../Src/Seq/seq_live_rec_capture.c:346:6:seq_live_rec_capture_reset	8	static
../Src/Seq/seq_live_rec_capture.c:351:6:seq_live_rec_capture_flush	16	static
../Src/Seq/seq_live_rec_capture.c:359:6:seq_live_rec_capture_note_on	96	static
../Src/Seq/seq_live_rec_capture.c:477:6:seq_live_rec_capture_note_off	24	static
