../Src/Keyboard/keyboard_runtime.c:178:13:keyboard_runtime_engine_note_off	16	static
../Src/Keyboard/keyboard_runtime.c:573:13:keyboard_runtime_all_notes_off_sink	24	static
../Src/Keyboard/keyboard_runtime.c:148:13:keyboard_runtime_engine_note_on	24	static
../Src/Keyboard/keyboard_runtime.c:562:13:keyboard_runtime_note_off_sink	16	static
../Src/Keyboard/keyboard_runtime.c:549:13:keyboard_runtime_note_on_sink	16	static
../Src/Keyboard/keyboard_runtime.c:596:6:keyboard_runtime_init	24	static
../Src/Keyboard/keyboard_runtime.c:610:6:keyboard_runtime_tick	40	static
../Src/Keyboard/keyboard_runtime.c:630:6:keyboard_runtime_set_root	8	static
../Src/Keyboard/keyboard_runtime.c:636:6:keyboard_runtime_set_scale	8	static
../Src/Keyboard/keyboard_runtime.c:647:6:keyboard_runtime_set_omnichord	8	static
../Src/Keyboard/keyboard_runtime.c:653:6:keyboard_runtime_set_note_order	8	static
../Src/Keyboard/keyboard_runtime.c:659:6:keyboard_runtime_set_chord_override	8	static
../Src/Keyboard/keyboard_runtime.c:665:6:keyboard_runtime_set_arp_hold	24	static
../Src/Keyboard/keyboard_runtime.c:686:6:keyboard_runtime_set_arp_rate	0	static
../Src/Keyboard/keyboard_runtime.c:687:6:keyboard_runtime_set_arp_oct	0	static
../Src/Keyboard/keyboard_runtime.c:688:6:keyboard_runtime_set_arp_pattern	0	static
../Src/Keyboard/keyboard_runtime.c:689:6:keyboard_runtime_set_arp_gate	0	static
../Src/Keyboard/keyboard_runtime.c:690:6:keyboard_runtime_set_arp_swing	0	static
../Src/Keyboard/keyboard_runtime.c:691:6:keyboard_runtime_set_arp_accent	0	static
../Src/Keyboard/keyboard_runtime.c:692:6:keyboard_runtime_set_arp_vel_acc	0	static
../Src/Keyboard/keyboard_runtime.c:693:6:keyboard_runtime_set_arp_strum	0	static
../Src/Keyboard/keyboard_runtime.c:694:6:keyboard_runtime_set_arp_offset	0	static
../Src/Keyboard/keyboard_runtime.c:695:6:keyboard_runtime_set_arp_transpose	0	static
../Src/Keyboard/keyboard_runtime.c:696:6:keyboard_runtime_set_arp_spread	0	static
../Src/Keyboard/keyboard_runtime.c:697:6:keyboard_runtime_set_arp_dir	0	static
../Src/Keyboard/keyboard_runtime.c:698:6:keyboard_runtime_set_arp_sync	8	static
../Src/Keyboard/keyboard_runtime.c:705:6:keyboard_runtime_step_octave	8	static
../Src/Keyboard/keyboard_runtime.c:710:6:keyboard_runtime_process_hall	16	static
../Src/Keyboard/keyboard_runtime.c:716:6:keyboard_runtime_all_notes_off	16	static
../Src/Keyboard/keyboard_runtime.c:723:6:keyboard_runtime_on_active_track_changed	16	static
../Src/Keyboard/keyboard_runtime.c:728:6:keyboard_runtime_on_hall_mode_changed	16	static
../Src/Keyboard/keyboard_runtime.c:741:9:keyboard_runtime_get_root_index	0	static
../Src/Keyboard/keyboard_runtime.c:746:9:keyboard_runtime_get_scale_index	0	static
../Src/Keyboard/keyboard_runtime.c:751:6:keyboard_runtime_get_omnichord	0	static
../Src/Keyboard/keyboard_runtime.c:756:14:keyboard_runtime_get_note_order	0	static
../Src/Keyboard/keyboard_runtime.c:761:6:keyboard_runtime_get_chord_override	0	static
../Src/Keyboard/keyboard_runtime.c:766:8:keyboard_runtime_get_octave_shift	0	static
