../Src/Keyboard/keyboard_engine.c:56:16:keyboard_engine_get_filter_target_track	16	static
../Src/Keyboard/keyboard_engine.c:43:13:keyboard_engine_active_track_has_midi_note_path	16	static
../Src/Keyboard/keyboard_engine.c:96:16:keyboard_engine_get_track_midi_channel_zero_based	8	static
../Src/Keyboard/keyboard_engine.c:38:13:keyboard_engine_active_track_is_synth	8	static
../Src/Keyboard/keyboard_engine.c:142:6:keyboard_engine_note_on	24	static
../Src/Keyboard/keyboard_engine.c:201:6:keyboard_engine_note_off	16	static
../Src/Keyboard/keyboard_engine.c:261:6:keyboard_engine_all_notes_off	8	static
../Src/Keyboard/keyboard_engine.c:287:6:keyboard_engine_midi_receive	64	static
