../Src/Keyboard/keyboard_runtime.c:192:13:keyboard_runtime_engine_note_off	16	static
../Src/Keyboard/keyboard_runtime.c:595:13:keyboard_runtime_all_notes_off_sink	24	static
../Src/Keyboard/keyboard_runtime.c:158:13:keyboard_runtime_engine_note_on	24	static
../Src/Keyboard/keyboard_runtime.c:584:13:keyboard_runtime_note_off_sink	16	static
../Src/Keyboard/keyboard_runtime.c:571:13:keyboard_runtime_note_on_sink	16	static
../Src/Keyboard/keyboard_runtime.c:618:6:keyboard_runtime_init	24	static
../Src/Keyboard/keyboard_runtime.c:632:6:keyboard_runtime_tick	40	static
../Src/Keyboard/keyboard_runtime.c:652:6:keyboard_runtime_set_root	8	static
../Src/Keyboard/keyboard_runtime.c:658:6:keyboard_runtime_set_scale	8	static
../Src/Keyboard/keyboard_runtime.c:669:6:keyboard_runtime_set_omnichord	8	static
../Src/Keyboard/keyboard_runtime.c:675:6:keyboard_runtime_set_note_order	8	static
../Src/Keyboard/keyboard_runtime.c:681:6:keyboard_runtime_set_chord_override	8	static
../Src/Keyboard/keyboard_runtime.c:687:6:keyboard_runtime_set_arp_hold	24	static
../Src/Keyboard/keyboard_runtime.c:708:6:keyboard_runtime_set_arp_rate	0	static
../Src/Keyboard/keyboard_runtime.c:709:6:keyboard_runtime_set_arp_oct	0	static
../Src/Keyboard/keyboard_runtime.c:710:6:keyboard_runtime_set_arp_pattern	0	static
../Src/Keyboard/keyboard_runtime.c:711:6:keyboard_runtime_set_arp_gate	0	static
../Src/Keyboard/keyboard_runtime.c:712:6:keyboard_runtime_set_arp_swing	0	static
../Src/Keyboard/keyboard_runtime.c:713:6:keyboard_runtime_set_arp_accent	0	static
../Src/Keyboard/keyboard_runtime.c:714:6:keyboard_runtime_set_arp_vel_acc	0	static
../Src/Keyboard/keyboard_runtime.c:715:6:keyboard_runtime_set_arp_strum	0	static
../Src/Keyboard/keyboard_runtime.c:716:6:keyboard_runtime_set_arp_offset	0	static
../Src/Keyboard/keyboard_runtime.c:717:6:keyboard_runtime_set_arp_transpose	0	static
../Src/Keyboard/keyboard_runtime.c:718:6:keyboard_runtime_set_arp_spread	0	static
../Src/Keyboard/keyboard_runtime.c:719:6:keyboard_runtime_set_arp_dir	0	static
../Src/Keyboard/keyboard_runtime.c:720:6:keyboard_runtime_set_arp_sync	8	static
../Src/Keyboard/keyboard_runtime.c:727:6:keyboard_runtime_step_octave	8	static
../Src/Keyboard/keyboard_runtime.c:732:6:keyboard_runtime_process_hall	16	static
../Src/Keyboard/keyboard_runtime.c:738:6:keyboard_runtime_all_notes_off	16	static
../Src/Keyboard/keyboard_runtime.c:745:6:keyboard_runtime_on_active_track_changed	16	static
../Src/Keyboard/keyboard_runtime.c:750:6:keyboard_runtime_on_hall_mode_changed	16	static
../Src/Keyboard/keyboard_runtime.c:763:9:keyboard_runtime_get_root_index	0	static
../Src/Keyboard/keyboard_runtime.c:768:9:keyboard_runtime_get_scale_index	0	static
../Src/Keyboard/keyboard_runtime.c:773:6:keyboard_runtime_get_omnichord	0	static
../Src/Keyboard/keyboard_runtime.c:778:14:keyboard_runtime_get_note_order	0	static
../Src/Keyboard/keyboard_runtime.c:783:6:keyboard_runtime_get_chord_override	0	static
../Src/Keyboard/keyboard_runtime.c:788:8:keyboard_runtime_get_octave_shift	0	static
