../Src/Keyboard/keyboard_arp.c:139:17:keyboard_arp_rng	4	static
../Src/Keyboard/keyboard_arp.c:146:16:keyboard_arp_clamp_u7	16	static
../Src/Keyboard/keyboard_arp.c:159:17:keyboard_arp_step_interval_ms	24	static
../Src/Keyboard/keyboard_arp.c:172:17:keyboard_arp_gate_ms	24	static
../Src/Keyboard/keyboard_arp.c:182:17:keyboard_arp_strum_ms	16	static
../Src/Keyboard/keyboard_arp.c:196:13:keyboard_arp_copy_notes	32	static
../Src/Keyboard/keyboard_arp.c:211:13:keyboard_arp_insert_sorted_unique	32	static
../Src/Keyboard/keyboard_arp.c:246:13:keyboard_arp_remove_note	32	static
../Src/Keyboard/keyboard_arp.c:269:13:keyboard_arp_activate_from_phys	16	static
../Src/Keyboard/keyboard_arp.c:279:13:keyboard_arp_activate_from_latched	16	static
../Src/Keyboard/keyboard_arp.c:290:13:keyboard_arp_schedule_note_off	24	static
../Src/Keyboard/keyboard_arp.c:303:13:keyboard_arp_queue_note_on	24	static
../Src/Keyboard/keyboard_arp.c:317:13:keyboard_arp_dispatch_pending_note_on	24	static
../Src/Keyboard/keyboard_arp.c:343:13:keyboard_arp_dispatch_note_off	24	static
../Src/Keyboard/keyboard_arp.c:364:13:keyboard_arp_reset_phrase	16	static
../Src/Keyboard/keyboard_arp.c:381:16:keyboard_arp_apply_step_accent	24	static
../Src/Keyboard/keyboard_arp.c:413:16:keyboard_arp_next_base_index	24	static
../Src/Keyboard/keyboard_arp.c:448:16:keyboard_arp_compute_octave	24	static
../Src/Keyboard/keyboard_arp.c:484:13:keyboard_arp_should_tick	16	static
../Src/Keyboard/keyboard_arp.c:504:13:keyboard_arp_try_start	24	static
../Src/Keyboard/keyboard_arp.c:537:13:keyboard_arp_play_step	128	static
../Src/Keyboard/keyboard_arp.c:708:6:keyboard_arp_init	8	static
../Src/Keyboard/keyboard_arp.c:713:6:keyboard_arp_tick	24	static
../Src/Keyboard/keyboard_arp.c:751:6:keyboard_arp_note_on	32	static
../Src/Keyboard/keyboard_arp.c:803:6:keyboard_arp_note_off	16	static
../Src/Keyboard/keyboard_arp.c:830:6:keyboard_arp_all_notes_off	8	static
../Src/Keyboard/keyboard_arp.c:843:6:keyboard_arp_set_hold	32	static
../Src/Keyboard/keyboard_arp.c:874:6:keyboard_arp_set_rate	16	static
../Src/Keyboard/keyboard_arp.c:875:6:keyboard_arp_set_oct	16	static
../Src/Keyboard/keyboard_arp.c:876:6:keyboard_arp_set_pattern	16	static
../Src/Keyboard/keyboard_arp.c:877:6:keyboard_arp_set_gate	16	static
../Src/Keyboard/keyboard_arp.c:878:6:keyboard_arp_set_swing	16	static
../Src/Keyboard/keyboard_arp.c:879:6:keyboard_arp_set_accent	16	static
../Src/Keyboard/keyboard_arp.c:880:6:keyboard_arp_set_vel_acc	16	static
../Src/Keyboard/keyboard_arp.c:881:6:keyboard_arp_set_strum	16	static
../Src/Keyboard/keyboard_arp.c:882:6:keyboard_arp_set_offset	16	static
../Src/Keyboard/keyboard_arp.c:883:6:keyboard_arp_set_transpose	16	static
../Src/Keyboard/keyboard_arp.c:884:6:keyboard_arp_set_spread	16	static
../Src/Keyboard/keyboard_arp.c:885:6:keyboard_arp_set_dir	16	static
../Src/Keyboard/keyboard_arp.c:887:6:keyboard_arp_set_sync	16	static
../Src/Keyboard/keyboard_arp.c:894:6:keyboard_arp_on_mode_enter	8	static
../Src/Keyboard/keyboard_arp.c:899:6:keyboard_arp_on_mode_leave	8	static
../Src/Keyboard/keyboard_arp.c:907:6:keyboard_arp_on_mode_leave_silent	4	static
