../Src/Keyboard/keyboard_runtime.c:74:13:keyboard_runtime_all_notes_off_sink	8	static
../Src/Keyboard/keyboard_runtime.c:60:13:keyboard_runtime_note_off_sink	8	static
../Src/Keyboard/keyboard_runtime.c:39:13:keyboard_runtime_note_on_sink	16	static
../Src/Keyboard/keyboard_runtime.c:91:6:keyboard_runtime_init	24	static
../Src/Keyboard/keyboard_runtime.c:105:6:keyboard_runtime_tick	0	static
../Src/Keyboard/keyboard_runtime.c:110:6:keyboard_runtime_set_root	8	static
../Src/Keyboard/keyboard_runtime.c:116:6:keyboard_runtime_set_scale	8	static
../Src/Keyboard/keyboard_runtime.c:127:6:keyboard_runtime_set_omnichord	8	static
../Src/Keyboard/keyboard_runtime.c:133:6:keyboard_runtime_set_note_order	8	static
../Src/Keyboard/keyboard_runtime.c:139:6:keyboard_runtime_set_chord_override	8	static
../Src/Keyboard/keyboard_runtime.c:145:6:keyboard_runtime_step_octave	8	static
../Src/Keyboard/keyboard_runtime.c:150:6:keyboard_runtime_process_hall	16	static
../Src/Keyboard/keyboard_runtime.c:156:6:keyboard_runtime_all_notes_off	8	static
../Src/Keyboard/keyboard_runtime.c:162:6:keyboard_runtime_on_active_track_changed	8	static
../Src/Keyboard/keyboard_runtime.c:167:9:keyboard_runtime_get_root_index	0	static
../Src/Keyboard/keyboard_runtime.c:172:9:keyboard_runtime_get_scale_index	0	static
../Src/Keyboard/keyboard_runtime.c:177:6:keyboard_runtime_get_omnichord	0	static
../Src/Keyboard/keyboard_runtime.c:182:14:keyboard_runtime_get_note_order	0	static
../Src/Keyboard/keyboard_runtime.c:187:6:keyboard_runtime_get_chord_override	0	static
../Src/Keyboard/keyboard_runtime.c:192:8:keyboard_runtime_get_octave_shift	0	static
