../Src/Keyboard/keyboard_engine.c:56:16:keyboard_engine_get_filter_target_track	16	static
../Src/Keyboard/keyboard_engine.c:66:16:keyboard_engine_get_active_mix_target_track	16	static
../Src/Keyboard/keyboard_engine.c:43:13:keyboard_engine_active_track_has_midi_note_path	16	static
../Src/Keyboard/keyboard_engine.c:108:16:keyboard_engine_get_track_midi_channel_zero_based	8	static
../Src/Keyboard/keyboard_engine.c:38:13:keyboard_engine_active_track_is_synth	8	static
../Src/Keyboard/keyboard_engine.c:114:13:keyboard_engine_dispatch_note_to_matching_tracks	48	static
../Src/Keyboard/keyboard_engine.c:267:6:keyboard_engine_note_on	32	static
../Src/Keyboard/keyboard_engine.c:342:6:keyboard_engine_note_off	32	static
../Src/Keyboard/keyboard_engine.c:413:6:keyboard_engine_all_notes_off	16	static
../Src/Keyboard/keyboard_engine.c:444:6:keyboard_engine_midi_receive	64	static
