../Src/Keyboard/keyboard_engine.c:36:13:keyboard_engine_active_track_is_synth	8	static
../Src/Keyboard/keyboard_engine.c:41:13:keyboard_engine_active_track_has_midi_note_path	16	static
../Src/Keyboard/keyboard_engine.c:48:13:keyboard_engine_active_track_accepts_internal_source	16	static
../Src/Keyboard/keyboard_engine.c:54:16:keyboard_engine_get_filter_target_track	16	static
../Src/Keyboard/keyboard_engine.c:64:16:keyboard_engine_get_active_mix_target_track	16	static
../Src/Keyboard/keyboard_engine.c:76:16:keyboard_engine_get_active_monob_instance	16	static
../Src/Keyboard/keyboard_engine.c:91:16:keyboard_engine_get_track_midi_channel_zero_based	24	static
../Src/Keyboard/keyboard_engine.c:97:13:keyboard_engine_dispatch_note_to_matching_tracks	40	static
../Src/Keyboard/keyboard_engine.c:205:13:keyboard_engine_live_rec_push_internal_channel	24	static
../Src/Keyboard/keyboard_engine.c:226:16:keyboard_engine_live_rec_pop_internal_channel	24	static
../Src/Keyboard/keyboard_engine.c:245:6:keyboard_engine_note_on	32	static
../Src/Keyboard/keyboard_engine.c:315:6:keyboard_engine_note_off	40	static
../Src/Keyboard/keyboard_engine.c:382:6:keyboard_engine_all_notes_off	16	static
../Src/Keyboard/keyboard_engine.c:411:6:keyboard_engine_midi_receive	48	static
