../Src/Keyboard/keyboard_arp.c:504:13:keyboard_arp_try_start	28	static
../Src/Keyboard/keyboard_arp.c:708:6:keyboard_arp_init	8	static
../Src/Keyboard/keyboard_arp.c:713:6:keyboard_arp_tick	152	static
../Src/Keyboard/keyboard_arp.c:751:6:keyboard_arp_note_on	48	static
../Src/Keyboard/keyboard_arp.c:803:6:keyboard_arp_note_off	16	static
../Src/Keyboard/keyboard_arp.c:830:6:keyboard_arp_all_notes_off	8	static
../Src/Keyboard/keyboard_arp.c:843:6:keyboard_arp_set_hold	16	static
../Src/Keyboard/keyboard_arp.c:874:6:keyboard_arp_set_rate	0	static
../Src/Keyboard/keyboard_arp.c:875:6:keyboard_arp_set_oct	0	static
../Src/Keyboard/keyboard_arp.c:876:6:keyboard_arp_set_pattern	0	static
../Src/Keyboard/keyboard_arp.c:877:6:keyboard_arp_set_gate	0	static
../Src/Keyboard/keyboard_arp.c:878:6:keyboard_arp_set_swing	0	static
../Src/Keyboard/keyboard_arp.c:879:6:keyboard_arp_set_accent	0	static
../Src/Keyboard/keyboard_arp.c:880:6:keyboard_arp_set_vel_acc	0	static
../Src/Keyboard/keyboard_arp.c:881:6:keyboard_arp_set_strum	0	static
../Src/Keyboard/keyboard_arp.c:882:6:keyboard_arp_set_offset	0	static
../Src/Keyboard/keyboard_arp.c:883:6:keyboard_arp_set_transpose	0	static
../Src/Keyboard/keyboard_arp.c:884:6:keyboard_arp_set_spread	0	static
../Src/Keyboard/keyboard_arp.c:885:6:keyboard_arp_set_dir	0	static
../Src/Keyboard/keyboard_arp.c:887:6:keyboard_arp_set_sync	8	static
../Src/Keyboard/keyboard_arp.c:894:6:keyboard_arp_on_mode_enter	8	static
../Src/Keyboard/keyboard_arp.c:899:6:keyboard_arp_on_mode_leave	8	static
../Src/Keyboard/keyboard_arp.c:907:6:keyboard_arp_on_mode_leave_silent	0	static
