../Src/Keyboard/keyboard_runtime.c:26:6:keyboard_runtime_init	8	static
../Src/Keyboard/keyboard_runtime.c:33:6:keyboard_runtime_tick	8	static
../Src/Keyboard/keyboard_runtime.c:45:6:keyboard_runtime_set_root	0	static
../Src/Keyboard/keyboard_runtime.c:46:6:keyboard_runtime_set_scale	0	static
../Src/Keyboard/keyboard_runtime.c:47:6:keyboard_runtime_set_omnichord	0	static
../Src/Keyboard/keyboard_runtime.c:48:6:keyboard_runtime_set_note_order	0	static
../Src/Keyboard/keyboard_runtime.c:49:6:keyboard_runtime_set_chord_override	0	static
../Src/Keyboard/keyboard_runtime.c:52:6:keyboard_runtime_set_arp_hold	0	static
../Src/Keyboard/keyboard_runtime.c:53:6:keyboard_runtime_set_arp_rate	0	static
../Src/Keyboard/keyboard_runtime.c:54:6:keyboard_runtime_set_arp_oct	0	static
../Src/Keyboard/keyboard_runtime.c:55:6:keyboard_runtime_set_arp_pattern	0	static
../Src/Keyboard/keyboard_runtime.c:56:6:keyboard_runtime_set_arp_gate	0	static
../Src/Keyboard/keyboard_runtime.c:57:6:keyboard_runtime_set_arp_swing	0	static
../Src/Keyboard/keyboard_runtime.c:58:6:keyboard_runtime_set_arp_accent	0	static
../Src/Keyboard/keyboard_runtime.c:59:6:keyboard_runtime_set_arp_vel_acc	0	static
../Src/Keyboard/keyboard_runtime.c:60:6:keyboard_runtime_set_arp_strum	0	static
../Src/Keyboard/keyboard_runtime.c:61:6:keyboard_runtime_set_arp_offset	0	static
../Src/Keyboard/keyboard_runtime.c:62:6:keyboard_runtime_set_arp_transpose	0	static
../Src/Keyboard/keyboard_runtime.c:63:6:keyboard_runtime_set_arp_spread	0	static
../Src/Keyboard/keyboard_runtime.c:64:6:keyboard_runtime_set_arp_dir	0	static
../Src/Keyboard/keyboard_runtime.c:65:6:keyboard_runtime_set_arp_sync	0	static
../Src/Keyboard/keyboard_runtime.c:67:6:keyboard_runtime_step_octave	8	static
../Src/Keyboard/keyboard_runtime.c:72:6:keyboard_runtime_process_hall	0	static
../Src/Keyboard/keyboard_runtime.c:77:6:keyboard_runtime_all_notes_off	8	static
../Src/Keyboard/keyboard_runtime.c:84:6:keyboard_runtime_on_active_track_changed	8	static
../Src/Keyboard/keyboard_runtime.c:109:6:keyboard_runtime_on_hall_mode_changed	16	static
../Src/Keyboard/keyboard_runtime.c:128:9:keyboard_runtime_get_root_index	0	static
../Src/Keyboard/keyboard_runtime.c:129:9:keyboard_runtime_get_scale_index	0	static
../Src/Keyboard/keyboard_runtime.c:130:6:keyboard_runtime_get_omnichord	0	static
../Src/Keyboard/keyboard_runtime.c:131:14:keyboard_runtime_get_note_order	0	static
../Src/Keyboard/keyboard_runtime.c:132:6:keyboard_runtime_get_chord_override	0	static
../Src/Keyboard/keyboard_runtime.c:134:8:keyboard_runtime_get_octave_shift	0	static
