../Src/Keyboard/ui_keyboard_app.c:87:16:kbd_quantize_to_current_scale	48	static
../Src/Keyboard/ui_keyboard_app.c:341:13:kbd_refresh_sounding_state.part.0	104	static
../Src/Keyboard/ui_keyboard_app.c:360:6:ui_keyboard_app_init	8	static
../Src/Keyboard/ui_keyboard_app.c:374:6:ui_keyboard_app_set_params	16	static
../Src/Keyboard/ui_keyboard_app.c:398:6:ui_keyboard_app_set_observer	0	static
../Src/Keyboard/ui_keyboard_app.c:403:6:ui_keyboard_app_set_note_order	0	static
../Src/Keyboard/ui_keyboard_app.c:417:6:ui_keyboard_app_set_chord_override	0	static
../Src/Keyboard/ui_keyboard_app.c:431:6:ui_keyboard_app_set_velocity	0	static
../Src/Keyboard/ui_keyboard_app.c:436:6:ui_keyboard_app_set_octave_shift	0	static
../Src/Keyboard/ui_keyboard_app.c:458:8:ui_keyboard_app_get_octave_shift	0	static
../Src/Keyboard/ui_keyboard_app.c:463:6:ui_keyboard_app_note_button	32	static
../Src/Keyboard/ui_keyboard_app.c:506:6:ui_keyboard_app_chord_button	32	static
../Src/Keyboard/ui_keyboard_app.c:533:6:ui_keyboard_app_all_notes_off	16	static
../Src/Keyboard/ui_keyboard_app.c:543:35:ui_keyboard_app_get_active_chord	0	static
../Src/Keyboard/ui_keyboard_app.c:548:6:ui_keyboard_app_tick	0	static
