../Src/Keyboard/ui_keyboard_app.c:44:20:kbd_sink_note_on	16	static
../Src/Keyboard/ui_keyboard_app.c:52:20:kbd_sink_note_off	16	static
../Src/Keyboard/ui_keyboard_app.c:60:13:kbd_flush_sounding_notes	16	static
../Src/Keyboard/ui_keyboard_app.c:69:13:kbd_sink_all_notes_off_internal	8	static
../Src/Keyboard/ui_keyboard_app.c:78:23:kbd_root_pc	4	static
../Src/Keyboard/ui_keyboard_app.c:83:13:kbd_pc_in_current_scale	32	static
../Src/Keyboard/ui_keyboard_app.c:103:16:kbd_quantize_to_current_scale	24	static
../Src/Keyboard/ui_keyboard_app.c:152:15:kbd_slot_to_semitone_offset	24	static
../Src/Keyboard/ui_keyboard_app.c:183:23:kbd_apply_octave_shift	24	static
../Src/Keyboard/ui_keyboard_app.c:197:13:kbd_build_current_notes	72	static
../Src/Keyboard/ui_keyboard_app.c:310:13:kbd_apply_sounding_delta	32	static
../Src/Keyboard/ui_keyboard_app.c:357:13:kbd_refresh_sounding_state	48	static
../Src/Keyboard/ui_keyboard_app.c:376:6:ui_keyboard_app_init	24	static
../Src/Keyboard/ui_keyboard_app.c:390:6:ui_keyboard_app_set_params	24	static
../Src/Keyboard/ui_keyboard_app.c:414:6:ui_keyboard_app_set_observer	16	static
../Src/Keyboard/ui_keyboard_app.c:419:6:ui_keyboard_app_set_note_order	16	static
../Src/Keyboard/ui_keyboard_app.c:433:6:ui_keyboard_app_set_chord_override	16	static
../Src/Keyboard/ui_keyboard_app.c:447:6:ui_keyboard_app_set_velocity	16	static
../Src/Keyboard/ui_keyboard_app.c:452:6:ui_keyboard_app_set_octave_shift	16	static
../Src/Keyboard/ui_keyboard_app.c:474:8:ui_keyboard_app_get_octave_shift	4	static
../Src/Keyboard/ui_keyboard_app.c:479:6:ui_keyboard_app_note_button	48	static
../Src/Keyboard/ui_keyboard_app.c:522:6:ui_keyboard_app_chord_button	40	static
../Src/Keyboard/ui_keyboard_app.c:549:6:ui_keyboard_app_all_notes_off	8	static
../Src/Keyboard/ui_keyboard_app.c:559:6:ui_keyboard_app_clear_state_silent	4	static
../Src/Keyboard/ui_keyboard_app.c:569:35:ui_keyboard_app_get_active_chord	4	static
../Src/Keyboard/ui_keyboard_app.c:574:6:ui_keyboard_app_tick	16	static
