../Src/Param/param_registry.c:1818:13:apply_master_gain	0	static
../Src/Param/param_registry.c:655:16:param_runtime_apply_tb3	8	static
../Src/Param/param_registry.c:456:13:apply_sat_drive	8	static
../Src/Param/param_registry.c:880:13:apply_filter_drive_runtime	24	static
../Src/Param/param_registry.c:1601:13:apply_lfo2_shape	16	static
../Src/Param/param_registry.c:1600:13:apply_lfo2_depth	16	static
../Src/Param/param_registry.c:1599:13:apply_lfo2_rate	16	static
../Src/Param/param_registry.c:1598:13:apply_lfo2_dest	16	static
../Src/Param/param_registry.c:1597:13:apply_lfo1_shape	16	static
../Src/Param/param_registry.c:1596:13:apply_lfo1_depth	16	static
../Src/Param/param_registry.c:1595:13:apply_lfo1_rate	16	static
../Src/Param/param_registry.c:1594:13:apply_lfo1_dest	16	static
../Src/Param/param_registry.c:1568:13:apply_monob_filter_env_reset	0	static
../Src/Param/param_registry.c:1567:13:apply_monob_filter_keytrack	0	static
../Src/Param/param_registry.c:1565:13:apply_monob_filter_sustain	0	static
../Src/Param/param_registry.c:1562:13:apply_monob_filter_eg_amount	0	static
../Src/Param/param_registry.c:1561:13:apply_monob_filter_resonance	0	static
../Src/Param/param_registry.c:1559:13:apply_monob_filter_type	8	static
../Src/Param/param_registry.c:1837:13:apply_juno_mode	0	static
../Src/Param/param_registry.c:1836:13:apply_juno_porta	0	static
../Src/Param/param_registry.c:1835:13:apply_juno_hpf	0	static
../Src/Param/param_registry.c:1834:13:apply_juno_lfo_rate	0	static
../Src/Param/param_registry.c:1833:13:apply_juno_release	0	static
../Src/Param/param_registry.c:1832:13:apply_juno_sustain	0	static
../Src/Param/param_registry.c:1831:13:apply_juno_decay	0	static
../Src/Param/param_registry.c:1830:13:apply_juno_attack	0	static
../Src/Param/param_registry.c:1829:13:apply_juno_vcf_lfo	0	static
../Src/Param/param_registry.c:1828:13:apply_juno_vcf_env	0	static
../Src/Param/param_registry.c:1827:13:apply_juno_vcf_res	0	static
../Src/Param/param_registry.c:1826:13:apply_juno_vcf_freq	0	static
../Src/Param/param_registry.c:1825:13:apply_juno_pwm	0	static
../Src/Param/param_registry.c:1824:13:apply_juno_sub	0	static
../Src/Param/param_registry.c:1823:13:apply_juno_pulse	0	static
../Src/Param/param_registry.c:1822:13:apply_juno_saw	0	static
../Src/Param/param_registry.c:1820:13:apply_output_comp	0	static
../Src/Param/param_registry.c:1819:13:apply_post_gain	0	static
../Src/Param/param_registry.c:1811:13:apply_arp_sync	8	static
../Src/Param/param_registry.c:1810:13:apply_arp_dir	8	static
../Src/Param/param_registry.c:1809:13:apply_arp_spread	8	static
../Src/Param/param_registry.c:1808:13:apply_arp_trans	8	static
../Src/Param/param_registry.c:1807:13:apply_arp_offset	8	static
../Src/Param/param_registry.c:1806:13:apply_arp_strum	8	static
../Src/Param/param_registry.c:1805:13:apply_arp_vel_acc	8	static
../Src/Param/param_registry.c:1804:13:apply_arp_accent	8	static
../Src/Param/param_registry.c:1803:13:apply_arp_swing	8	static
../Src/Param/param_registry.c:1802:13:apply_arp_gate	8	static
../Src/Param/param_registry.c:1801:13:apply_arp_pattern	8	static
../Src/Param/param_registry.c:1800:13:apply_arp_oct	8	static
../Src/Param/param_registry.c:1799:13:apply_arp_rate	8	static
../Src/Param/param_registry.c:1798:13:apply_arp_hold	0	static
../Src/Param/param_registry.c:1797:13:apply_kbd_chord_override	0	static
../Src/Param/param_registry.c:1796:13:apply_kbd_note_order	0	static
../Src/Param/param_registry.c:1795:13:apply_kbd_omnichord	0	static
../Src/Param/param_registry.c:1794:13:apply_kbd_scale	8	static
../Src/Param/param_registry.c:1793:13:apply_kbd_root	8	static
../Src/Param/param_registry.c:1788:13:apply_seq_swing	24	static
../Src/Param/param_registry.c:1783:13:apply_seq_quant	24	static
../Src/Param/param_registry.c:1778:13:apply_seq_div	16	static
../Src/Param/param_registry.c:1745:13:apply_seq_length	24	static
../Src/Param/param_registry.c:1737:13:apply_cfg_rec_len	16	static
../Src/Param/param_registry.c:1705:13:apply_cfg_sync	16	static
../Src/Param/param_registry.c:1697:13:apply_cfg_tempo	8	static
../Src/Param/param_registry.c:1689:13:apply_cfg_rec	16	static
../Src/Param/param_registry.c:1680:13:apply_cfg_midi_src	24	static
../Src/Param/param_registry.c:1672:13:apply_cfg_midi_ch	24	static
../Src/Param/param_registry.c:457:13:apply_sat_mix	8	static
../Src/Param/param_registry.c:455:13:apply_sat_bias	8	static
../Src/Param/param_registry.c:454:13:apply_sat_tone	8	static
../Src/Param/param_registry.c:452:13:apply_eq_high_db	0	static
../Src/Param/param_registry.c:451:13:apply_eq_mid_db	0	static
../Src/Param/param_registry.c:450:13:apply_eq_low_db	0	static
../Src/Param/param_registry.c:1959:13:apply_daisy_mix	16	static
../Src/Param/param_registry.c:1942:13:apply_daisy_auto_makeup	16	static
../Src/Param/param_registry.c:1925:13:apply_daisy_makeup	16	static
../Src/Param/param_registry.c:1908:13:apply_daisy_release	16	static
../Src/Param/param_registry.c:1891:13:apply_daisy_attack	16	static
../Src/Param/param_registry.c:1874:13:apply_daisy_ratio	16	static
../Src/Param/param_registry.c:1857:13:apply_daisy_threshold	16	static
../Src/Param/param_registry.c:1844:13:apply_bus_comp_auto_makeup	0	static
../Src/Param/param_registry.c:1843:13:apply_bus_comp_makeup	0	static
../Src/Param/param_registry.c:1842:13:apply_bus_comp_release_index	8	static
../Src/Param/param_registry.c:1841:13:apply_bus_comp_attack_index	8	static
../Src/Param/param_registry.c:1840:13:apply_bus_comp_ratio	0	static
../Src/Param/param_registry.c:1839:13:apply_bus_comp_threshold	0	static
../Src/Param/param_registry.c:292:13:apply_mix_send1_fx	8	static
../Src/Param/param_registry.c:291:13:apply_mix_send0_fx	8	static
../Src/Param/param_registry.c:410:13:apply_gran_freeze	16	static
../Src/Param/param_registry.c:2392:6:param_set.part.0	32	static
../Src/Param/param_registry.c:533:16:param_lfo_map.part.0.constprop	0	static
../Src/Param/param_registry.c:1569:13:apply_monob_filter_env_delay	8	static
../Src/Param/param_registry.c:1560:13:apply_monob_filter_cutoff	8	static
../Src/Param/param_registry.c:1563:13:apply_monob_filter_attack	8	static
../Src/Param/param_registry.c:1564:13:apply_monob_filter_decay	8	static
../Src/Param/param_registry.c:1566:13:apply_monob_filter_release	8	static
../Src/Param/param_registry.c:359:13:apply_gran_density	16	static
../Src/Param/param_registry.c:376:13:apply_gran_pitch	16	static
../Src/Param/param_registry.c:393:13:apply_gran_mix	16	static
../Src/Param/param_registry.c:427:13:apply_gran_spread	16	static
../Src/Param/param_registry.c:444:13:apply_gran_stereo	16	static
../Src/Param/param_registry.c:1541:13:apply_filter_drive	24	static
../Src/Param/param_registry.c:1359:13:apply_filter_eg_amount	24	static
../Src/Param/param_registry.c:1404:13:apply_filter_sustain	24	static
../Src/Param/param_registry.c:1313:13:apply_filter_type	32	static
../Src/Param/param_registry.c:1344:13:apply_filter_resonance	24	static
../Src/Param/param_registry.c:1496:13:apply_filter_eq_low	24	static
../Src/Param/param_registry.c:1526:13:apply_filter_eq_high	24	static
../Src/Param/param_registry.c:1511:13:apply_filter_eq_mid	24	static
../Src/Param/param_registry.c:1329:13:apply_filter_cutoff	24	static
../Src/Param/param_registry.c:1374:13:apply_filter_attack	24	static
../Src/Param/param_registry.c:1389:13:apply_filter_decay	24	static
../Src/Param/param_registry.c:1419:13:apply_filter_release	24	static
../Src/Param/param_registry.c:710:16:param_runtime_apply_track	48	static
../Src/Param/param_registry.c:1476:13:apply_filter_env_delay	32	static
../Src/Param/param_registry.c:1456:13:apply_filter_env_reset	32	static
../Src/Param/param_registry.c:1434:13:apply_filter_keytrack	32	static
../Src/Param/param_registry.c:755:16:param_runtime_apply_colors_track	32	static
../Src/Param/param_registry.c:490:6:param_registry_batch_begin	0	static
../Src/Param/param_registry.c:498:6:param_registry_batch_end	0	static
../Src/Param/param_registry.c:892:9:param_registry_get_track_value	32	static
../Src/Param/param_registry.c:992:9:param_registry_apply_track_value_rt_fast	32	static
../Src/Param/param_registry.c:1021:9:param_registry_apply_track_value	48	static
../Src/Param/param_registry.c:331:13:apply_dx7_operator_4_level	16	static
../Src/Param/param_registry.c:1603:13:param_registry_push_track_defaults_to_runtime.part.0	32	static
../Src/Param/param_registry.c:1651:13:apply_cfg_track_type	32	static
../Src/Param/param_registry.c:1634:13:apply_cfg_track	32	static
../Src/Param/param_registry.c:310:13:apply_mix_send2	16	static
../Src/Param/param_registry.c:307:13:apply_mix_level	16	static
../Src/Param/param_registry.c:308:13:apply_mix_pan	16	static
../Src/Param/param_registry.c:309:13:apply_mix_send1	16	static
../Src/Param/param_registry.c:1571:13:apply_monob_osc1_wave	16	static
../Src/Param/param_registry.c:1572:13:apply_monob_osc2_wave	16	static
../Src/Param/param_registry.c:1573:13:apply_monob_osc3_wave	16	static
../Src/Param/param_registry.c:1574:13:apply_monob_sub_wave	16	static
../Src/Param/param_registry.c:1575:13:apply_monob_osc1_range	16	static
../Src/Param/param_registry.c:1576:13:apply_monob_osc2_range	16	static
../Src/Param/param_registry.c:1577:13:apply_monob_osc3_range	16	static
../Src/Param/param_registry.c:1578:13:apply_monob_sub_octave	16	static
../Src/Param/param_registry.c:1579:13:apply_monob_osc1_detune	16	static
../Src/Param/param_registry.c:1580:13:apply_monob_osc2_detune	16	static
../Src/Param/param_registry.c:1581:13:apply_monob_osc3_detune	16	static
../Src/Param/param_registry.c:1582:13:apply_monob_osc1_mix	16	static
../Src/Param/param_registry.c:1583:13:apply_monob_osc2_mix	16	static
../Src/Param/param_registry.c:1584:13:apply_monob_osc3_mix	16	static
../Src/Param/param_registry.c:1585:13:apply_monob_sub_mix	16	static
../Src/Param/param_registry.c:1586:13:apply_tb3_waveform	16	static
../Src/Param/param_registry.c:318:13:apply_dx7_feedback	16	static
../Src/Param/param_registry.c:319:13:apply_dx7_transpose	16	static
../Src/Param/param_registry.c:1587:13:apply_tb3_cutoff	16	static
../Src/Param/param_registry.c:1588:13:apply_tb3_resonance	16	static
../Src/Param/param_registry.c:1589:13:apply_tb3_env_mod	16	static
../Src/Param/param_registry.c:1590:13:apply_tb3_decay	16	static
../Src/Param/param_registry.c:317:13:apply_dx7_algorithm	16	static
../Src/Param/param_registry.c:1593:13:apply_tb3_slide_time	16	static
../Src/Param/param_registry.c:1591:13:apply_tb3_accent	16	static
../Src/Param/param_registry.c:1592:13:apply_tb3_volume	16	static
../Src/Param/param_registry.c:320:13:apply_dx7_lfo_speed	16	static
../Src/Param/param_registry.c:321:13:apply_dx7_lfo_delay	16	static
../Src/Param/param_registry.c:322:13:apply_dx7_lfo_pitch_mod_depth	16	static
../Src/Param/param_registry.c:323:13:apply_dx7_lfo_amp_mod_depth	16	static
../Src/Param/param_registry.c:324:13:apply_dx7_pitch_bend_range	16	static
../Src/Param/param_registry.c:325:13:apply_dx7_portamento_time	16	static
../Src/Param/param_registry.c:326:13:apply_dx7_mono_mode	16	static
../Src/Param/param_registry.c:327:13:apply_dx7_operator_mask	16	static
../Src/Param/param_registry.c:328:13:apply_dx7_operator_1_level	16	static
../Src/Param/param_registry.c:329:13:apply_dx7_operator_2_level	16	static
../Src/Param/param_registry.c:330:13:apply_dx7_operator_3_level	16	static
../Src/Param/param_registry.c:1226:6:param_registry_sync_filter_ui_for_active_track	24	static
../Src/Param/param_registry.c:1264:6:param_registry_sync_ui_for_active_track	48	static
../Src/Param/param_registry.c:2353:6:param_registry_init	8	static
../Src/Param/param_registry.c:2375:7:param_get	0	static
../Src/Param/param_registry.c:2392:6:param_set	0	static
../Src/Param/param_registry.c:2427:6:param_reset	0	static
