../Src/Param/param_registry.c:420:13:apply_monob_sub_mix	0	static
../Src/Param/param_registry.c:419:13:apply_monob_osc3_mix	0	static
../Src/Param/param_registry.c:418:13:apply_monob_osc2_mix	0	static
../Src/Param/param_registry.c:417:13:apply_monob_osc1_mix	0	static
../Src/Param/param_registry.c:416:13:apply_monob_drift	0	static
../Src/Param/param_registry.c:415:13:apply_monob_osc3_detune	0	static
../Src/Param/param_registry.c:414:13:apply_monob_osc2_detune	0	static
../Src/Param/param_registry.c:413:13:apply_monob_osc1_detune	0	static
../Src/Param/param_registry.c:412:13:apply_monob_sub_octave	8	static
../Src/Param/param_registry.c:411:13:apply_monob_osc3_range	8	static
../Src/Param/param_registry.c:410:13:apply_monob_osc2_range	8	static
../Src/Param/param_registry.c:409:13:apply_monob_osc1_range	8	static
../Src/Param/param_registry.c:408:13:apply_monob_sub_wave	8	static
../Src/Param/param_registry.c:407:13:apply_monob_osc3_wave	8	static
../Src/Param/param_registry.c:406:13:apply_monob_osc2_wave	8	static
../Src/Param/param_registry.c:405:13:apply_monob_osc1_wave	8	static
../Src/Param/param_registry.c:403:13:apply_monob_filter_release	8	static
../Src/Param/param_registry.c:402:13:apply_monob_filter_sustain	0	static
../Src/Param/param_registry.c:401:13:apply_monob_filter_decay	8	static
../Src/Param/param_registry.c:400:13:apply_monob_filter_attack	8	static
../Src/Param/param_registry.c:399:13:apply_monob_filter_eg_amount	0	static
../Src/Param/param_registry.c:398:13:apply_monob_filter_resonance	0	static
../Src/Param/param_registry.c:397:13:apply_monob_filter_cutoff	8	static
../Src/Param/param_registry.c:396:13:apply_monob_filter_type	8	static
../Src/Param/param_registry.c:246:13:apply_dx7_operator_4_level	0	static
../Src/Param/param_registry.c:245:13:apply_dx7_operator_3_level	0	static
../Src/Param/param_registry.c:244:13:apply_dx7_operator_2_level	0	static
../Src/Param/param_registry.c:243:13:apply_dx7_operator_1_level	0	static
../Src/Param/param_registry.c:242:13:apply_dx7_operator_mask	0	static
../Src/Param/param_registry.c:241:13:apply_dx7_mono_mode	0	static
../Src/Param/param_registry.c:240:13:apply_dx7_portamento_time	0	static
../Src/Param/param_registry.c:239:13:apply_dx7_pitch_bend_range	0	static
../Src/Param/param_registry.c:238:13:apply_dx7_lfo_amp_mod_depth	0	static
../Src/Param/param_registry.c:237:13:apply_dx7_lfo_pitch_mod_depth	0	static
../Src/Param/param_registry.c:236:13:apply_dx7_lfo_delay	0	static
../Src/Param/param_registry.c:235:13:apply_dx7_lfo_speed	0	static
../Src/Param/param_registry.c:234:13:apply_dx7_transpose	0	static
../Src/Param/param_registry.c:233:13:apply_dx7_feedback	0	static
../Src/Param/param_registry.c:232:13:apply_dx7_algorithm	0	static
../Src/Param/param_registry.c:479:13:apply_juno_mode	0	static
../Src/Param/param_registry.c:478:13:apply_juno_porta	0	static
../Src/Param/param_registry.c:477:13:apply_juno_hpf	0	static
../Src/Param/param_registry.c:476:13:apply_juno_lfo_rate	0	static
../Src/Param/param_registry.c:475:13:apply_juno_release	0	static
../Src/Param/param_registry.c:474:13:apply_juno_sustain	0	static
../Src/Param/param_registry.c:473:13:apply_juno_decay	0	static
../Src/Param/param_registry.c:472:13:apply_juno_attack	0	static
../Src/Param/param_registry.c:471:13:apply_juno_vcf_lfo	0	static
../Src/Param/param_registry.c:470:13:apply_juno_vcf_env	0	static
../Src/Param/param_registry.c:469:13:apply_juno_vcf_res	0	static
../Src/Param/param_registry.c:468:13:apply_juno_vcf_freq	0	static
../Src/Param/param_registry.c:467:13:apply_juno_pwm	0	static
../Src/Param/param_registry.c:466:13:apply_juno_sub	0	static
../Src/Param/param_registry.c:465:13:apply_juno_pulse	0	static
../Src/Param/param_registry.c:464:13:apply_juno_saw	0	static
../Src/Param/param_registry.c:462:13:apply_output_comp	0	static
../Src/Param/param_registry.c:461:13:apply_post_gain	0	static
../Src/Param/param_registry.c:460:13:apply_master_gain	0	static
../Src/Param/param_registry.c:458:13:apply_kbd_chord_override	0	static
../Src/Param/param_registry.c:457:13:apply_kbd_note_order	0	static
../Src/Param/param_registry.c:456:13:apply_kbd_omnichord	0	static
../Src/Param/param_registry.c:455:13:apply_kbd_scale	8	static
../Src/Param/param_registry.c:454:13:apply_kbd_root	8	static
../Src/Param/param_registry.c:438:13:apply_cfg_track_type	32	static
../Src/Param/param_registry.c:422:13:apply_cfg_track	24	static
../Src/Param/param_registry.c:394:13:apply_filter_eq_high	0	static
../Src/Param/param_registry.c:393:13:apply_filter_eq_mid	0	static
../Src/Param/param_registry.c:392:13:apply_filter_eq_low	0	static
../Src/Param/param_registry.c:391:13:apply_filter_release	8	static
../Src/Param/param_registry.c:390:13:apply_filter_sustain	0	static
../Src/Param/param_registry.c:389:13:apply_filter_decay	8	static
../Src/Param/param_registry.c:388:13:apply_filter_attack	8	static
../Src/Param/param_registry.c:387:13:apply_filter_eg_amount	0	static
../Src/Param/param_registry.c:386:13:apply_filter_resonance	0	static
../Src/Param/param_registry.c:385:13:apply_filter_cutoff	8	static
../Src/Param/param_registry.c:380:13:apply_filter_type	8	static
../Src/Param/param_registry.c:372:13:apply_sat_mix	8	static
../Src/Param/param_registry.c:371:13:apply_sat_drive	8	static
../Src/Param/param_registry.c:370:13:apply_sat_bias	8	static
../Src/Param/param_registry.c:369:13:apply_sat_tone	8	static
../Src/Param/param_registry.c:367:13:apply_eq_high_db	0	static
../Src/Param/param_registry.c:366:13:apply_eq_mid_db	0	static
../Src/Param/param_registry.c:365:13:apply_eq_low_db	0	static
../Src/Param/param_registry.c:601:13:apply_daisy_mix	16	static
../Src/Param/param_registry.c:584:13:apply_daisy_auto_makeup	16	static
../Src/Param/param_registry.c:567:13:apply_daisy_makeup	16	static
../Src/Param/param_registry.c:550:13:apply_daisy_release	16	static
../Src/Param/param_registry.c:533:13:apply_daisy_attack	16	static
../Src/Param/param_registry.c:516:13:apply_daisy_ratio	16	static
../Src/Param/param_registry.c:499:13:apply_daisy_threshold	16	static
../Src/Param/param_registry.c:486:13:apply_bus_comp_auto_makeup	0	static
../Src/Param/param_registry.c:485:13:apply_bus_comp_makeup	0	static
../Src/Param/param_registry.c:484:13:apply_bus_comp_release_index	8	static
../Src/Param/param_registry.c:483:13:apply_bus_comp_attack_index	8	static
../Src/Param/param_registry.c:482:13:apply_bus_comp_ratio	0	static
../Src/Param/param_registry.c:481:13:apply_bus_comp_threshold	0	static
../Src/Param/param_registry.c:230:13:apply_mix_send1_fx	8	static
../Src/Param/param_registry.c:229:13:apply_mix_send0_fx	8	static
../Src/Param/param_registry.c:227:13:apply_mix_track3_send1	0	static
../Src/Param/param_registry.c:226:13:apply_mix_track3_send0	0	static
../Src/Param/param_registry.c:225:13:apply_mix_track2_send1	0	static
../Src/Param/param_registry.c:224:13:apply_mix_track2_send0	0	static
../Src/Param/param_registry.c:223:13:apply_mix_track1_send1	0	static
../Src/Param/param_registry.c:222:13:apply_mix_track1_send0	0	static
../Src/Param/param_registry.c:221:13:apply_mix_track0_send1	0	static
../Src/Param/param_registry.c:220:13:apply_mix_track0_send0	0	static
../Src/Param/param_registry.c:218:13:apply_mix_track3_insert1	8	static
../Src/Param/param_registry.c:217:13:apply_mix_track3_insert0	8	static
../Src/Param/param_registry.c:216:13:apply_mix_track2_insert1	8	static
../Src/Param/param_registry.c:215:13:apply_mix_track2_insert0	8	static
../Src/Param/param_registry.c:214:13:apply_mix_track1_insert1	8	static
../Src/Param/param_registry.c:213:13:apply_mix_track1_insert0	8	static
../Src/Param/param_registry.c:212:13:apply_mix_track0_insert1	8	static
../Src/Param/param_registry.c:211:13:apply_mix_track0_insert0	8	static
../Src/Param/param_registry.c:209:13:apply_mix_track3_route	0	static
../Src/Param/param_registry.c:208:13:apply_mix_track2_route	0	static
../Src/Param/param_registry.c:207:13:apply_mix_track1_route	0	static
../Src/Param/param_registry.c:206:13:apply_mix_track0_route	0	static
../Src/Param/param_registry.c:204:13:apply_mix_track3_mute	0	static
../Src/Param/param_registry.c:203:13:apply_mix_track2_mute	0	static
../Src/Param/param_registry.c:202:13:apply_mix_track1_mute	0	static
../Src/Param/param_registry.c:201:13:apply_mix_track0_mute	0	static
../Src/Param/param_registry.c:199:13:apply_mix_track3_pan	0	static
../Src/Param/param_registry.c:198:13:apply_mix_track2_pan	0	static
../Src/Param/param_registry.c:197:13:apply_mix_track1_pan	0	static
../Src/Param/param_registry.c:196:13:apply_mix_track0_pan	0	static
../Src/Param/param_registry.c:194:13:apply_mix_track3_gain	0	static
../Src/Param/param_registry.c:193:13:apply_mix_track2_gain	0	static
../Src/Param/param_registry.c:192:13:apply_mix_track1_gain	0	static
../Src/Param/param_registry.c:191:13:apply_mix_track0_gain	0	static
../Src/Param/param_registry.c:325:13:apply_gran_freeze	16	static
../Src/Param/param_registry.c:274:13:apply_gran_density	16	static
../Src/Param/param_registry.c:291:13:apply_gran_pitch	16	static
../Src/Param/param_registry.c:308:13:apply_gran_mix	16	static
../Src/Param/param_registry.c:342:13:apply_gran_spread	16	static
../Src/Param/param_registry.c:359:13:apply_gran_stereo	16	static
../Src/Param/param_registry.c:822:6:param_registry_init	0	static
../Src/Param/param_registry.c:840:7:param_get	0	static
../Src/Param/param_registry.c:857:6:param_set	24	static
../Src/Param/param_registry.c:884:6:param_reset	24	static
