../Src/Param/param_registry.c:1668:13:apply_master_gain	0	static
../Src/Param/param_registry.c:230:13:apply_mix_track3_gain	0	static
../Src/Param/param_registry.c:229:13:apply_mix_track2_gain	0	static
../Src/Param/param_registry.c:228:13:apply_mix_track1_gain	0	static
../Src/Param/param_registry.c:227:13:apply_mix_track0_gain	0	static
../Src/Param/param_registry.c:235:13:apply_mix_track3_pan	0	static
../Src/Param/param_registry.c:234:13:apply_mix_track2_pan	0	static
../Src/Param/param_registry.c:233:13:apply_mix_track1_pan	0	static
../Src/Param/param_registry.c:232:13:apply_mix_track0_pan	0	static
../Src/Param/param_registry.c:263:13:apply_mix_track3_send1	0	static
../Src/Param/param_registry.c:262:13:apply_mix_track3_send0	0	static
../Src/Param/param_registry.c:261:13:apply_mix_track2_send1	0	static
../Src/Param/param_registry.c:260:13:apply_mix_track2_send0	0	static
../Src/Param/param_registry.c:259:13:apply_mix_track1_send1	0	static
../Src/Param/param_registry.c:258:13:apply_mix_track1_send0	0	static
../Src/Param/param_registry.c:257:13:apply_mix_track0_send1	0	static
../Src/Param/param_registry.c:256:13:apply_mix_track0_send0	0	static
../Src/Param/param_registry.c:621:16:param_runtime_apply_track	48	static
../Src/Param/param_registry.c:430:13:apply_sat_drive	8	static
../Src/Param/param_registry.c:254:13:apply_mix_track3_insert1	8	static
../Src/Param/param_registry.c:253:13:apply_mix_track3_insert0	8	static
../Src/Param/param_registry.c:252:13:apply_mix_track2_insert1	8	static
../Src/Param/param_registry.c:251:13:apply_mix_track2_insert0	8	static
../Src/Param/param_registry.c:250:13:apply_mix_track1_insert1	8	static
../Src/Param/param_registry.c:249:13:apply_mix_track1_insert0	8	static
../Src/Param/param_registry.c:248:13:apply_mix_track0_insert1	8	static
../Src/Param/param_registry.c:247:13:apply_mix_track0_insert0	8	static
../Src/Param/param_registry.c:1426:13:apply_monob_filter_env_delay	8	static
../Src/Param/param_registry.c:1425:13:apply_monob_filter_env_reset	0	static
../Src/Param/param_registry.c:1424:13:apply_monob_filter_keytrack	0	static
../Src/Param/param_registry.c:1423:13:apply_monob_filter_release	8	static
../Src/Param/param_registry.c:1422:13:apply_monob_filter_sustain	0	static
../Src/Param/param_registry.c:1421:13:apply_monob_filter_decay	8	static
../Src/Param/param_registry.c:1420:13:apply_monob_filter_attack	8	static
../Src/Param/param_registry.c:1419:13:apply_monob_filter_eg_amount	0	static
../Src/Param/param_registry.c:1418:13:apply_monob_filter_resonance	0	static
../Src/Param/param_registry.c:1417:13:apply_monob_filter_cutoff	8	static
../Src/Param/param_registry.c:1416:13:apply_monob_filter_type	8	static
../Src/Param/param_registry.c:1687:13:apply_juno_mode	0	static
../Src/Param/param_registry.c:1686:13:apply_juno_porta	0	static
../Src/Param/param_registry.c:1685:13:apply_juno_hpf	0	static
../Src/Param/param_registry.c:1684:13:apply_juno_lfo_rate	0	static
../Src/Param/param_registry.c:1683:13:apply_juno_release	0	static
../Src/Param/param_registry.c:1682:13:apply_juno_sustain	0	static
../Src/Param/param_registry.c:1681:13:apply_juno_decay	0	static
../Src/Param/param_registry.c:1680:13:apply_juno_attack	0	static
../Src/Param/param_registry.c:1679:13:apply_juno_vcf_lfo	0	static
../Src/Param/param_registry.c:1678:13:apply_juno_vcf_env	0	static
../Src/Param/param_registry.c:1677:13:apply_juno_vcf_res	0	static
../Src/Param/param_registry.c:1676:13:apply_juno_vcf_freq	0	static
../Src/Param/param_registry.c:1675:13:apply_juno_pwm	0	static
../Src/Param/param_registry.c:1674:13:apply_juno_sub	0	static
../Src/Param/param_registry.c:1673:13:apply_juno_pulse	0	static
../Src/Param/param_registry.c:1672:13:apply_juno_saw	0	static
../Src/Param/param_registry.c:1670:13:apply_output_comp	0	static
../Src/Param/param_registry.c:1669:13:apply_post_gain	0	static
../Src/Param/param_registry.c:1660:13:apply_arp_sync	8	static
../Src/Param/param_registry.c:1659:13:apply_arp_dir	8	static
../Src/Param/param_registry.c:1658:13:apply_arp_spread	8	static
../Src/Param/param_registry.c:1657:13:apply_arp_trans	8	static
../Src/Param/param_registry.c:1656:13:apply_arp_offset	8	static
../Src/Param/param_registry.c:1655:13:apply_arp_strum	8	static
../Src/Param/param_registry.c:1654:13:apply_arp_vel_acc	8	static
../Src/Param/param_registry.c:1653:13:apply_arp_accent	8	static
../Src/Param/param_registry.c:1652:13:apply_arp_swing	8	static
../Src/Param/param_registry.c:1651:13:apply_arp_gate	8	static
../Src/Param/param_registry.c:1650:13:apply_arp_pattern	8	static
../Src/Param/param_registry.c:1649:13:apply_arp_oct	8	static
../Src/Param/param_registry.c:1648:13:apply_arp_rate	8	static
../Src/Param/param_registry.c:1647:13:apply_arp_hold	0	static
../Src/Param/param_registry.c:1646:13:apply_kbd_chord_override	0	static
../Src/Param/param_registry.c:1645:13:apply_kbd_note_order	0	static
../Src/Param/param_registry.c:1644:13:apply_kbd_omnichord	0	static
../Src/Param/param_registry.c:1643:13:apply_kbd_scale	8	static
../Src/Param/param_registry.c:1642:13:apply_kbd_root	8	static
../Src/Param/param_registry.c:1637:13:apply_seq_swing	24	static
../Src/Param/param_registry.c:1632:13:apply_seq_quant	24	static
../Src/Param/param_registry.c:1627:13:apply_seq_div	16	static
../Src/Param/param_registry.c:1594:13:apply_seq_length	24	static
../Src/Param/param_registry.c:1586:13:apply_cfg_rec_len	16	static
../Src/Param/param_registry.c:1554:13:apply_cfg_sync	16	static
../Src/Param/param_registry.c:1546:13:apply_cfg_tempo	8	static
../Src/Param/param_registry.c:1538:13:apply_cfg_rec	16	static
../Src/Param/param_registry.c:1529:13:apply_cfg_midi_src	24	static
../Src/Param/param_registry.c:1521:13:apply_cfg_midi_ch	24	static
../Src/Param/param_registry.c:431:13:apply_sat_mix	8	static
../Src/Param/param_registry.c:429:13:apply_sat_bias	8	static
../Src/Param/param_registry.c:428:13:apply_sat_tone	8	static
../Src/Param/param_registry.c:426:13:apply_eq_high_db	0	static
../Src/Param/param_registry.c:425:13:apply_eq_mid_db	0	static
../Src/Param/param_registry.c:424:13:apply_eq_low_db	0	static
../Src/Param/param_registry.c:1809:13:apply_daisy_mix	16	static
../Src/Param/param_registry.c:1792:13:apply_daisy_auto_makeup	16	static
../Src/Param/param_registry.c:1775:13:apply_daisy_makeup	16	static
../Src/Param/param_registry.c:1758:13:apply_daisy_release	16	static
../Src/Param/param_registry.c:1741:13:apply_daisy_attack	16	static
../Src/Param/param_registry.c:1724:13:apply_daisy_ratio	16	static
../Src/Param/param_registry.c:1707:13:apply_daisy_threshold	16	static
../Src/Param/param_registry.c:1694:13:apply_bus_comp_auto_makeup	0	static
../Src/Param/param_registry.c:1693:13:apply_bus_comp_makeup	0	static
../Src/Param/param_registry.c:1692:13:apply_bus_comp_release_index	8	static
../Src/Param/param_registry.c:1691:13:apply_bus_comp_attack_index	8	static
../Src/Param/param_registry.c:1690:13:apply_bus_comp_ratio	0	static
../Src/Param/param_registry.c:1689:13:apply_bus_comp_threshold	0	static
../Src/Param/param_registry.c:266:13:apply_mix_send1_fx	8	static
../Src/Param/param_registry.c:265:13:apply_mix_send0_fx	8	static
../Src/Param/param_registry.c:245:13:apply_mix_track3_route	0	static
../Src/Param/param_registry.c:244:13:apply_mix_track2_route	0	static
../Src/Param/param_registry.c:243:13:apply_mix_track1_route	0	static
../Src/Param/param_registry.c:242:13:apply_mix_track0_route	0	static
../Src/Param/param_registry.c:240:13:apply_mix_track3_mute	0	static
../Src/Param/param_registry.c:239:13:apply_mix_track2_mute	0	static
../Src/Param/param_registry.c:238:13:apply_mix_track1_mute	0	static
../Src/Param/param_registry.c:237:13:apply_mix_track0_mute	0	static
../Src/Param/param_registry.c:384:13:apply_gran_freeze	16	static
../Src/Param/param_registry.c:333:13:apply_gran_density	16	static
../Src/Param/param_registry.c:350:13:apply_gran_pitch	16	static
../Src/Param/param_registry.c:367:13:apply_gran_mix	16	static
../Src/Param/param_registry.c:401:13:apply_gran_spread	16	static
../Src/Param/param_registry.c:418:13:apply_gran_stereo	16	static
../Src/Param/param_registry.c:1257:13:apply_filter_sustain	24	static
../Src/Param/param_registry.c:1212:13:apply_filter_eg_amount	24	static
../Src/Param/param_registry.c:1166:13:apply_filter_type	32	static
../Src/Param/param_registry.c:1197:13:apply_filter_resonance	24	static
../Src/Param/param_registry.c:1182:13:apply_filter_cutoff	24	static
../Src/Param/param_registry.c:1272:13:apply_filter_release	24	static
../Src/Param/param_registry.c:1227:13:apply_filter_attack	24	static
../Src/Param/param_registry.c:1368:13:apply_filter_eq_mid	24	static
../Src/Param/param_registry.c:1242:13:apply_filter_decay	24	static
../Src/Param/param_registry.c:1383:13:apply_filter_eq_high	24	static
../Src/Param/param_registry.c:1353:13:apply_filter_eq_low	24	static
../Src/Param/param_registry.c:1398:13:apply_filter_drive	32	static
../Src/Param/param_registry.c:1287:13:apply_filter_keytrack	32	static
../Src/Param/param_registry.c:1309:13:apply_filter_env_reset	32	static
../Src/Param/param_registry.c:1331:13:apply_filter_env_delay	32	static
../Src/Param/param_registry.c:302:13:apply_dx7_operator_1_level	32	static
../Src/Param/param_registry.c:305:13:apply_dx7_operator_4_level	32	static
../Src/Param/param_registry.c:1443:13:apply_tb3_waveform	32	static
../Src/Param/param_registry.c:1441:13:apply_monob_osc3_mix	32	static
../Src/Param/param_registry.c:1442:13:apply_monob_sub_mix	32	static
../Src/Param/param_registry.c:1437:13:apply_monob_osc2_detune	40	static
../Src/Param/param_registry.c:1438:13:apply_monob_osc3_detune	40	static
../Src/Param/param_registry.c:1439:13:apply_monob_osc1_mix	32	static
../Src/Param/param_registry.c:1440:13:apply_monob_osc2_mix	32	static
../Src/Param/param_registry.c:1444:13:apply_tb3_cutoff	32	static
../Src/Param/param_registry.c:1435:13:apply_monob_sub_octave	32	static
../Src/Param/param_registry.c:1433:13:apply_monob_osc2_range	32	static
../Src/Param/param_registry.c:1432:13:apply_monob_osc1_range	32	static
../Src/Param/param_registry.c:1429:13:apply_monob_osc2_wave	32	static
../Src/Param/param_registry.c:1430:13:apply_monob_osc3_wave	32	static
../Src/Param/param_registry.c:1431:13:apply_monob_sub_wave	32	static
../Src/Param/param_registry.c:298:13:apply_dx7_pitch_bend_range	32	static
../Src/Param/param_registry.c:1449:13:apply_tb3_volume	32	static
../Src/Param/param_registry.c:1450:13:apply_tb3_slide_time	32	static
../Src/Param/param_registry.c:1428:13:apply_monob_osc1_wave	32	static
../Src/Param/param_registry.c:1436:13:apply_monob_osc1_detune	40	static
../Src/Param/param_registry.c:303:13:apply_dx7_operator_2_level	32	static
../Src/Param/param_registry.c:1434:13:apply_monob_osc3_range	32	static
../Src/Param/param_registry.c:304:13:apply_dx7_operator_3_level	32	static
../Src/Param/param_registry.c:294:13:apply_dx7_lfo_speed	32	static
../Src/Param/param_registry.c:295:13:apply_dx7_lfo_delay	32	static
../Src/Param/param_registry.c:296:13:apply_dx7_lfo_pitch_mod_depth	32	static
../Src/Param/param_registry.c:297:13:apply_dx7_lfo_amp_mod_depth	32	static
../Src/Param/param_registry.c:300:13:apply_dx7_mono_mode	32	static
../Src/Param/param_registry.c:299:13:apply_dx7_portamento_time	32	static
../Src/Param/param_registry.c:292:13:apply_dx7_feedback	32	static
../Src/Param/param_registry.c:301:13:apply_dx7_operator_mask	32	static
../Src/Param/param_registry.c:1448:13:apply_tb3_accent	32	static
../Src/Param/param_registry.c:1445:13:apply_tb3_resonance	32	static
../Src/Param/param_registry.c:1446:13:apply_tb3_env_mod	32	static
../Src/Param/param_registry.c:1447:13:apply_tb3_decay	32	static
../Src/Param/param_registry.c:291:13:apply_dx7_algorithm	32	static
../Src/Param/param_registry.c:293:13:apply_dx7_transpose	40	static
../Src/Param/param_registry.c:283:13:apply_mix_send1	32	static
../Src/Param/param_registry.c:282:13:apply_mix_pan	32	static
../Src/Param/param_registry.c:281:13:apply_mix_level	32	static
../Src/Param/param_registry.c:284:13:apply_mix_send2	32	static
../Src/Param/param_registry.c:794:9:param_registry_get_track_value	32	static
../Src/Param/param_registry.c:884:9:param_registry_apply_track_value	56	static
../Src/Param/param_registry.c:1483:13:apply_cfg_track	56	static
../Src/Param/param_registry.c:1500:13:apply_cfg_track_type	64	static
../Src/Param/param_registry.c:1079:6:param_registry_sync_filter_ui_for_active_track	24	static
../Src/Param/param_registry.c:1117:6:param_registry_sync_ui_for_active_track	48	static
../Src/Param/param_registry.c:2103:6:param_registry_init	8	static
../Src/Param/param_registry.c:2124:7:param_get	0	static
../Src/Param/param_registry.c:2141:6:param_set	24	static
../Src/Param/param_registry.c:2168:6:param_reset	24	static
