../Src/Param/param_registry.c:75:14:clamp_value	24	static
../Src/Param/param_registry.c:97:15:control_float_to_slot	16	static
../Src/Param/param_registry.c:117:16:control_float_to_ui127	16	static
../Src/Param/param_registry.c:126:14:filter_ui127_clamp	16	static
../Src/Param/param_registry.c:131:14:filter_ui127_to_unit	16	static
../Src/Param/param_registry.c:136:14:filter_ui127_to_cutoff_hz	32	static
../Src/Param/param_registry.c:146:14:filter_ui127_to_resonance	24	static
../Src/Param/param_registry.c:154:14:filter_ui127_to_eg_amount	16	static
../Src/Param/param_registry.c:159:14:filter_ui127_to_time_s	32	static
../Src/Param/param_registry.c:167:14:filter_ui127_to_attack_s	16	static
../Src/Param/param_registry.c:172:14:filter_ui127_to_decay_s	16	static
../Src/Param/param_registry.c:177:14:filter_ui127_to_sustain	16	static
../Src/Param/param_registry.c:182:14:filter_ui127_to_release_s	16	static
../Src/Param/param_registry.c:187:14:filter_ui127_to_keytrack	16	static
../Src/Param/param_registry.c:192:16:filter_ui127_to_bool	16	static
../Src/Param/param_registry.c:197:14:filter_ui127_to_env_delay_s	16	static
../Src/Param/param_registry.c:202:15:monob_range_index_to_octave	24	static
../Src/Param/param_registry.c:209:15:monob_sub_octave_index_to_octave	24	static
../Src/Param/param_registry.c:216:14:filter_eq_ui127_to_db	24	static
../Src/Param/param_registry.c:238:16:param_apply_legacy_mix_track_value	40	static
../Src/Param/param_registry.c:291:13:apply_mix_send0_fx	16	static
../Src/Param/param_registry.c:292:13:apply_mix_send1_fx	16	static
../Src/Param/param_registry.c:294:13:apply_mix_live_track	32	static
../Src/Param/param_registry.c:307:13:apply_mix_level	16	static
../Src/Param/param_registry.c:308:13:apply_mix_pan	16	static
../Src/Param/param_registry.c:309:13:apply_mix_send1	16	static
../Src/Param/param_registry.c:310:13:apply_mix_send2	16	static
../Src/Param/param_registry.c:311:13:apply_mix_reverb_wet	16	static
../Src/Param/param_registry.c:312:13:apply_mix_reverb_size	16	static
../Src/Param/param_registry.c:313:13:apply_mix_reverb_decay	16	static
../Src/Param/param_registry.c:314:13:apply_mix_reverb_pred	16	static
../Src/Param/param_registry.c:315:13:apply_mix_reverb_type	16	static
../Src/Param/param_registry.c:316:13:apply_mix_reverb_surr	16	static
../Src/Param/param_registry.c:317:13:apply_vca_attack	16	static
../Src/Param/param_registry.c:318:13:apply_vca_decay	16	static
../Src/Param/param_registry.c:319:13:apply_vca_sustain	16	static
../Src/Param/param_registry.c:320:13:apply_vca_release	16	static
../Src/Param/param_registry.c:322:13:apply_tone_live_track	16	static
../Src/Param/param_registry.c:327:13:apply_dx7_algorithm	16	static
../Src/Param/param_registry.c:328:13:apply_dx7_feedback	16	static
../Src/Param/param_registry.c:329:13:apply_dx7_transpose	16	static
../Src/Param/param_registry.c:330:13:apply_dx7_lfo_speed	16	static
../Src/Param/param_registry.c:331:13:apply_dx7_lfo_delay	16	static
../Src/Param/param_registry.c:332:13:apply_dx7_lfo_pitch_mod_depth	16	static
../Src/Param/param_registry.c:333:13:apply_dx7_lfo_amp_mod_depth	16	static
../Src/Param/param_registry.c:334:13:apply_dx7_pitch_bend_range	16	static
../Src/Param/param_registry.c:335:13:apply_dx7_portamento_time	16	static
../Src/Param/param_registry.c:336:13:apply_dx7_mono_mode	16	static
../Src/Param/param_registry.c:337:13:apply_dx7_operator_mask	16	static
../Src/Param/param_registry.c:338:13:apply_dx7_operator_1_level	16	static
../Src/Param/param_registry.c:339:13:apply_dx7_operator_2_level	16	static
../Src/Param/param_registry.c:340:13:apply_dx7_operator_3_level	16	static
../Src/Param/param_registry.c:341:13:apply_dx7_operator_4_level	16	static
../Src/Param/param_registry.c:343:29:get_active_granular_state	16	static
../Src/Param/param_registry.c:369:13:apply_gran_density	24	static
../Src/Param/param_registry.c:386:13:apply_gran_pitch	24	static
../Src/Param/param_registry.c:403:13:apply_gran_mix	24	static
../Src/Param/param_registry.c:420:13:apply_gran_freeze	24	static
../Src/Param/param_registry.c:437:13:apply_gran_spread	24	static
../Src/Param/param_registry.c:454:13:apply_gran_stereo	24	static
../Src/Param/param_registry.c:460:13:apply_eq_low_db	16	static
../Src/Param/param_registry.c:461:13:apply_eq_mid_db	16	static
../Src/Param/param_registry.c:462:13:apply_eq_high_db	16	static
../Src/Param/param_registry.c:464:13:apply_sat_tone	16	static
../Src/Param/param_registry.c:465:13:apply_sat_bias	16	static
../Src/Param/param_registry.c:466:13:apply_sat_drive	16	static
../Src/Param/param_registry.c:467:13:apply_sat_mix	16	static
../Src/Param/param_registry.c:500:6:param_registry_batch_begin	4	static
../Src/Param/param_registry.c:508:6:param_registry_batch_end	4	static
../Src/Param/param_registry.c:516:16:param_runtime_cache_get	16	static
../Src/Param/param_registry.c:532:13:param_runtime_cache_set	16	static
../Src/Param/param_registry.c:543:16:param_lfo_map	24	static
../Src/Param/param_registry.c:589:16:param_is_filter_ui_param	16	static
../Src/Param/param_registry.c:614:16:param_runtime_apply_tone_dx7	16	static
../Src/Param/param_registry.c:642:16:param_runtime_apply_tone_monob	24	static
../Src/Param/param_registry.c:665:16:param_runtime_apply_tb3	16	static
../Src/Param/param_registry.c:689:16:param_runtime_apply_mix_track	32	static
../Src/Param/param_registry.c:732:16:param_runtime_apply_track	32	static
../Src/Param/param_registry.c:777:16:param_runtime_apply_colors_track	40	static
../Src/Param/param_registry.c:835:16:filter_mod_locked_for_active_track	16	static
../Src/Param/param_registry.c:844:13:filter_ui_state_init_defaults	16	static
../Src/Param/param_registry.c:866:16:resolve_filter_target_track	24	static
../Src/Param/param_registry.c:880:16:resolve_filter_target_track_for_ui_track	24	static
../Src/Param/param_registry.c:893:16:resolve_filter_drive_target_track_for_ui_track	24	static
../Src/Param/param_registry.c:910:27:resolve_filter_ui_state	16	static
../Src/Param/param_registry.c:919:13:apply_filter_drive_runtime	32	static
../Src/Param/param_registry.c:926:9:param_registry_get_track_value	32	static
../Src/Param/param_registry.c:1041:9:param_registry_apply_track_value_rt_fast	32	static
../Src/Param/param_registry.c:1070:9:param_registry_apply_track_value	64	static
../Src/Param/param_registry.c:1290:6:param_registry_sync_filter_ui_for_active_track	24	static
../Src/Param/param_registry.c:1339:6:param_registry_sync_ui_for_active_track	32	static
../Src/Param/param_registry.c:1388:13:apply_filter_type	32	static
../Src/Param/param_registry.c:1404:13:apply_filter_cutoff	32	static
../Src/Param/param_registry.c:1419:13:apply_filter_resonance	32	static
../Src/Param/param_registry.c:1434:13:apply_filter_eg_amount	32	static
../Src/Param/param_registry.c:1449:13:apply_filter_attack	32	static
../Src/Param/param_registry.c:1464:13:apply_filter_decay	32	static
../Src/Param/param_registry.c:1479:13:apply_filter_sustain	32	static
../Src/Param/param_registry.c:1494:13:apply_filter_release	32	static
../Src/Param/param_registry.c:1509:13:apply_filter_keytrack	32	static
../Src/Param/param_registry.c:1531:13:apply_filter_env_reset	24	static
../Src/Param/param_registry.c:1551:13:apply_filter_env_delay	24	static
../Src/Param/param_registry.c:1571:13:apply_filter_eq_low	32	static
../Src/Param/param_registry.c:1586:13:apply_filter_eq_mid	32	static
../Src/Param/param_registry.c:1601:13:apply_filter_eq_high	32	static
../Src/Param/param_registry.c:1616:13:apply_filter_drive	32	static
../Src/Param/param_registry.c:1634:13:apply_monob_filter_type	16	static
../Src/Param/param_registry.c:1635:13:apply_monob_filter_cutoff	16	static
../Src/Param/param_registry.c:1636:13:apply_monob_filter_resonance	16	static
../Src/Param/param_registry.c:1637:13:apply_monob_filter_eg_amount	16	static
../Src/Param/param_registry.c:1638:13:apply_monob_filter_attack	16	static
../Src/Param/param_registry.c:1639:13:apply_monob_filter_decay	16	static
../Src/Param/param_registry.c:1640:13:apply_monob_filter_sustain	16	static
../Src/Param/param_registry.c:1641:13:apply_monob_filter_release	16	static
../Src/Param/param_registry.c:1642:13:apply_monob_filter_keytrack	16	static
../Src/Param/param_registry.c:1643:13:apply_monob_filter_env_reset	16	static
../Src/Param/param_registry.c:1644:13:apply_monob_filter_env_delay	16	static
../Src/Param/param_registry.c:1646:13:apply_monob_osc1_wave	16	static
../Src/Param/param_registry.c:1647:13:apply_monob_osc2_wave	16	static
../Src/Param/param_registry.c:1648:13:apply_monob_osc3_wave	16	static
../Src/Param/param_registry.c:1649:13:apply_monob_sub_wave	16	static
../Src/Param/param_registry.c:1650:13:apply_monob_osc1_range	16	static
../Src/Param/param_registry.c:1651:13:apply_monob_osc2_range	16	static
../Src/Param/param_registry.c:1652:13:apply_monob_osc3_range	16	static
../Src/Param/param_registry.c:1653:13:apply_monob_sub_octave	16	static
../Src/Param/param_registry.c:1654:13:apply_monob_osc1_detune	16	static
../Src/Param/param_registry.c:1655:13:apply_monob_osc2_detune	16	static
../Src/Param/param_registry.c:1656:13:apply_monob_osc3_detune	16	static
../Src/Param/param_registry.c:1657:13:apply_monob_osc1_mix	16	static
../Src/Param/param_registry.c:1658:13:apply_monob_osc2_mix	16	static
../Src/Param/param_registry.c:1659:13:apply_monob_osc3_mix	16	static
../Src/Param/param_registry.c:1660:13:apply_monob_sub_mix	16	static
../Src/Param/param_registry.c:1661:13:apply_tb3_waveform	16	static
../Src/Param/param_registry.c:1662:13:apply_tb3_cutoff	16	static
../Src/Param/param_registry.c:1663:13:apply_tb3_resonance	16	static
../Src/Param/param_registry.c:1664:13:apply_tb3_env_mod	16	static
../Src/Param/param_registry.c:1665:13:apply_tb3_decay	16	static
../Src/Param/param_registry.c:1666:13:apply_tb3_accent	16	static
../Src/Param/param_registry.c:1667:13:apply_tb3_volume	16	static
../Src/Param/param_registry.c:1668:13:apply_tb3_slide_time	16	static
../Src/Param/param_registry.c:1669:13:apply_lfo1_dest	16	static
../Src/Param/param_registry.c:1670:13:apply_lfo1_rate	16	static
../Src/Param/param_registry.c:1671:13:apply_lfo1_depth	16	static
../Src/Param/param_registry.c:1672:13:apply_lfo1_shape	16	static
../Src/Param/param_registry.c:1673:13:apply_lfo2_dest	16	static
../Src/Param/param_registry.c:1674:13:apply_lfo2_rate	16	static
../Src/Param/param_registry.c:1675:13:apply_lfo2_depth	16	static
../Src/Param/param_registry.c:1676:13:apply_lfo2_shape	16	static
../Src/Param/param_registry.c:1678:13:param_registry_push_track_defaults_to_runtime	32	static
../Src/Param/param_registry.c:1709:13:param_registry_neutralize_filter_runtime_if_invalid	24	static
../Src/Param/param_registry.c:1734:13:param_registry_neutralize_vca_runtime_if_invalid	24	static
../Src/Param/param_registry.c:1762:13:apply_cfg_track	32	static
../Src/Param/param_registry.c:1781:13:apply_cfg_track_type	24	static
../Src/Param/param_registry.c:1804:13:apply_cfg_midi_ch	24	static
../Src/Param/param_registry.c:1812:13:apply_cfg_midi_src	24	static
../Src/Param/param_registry.c:1821:13:apply_cfg_rec	24	static
../Src/Param/param_registry.c:1829:13:apply_cfg_tempo	24	static
../Src/Param/param_registry.c:1837:13:apply_cfg_sync	24	static
../Src/Param/param_registry.c:1869:13:apply_cfg_rec_len	24	static
../Src/Param/param_registry.c:1877:13:apply_seq_length	24	static
../Src/Param/param_registry.c:1885:16:seq_div_ui_to_runtime	24	static
../Src/Param/param_registry.c:1898:14:seq_div_runtime_to_ui	16	static
../Src/Param/param_registry.c:1910:13:apply_seq_div	24	static
../Src/Param/param_registry.c:1915:13:apply_seq_quant	16	static
../Src/Param/param_registry.c:1920:13:apply_seq_swing	16	static
../Src/Param/param_registry.c:1925:13:apply_kbd_root	16	static
../Src/Param/param_registry.c:1926:13:apply_kbd_scale	16	static
../Src/Param/param_registry.c:1927:13:apply_kbd_omnichord	16	static
../Src/Param/param_registry.c:1928:13:apply_kbd_note_order	16	static
../Src/Param/param_registry.c:1929:13:apply_kbd_chord_override	16	static
../Src/Param/param_registry.c:1930:13:apply_arp_hold	16	static
../Src/Param/param_registry.c:1931:13:apply_arp_rate	16	static
../Src/Param/param_registry.c:1932:13:apply_arp_oct	16	static
../Src/Param/param_registry.c:1933:13:apply_arp_pattern	16	static
../Src/Param/param_registry.c:1934:13:apply_arp_gate	16	static
../Src/Param/param_registry.c:1935:13:apply_arp_swing	16	static
../Src/Param/param_registry.c:1936:13:apply_arp_accent	16	static
../Src/Param/param_registry.c:1937:13:apply_arp_vel_acc	16	static
../Src/Param/param_registry.c:1938:13:apply_arp_strum	16	static
../Src/Param/param_registry.c:1939:13:apply_arp_offset	16	static
../Src/Param/param_registry.c:1940:13:apply_arp_trans	16	static
../Src/Param/param_registry.c:1941:13:apply_arp_spread	16	static
../Src/Param/param_registry.c:1942:13:apply_arp_dir	16	static
../Src/Param/param_registry.c:1943:13:apply_arp_sync	16	static
../Src/Param/param_registry.c:1950:13:apply_master_gain	16	static
../Src/Param/param_registry.c:1951:13:apply_post_gain	16	static
../Src/Param/param_registry.c:1952:13:apply_output_comp	16	static
../Src/Param/param_registry.c:1954:13:apply_juno_saw	16	static
../Src/Param/param_registry.c:1955:13:apply_juno_pulse	16	static
../Src/Param/param_registry.c:1956:13:apply_juno_sub	16	static
../Src/Param/param_registry.c:1957:13:apply_juno_pwm	16	static
../Src/Param/param_registry.c:1958:13:apply_juno_vcf_freq	16	static
../Src/Param/param_registry.c:1959:13:apply_juno_vcf_res	16	static
../Src/Param/param_registry.c:1960:13:apply_juno_vcf_env	16	static
../Src/Param/param_registry.c:1961:13:apply_juno_vcf_lfo	16	static
../Src/Param/param_registry.c:1962:13:apply_juno_attack	16	static
../Src/Param/param_registry.c:1963:13:apply_juno_decay	16	static
../Src/Param/param_registry.c:1964:13:apply_juno_sustain	16	static
../Src/Param/param_registry.c:1965:13:apply_juno_release	16	static
../Src/Param/param_registry.c:1966:13:apply_juno_lfo_rate	16	static
../Src/Param/param_registry.c:1967:13:apply_juno_hpf	16	static
../Src/Param/param_registry.c:1968:13:apply_juno_porta	16	static
../Src/Param/param_registry.c:1969:13:apply_juno_mode	16	static
../Src/Param/param_registry.c:1971:13:apply_bus_comp_threshold	16	static
../Src/Param/param_registry.c:1972:13:apply_bus_comp_ratio	16	static
../Src/Param/param_registry.c:1973:13:apply_bus_comp_attack_index	16	static
../Src/Param/param_registry.c:1974:13:apply_bus_comp_release_index	16	static
../Src/Param/param_registry.c:1975:13:apply_bus_comp_makeup	16	static
../Src/Param/param_registry.c:1976:13:apply_bus_comp_auto_makeup	16	static
../Src/Param/param_registry.c:1989:13:apply_daisy_threshold	24	static
../Src/Param/param_registry.c:2006:13:apply_daisy_ratio	24	static
../Src/Param/param_registry.c:2023:13:apply_daisy_attack	24	static
../Src/Param/param_registry.c:2040:13:apply_daisy_release	24	static
../Src/Param/param_registry.c:2057:13:apply_daisy_makeup	24	static
../Src/Param/param_registry.c:2074:13:apply_daisy_auto_makeup	24	static
../Src/Param/param_registry.c:2091:13:apply_daisy_mix	24	static
../Src/Param/param_registry.c:2497:6:param_registry_init	8	static
../Src/Param/param_registry.c:2519:7:param_get	16	static
../Src/Param/param_registry.c:2536:6:param_set	24	static
../Src/Param/param_registry.c:2571:6:param_reset	16	static
