../Src/Param/param_registry.c:139:13:apply_output_comp	0	static
../Src/Param/param_registry.c:138:13:apply_post_gain	0	static
../Src/Param/param_registry.c:137:13:apply_master_gain	0	static
../Src/Param/param_registry.c:135:13:apply_sat_mix	8	static
../Src/Param/param_registry.c:134:13:apply_sat_drive	8	static
../Src/Param/param_registry.c:133:13:apply_sat_bias	8	static
../Src/Param/param_registry.c:132:13:apply_sat_tone	8	static
../Src/Param/param_registry.c:130:13:apply_eq_high_db	0	static
../Src/Param/param_registry.c:129:13:apply_eq_mid_db	0	static
../Src/Param/param_registry.c:128:13:apply_eq_low_db	0	static
../Src/Param/param_registry.c:184:13:apply_daisy_mix	16	static
../Src/Param/param_registry.c:178:13:apply_daisy_auto_makeup	16	static
../Src/Param/param_registry.c:172:13:apply_daisy_makeup	16	static
../Src/Param/param_registry.c:166:13:apply_daisy_release	16	static
../Src/Param/param_registry.c:160:13:apply_daisy_attack	16	static
../Src/Param/param_registry.c:154:13:apply_daisy_ratio	16	static
../Src/Param/param_registry.c:148:13:apply_daisy_threshold	16	static
../Src/Param/param_registry.c:146:13:apply_bus_comp_auto_makeup	0	static
../Src/Param/param_registry.c:145:13:apply_bus_comp_makeup	0	static
../Src/Param/param_registry.c:144:13:apply_bus_comp_release_index	8	static
../Src/Param/param_registry.c:143:13:apply_bus_comp_attack_index	8	static
../Src/Param/param_registry.c:142:13:apply_bus_comp_ratio	0	static
../Src/Param/param_registry.c:141:13:apply_bus_comp_threshold	0	static
../Src/Param/param_registry.c:75:13:apply_mix_send1_fx	8	static
../Src/Param/param_registry.c:74:13:apply_mix_send0_fx	8	static
../Src/Param/param_registry.c:72:13:apply_mix_track3_send1	0	static
../Src/Param/param_registry.c:71:13:apply_mix_track3_send0	0	static
../Src/Param/param_registry.c:70:13:apply_mix_track2_send1	0	static
../Src/Param/param_registry.c:69:13:apply_mix_track2_send0	0	static
../Src/Param/param_registry.c:68:13:apply_mix_track1_send1	0	static
../Src/Param/param_registry.c:67:13:apply_mix_track1_send0	0	static
../Src/Param/param_registry.c:66:13:apply_mix_track0_send1	0	static
../Src/Param/param_registry.c:65:13:apply_mix_track0_send0	0	static
../Src/Param/param_registry.c:63:13:apply_mix_track3_insert1	8	static
../Src/Param/param_registry.c:62:13:apply_mix_track3_insert0	8	static
../Src/Param/param_registry.c:61:13:apply_mix_track2_insert1	8	static
../Src/Param/param_registry.c:60:13:apply_mix_track2_insert0	8	static
../Src/Param/param_registry.c:59:13:apply_mix_track1_insert1	8	static
../Src/Param/param_registry.c:58:13:apply_mix_track1_insert0	8	static
../Src/Param/param_registry.c:57:13:apply_mix_track0_insert1	8	static
../Src/Param/param_registry.c:56:13:apply_mix_track0_insert0	8	static
../Src/Param/param_registry.c:54:13:apply_mix_track3_route	0	static
../Src/Param/param_registry.c:53:13:apply_mix_track2_route	0	static
../Src/Param/param_registry.c:52:13:apply_mix_track1_route	0	static
../Src/Param/param_registry.c:51:13:apply_mix_track0_route	0	static
../Src/Param/param_registry.c:49:13:apply_mix_track3_mute	0	static
../Src/Param/param_registry.c:48:13:apply_mix_track2_mute	0	static
../Src/Param/param_registry.c:47:13:apply_mix_track1_mute	0	static
../Src/Param/param_registry.c:46:13:apply_mix_track0_mute	0	static
../Src/Param/param_registry.c:44:13:apply_mix_track3_pan	0	static
../Src/Param/param_registry.c:43:13:apply_mix_track2_pan	0	static
../Src/Param/param_registry.c:42:13:apply_mix_track1_pan	0	static
../Src/Param/param_registry.c:41:13:apply_mix_track0_pan	0	static
../Src/Param/param_registry.c:39:13:apply_mix_track3_gain	0	static
../Src/Param/param_registry.c:38:13:apply_mix_track2_gain	0	static
../Src/Param/param_registry.c:37:13:apply_mix_track1_gain	0	static
../Src/Param/param_registry.c:36:13:apply_mix_track0_gain	0	static
../Src/Param/param_registry.c:110:13:apply_gran_freeze	16	static
../Src/Param/param_registry.c:92:13:apply_gran_density	16	static
../Src/Param/param_registry.c:98:13:apply_gran_pitch	16	static
../Src/Param/param_registry.c:104:13:apply_gran_mix	16	static
../Src/Param/param_registry.c:116:13:apply_gran_spread	16	static
../Src/Param/param_registry.c:122:13:apply_gran_stereo	16	static
../Src/Param/param_registry.c:305:6:param_registry_init	0	static
../Src/Param/param_registry.c:310:7:param_get	0	static
../Src/Param/param_registry.c:315:6:param_set	24	static
../Src/Param/param_registry.c:331:6:param_reset	24	static
