../Src/Param/param_registry.c:285:13:apply_juno_mode	0	static
../Src/Param/param_registry.c:284:13:apply_juno_porta	0	static
../Src/Param/param_registry.c:283:13:apply_juno_hpf	0	static
../Src/Param/param_registry.c:282:13:apply_juno_lfo_rate	0	static
../Src/Param/param_registry.c:281:13:apply_juno_release	0	static
../Src/Param/param_registry.c:280:13:apply_juno_sustain	0	static
../Src/Param/param_registry.c:279:13:apply_juno_decay	0	static
../Src/Param/param_registry.c:278:13:apply_juno_attack	0	static
../Src/Param/param_registry.c:277:13:apply_juno_vcf_lfo	0	static
../Src/Param/param_registry.c:276:13:apply_juno_vcf_env	0	static
../Src/Param/param_registry.c:275:13:apply_juno_vcf_res	0	static
../Src/Param/param_registry.c:274:13:apply_juno_vcf_freq	0	static
../Src/Param/param_registry.c:273:13:apply_juno_pwm	0	static
../Src/Param/param_registry.c:272:13:apply_juno_sub	0	static
../Src/Param/param_registry.c:271:13:apply_juno_pulse	0	static
../Src/Param/param_registry.c:270:13:apply_juno_saw	0	static
../Src/Param/param_registry.c:268:13:apply_output_comp	0	static
../Src/Param/param_registry.c:267:13:apply_post_gain	0	static
../Src/Param/param_registry.c:266:13:apply_master_gain	0	static
../Src/Param/param_registry.c:264:13:apply_sat_mix	8	static
../Src/Param/param_registry.c:263:13:apply_sat_drive	8	static
../Src/Param/param_registry.c:262:13:apply_sat_bias	8	static
../Src/Param/param_registry.c:261:13:apply_sat_tone	8	static
../Src/Param/param_registry.c:259:13:apply_eq_high_db	0	static
../Src/Param/param_registry.c:258:13:apply_eq_mid_db	0	static
../Src/Param/param_registry.c:257:13:apply_eq_low_db	0	static
../Src/Param/param_registry.c:407:13:apply_daisy_mix	16	static
../Src/Param/param_registry.c:390:13:apply_daisy_auto_makeup	16	static
../Src/Param/param_registry.c:373:13:apply_daisy_makeup	16	static
../Src/Param/param_registry.c:356:13:apply_daisy_release	16	static
../Src/Param/param_registry.c:339:13:apply_daisy_attack	16	static
../Src/Param/param_registry.c:322:13:apply_daisy_ratio	16	static
../Src/Param/param_registry.c:305:13:apply_daisy_threshold	16	static
../Src/Param/param_registry.c:292:13:apply_bus_comp_auto_makeup	0	static
../Src/Param/param_registry.c:291:13:apply_bus_comp_makeup	0	static
../Src/Param/param_registry.c:290:13:apply_bus_comp_release_index	8	static
../Src/Param/param_registry.c:289:13:apply_bus_comp_attack_index	8	static
../Src/Param/param_registry.c:288:13:apply_bus_comp_ratio	0	static
../Src/Param/param_registry.c:287:13:apply_bus_comp_threshold	0	static
../Src/Param/param_registry.c:138:13:apply_mix_send1_fx	8	static
../Src/Param/param_registry.c:137:13:apply_mix_send0_fx	8	static
../Src/Param/param_registry.c:135:13:apply_mix_track3_send1	0	static
../Src/Param/param_registry.c:134:13:apply_mix_track3_send0	0	static
../Src/Param/param_registry.c:133:13:apply_mix_track2_send1	0	static
../Src/Param/param_registry.c:132:13:apply_mix_track2_send0	0	static
../Src/Param/param_registry.c:131:13:apply_mix_track1_send1	0	static
../Src/Param/param_registry.c:130:13:apply_mix_track1_send0	0	static
../Src/Param/param_registry.c:129:13:apply_mix_track0_send1	0	static
../Src/Param/param_registry.c:128:13:apply_mix_track0_send0	0	static
../Src/Param/param_registry.c:126:13:apply_mix_track3_insert1	8	static
../Src/Param/param_registry.c:125:13:apply_mix_track3_insert0	8	static
../Src/Param/param_registry.c:124:13:apply_mix_track2_insert1	8	static
../Src/Param/param_registry.c:123:13:apply_mix_track2_insert0	8	static
../Src/Param/param_registry.c:122:13:apply_mix_track1_insert1	8	static
../Src/Param/param_registry.c:121:13:apply_mix_track1_insert0	8	static
../Src/Param/param_registry.c:120:13:apply_mix_track0_insert1	8	static
../Src/Param/param_registry.c:119:13:apply_mix_track0_insert0	8	static
../Src/Param/param_registry.c:117:13:apply_mix_track3_route	0	static
../Src/Param/param_registry.c:116:13:apply_mix_track2_route	0	static
../Src/Param/param_registry.c:115:13:apply_mix_track1_route	0	static
../Src/Param/param_registry.c:114:13:apply_mix_track0_route	0	static
../Src/Param/param_registry.c:112:13:apply_mix_track3_mute	0	static
../Src/Param/param_registry.c:111:13:apply_mix_track2_mute	0	static
../Src/Param/param_registry.c:110:13:apply_mix_track1_mute	0	static
../Src/Param/param_registry.c:109:13:apply_mix_track0_mute	0	static
../Src/Param/param_registry.c:107:13:apply_mix_track3_pan	0	static
../Src/Param/param_registry.c:106:13:apply_mix_track2_pan	0	static
../Src/Param/param_registry.c:105:13:apply_mix_track1_pan	0	static
../Src/Param/param_registry.c:104:13:apply_mix_track0_pan	0	static
../Src/Param/param_registry.c:102:13:apply_mix_track3_gain	0	static
../Src/Param/param_registry.c:101:13:apply_mix_track2_gain	0	static
../Src/Param/param_registry.c:100:13:apply_mix_track1_gain	0	static
../Src/Param/param_registry.c:99:13:apply_mix_track0_gain	0	static
../Src/Param/param_registry.c:217:13:apply_gran_freeze	16	static
../Src/Param/param_registry.c:166:13:apply_gran_density	16	static
../Src/Param/param_registry.c:183:13:apply_gran_pitch	16	static
../Src/Param/param_registry.c:200:13:apply_gran_mix	16	static
../Src/Param/param_registry.c:234:13:apply_gran_spread	16	static
../Src/Param/param_registry.c:251:13:apply_gran_stereo	16	static
../Src/Param/param_registry.c:557:6:param_registry_init	0	static
../Src/Param/param_registry.c:575:7:param_get	0	static
../Src/Param/param_registry.c:592:6:param_set	24	static
../Src/Param/param_registry.c:619:6:param_reset	24	static
