../Src/Param/param_registry.c:788:13:apply_master_gain	0	static
../Src/Param/param_registry.c:728:13:apply_monob_sub_mix	0	static
../Src/Param/param_registry.c:727:13:apply_monob_osc3_mix	0	static
../Src/Param/param_registry.c:726:13:apply_monob_osc2_mix	0	static
../Src/Param/param_registry.c:725:13:apply_monob_osc1_mix	0	static
../Src/Param/param_registry.c:724:13:apply_monob_osc3_detune	0	static
../Src/Param/param_registry.c:723:13:apply_monob_osc2_detune	0	static
../Src/Param/param_registry.c:722:13:apply_monob_osc1_detune	0	static
../Src/Param/param_registry.c:721:13:apply_monob_sub_octave	8	static
../Src/Param/param_registry.c:720:13:apply_monob_osc3_range	8	static
../Src/Param/param_registry.c:719:13:apply_monob_osc2_range	8	static
../Src/Param/param_registry.c:718:13:apply_monob_osc1_range	8	static
../Src/Param/param_registry.c:717:13:apply_monob_sub_wave	8	static
../Src/Param/param_registry.c:716:13:apply_monob_osc3_wave	8	static
../Src/Param/param_registry.c:715:13:apply_monob_osc2_wave	8	static
../Src/Param/param_registry.c:714:13:apply_monob_osc1_wave	8	static
../Src/Param/param_registry.c:712:13:apply_monob_filter_env_delay	8	static
../Src/Param/param_registry.c:711:13:apply_monob_filter_env_reset	0	static
../Src/Param/param_registry.c:710:13:apply_monob_filter_keytrack	0	static
../Src/Param/param_registry.c:709:13:apply_monob_filter_release	8	static
../Src/Param/param_registry.c:708:13:apply_monob_filter_sustain	0	static
../Src/Param/param_registry.c:707:13:apply_monob_filter_decay	8	static
../Src/Param/param_registry.c:706:13:apply_monob_filter_attack	8	static
../Src/Param/param_registry.c:705:13:apply_monob_filter_eg_amount	0	static
../Src/Param/param_registry.c:704:13:apply_monob_filter_resonance	0	static
../Src/Param/param_registry.c:703:13:apply_monob_filter_cutoff	8	static
../Src/Param/param_registry.c:702:13:apply_monob_filter_type	8	static
../Src/Param/param_registry.c:261:13:apply_dx7_operator_4_level	0	static
../Src/Param/param_registry.c:260:13:apply_dx7_operator_3_level	0	static
../Src/Param/param_registry.c:259:13:apply_dx7_operator_2_level	0	static
../Src/Param/param_registry.c:258:13:apply_dx7_operator_1_level	0	static
../Src/Param/param_registry.c:257:13:apply_dx7_operator_mask	0	static
../Src/Param/param_registry.c:256:13:apply_dx7_mono_mode	0	static
../Src/Param/param_registry.c:255:13:apply_dx7_portamento_time	0	static
../Src/Param/param_registry.c:254:13:apply_dx7_pitch_bend_range	0	static
../Src/Param/param_registry.c:253:13:apply_dx7_lfo_amp_mod_depth	0	static
../Src/Param/param_registry.c:252:13:apply_dx7_lfo_pitch_mod_depth	0	static
../Src/Param/param_registry.c:251:13:apply_dx7_lfo_delay	0	static
../Src/Param/param_registry.c:250:13:apply_dx7_lfo_speed	0	static
../Src/Param/param_registry.c:249:13:apply_dx7_transpose	0	static
../Src/Param/param_registry.c:248:13:apply_dx7_feedback	0	static
../Src/Param/param_registry.c:247:13:apply_dx7_algorithm	0	static
../Src/Param/param_registry.c:807:13:apply_juno_mode	0	static
../Src/Param/param_registry.c:806:13:apply_juno_porta	0	static
../Src/Param/param_registry.c:805:13:apply_juno_hpf	0	static
../Src/Param/param_registry.c:804:13:apply_juno_lfo_rate	0	static
../Src/Param/param_registry.c:803:13:apply_juno_release	0	static
../Src/Param/param_registry.c:802:13:apply_juno_sustain	0	static
../Src/Param/param_registry.c:801:13:apply_juno_decay	0	static
../Src/Param/param_registry.c:800:13:apply_juno_attack	0	static
../Src/Param/param_registry.c:799:13:apply_juno_vcf_lfo	0	static
../Src/Param/param_registry.c:798:13:apply_juno_vcf_env	0	static
../Src/Param/param_registry.c:797:13:apply_juno_vcf_res	0	static
../Src/Param/param_registry.c:796:13:apply_juno_vcf_freq	0	static
../Src/Param/param_registry.c:795:13:apply_juno_pwm	0	static
../Src/Param/param_registry.c:794:13:apply_juno_sub	0	static
../Src/Param/param_registry.c:793:13:apply_juno_pulse	0	static
../Src/Param/param_registry.c:792:13:apply_juno_saw	0	static
../Src/Param/param_registry.c:790:13:apply_output_comp	0	static
../Src/Param/param_registry.c:789:13:apply_post_gain	0	static
../Src/Param/param_registry.c:780:13:apply_arp_sync	8	static
../Src/Param/param_registry.c:779:13:apply_arp_dir	8	static
../Src/Param/param_registry.c:778:13:apply_arp_spread	8	static
../Src/Param/param_registry.c:777:13:apply_arp_trans	8	static
../Src/Param/param_registry.c:776:13:apply_arp_offset	8	static
../Src/Param/param_registry.c:775:13:apply_arp_strum	8	static
../Src/Param/param_registry.c:774:13:apply_arp_vel_acc	8	static
../Src/Param/param_registry.c:773:13:apply_arp_accent	8	static
../Src/Param/param_registry.c:772:13:apply_arp_swing	8	static
../Src/Param/param_registry.c:771:13:apply_arp_gate	8	static
../Src/Param/param_registry.c:770:13:apply_arp_pattern	8	static
../Src/Param/param_registry.c:769:13:apply_arp_oct	8	static
../Src/Param/param_registry.c:768:13:apply_arp_rate	8	static
../Src/Param/param_registry.c:767:13:apply_arp_hold	0	static
../Src/Param/param_registry.c:766:13:apply_kbd_chord_override	0	static
../Src/Param/param_registry.c:765:13:apply_kbd_note_order	0	static
../Src/Param/param_registry.c:764:13:apply_kbd_omnichord	0	static
../Src/Param/param_registry.c:763:13:apply_kbd_scale	8	static
../Src/Param/param_registry.c:762:13:apply_kbd_root	8	static
../Src/Param/param_registry.c:746:13:apply_cfg_track_type	32	static
../Src/Param/param_registry.c:730:13:apply_cfg_track	24	static
../Src/Param/param_registry.c:687:13:apply_filter_eq_high	24	static
../Src/Param/param_registry.c:672:13:apply_filter_eq_mid	24	static
../Src/Param/param_registry.c:657:13:apply_filter_eq_low	24	static
../Src/Param/param_registry.c:642:13:apply_filter_env_delay	24	static
../Src/Param/param_registry.c:627:13:apply_filter_env_reset	32	static
../Src/Param/param_registry.c:612:13:apply_filter_keytrack	24	static
../Src/Param/param_registry.c:597:13:apply_filter_release	24	static
../Src/Param/param_registry.c:582:13:apply_filter_sustain	24	static
../Src/Param/param_registry.c:567:13:apply_filter_decay	24	static
../Src/Param/param_registry.c:552:13:apply_filter_attack	24	static
../Src/Param/param_registry.c:537:13:apply_filter_eg_amount	24	static
../Src/Param/param_registry.c:522:13:apply_filter_resonance	24	static
../Src/Param/param_registry.c:507:13:apply_filter_cutoff	24	static
../Src/Param/param_registry.c:491:13:apply_filter_type	32	static
../Src/Param/param_registry.c:387:13:apply_sat_mix	8	static
../Src/Param/param_registry.c:386:13:apply_sat_drive	8	static
../Src/Param/param_registry.c:385:13:apply_sat_bias	8	static
../Src/Param/param_registry.c:384:13:apply_sat_tone	8	static
../Src/Param/param_registry.c:382:13:apply_eq_high_db	0	static
../Src/Param/param_registry.c:381:13:apply_eq_mid_db	0	static
../Src/Param/param_registry.c:380:13:apply_eq_low_db	0	static
../Src/Param/param_registry.c:929:13:apply_daisy_mix	16	static
../Src/Param/param_registry.c:912:13:apply_daisy_auto_makeup	16	static
../Src/Param/param_registry.c:895:13:apply_daisy_makeup	16	static
../Src/Param/param_registry.c:878:13:apply_daisy_release	16	static
../Src/Param/param_registry.c:861:13:apply_daisy_attack	16	static
../Src/Param/param_registry.c:844:13:apply_daisy_ratio	16	static
../Src/Param/param_registry.c:827:13:apply_daisy_threshold	16	static
../Src/Param/param_registry.c:814:13:apply_bus_comp_auto_makeup	0	static
../Src/Param/param_registry.c:813:13:apply_bus_comp_makeup	0	static
../Src/Param/param_registry.c:812:13:apply_bus_comp_release_index	8	static
../Src/Param/param_registry.c:811:13:apply_bus_comp_attack_index	8	static
../Src/Param/param_registry.c:810:13:apply_bus_comp_ratio	0	static
../Src/Param/param_registry.c:809:13:apply_bus_comp_threshold	0	static
../Src/Param/param_registry.c:245:13:apply_mix_send1_fx	8	static
../Src/Param/param_registry.c:244:13:apply_mix_send0_fx	8	static
../Src/Param/param_registry.c:242:13:apply_mix_track3_send1	0	static
../Src/Param/param_registry.c:241:13:apply_mix_track3_send0	0	static
../Src/Param/param_registry.c:240:13:apply_mix_track2_send1	0	static
../Src/Param/param_registry.c:239:13:apply_mix_track2_send0	0	static
../Src/Param/param_registry.c:238:13:apply_mix_track1_send1	0	static
../Src/Param/param_registry.c:237:13:apply_mix_track1_send0	0	static
../Src/Param/param_registry.c:236:13:apply_mix_track0_send1	0	static
../Src/Param/param_registry.c:235:13:apply_mix_track0_send0	0	static
../Src/Param/param_registry.c:233:13:apply_mix_track3_insert1	8	static
../Src/Param/param_registry.c:232:13:apply_mix_track3_insert0	8	static
../Src/Param/param_registry.c:231:13:apply_mix_track2_insert1	8	static
../Src/Param/param_registry.c:230:13:apply_mix_track2_insert0	8	static
../Src/Param/param_registry.c:229:13:apply_mix_track1_insert1	8	static
../Src/Param/param_registry.c:228:13:apply_mix_track1_insert0	8	static
../Src/Param/param_registry.c:227:13:apply_mix_track0_insert1	8	static
../Src/Param/param_registry.c:226:13:apply_mix_track0_insert0	8	static
../Src/Param/param_registry.c:224:13:apply_mix_track3_route	0	static
../Src/Param/param_registry.c:223:13:apply_mix_track2_route	0	static
../Src/Param/param_registry.c:222:13:apply_mix_track1_route	0	static
../Src/Param/param_registry.c:221:13:apply_mix_track0_route	0	static
../Src/Param/param_registry.c:219:13:apply_mix_track3_mute	0	static
../Src/Param/param_registry.c:218:13:apply_mix_track2_mute	0	static
../Src/Param/param_registry.c:217:13:apply_mix_track1_mute	0	static
../Src/Param/param_registry.c:216:13:apply_mix_track0_mute	0	static
../Src/Param/param_registry.c:214:13:apply_mix_track3_pan	0	static
../Src/Param/param_registry.c:213:13:apply_mix_track2_pan	0	static
../Src/Param/param_registry.c:212:13:apply_mix_track1_pan	0	static
../Src/Param/param_registry.c:211:13:apply_mix_track0_pan	0	static
../Src/Param/param_registry.c:209:13:apply_mix_track3_gain	0	static
../Src/Param/param_registry.c:208:13:apply_mix_track2_gain	0	static
../Src/Param/param_registry.c:207:13:apply_mix_track1_gain	0	static
../Src/Param/param_registry.c:206:13:apply_mix_track0_gain	0	static
../Src/Param/param_registry.c:340:13:apply_gran_freeze	16	static
../Src/Param/param_registry.c:289:13:apply_gran_density	16	static
../Src/Param/param_registry.c:306:13:apply_gran_pitch	16	static
../Src/Param/param_registry.c:323:13:apply_gran_mix	16	static
../Src/Param/param_registry.c:357:13:apply_gran_spread	16	static
../Src/Param/param_registry.c:374:13:apply_gran_stereo	16	static
../Src/Param/param_registry.c:455:6:param_registry_sync_filter_ui_for_active_track	16	static
../Src/Param/param_registry.c:1177:6:param_registry_init	4	static
../Src/Param/param_registry.c:1196:7:param_get	0	static
../Src/Param/param_registry.c:1213:6:param_set	24	static
../Src/Param/param_registry.c:1240:6:param_reset	24	static
