../Src/Param/param_registry.c:117:16:control_float_to_ui127	8	static
../Src/Param/param_registry.c:131:14:filter_ui127_to_unit	0	static
../Src/Param/param_registry.c:526:13:param_runtime_cache_set	0	static
../Src/Param/param_registry.c:1891:13:apply_master_gain	0	static
../Src/Param/param_registry.c:159:14:filter_ui127_to_time_s	16	static
../Src/Param/param_registry.c:167:14:filter_ui127_to_attack_s	8	static
../Src/Param/param_registry.c:172:14:filter_ui127_to_decay_s	8	static
../Src/Param/param_registry.c:182:14:filter_ui127_to_release_s	8	static
../Src/Param/param_registry.c:136:14:filter_ui127_to_cutoff_hz	8	static
../Src/Param/param_registry.c:460:13:apply_sat_drive	8	static
../Src/Param/param_registry.c:860:16:resolve_filter_target_track	24	static
../Src/Param/param_registry.c:1617:13:apply_lfo2_shape	16	static
../Src/Param/param_registry.c:1616:13:apply_lfo2_depth	16	static
../Src/Param/param_registry.c:1615:13:apply_lfo2_rate	16	static
../Src/Param/param_registry.c:1614:13:apply_lfo2_dest	16	static
../Src/Param/param_registry.c:1613:13:apply_lfo1_shape	16	static
../Src/Param/param_registry.c:1612:13:apply_lfo1_depth	16	static
../Src/Param/param_registry.c:1611:13:apply_lfo1_rate	16	static
../Src/Param/param_registry.c:1610:13:apply_lfo1_dest	16	static
../Src/Param/param_registry.c:829:16:filter_mod_locked_for_active_track	16	static
../Src/Param/param_registry.c:1582:13:apply_monob_filter_release	8	static
../Src/Param/param_registry.c:1580:13:apply_monob_filter_decay	8	static
../Src/Param/param_registry.c:1579:13:apply_monob_filter_attack	8	static
../Src/Param/param_registry.c:1576:13:apply_monob_filter_cutoff	8	static
../Src/Param/param_registry.c:1910:13:apply_juno_mode	8	static
../Src/Param/param_registry.c:1909:13:apply_juno_porta	8	static
../Src/Param/param_registry.c:1908:13:apply_juno_hpf	8	static
../Src/Param/param_registry.c:1907:13:apply_juno_lfo_rate	8	static
../Src/Param/param_registry.c:1906:13:apply_juno_release	8	static
../Src/Param/param_registry.c:1905:13:apply_juno_sustain	8	static
../Src/Param/param_registry.c:1904:13:apply_juno_decay	8	static
../Src/Param/param_registry.c:1903:13:apply_juno_attack	8	static
../Src/Param/param_registry.c:1902:13:apply_juno_vcf_lfo	8	static
../Src/Param/param_registry.c:1901:13:apply_juno_vcf_env	8	static
../Src/Param/param_registry.c:1900:13:apply_juno_vcf_res	8	static
../Src/Param/param_registry.c:1899:13:apply_juno_vcf_freq	8	static
../Src/Param/param_registry.c:1898:13:apply_juno_pwm	8	static
../Src/Param/param_registry.c:1897:13:apply_juno_sub	8	static
../Src/Param/param_registry.c:1896:13:apply_juno_pulse	8	static
../Src/Param/param_registry.c:1895:13:apply_juno_saw	8	static
../Src/Param/param_registry.c:1893:13:apply_output_comp	8	static
../Src/Param/param_registry.c:1892:13:apply_post_gain	8	static
../Src/Param/param_registry.c:1871:13:apply_arp_hold	8	static
../Src/Param/param_registry.c:1870:13:apply_kbd_chord_override	8	static
../Src/Param/param_registry.c:1869:13:apply_kbd_note_order	8	static
../Src/Param/param_registry.c:1868:13:apply_kbd_omnichord	8	static
../Src/Param/param_registry.c:1861:13:apply_seq_swing	24	static
../Src/Param/param_registry.c:1856:13:apply_seq_quant	24	static
../Src/Param/param_registry.c:1818:13:apply_seq_length	24	static
../Src/Param/param_registry.c:1650:13:param_registry_neutralize_filter_runtime_if_invalid	16	static
../Src/Param/param_registry.c:1675:13:param_registry_neutralize_vca_runtime_if_invalid	16	static
../Src/Param/param_registry.c:461:13:apply_sat_mix	8	static
../Src/Param/param_registry.c:459:13:apply_sat_bias	8	static
../Src/Param/param_registry.c:458:13:apply_sat_tone	8	static
../Src/Param/param_registry.c:456:13:apply_eq_high_db	8	static
../Src/Param/param_registry.c:455:13:apply_eq_mid_db	8	static
../Src/Param/param_registry.c:454:13:apply_eq_low_db	8	static
../Src/Param/param_registry.c:2032:13:apply_daisy_mix	16	static
../Src/Param/param_registry.c:2015:13:apply_daisy_auto_makeup	16	static
../Src/Param/param_registry.c:1998:13:apply_daisy_makeup	16	static
../Src/Param/param_registry.c:1981:13:apply_daisy_release	16	static
../Src/Param/param_registry.c:1964:13:apply_daisy_attack	16	static
../Src/Param/param_registry.c:1947:13:apply_daisy_ratio	16	static
../Src/Param/param_registry.c:1930:13:apply_daisy_threshold	16	static
../Src/Param/param_registry.c:1917:13:apply_bus_comp_auto_makeup	8	static
../Src/Param/param_registry.c:1916:13:apply_bus_comp_makeup	8	static
../Src/Param/param_registry.c:1915:13:apply_bus_comp_release_index	16	static
../Src/Param/param_registry.c:1914:13:apply_bus_comp_attack_index	16	static
../Src/Param/param_registry.c:1913:13:apply_bus_comp_ratio	8	static
../Src/Param/param_registry.c:1912:13:apply_bus_comp_threshold	8	static
../Src/Param/param_registry.c:292:13:apply_mix_send1_fx	16	static
../Src/Param/param_registry.c:337:29:get_active_granular_state	8	static
../Src/Param/param_registry.c:448:13:apply_gran_stereo	16	static
../Src/Param/param_registry.c:431:13:apply_gran_spread	16	static
../Src/Param/param_registry.c:414:13:apply_gran_freeze	16	static
../Src/Param/param_registry.c:397:13:apply_gran_mix	16	static
../Src/Param/param_registry.c:380:13:apply_gran_pitch	16	static
../Src/Param/param_registry.c:363:13:apply_gran_density	16	static
../Src/Param/param_registry.c:1585:13:apply_monob_filter_env_delay	16	static
../Src/Param/param_registry.c:1583:13:apply_monob_filter_keytrack	8	static
../Src/Param/param_registry.c:1581:13:apply_monob_filter_sustain	8	static
../Src/Param/param_registry.c:1578:13:apply_monob_filter_eg_amount	8	static
../Src/Param/param_registry.c:1577:13:apply_monob_filter_resonance	8	static
../Src/Param/param_registry.c:291:13:apply_mix_send0_fx	16	static
../Src/Param/param_registry.c:1745:13:apply_cfg_midi_ch	24	static
../Src/Param/param_registry.c:1753:13:apply_cfg_midi_src	24	static
../Src/Param/param_registry.c:1762:13:apply_cfg_rec	16	static
../Src/Param/param_registry.c:1770:13:apply_cfg_tempo	8	static
../Src/Param/param_registry.c:1778:13:apply_cfg_sync	16	static
../Src/Param/param_registry.c:1810:13:apply_cfg_rec_len	16	static
../Src/Param/param_registry.c:1866:13:apply_kbd_root	16	static
../Src/Param/param_registry.c:1867:13:apply_kbd_scale	16	static
../Src/Param/param_registry.c:1872:13:apply_arp_rate	16	static
../Src/Param/param_registry.c:1873:13:apply_arp_oct	16	static
../Src/Param/param_registry.c:1874:13:apply_arp_pattern	16	static
../Src/Param/param_registry.c:1875:13:apply_arp_gate	16	static
../Src/Param/param_registry.c:1876:13:apply_arp_swing	16	static
../Src/Param/param_registry.c:1877:13:apply_arp_accent	16	static
../Src/Param/param_registry.c:1878:13:apply_arp_vel_acc	16	static
../Src/Param/param_registry.c:1879:13:apply_arp_strum	16	static
../Src/Param/param_registry.c:1880:13:apply_arp_offset	16	static
../Src/Param/param_registry.c:1881:13:apply_arp_trans	16	static
../Src/Param/param_registry.c:1882:13:apply_arp_spread	16	static
../Src/Param/param_registry.c:1883:13:apply_arp_dir	16	static
../Src/Param/param_registry.c:1884:13:apply_arp_sync	16	static
../Src/Param/param_registry.c:1575:13:apply_monob_filter_type	16	static
../Src/Param/param_registry.c:1329:13:apply_filter_type	32	static
../Src/Param/param_registry.c:896:13:apply_filter_drive_runtime	32	static
../Src/Param/param_registry.c:1557:13:apply_filter_drive	24	static
../Src/Param/param_registry.c:659:16:param_runtime_apply_tb3	8	static
../Src/Param/param_registry.c:1851:13:apply_seq_div	24	static
../Src/Param/param_registry.c:202:15:monob_range_index_to_octave	8	static
../Src/Param/param_registry.c:726:16:param_runtime_apply_track	48	static
../Src/Param/param_registry.c:1472:13:apply_filter_env_reset	24	static
../Src/Param/param_registry.c:1584:13:apply_monob_filter_env_reset	8	static
../Src/Param/param_registry.c:1450:13:apply_filter_keytrack	24	static
../Src/Param/param_registry.c:1492:13:apply_filter_env_delay	24	static
../Src/Param/param_registry.c:1345:13:apply_filter_cutoff	24	static
../Src/Param/param_registry.c:1360:13:apply_filter_resonance	24	static
../Src/Param/param_registry.c:1375:13:apply_filter_eg_amount	24	static
../Src/Param/param_registry.c:1390:13:apply_filter_attack	24	static
../Src/Param/param_registry.c:1405:13:apply_filter_decay	24	static
../Src/Param/param_registry.c:1420:13:apply_filter_sustain	24	static
../Src/Param/param_registry.c:1435:13:apply_filter_release	24	static
../Src/Param/param_registry.c:216:14:filter_eq_ui127_to_db	0	static
../Src/Param/param_registry.c:1542:13:apply_filter_eq_high	24	static
../Src/Param/param_registry.c:1527:13:apply_filter_eq_mid	24	static
../Src/Param/param_registry.c:1512:13:apply_filter_eq_low	24	static
../Src/Param/param_registry.c:771:16:param_runtime_apply_colors_track	32	static
../Src/Param/param_registry.c:494:6:param_registry_batch_begin	0	static
../Src/Param/param_registry.c:502:6:param_registry_batch_end	0	static
../Src/Param/param_registry.c:908:9:param_registry_get_track_value	24	static
../Src/Param/param_registry.c:1008:9:param_registry_apply_track_value_rt_fast	32	static
../Src/Param/param_registry.c:1242:6:param_registry_sync_filter_ui_for_active_track	40	static
../Src/Param/param_registry.c:1280:6:param_registry_sync_ui_for_active_track	48	static
../Src/Param/param_registry.c:2430:6:param_registry_init	8	static
../Src/Param/param_registry.c:2452:7:param_get	8	static
../Src/Param/param_registry.c:2469:6:param_set	24	static
../Src/Param/param_registry.c:1037:9:param_registry_apply_track_value	48	static
../Src/Param/param_registry.c:316:13:apply_tone_live_track	16	static
../Src/Param/param_registry.c:1606:13:apply_tb3_decay	8	static
../Src/Param/param_registry.c:1605:13:apply_tb3_env_mod	8	static
../Src/Param/param_registry.c:1604:13:apply_tb3_resonance	8	static
../Src/Param/param_registry.c:1603:13:apply_tb3_cutoff	8	static
../Src/Param/param_registry.c:1609:13:apply_tb3_slide_time	8	static
../Src/Param/param_registry.c:1607:13:apply_tb3_accent	8	static
../Src/Param/param_registry.c:1608:13:apply_tb3_volume	8	static
../Src/Param/param_registry.c:1602:13:apply_tb3_waveform	8	static
../Src/Param/param_registry.c:1601:13:apply_monob_sub_mix	8	static
../Src/Param/param_registry.c:1600:13:apply_monob_osc3_mix	8	static
../Src/Param/param_registry.c:1599:13:apply_monob_osc2_mix	8	static
../Src/Param/param_registry.c:1598:13:apply_monob_osc1_mix	8	static
../Src/Param/param_registry.c:1597:13:apply_monob_osc3_detune	8	static
../Src/Param/param_registry.c:1596:13:apply_monob_osc2_detune	8	static
../Src/Param/param_registry.c:1595:13:apply_monob_osc1_detune	8	static
../Src/Param/param_registry.c:1594:13:apply_monob_sub_octave	8	static
../Src/Param/param_registry.c:1593:13:apply_monob_osc3_range	8	static
../Src/Param/param_registry.c:1592:13:apply_monob_osc2_range	8	static
../Src/Param/param_registry.c:1591:13:apply_monob_osc1_range	8	static
../Src/Param/param_registry.c:1590:13:apply_monob_sub_wave	8	static
../Src/Param/param_registry.c:1589:13:apply_monob_osc3_wave	8	static
../Src/Param/param_registry.c:1588:13:apply_monob_osc2_wave	8	static
../Src/Param/param_registry.c:1587:13:apply_monob_osc1_wave	8	static
../Src/Param/param_registry.c:335:13:apply_dx7_operator_4_level	8	static
../Src/Param/param_registry.c:334:13:apply_dx7_operator_3_level	8	static
../Src/Param/param_registry.c:333:13:apply_dx7_operator_2_level	8	static
../Src/Param/param_registry.c:332:13:apply_dx7_operator_1_level	8	static
../Src/Param/param_registry.c:331:13:apply_dx7_operator_mask	8	static
../Src/Param/param_registry.c:330:13:apply_dx7_mono_mode	8	static
../Src/Param/param_registry.c:329:13:apply_dx7_portamento_time	8	static
../Src/Param/param_registry.c:328:13:apply_dx7_pitch_bend_range	8	static
../Src/Param/param_registry.c:327:13:apply_dx7_lfo_amp_mod_depth	8	static
../Src/Param/param_registry.c:326:13:apply_dx7_lfo_pitch_mod_depth	8	static
../Src/Param/param_registry.c:325:13:apply_dx7_lfo_delay	8	static
../Src/Param/param_registry.c:324:13:apply_dx7_lfo_speed	8	static
../Src/Param/param_registry.c:323:13:apply_dx7_transpose	8	static
../Src/Param/param_registry.c:322:13:apply_dx7_feedback	8	static
../Src/Param/param_registry.c:321:13:apply_dx7_algorithm	8	static
../Src/Param/param_registry.c:1619:13:param_registry_push_track_defaults_to_runtime	32	static
../Src/Param/param_registry.c:1722:13:apply_cfg_track_type	32	static
../Src/Param/param_registry.c:1703:13:apply_cfg_track	32	static
../Src/Param/param_registry.c:294:13:apply_mix_live_track	16	static
../Src/Param/param_registry.c:314:13:apply_vca_release	8	static
../Src/Param/param_registry.c:313:13:apply_vca_sustain	8	static
../Src/Param/param_registry.c:312:13:apply_vca_decay	8	static
../Src/Param/param_registry.c:311:13:apply_vca_attack	8	static
../Src/Param/param_registry.c:310:13:apply_mix_send2	8	static
../Src/Param/param_registry.c:309:13:apply_mix_send1	8	static
../Src/Param/param_registry.c:308:13:apply_mix_pan	8	static
../Src/Param/param_registry.c:307:13:apply_mix_level	8	static
../Src/Param/param_registry.c:2504:6:param_reset	8	static
