../Src/Param/param_registry.c:388:13:apply_monob_filter_release	8	static
../Src/Param/param_registry.c:387:13:apply_monob_filter_sustain	0	static
../Src/Param/param_registry.c:386:13:apply_monob_filter_decay	8	static
../Src/Param/param_registry.c:385:13:apply_monob_filter_attack	8	static
../Src/Param/param_registry.c:384:13:apply_monob_filter_eg_amount	0	static
../Src/Param/param_registry.c:383:13:apply_monob_filter_resonance	0	static
../Src/Param/param_registry.c:382:13:apply_monob_filter_cutoff	8	static
../Src/Param/param_registry.c:381:13:apply_monob_filter_type	8	static
../Src/Param/param_registry.c:231:13:apply_dx7_operator_4_level	0	static
../Src/Param/param_registry.c:230:13:apply_dx7_operator_3_level	0	static
../Src/Param/param_registry.c:229:13:apply_dx7_operator_2_level	0	static
../Src/Param/param_registry.c:228:13:apply_dx7_operator_1_level	0	static
../Src/Param/param_registry.c:227:13:apply_dx7_operator_mask	0	static
../Src/Param/param_registry.c:226:13:apply_dx7_mono_mode	0	static
../Src/Param/param_registry.c:225:13:apply_dx7_portamento_time	0	static
../Src/Param/param_registry.c:224:13:apply_dx7_pitch_bend_range	0	static
../Src/Param/param_registry.c:223:13:apply_dx7_lfo_amp_mod_depth	0	static
../Src/Param/param_registry.c:222:13:apply_dx7_lfo_pitch_mod_depth	0	static
../Src/Param/param_registry.c:221:13:apply_dx7_lfo_delay	0	static
../Src/Param/param_registry.c:220:13:apply_dx7_lfo_speed	0	static
../Src/Param/param_registry.c:219:13:apply_dx7_transpose	0	static
../Src/Param/param_registry.c:218:13:apply_dx7_feedback	0	static
../Src/Param/param_registry.c:217:13:apply_dx7_algorithm	0	static
../Src/Param/param_registry.c:441:13:apply_juno_mode	0	static
../Src/Param/param_registry.c:440:13:apply_juno_porta	0	static
../Src/Param/param_registry.c:439:13:apply_juno_hpf	0	static
../Src/Param/param_registry.c:438:13:apply_juno_lfo_rate	0	static
../Src/Param/param_registry.c:437:13:apply_juno_release	0	static
../Src/Param/param_registry.c:436:13:apply_juno_sustain	0	static
../Src/Param/param_registry.c:435:13:apply_juno_decay	0	static
../Src/Param/param_registry.c:434:13:apply_juno_attack	0	static
../Src/Param/param_registry.c:433:13:apply_juno_vcf_lfo	0	static
../Src/Param/param_registry.c:432:13:apply_juno_vcf_env	0	static
../Src/Param/param_registry.c:431:13:apply_juno_vcf_res	0	static
../Src/Param/param_registry.c:430:13:apply_juno_vcf_freq	0	static
../Src/Param/param_registry.c:429:13:apply_juno_pwm	0	static
../Src/Param/param_registry.c:428:13:apply_juno_sub	0	static
../Src/Param/param_registry.c:427:13:apply_juno_pulse	0	static
../Src/Param/param_registry.c:426:13:apply_juno_saw	0	static
../Src/Param/param_registry.c:424:13:apply_output_comp	0	static
../Src/Param/param_registry.c:423:13:apply_post_gain	0	static
../Src/Param/param_registry.c:422:13:apply_master_gain	0	static
../Src/Param/param_registry.c:406:13:apply_cfg_track_type	32	static
../Src/Param/param_registry.c:390:13:apply_cfg_track	24	static
../Src/Param/param_registry.c:379:13:apply_filter_eq_high	0	static
../Src/Param/param_registry.c:378:13:apply_filter_eq_mid	0	static
../Src/Param/param_registry.c:377:13:apply_filter_eq_low	0	static
../Src/Param/param_registry.c:376:13:apply_filter_release	8	static
../Src/Param/param_registry.c:375:13:apply_filter_sustain	0	static
../Src/Param/param_registry.c:374:13:apply_filter_decay	8	static
../Src/Param/param_registry.c:373:13:apply_filter_attack	8	static
../Src/Param/param_registry.c:372:13:apply_filter_eg_amount	0	static
../Src/Param/param_registry.c:371:13:apply_filter_resonance	0	static
../Src/Param/param_registry.c:370:13:apply_filter_cutoff	8	static
../Src/Param/param_registry.c:365:13:apply_filter_type	8	static
../Src/Param/param_registry.c:357:13:apply_sat_mix	8	static
../Src/Param/param_registry.c:356:13:apply_sat_drive	8	static
../Src/Param/param_registry.c:355:13:apply_sat_bias	8	static
../Src/Param/param_registry.c:354:13:apply_sat_tone	8	static
../Src/Param/param_registry.c:352:13:apply_eq_high_db	0	static
../Src/Param/param_registry.c:351:13:apply_eq_mid_db	0	static
../Src/Param/param_registry.c:350:13:apply_eq_low_db	0	static
../Src/Param/param_registry.c:563:13:apply_daisy_mix	16	static
../Src/Param/param_registry.c:546:13:apply_daisy_auto_makeup	16	static
../Src/Param/param_registry.c:529:13:apply_daisy_makeup	16	static
../Src/Param/param_registry.c:512:13:apply_daisy_release	16	static
../Src/Param/param_registry.c:495:13:apply_daisy_attack	16	static
../Src/Param/param_registry.c:478:13:apply_daisy_ratio	16	static
../Src/Param/param_registry.c:461:13:apply_daisy_threshold	16	static
../Src/Param/param_registry.c:448:13:apply_bus_comp_auto_makeup	0	static
../Src/Param/param_registry.c:447:13:apply_bus_comp_makeup	0	static
../Src/Param/param_registry.c:446:13:apply_bus_comp_release_index	8	static
../Src/Param/param_registry.c:445:13:apply_bus_comp_attack_index	8	static
../Src/Param/param_registry.c:444:13:apply_bus_comp_ratio	0	static
../Src/Param/param_registry.c:443:13:apply_bus_comp_threshold	0	static
../Src/Param/param_registry.c:215:13:apply_mix_send1_fx	8	static
../Src/Param/param_registry.c:214:13:apply_mix_send0_fx	8	static
../Src/Param/param_registry.c:212:13:apply_mix_track3_send1	0	static
../Src/Param/param_registry.c:211:13:apply_mix_track3_send0	0	static
../Src/Param/param_registry.c:210:13:apply_mix_track2_send1	0	static
../Src/Param/param_registry.c:209:13:apply_mix_track2_send0	0	static
../Src/Param/param_registry.c:208:13:apply_mix_track1_send1	0	static
../Src/Param/param_registry.c:207:13:apply_mix_track1_send0	0	static
../Src/Param/param_registry.c:206:13:apply_mix_track0_send1	0	static
../Src/Param/param_registry.c:205:13:apply_mix_track0_send0	0	static
../Src/Param/param_registry.c:203:13:apply_mix_track3_insert1	8	static
../Src/Param/param_registry.c:202:13:apply_mix_track3_insert0	8	static
../Src/Param/param_registry.c:201:13:apply_mix_track2_insert1	8	static
../Src/Param/param_registry.c:200:13:apply_mix_track2_insert0	8	static
../Src/Param/param_registry.c:199:13:apply_mix_track1_insert1	8	static
../Src/Param/param_registry.c:198:13:apply_mix_track1_insert0	8	static
../Src/Param/param_registry.c:197:13:apply_mix_track0_insert1	8	static
../Src/Param/param_registry.c:196:13:apply_mix_track0_insert0	8	static
../Src/Param/param_registry.c:194:13:apply_mix_track3_route	0	static
../Src/Param/param_registry.c:193:13:apply_mix_track2_route	0	static
../Src/Param/param_registry.c:192:13:apply_mix_track1_route	0	static
../Src/Param/param_registry.c:191:13:apply_mix_track0_route	0	static
../Src/Param/param_registry.c:189:13:apply_mix_track3_mute	0	static
../Src/Param/param_registry.c:188:13:apply_mix_track2_mute	0	static
../Src/Param/param_registry.c:187:13:apply_mix_track1_mute	0	static
../Src/Param/param_registry.c:186:13:apply_mix_track0_mute	0	static
../Src/Param/param_registry.c:184:13:apply_mix_track3_pan	0	static
../Src/Param/param_registry.c:183:13:apply_mix_track2_pan	0	static
../Src/Param/param_registry.c:182:13:apply_mix_track1_pan	0	static
../Src/Param/param_registry.c:181:13:apply_mix_track0_pan	0	static
../Src/Param/param_registry.c:179:13:apply_mix_track3_gain	0	static
../Src/Param/param_registry.c:178:13:apply_mix_track2_gain	0	static
../Src/Param/param_registry.c:177:13:apply_mix_track1_gain	0	static
../Src/Param/param_registry.c:176:13:apply_mix_track0_gain	0	static
../Src/Param/param_registry.c:310:13:apply_gran_freeze	16	static
../Src/Param/param_registry.c:259:13:apply_gran_density	16	static
../Src/Param/param_registry.c:276:13:apply_gran_pitch	16	static
../Src/Param/param_registry.c:293:13:apply_gran_mix	16	static
../Src/Param/param_registry.c:327:13:apply_gran_spread	16	static
../Src/Param/param_registry.c:344:13:apply_gran_stereo	16	static
../Src/Param/param_registry.c:756:6:param_registry_init	0	static
../Src/Param/param_registry.c:774:7:param_get	0	static
../Src/Param/param_registry.c:791:6:param_set	24	static
../Src/Param/param_registry.c:818:6:param_reset	24	static
