../Src/Param/param_registry.c:75:14:clamp_value	24	static
../Src/Param/param_registry.c:97:15:control_float_to_slot	16	static
../Src/Param/param_registry.c:117:16:control_float_to_ui127	16	static
../Src/Param/param_registry.c:126:14:filter_ui127_clamp	16	static
../Src/Param/param_registry.c:131:14:filter_ui127_to_unit	16	static
../Src/Param/param_registry.c:136:14:filter_ui127_to_cutoff_hz	32	static
../Src/Param/param_registry.c:146:14:filter_ui127_to_resonance	24	static
../Src/Param/param_registry.c:154:14:filter_ui127_to_eg_amount	16	static
../Src/Param/param_registry.c:159:14:filter_ui127_to_time_s	32	static
../Src/Param/param_registry.c:167:14:filter_ui127_to_attack_s	16	static
../Src/Param/param_registry.c:172:14:filter_ui127_to_decay_s	16	static
../Src/Param/param_registry.c:177:14:filter_ui127_to_sustain	16	static
../Src/Param/param_registry.c:182:14:filter_ui127_to_release_s	16	static
../Src/Param/param_registry.c:187:14:filter_ui127_to_keytrack	16	static
../Src/Param/param_registry.c:192:16:filter_ui127_to_bool	16	static
../Src/Param/param_registry.c:197:14:filter_ui127_to_env_delay_s	16	static
../Src/Param/param_registry.c:202:15:monob_range_index_to_octave	24	static
../Src/Param/param_registry.c:209:15:monob_sub_octave_index_to_octave	24	static
../Src/Param/param_registry.c:216:14:filter_eq_ui127_to_db	24	static
../Src/Param/param_registry.c:238:16:param_apply_legacy_mix_track_value	40	static
../Src/Param/param_registry.c:291:13:apply_mix_send0_fx	16	static
../Src/Param/param_registry.c:292:13:apply_mix_send1_fx	16	static
../Src/Param/param_registry.c:294:13:apply_mix_live_track	32	static
../Src/Param/param_registry.c:307:13:apply_mix_level	16	static
../Src/Param/param_registry.c:308:13:apply_mix_pan	16	static
../Src/Param/param_registry.c:309:13:apply_mix_send1	16	static
../Src/Param/param_registry.c:310:13:apply_mix_send2	16	static
../Src/Param/param_registry.c:311:13:apply_mix_reverb_wet	16	static
../Src/Param/param_registry.c:312:13:apply_mix_reverb_size	16	static
../Src/Param/param_registry.c:313:13:apply_mix_reverb_decay	16	static
../Src/Param/param_registry.c:314:13:apply_mix_reverb_pred	16	static
../Src/Param/param_registry.c:315:13:apply_mix_reverb_type	16	static
../Src/Param/param_registry.c:316:13:apply_mix_reverb_surr	16	static
../Src/Param/param_registry.c:317:13:apply_vca_attack	16	static
../Src/Param/param_registry.c:318:13:apply_vca_decay	16	static
../Src/Param/param_registry.c:319:13:apply_vca_sustain	16	static
../Src/Param/param_registry.c:320:13:apply_vca_release	16	static
../Src/Param/param_registry.c:322:13:apply_tone_live_track	16	static
../Src/Param/param_registry.c:327:13:apply_dx7_algorithm	16	static
../Src/Param/param_registry.c:328:13:apply_dx7_feedback	16	static
../Src/Param/param_registry.c:329:13:apply_dx7_transpose	16	static
../Src/Param/param_registry.c:330:13:apply_dx7_lfo_speed	16	static
../Src/Param/param_registry.c:331:13:apply_dx7_lfo_delay	16	static
../Src/Param/param_registry.c:332:13:apply_dx7_lfo_pitch_mod_depth	16	static
../Src/Param/param_registry.c:333:13:apply_dx7_lfo_amp_mod_depth	16	static
../Src/Param/param_registry.c:334:13:apply_dx7_pitch_bend_range	16	static
../Src/Param/param_registry.c:335:13:apply_dx7_portamento_time	16	static
../Src/Param/param_registry.c:336:13:apply_dx7_mono_mode	16	static
../Src/Param/param_registry.c:337:13:apply_dx7_operator_mask	16	static
../Src/Param/param_registry.c:338:13:apply_dx7_operator_1_level	16	static
../Src/Param/param_registry.c:339:13:apply_dx7_operator_2_level	16	static
../Src/Param/param_registry.c:340:13:apply_dx7_operator_3_level	16	static
../Src/Param/param_registry.c:341:13:apply_dx7_operator_4_level	16	static
../Src/Param/param_registry.c:343:29:get_active_granular_state	16	static
../Src/Param/param_registry.c:369:13:apply_gran_density	24	static
../Src/Param/param_registry.c:386:13:apply_gran_pitch	24	static
../Src/Param/param_registry.c:403:13:apply_gran_mix	24	static
../Src/Param/param_registry.c:420:13:apply_gran_freeze	24	static
../Src/Param/param_registry.c:437:13:apply_gran_spread	24	static
../Src/Param/param_registry.c:454:13:apply_gran_stereo	24	static
../Src/Param/param_registry.c:460:13:apply_eq_low_db	16	static
../Src/Param/param_registry.c:461:13:apply_eq_mid_db	16	static
../Src/Param/param_registry.c:462:13:apply_eq_high_db	16	static
../Src/Param/param_registry.c:464:13:apply_sat_tone	16	static
../Src/Param/param_registry.c:465:13:apply_sat_bias	16	static
../Src/Param/param_registry.c:466:13:apply_sat_drive	16	static
../Src/Param/param_registry.c:467:13:apply_sat_mix	16	static
../Src/Param/param_registry.c:503:6:param_registry_batch_begin	4	static
../Src/Param/param_registry.c:511:6:param_registry_batch_end	4	static
../Src/Param/param_registry.c:519:16:param_runtime_cache_get	16	static
../Src/Param/param_registry.c:535:13:param_runtime_cache_set	16	static
../Src/Param/param_registry.c:546:16:param_lfo_map	24	static
../Src/Param/param_registry.c:592:16:param_is_filter_ui_param	16	static
../Src/Param/param_registry.c:620:16:param_runtime_apply_tone_dx7	16	static
../Src/Param/param_registry.c:648:16:param_runtime_apply_tone_monob	24	static
../Src/Param/param_registry.c:671:16:param_runtime_apply_tb3	16	static
../Src/Param/param_registry.c:695:16:param_runtime_apply_mix_track	32	static
../Src/Param/param_registry.c:738:16:param_runtime_apply_track	32	static
../Src/Param/param_registry.c:783:16:param_runtime_apply_colors_track	40	static
../Src/Param/param_registry.c:841:16:filter_mod_locked_for_active_track	16	static
../Src/Param/param_registry.c:850:13:filter_ui_state_init_defaults	16	static
../Src/Param/param_registry.c:875:16:resolve_filter_target_track	24	static
../Src/Param/param_registry.c:889:16:resolve_filter_target_track_for_ui_track	24	static
../Src/Param/param_registry.c:902:16:resolve_filter_drive_target_track_for_ui_track	24	static
../Src/Param/param_registry.c:919:27:resolve_filter_ui_state	16	static
../Src/Param/param_registry.c:928:13:apply_filter_drive_runtime	32	static
../Src/Param/param_registry.c:934:13:apply_filter_decimator_bits_runtime	32	static
../Src/Param/param_registry.c:940:13:apply_filter_decimator_rate_runtime	32	static
../Src/Param/param_registry.c:946:13:apply_filter_decimator_rate2_runtime	32	static
../Src/Param/param_registry.c:952:13:apply_filter_crunch_insert_runtime	24	static
../Src/Param/param_registry.c:966:9:param_registry_get_track_value	32	static
../Src/Param/param_registry.c:1087:9:param_registry_apply_track_value_rt_fast	32	static
../Src/Param/param_registry.c:1116:9:param_registry_apply_track_value	64	static
../Src/Param/param_registry.c:1355:6:param_registry_sync_filter_ui_for_active_track	24	static
../Src/Param/param_registry.c:1410:6:param_registry_sync_ui_for_active_track	32	static
../Src/Param/param_registry.c:1459:13:apply_filter_type	32	static
../Src/Param/param_registry.c:1475:13:apply_filter_cutoff	32	static
../Src/Param/param_registry.c:1490:13:apply_filter_resonance	32	static
../Src/Param/param_registry.c:1505:13:apply_filter_eg_amount	32	static
../Src/Param/param_registry.c:1520:13:apply_filter_attack	32	static
../Src/Param/param_registry.c:1535:13:apply_filter_decay	32	static
../Src/Param/param_registry.c:1550:13:apply_filter_sustain	32	static
../Src/Param/param_registry.c:1565:13:apply_filter_release	32	static
../Src/Param/param_registry.c:1580:13:apply_filter_keytrack	32	static
../Src/Param/param_registry.c:1602:13:apply_filter_env_reset	24	static
../Src/Param/param_registry.c:1622:13:apply_filter_env_delay	24	static
../Src/Param/param_registry.c:1642:13:apply_filter_eq_low	32	static
../Src/Param/param_registry.c:1657:13:apply_filter_eq_mid	32	static
../Src/Param/param_registry.c:1672:13:apply_filter_eq_high	32	static
../Src/Param/param_registry.c:1687:13:apply_filter_drive	32	static
../Src/Param/param_registry.c:1706:13:apply_filter_decimator_bits	32	static
../Src/Param/param_registry.c:1725:13:apply_filter_decimator_rate	32	static
../Src/Param/param_registry.c:1744:13:apply_filter_decimator_rate2	32	static
../Src/Param/param_registry.c:1763:13:apply_monob_filter_type	16	static
../Src/Param/param_registry.c:1764:13:apply_monob_filter_cutoff	16	static
../Src/Param/param_registry.c:1765:13:apply_monob_filter_resonance	16	static
../Src/Param/param_registry.c:1766:13:apply_monob_filter_eg_amount	16	static
../Src/Param/param_registry.c:1767:13:apply_monob_filter_attack	16	static
../Src/Param/param_registry.c:1768:13:apply_monob_filter_decay	16	static
../Src/Param/param_registry.c:1769:13:apply_monob_filter_sustain	16	static
../Src/Param/param_registry.c:1770:13:apply_monob_filter_release	16	static
../Src/Param/param_registry.c:1771:13:apply_monob_filter_keytrack	16	static
../Src/Param/param_registry.c:1772:13:apply_monob_filter_env_reset	16	static
../Src/Param/param_registry.c:1773:13:apply_monob_filter_env_delay	16	static
../Src/Param/param_registry.c:1775:13:apply_monob_osc1_wave	16	static
../Src/Param/param_registry.c:1776:13:apply_monob_osc2_wave	16	static
../Src/Param/param_registry.c:1777:13:apply_monob_osc3_wave	16	static
../Src/Param/param_registry.c:1778:13:apply_monob_sub_wave	16	static
../Src/Param/param_registry.c:1779:13:apply_monob_osc1_range	16	static
../Src/Param/param_registry.c:1780:13:apply_monob_osc2_range	16	static
../Src/Param/param_registry.c:1781:13:apply_monob_osc3_range	16	static
../Src/Param/param_registry.c:1782:13:apply_monob_sub_octave	16	static
../Src/Param/param_registry.c:1783:13:apply_monob_osc1_detune	16	static
../Src/Param/param_registry.c:1784:13:apply_monob_osc2_detune	16	static
../Src/Param/param_registry.c:1785:13:apply_monob_osc3_detune	16	static
../Src/Param/param_registry.c:1786:13:apply_monob_osc1_mix	16	static
../Src/Param/param_registry.c:1787:13:apply_monob_osc2_mix	16	static
../Src/Param/param_registry.c:1788:13:apply_monob_osc3_mix	16	static
../Src/Param/param_registry.c:1789:13:apply_monob_sub_mix	16	static
../Src/Param/param_registry.c:1790:13:apply_tb3_waveform	16	static
../Src/Param/param_registry.c:1791:13:apply_tb3_cutoff	16	static
../Src/Param/param_registry.c:1792:13:apply_tb3_resonance	16	static
../Src/Param/param_registry.c:1793:13:apply_tb3_env_mod	16	static
../Src/Param/param_registry.c:1794:13:apply_tb3_decay	16	static
../Src/Param/param_registry.c:1795:13:apply_tb3_accent	16	static
../Src/Param/param_registry.c:1796:13:apply_tb3_volume	16	static
../Src/Param/param_registry.c:1797:13:apply_tb3_slide_time	16	static
../Src/Param/param_registry.c:1798:13:apply_lfo1_dest	16	static
../Src/Param/param_registry.c:1799:13:apply_lfo1_rate	16	static
../Src/Param/param_registry.c:1800:13:apply_lfo1_depth	16	static
../Src/Param/param_registry.c:1801:13:apply_lfo1_shape	16	static
../Src/Param/param_registry.c:1802:13:apply_lfo2_dest	16	static
../Src/Param/param_registry.c:1803:13:apply_lfo2_rate	16	static
../Src/Param/param_registry.c:1804:13:apply_lfo2_depth	16	static
../Src/Param/param_registry.c:1805:13:apply_lfo2_shape	16	static
../Src/Param/param_registry.c:1807:13:param_registry_push_track_defaults_to_runtime	32	static
../Src/Param/param_registry.c:1838:13:param_registry_neutralize_filter_runtime_if_invalid	24	static
../Src/Param/param_registry.c:1863:13:param_registry_neutralize_vca_runtime_if_invalid	24	static
../Src/Param/param_registry.c:1891:13:apply_cfg_track	32	static
../Src/Param/param_registry.c:1910:13:apply_cfg_track_type	24	static
../Src/Param/param_registry.c:1933:13:apply_cfg_midi_ch	24	static
../Src/Param/param_registry.c:1941:13:apply_cfg_midi_src	24	static
../Src/Param/param_registry.c:1950:13:apply_cfg_rec	24	static
../Src/Param/param_registry.c:1958:13:apply_cfg_tempo	24	static
../Src/Param/param_registry.c:1966:13:apply_cfg_sync	24	static
../Src/Param/param_registry.c:1998:13:apply_cfg_rec_len	24	static
../Src/Param/param_registry.c:2006:13:apply_seq_length	24	static
../Src/Param/param_registry.c:2014:16:seq_div_ui_to_runtime	24	static
../Src/Param/param_registry.c:2027:14:seq_div_runtime_to_ui	16	static
../Src/Param/param_registry.c:2039:13:apply_seq_div	24	static
../Src/Param/param_registry.c:2044:13:apply_seq_quant	16	static
../Src/Param/param_registry.c:2049:13:apply_seq_swing	16	static
../Src/Param/param_registry.c:2054:13:apply_kbd_root	16	static
../Src/Param/param_registry.c:2055:13:apply_kbd_scale	16	static
../Src/Param/param_registry.c:2056:13:apply_kbd_omnichord	16	static
../Src/Param/param_registry.c:2057:13:apply_kbd_note_order	16	static
../Src/Param/param_registry.c:2058:13:apply_kbd_chord_override	16	static
../Src/Param/param_registry.c:2059:13:apply_arp_hold	16	static
../Src/Param/param_registry.c:2060:13:apply_arp_rate	16	static
../Src/Param/param_registry.c:2061:13:apply_arp_oct	16	static
../Src/Param/param_registry.c:2062:13:apply_arp_pattern	16	static
../Src/Param/param_registry.c:2063:13:apply_arp_gate	16	static
../Src/Param/param_registry.c:2064:13:apply_arp_swing	16	static
../Src/Param/param_registry.c:2065:13:apply_arp_accent	16	static
../Src/Param/param_registry.c:2066:13:apply_arp_vel_acc	16	static
../Src/Param/param_registry.c:2067:13:apply_arp_strum	16	static
../Src/Param/param_registry.c:2068:13:apply_arp_offset	16	static
../Src/Param/param_registry.c:2069:13:apply_arp_trans	16	static
../Src/Param/param_registry.c:2070:13:apply_arp_spread	16	static
../Src/Param/param_registry.c:2071:13:apply_arp_dir	16	static
../Src/Param/param_registry.c:2072:13:apply_arp_sync	16	static
../Src/Param/param_registry.c:2079:13:apply_master_gain	16	static
../Src/Param/param_registry.c:2080:13:apply_post_gain	16	static
../Src/Param/param_registry.c:2081:13:apply_output_comp	16	static
../Src/Param/param_registry.c:2083:13:apply_juno_saw	16	static
../Src/Param/param_registry.c:2084:13:apply_juno_pulse	16	static
../Src/Param/param_registry.c:2085:13:apply_juno_sub	16	static
../Src/Param/param_registry.c:2086:13:apply_juno_pwm	16	static
../Src/Param/param_registry.c:2087:13:apply_juno_vcf_freq	16	static
../Src/Param/param_registry.c:2088:13:apply_juno_vcf_res	16	static
../Src/Param/param_registry.c:2089:13:apply_juno_vcf_env	16	static
../Src/Param/param_registry.c:2090:13:apply_juno_vcf_lfo	16	static
../Src/Param/param_registry.c:2091:13:apply_juno_attack	16	static
../Src/Param/param_registry.c:2092:13:apply_juno_decay	16	static
../Src/Param/param_registry.c:2093:13:apply_juno_sustain	16	static
../Src/Param/param_registry.c:2094:13:apply_juno_release	16	static
../Src/Param/param_registry.c:2095:13:apply_juno_lfo_rate	16	static
../Src/Param/param_registry.c:2096:13:apply_juno_hpf	16	static
../Src/Param/param_registry.c:2097:13:apply_juno_porta	16	static
../Src/Param/param_registry.c:2098:13:apply_juno_mode	16	static
../Src/Param/param_registry.c:2100:13:apply_bus_comp_threshold	16	static
../Src/Param/param_registry.c:2101:13:apply_bus_comp_ratio	16	static
../Src/Param/param_registry.c:2102:13:apply_bus_comp_attack_index	16	static
../Src/Param/param_registry.c:2103:13:apply_bus_comp_release_index	16	static
../Src/Param/param_registry.c:2104:13:apply_bus_comp_makeup	16	static
../Src/Param/param_registry.c:2105:13:apply_bus_comp_auto_makeup	16	static
../Src/Param/param_registry.c:2118:13:apply_daisy_threshold	24	static
../Src/Param/param_registry.c:2135:13:apply_daisy_ratio	24	static
../Src/Param/param_registry.c:2152:13:apply_daisy_attack	24	static
../Src/Param/param_registry.c:2169:13:apply_daisy_release	24	static
../Src/Param/param_registry.c:2186:13:apply_daisy_makeup	24	static
../Src/Param/param_registry.c:2203:13:apply_daisy_auto_makeup	24	static
../Src/Param/param_registry.c:2220:13:apply_daisy_mix	24	static
../Src/Param/param_registry.c:2629:6:param_registry_init	8	static
../Src/Param/param_registry.c:2651:7:param_get	16	static
../Src/Param/param_registry.c:2668:6:param_set	24	static
../Src/Param/param_registry.c:2703:6:param_reset	16	static
