../Src/Param/param_registry.c:1511:13:apply_master_gain	0	static
../Src/Param/param_registry.c:563:16:param_runtime_apply_track	40	static
../Src/Param/param_registry.c:409:13:apply_sat_drive	8	static
../Src/Param/param_registry.c:251:13:apply_mix_track3_insert1	8	static
../Src/Param/param_registry.c:250:13:apply_mix_track3_insert0	8	static
../Src/Param/param_registry.c:249:13:apply_mix_track2_insert1	8	static
../Src/Param/param_registry.c:248:13:apply_mix_track2_insert0	8	static
../Src/Param/param_registry.c:247:13:apply_mix_track1_insert1	8	static
../Src/Param/param_registry.c:246:13:apply_mix_track1_insert0	8	static
../Src/Param/param_registry.c:245:13:apply_mix_track0_insert1	8	static
../Src/Param/param_registry.c:244:13:apply_mix_track0_insert0	8	static
../Src/Param/param_registry.c:1333:13:apply_monob_filter_env_delay	8	static
../Src/Param/param_registry.c:1332:13:apply_monob_filter_env_reset	0	static
../Src/Param/param_registry.c:1331:13:apply_monob_filter_keytrack	0	static
../Src/Param/param_registry.c:1330:13:apply_monob_filter_release	8	static
../Src/Param/param_registry.c:1329:13:apply_monob_filter_sustain	0	static
../Src/Param/param_registry.c:1328:13:apply_monob_filter_decay	8	static
../Src/Param/param_registry.c:1327:13:apply_monob_filter_attack	8	static
../Src/Param/param_registry.c:1326:13:apply_monob_filter_eg_amount	0	static
../Src/Param/param_registry.c:1325:13:apply_monob_filter_resonance	0	static
../Src/Param/param_registry.c:1324:13:apply_monob_filter_cutoff	8	static
../Src/Param/param_registry.c:1323:13:apply_monob_filter_type	8	static
../Src/Param/param_registry.c:1530:13:apply_juno_mode	0	static
../Src/Param/param_registry.c:1529:13:apply_juno_porta	0	static
../Src/Param/param_registry.c:1528:13:apply_juno_hpf	0	static
../Src/Param/param_registry.c:1527:13:apply_juno_lfo_rate	0	static
../Src/Param/param_registry.c:1526:13:apply_juno_release	0	static
../Src/Param/param_registry.c:1525:13:apply_juno_sustain	0	static
../Src/Param/param_registry.c:1524:13:apply_juno_decay	0	static
../Src/Param/param_registry.c:1523:13:apply_juno_attack	0	static
../Src/Param/param_registry.c:1522:13:apply_juno_vcf_lfo	0	static
../Src/Param/param_registry.c:1521:13:apply_juno_vcf_env	0	static
../Src/Param/param_registry.c:1520:13:apply_juno_vcf_res	0	static
../Src/Param/param_registry.c:1519:13:apply_juno_vcf_freq	0	static
../Src/Param/param_registry.c:1518:13:apply_juno_pwm	0	static
../Src/Param/param_registry.c:1517:13:apply_juno_sub	0	static
../Src/Param/param_registry.c:1516:13:apply_juno_pulse	0	static
../Src/Param/param_registry.c:1515:13:apply_juno_saw	0	static
../Src/Param/param_registry.c:1513:13:apply_output_comp	0	static
../Src/Param/param_registry.c:1512:13:apply_post_gain	0	static
../Src/Param/param_registry.c:1503:13:apply_arp_sync	8	static
../Src/Param/param_registry.c:1502:13:apply_arp_dir	8	static
../Src/Param/param_registry.c:1501:13:apply_arp_spread	8	static
../Src/Param/param_registry.c:1500:13:apply_arp_trans	8	static
../Src/Param/param_registry.c:1499:13:apply_arp_offset	8	static
../Src/Param/param_registry.c:1498:13:apply_arp_strum	8	static
../Src/Param/param_registry.c:1497:13:apply_arp_vel_acc	8	static
../Src/Param/param_registry.c:1496:13:apply_arp_accent	8	static
../Src/Param/param_registry.c:1495:13:apply_arp_swing	8	static
../Src/Param/param_registry.c:1494:13:apply_arp_gate	8	static
../Src/Param/param_registry.c:1493:13:apply_arp_pattern	8	static
../Src/Param/param_registry.c:1492:13:apply_arp_oct	8	static
../Src/Param/param_registry.c:1491:13:apply_arp_rate	8	static
../Src/Param/param_registry.c:1490:13:apply_arp_hold	0	static
../Src/Param/param_registry.c:1489:13:apply_kbd_chord_override	0	static
../Src/Param/param_registry.c:1488:13:apply_kbd_note_order	0	static
../Src/Param/param_registry.c:1487:13:apply_kbd_omnichord	0	static
../Src/Param/param_registry.c:1486:13:apply_kbd_scale	8	static
../Src/Param/param_registry.c:1485:13:apply_kbd_root	8	static
../Src/Param/param_registry.c:1480:13:apply_seq_swing	24	static
../Src/Param/param_registry.c:1475:13:apply_seq_quant	24	static
../Src/Param/param_registry.c:1470:13:apply_seq_div	24	static
../Src/Param/param_registry.c:1464:13:apply_seq_length	24	static
../Src/Param/param_registry.c:1456:13:apply_cfg_rec_len	16	static
../Src/Param/param_registry.c:1424:13:apply_cfg_sync	16	static
../Src/Param/param_registry.c:1416:13:apply_cfg_tempo	8	static
../Src/Param/param_registry.c:1408:13:apply_cfg_rec	16	static
../Src/Param/param_registry.c:1399:13:apply_cfg_midi_src	24	static
../Src/Param/param_registry.c:1391:13:apply_cfg_midi_ch	24	static
../Src/Param/param_registry.c:1375:13:apply_cfg_track_type	32	static
../Src/Param/param_registry.c:1359:13:apply_cfg_track	24	static
../Src/Param/param_registry.c:410:13:apply_sat_mix	8	static
../Src/Param/param_registry.c:408:13:apply_sat_bias	8	static
../Src/Param/param_registry.c:407:13:apply_sat_tone	8	static
../Src/Param/param_registry.c:405:13:apply_eq_high_db	0	static
../Src/Param/param_registry.c:404:13:apply_eq_mid_db	0	static
../Src/Param/param_registry.c:403:13:apply_eq_low_db	0	static
../Src/Param/param_registry.c:1652:13:apply_daisy_mix	16	static
../Src/Param/param_registry.c:1635:13:apply_daisy_auto_makeup	16	static
../Src/Param/param_registry.c:1618:13:apply_daisy_makeup	16	static
../Src/Param/param_registry.c:1601:13:apply_daisy_release	16	static
../Src/Param/param_registry.c:1584:13:apply_daisy_attack	16	static
../Src/Param/param_registry.c:1567:13:apply_daisy_ratio	16	static
../Src/Param/param_registry.c:1550:13:apply_daisy_threshold	16	static
../Src/Param/param_registry.c:1537:13:apply_bus_comp_auto_makeup	0	static
../Src/Param/param_registry.c:1536:13:apply_bus_comp_makeup	0	static
../Src/Param/param_registry.c:1535:13:apply_bus_comp_release_index	8	static
../Src/Param/param_registry.c:1534:13:apply_bus_comp_attack_index	8	static
../Src/Param/param_registry.c:1533:13:apply_bus_comp_ratio	0	static
../Src/Param/param_registry.c:1532:13:apply_bus_comp_threshold	0	static
../Src/Param/param_registry.c:263:13:apply_mix_send1_fx	8	static
../Src/Param/param_registry.c:262:13:apply_mix_send0_fx	8	static
../Src/Param/param_registry.c:260:13:apply_mix_track3_send1	0	static
../Src/Param/param_registry.c:259:13:apply_mix_track3_send0	0	static
../Src/Param/param_registry.c:258:13:apply_mix_track2_send1	0	static
../Src/Param/param_registry.c:257:13:apply_mix_track2_send0	0	static
../Src/Param/param_registry.c:256:13:apply_mix_track1_send1	0	static
../Src/Param/param_registry.c:255:13:apply_mix_track1_send0	0	static
../Src/Param/param_registry.c:254:13:apply_mix_track0_send1	0	static
../Src/Param/param_registry.c:253:13:apply_mix_track0_send0	0	static
../Src/Param/param_registry.c:242:13:apply_mix_track3_route	0	static
../Src/Param/param_registry.c:241:13:apply_mix_track2_route	0	static
../Src/Param/param_registry.c:240:13:apply_mix_track1_route	0	static
../Src/Param/param_registry.c:239:13:apply_mix_track0_route	0	static
../Src/Param/param_registry.c:237:13:apply_mix_track3_mute	0	static
../Src/Param/param_registry.c:236:13:apply_mix_track2_mute	0	static
../Src/Param/param_registry.c:235:13:apply_mix_track1_mute	0	static
../Src/Param/param_registry.c:234:13:apply_mix_track0_mute	0	static
../Src/Param/param_registry.c:232:13:apply_mix_track3_pan	0	static
../Src/Param/param_registry.c:231:13:apply_mix_track2_pan	0	static
../Src/Param/param_registry.c:230:13:apply_mix_track1_pan	0	static
../Src/Param/param_registry.c:229:13:apply_mix_track0_pan	0	static
../Src/Param/param_registry.c:227:13:apply_mix_track3_gain	0	static
../Src/Param/param_registry.c:226:13:apply_mix_track2_gain	0	static
../Src/Param/param_registry.c:225:13:apply_mix_track1_gain	0	static
../Src/Param/param_registry.c:224:13:apply_mix_track0_gain	0	static
../Src/Param/param_registry.c:363:13:apply_gran_freeze	16	static
../Src/Param/param_registry.c:380:13:apply_gran_spread	16	static
../Src/Param/param_registry.c:397:13:apply_gran_stereo	16	static
../Src/Param/param_registry.c:312:13:apply_gran_density	16	static
../Src/Param/param_registry.c:329:13:apply_gran_pitch	16	static
../Src/Param/param_registry.c:346:13:apply_gran_mix	16	static
../Src/Param/param_registry.c:1119:13:apply_filter_eg_amount	24	static
../Src/Param/param_registry.c:1164:13:apply_filter_sustain	24	static
../Src/Param/param_registry.c:1073:13:apply_filter_type	32	static
../Src/Param/param_registry.c:1104:13:apply_filter_resonance	24	static
../Src/Param/param_registry.c:1089:13:apply_filter_cutoff	24	static
../Src/Param/param_registry.c:1134:13:apply_filter_attack	24	static
../Src/Param/param_registry.c:1290:13:apply_filter_eq_high	24	static
../Src/Param/param_registry.c:1260:13:apply_filter_eq_low	24	static
../Src/Param/param_registry.c:1179:13:apply_filter_release	24	static
../Src/Param/param_registry.c:1275:13:apply_filter_eq_mid	24	static
../Src/Param/param_registry.c:1149:13:apply_filter_decay	24	static
../Src/Param/param_registry.c:1305:13:apply_filter_drive	32	static
../Src/Param/param_registry.c:1194:13:apply_filter_keytrack	32	static
../Src/Param/param_registry.c:1216:13:apply_filter_env_reset	32	static
../Src/Param/param_registry.c:1238:13:apply_filter_env_delay	32	static
../Src/Param/param_registry.c:1357:13:apply_tb3_slide_time	32	static
../Src/Param/param_registry.c:1335:13:apply_monob_osc1_wave	32	static
../Src/Param/param_registry.c:284:13:apply_dx7_operator_4_level	32	static
../Src/Param/param_registry.c:1340:13:apply_monob_osc2_range	32	static
../Src/Param/param_registry.c:1338:13:apply_monob_sub_wave	32	static
../Src/Param/param_registry.c:1339:13:apply_monob_osc1_range	32	static
../Src/Param/param_registry.c:1341:13:apply_monob_osc3_range	32	static
../Src/Param/param_registry.c:1356:13:apply_tb3_volume	32	static
../Src/Param/param_registry.c:1354:13:apply_tb3_decay	32	static
../Src/Param/param_registry.c:1355:13:apply_tb3_accent	32	static
../Src/Param/param_registry.c:1350:13:apply_tb3_waveform	32	static
../Src/Param/param_registry.c:1351:13:apply_tb3_cutoff	32	static
../Src/Param/param_registry.c:1352:13:apply_tb3_resonance	32	static
../Src/Param/param_registry.c:1353:13:apply_tb3_env_mod	32	static
../Src/Param/param_registry.c:1342:13:apply_monob_sub_octave	32	static
../Src/Param/param_registry.c:1343:13:apply_monob_osc1_detune	40	static
../Src/Param/param_registry.c:1344:13:apply_monob_osc2_detune	40	static
../Src/Param/param_registry.c:1345:13:apply_monob_osc3_detune	40	static
../Src/Param/param_registry.c:1346:13:apply_monob_osc1_mix	32	static
../Src/Param/param_registry.c:1347:13:apply_monob_osc2_mix	32	static
../Src/Param/param_registry.c:1348:13:apply_monob_osc3_mix	32	static
../Src/Param/param_registry.c:1349:13:apply_monob_sub_mix	32	static
../Src/Param/param_registry.c:1336:13:apply_monob_osc2_wave	32	static
../Src/Param/param_registry.c:1337:13:apply_monob_osc3_wave	32	static
../Src/Param/param_registry.c:270:13:apply_dx7_algorithm	32	static
../Src/Param/param_registry.c:271:13:apply_dx7_feedback	32	static
../Src/Param/param_registry.c:280:13:apply_dx7_operator_mask	32	static
../Src/Param/param_registry.c:281:13:apply_dx7_operator_1_level	32	static
../Src/Param/param_registry.c:282:13:apply_dx7_operator_2_level	32	static
../Src/Param/param_registry.c:283:13:apply_dx7_operator_3_level	32	static
../Src/Param/param_registry.c:272:13:apply_dx7_transpose	40	static
../Src/Param/param_registry.c:273:13:apply_dx7_lfo_speed	32	static
../Src/Param/param_registry.c:274:13:apply_dx7_lfo_delay	32	static
../Src/Param/param_registry.c:275:13:apply_dx7_lfo_pitch_mod_depth	32	static
../Src/Param/param_registry.c:276:13:apply_dx7_lfo_amp_mod_depth	32	static
../Src/Param/param_registry.c:277:13:apply_dx7_pitch_bend_range	32	static
../Src/Param/param_registry.c:278:13:apply_dx7_portamento_time	32	static
../Src/Param/param_registry.c:279:13:apply_dx7_mono_mode	32	static
../Src/Param/param_registry.c:731:9:param_registry_get_track_value	32	static
../Src/Param/param_registry.c:821:9:param_registry_apply_track_value	56	static
../Src/Param/param_registry.c:1004:6:param_registry_sync_filter_ui_for_active_track	24	static
../Src/Param/param_registry.c:1042:6:param_registry_sync_ui_for_active_track	32	static
../Src/Param/param_registry.c:1941:6:param_registry_init	8	static
../Src/Param/param_registry.c:1962:7:param_get	0	static
../Src/Param/param_registry.c:1979:6:param_set	24	static
../Src/Param/param_registry.c:2006:6:param_reset	24	static
