../Src/Param/param_registry.c:155:13:apply_dx7_operator_4_level	0	static
../Src/Param/param_registry.c:154:13:apply_dx7_operator_3_level	0	static
../Src/Param/param_registry.c:153:13:apply_dx7_operator_2_level	0	static
../Src/Param/param_registry.c:152:13:apply_dx7_operator_1_level	0	static
../Src/Param/param_registry.c:151:13:apply_dx7_operator_mask	0	static
../Src/Param/param_registry.c:150:13:apply_dx7_mono_mode	0	static
../Src/Param/param_registry.c:149:13:apply_dx7_portamento_time	0	static
../Src/Param/param_registry.c:148:13:apply_dx7_pitch_bend_range	0	static
../Src/Param/param_registry.c:147:13:apply_dx7_lfo_amp_mod_depth	0	static
../Src/Param/param_registry.c:146:13:apply_dx7_lfo_pitch_mod_depth	0	static
../Src/Param/param_registry.c:145:13:apply_dx7_lfo_delay	0	static
../Src/Param/param_registry.c:144:13:apply_dx7_lfo_speed	0	static
../Src/Param/param_registry.c:143:13:apply_dx7_transpose	0	static
../Src/Param/param_registry.c:142:13:apply_dx7_feedback	0	static
../Src/Param/param_registry.c:141:13:apply_dx7_algorithm	0	static
../Src/Param/param_registry.c:302:13:apply_juno_mode	0	static
../Src/Param/param_registry.c:301:13:apply_juno_porta	0	static
../Src/Param/param_registry.c:300:13:apply_juno_hpf	0	static
../Src/Param/param_registry.c:299:13:apply_juno_lfo_rate	0	static
../Src/Param/param_registry.c:298:13:apply_juno_release	0	static
../Src/Param/param_registry.c:297:13:apply_juno_sustain	0	static
../Src/Param/param_registry.c:296:13:apply_juno_decay	0	static
../Src/Param/param_registry.c:295:13:apply_juno_attack	0	static
../Src/Param/param_registry.c:294:13:apply_juno_vcf_lfo	0	static
../Src/Param/param_registry.c:293:13:apply_juno_vcf_env	0	static
../Src/Param/param_registry.c:292:13:apply_juno_vcf_res	0	static
../Src/Param/param_registry.c:291:13:apply_juno_vcf_freq	0	static
../Src/Param/param_registry.c:290:13:apply_juno_pwm	0	static
../Src/Param/param_registry.c:289:13:apply_juno_sub	0	static
../Src/Param/param_registry.c:288:13:apply_juno_pulse	0	static
../Src/Param/param_registry.c:287:13:apply_juno_saw	0	static
../Src/Param/param_registry.c:285:13:apply_output_comp	0	static
../Src/Param/param_registry.c:284:13:apply_post_gain	0	static
../Src/Param/param_registry.c:283:13:apply_master_gain	0	static
../Src/Param/param_registry.c:281:13:apply_sat_mix	8	static
../Src/Param/param_registry.c:280:13:apply_sat_drive	8	static
../Src/Param/param_registry.c:279:13:apply_sat_bias	8	static
../Src/Param/param_registry.c:278:13:apply_sat_tone	8	static
../Src/Param/param_registry.c:276:13:apply_eq_high_db	0	static
../Src/Param/param_registry.c:275:13:apply_eq_mid_db	0	static
../Src/Param/param_registry.c:274:13:apply_eq_low_db	0	static
../Src/Param/param_registry.c:424:13:apply_daisy_mix	16	static
../Src/Param/param_registry.c:407:13:apply_daisy_auto_makeup	16	static
../Src/Param/param_registry.c:390:13:apply_daisy_makeup	16	static
../Src/Param/param_registry.c:373:13:apply_daisy_release	16	static
../Src/Param/param_registry.c:356:13:apply_daisy_attack	16	static
../Src/Param/param_registry.c:339:13:apply_daisy_ratio	16	static
../Src/Param/param_registry.c:322:13:apply_daisy_threshold	16	static
../Src/Param/param_registry.c:309:13:apply_bus_comp_auto_makeup	0	static
../Src/Param/param_registry.c:308:13:apply_bus_comp_makeup	0	static
../Src/Param/param_registry.c:307:13:apply_bus_comp_release_index	8	static
../Src/Param/param_registry.c:306:13:apply_bus_comp_attack_index	8	static
../Src/Param/param_registry.c:305:13:apply_bus_comp_ratio	0	static
../Src/Param/param_registry.c:304:13:apply_bus_comp_threshold	0	static
../Src/Param/param_registry.c:139:13:apply_mix_send1_fx	8	static
../Src/Param/param_registry.c:138:13:apply_mix_send0_fx	8	static
../Src/Param/param_registry.c:136:13:apply_mix_track3_send1	0	static
../Src/Param/param_registry.c:135:13:apply_mix_track3_send0	0	static
../Src/Param/param_registry.c:134:13:apply_mix_track2_send1	0	static
../Src/Param/param_registry.c:133:13:apply_mix_track2_send0	0	static
../Src/Param/param_registry.c:132:13:apply_mix_track1_send1	0	static
../Src/Param/param_registry.c:131:13:apply_mix_track1_send0	0	static
../Src/Param/param_registry.c:130:13:apply_mix_track0_send1	0	static
../Src/Param/param_registry.c:129:13:apply_mix_track0_send0	0	static
../Src/Param/param_registry.c:127:13:apply_mix_track3_insert1	8	static
../Src/Param/param_registry.c:126:13:apply_mix_track3_insert0	8	static
../Src/Param/param_registry.c:125:13:apply_mix_track2_insert1	8	static
../Src/Param/param_registry.c:124:13:apply_mix_track2_insert0	8	static
../Src/Param/param_registry.c:123:13:apply_mix_track1_insert1	8	static
../Src/Param/param_registry.c:122:13:apply_mix_track1_insert0	8	static
../Src/Param/param_registry.c:121:13:apply_mix_track0_insert1	8	static
../Src/Param/param_registry.c:120:13:apply_mix_track0_insert0	8	static
../Src/Param/param_registry.c:118:13:apply_mix_track3_route	0	static
../Src/Param/param_registry.c:117:13:apply_mix_track2_route	0	static
../Src/Param/param_registry.c:116:13:apply_mix_track1_route	0	static
../Src/Param/param_registry.c:115:13:apply_mix_track0_route	0	static
../Src/Param/param_registry.c:113:13:apply_mix_track3_mute	0	static
../Src/Param/param_registry.c:112:13:apply_mix_track2_mute	0	static
../Src/Param/param_registry.c:111:13:apply_mix_track1_mute	0	static
../Src/Param/param_registry.c:110:13:apply_mix_track0_mute	0	static
../Src/Param/param_registry.c:108:13:apply_mix_track3_pan	0	static
../Src/Param/param_registry.c:107:13:apply_mix_track2_pan	0	static
../Src/Param/param_registry.c:106:13:apply_mix_track1_pan	0	static
../Src/Param/param_registry.c:105:13:apply_mix_track0_pan	0	static
../Src/Param/param_registry.c:103:13:apply_mix_track3_gain	0	static
../Src/Param/param_registry.c:102:13:apply_mix_track2_gain	0	static
../Src/Param/param_registry.c:101:13:apply_mix_track1_gain	0	static
../Src/Param/param_registry.c:100:13:apply_mix_track0_gain	0	static
../Src/Param/param_registry.c:234:13:apply_gran_freeze	16	static
../Src/Param/param_registry.c:183:13:apply_gran_density	16	static
../Src/Param/param_registry.c:200:13:apply_gran_pitch	16	static
../Src/Param/param_registry.c:217:13:apply_gran_mix	16	static
../Src/Param/param_registry.c:251:13:apply_gran_spread	16	static
../Src/Param/param_registry.c:268:13:apply_gran_stereo	16	static
../Src/Param/param_registry.c:590:6:param_registry_init	0	static
../Src/Param/param_registry.c:608:7:param_get	0	static
../Src/Param/param_registry.c:625:6:param_set	24	static
../Src/Param/param_registry.c:652:6:param_reset	24	static
