../Src/Param/param_registry.c:499:13:apply_master_gain	0	static
../Src/Param/param_registry.c:440:13:apply_monob_sub_mix	0	static
../Src/Param/param_registry.c:439:13:apply_monob_osc3_mix	0	static
../Src/Param/param_registry.c:438:13:apply_monob_osc2_mix	0	static
../Src/Param/param_registry.c:437:13:apply_monob_osc1_mix	0	static
../Src/Param/param_registry.c:436:13:apply_monob_osc3_detune	0	static
../Src/Param/param_registry.c:435:13:apply_monob_osc2_detune	0	static
../Src/Param/param_registry.c:434:13:apply_monob_osc1_detune	0	static
../Src/Param/param_registry.c:433:13:apply_monob_sub_octave	8	static
../Src/Param/param_registry.c:432:13:apply_monob_osc3_range	8	static
../Src/Param/param_registry.c:431:13:apply_monob_osc2_range	8	static
../Src/Param/param_registry.c:430:13:apply_monob_osc1_range	8	static
../Src/Param/param_registry.c:429:13:apply_monob_sub_wave	8	static
../Src/Param/param_registry.c:428:13:apply_monob_osc3_wave	8	static
../Src/Param/param_registry.c:427:13:apply_monob_osc2_wave	8	static
../Src/Param/param_registry.c:426:13:apply_monob_osc1_wave	8	static
../Src/Param/param_registry.c:424:13:apply_monob_filter_env_delay	8	static
../Src/Param/param_registry.c:423:13:apply_monob_filter_env_reset	0	static
../Src/Param/param_registry.c:422:13:apply_monob_filter_keytrack	0	static
../Src/Param/param_registry.c:421:13:apply_monob_filter_release	8	static
../Src/Param/param_registry.c:420:13:apply_monob_filter_sustain	0	static
../Src/Param/param_registry.c:419:13:apply_monob_filter_decay	8	static
../Src/Param/param_registry.c:418:13:apply_monob_filter_attack	8	static
../Src/Param/param_registry.c:417:13:apply_monob_filter_eg_amount	0	static
../Src/Param/param_registry.c:416:13:apply_monob_filter_resonance	0	static
../Src/Param/param_registry.c:415:13:apply_monob_filter_cutoff	8	static
../Src/Param/param_registry.c:414:13:apply_monob_filter_type	8	static
../Src/Param/param_registry.c:261:13:apply_dx7_operator_4_level	0	static
../Src/Param/param_registry.c:260:13:apply_dx7_operator_3_level	0	static
../Src/Param/param_registry.c:259:13:apply_dx7_operator_2_level	0	static
../Src/Param/param_registry.c:258:13:apply_dx7_operator_1_level	0	static
../Src/Param/param_registry.c:257:13:apply_dx7_operator_mask	0	static
../Src/Param/param_registry.c:256:13:apply_dx7_mono_mode	0	static
../Src/Param/param_registry.c:255:13:apply_dx7_portamento_time	0	static
../Src/Param/param_registry.c:254:13:apply_dx7_pitch_bend_range	0	static
../Src/Param/param_registry.c:253:13:apply_dx7_lfo_amp_mod_depth	0	static
../Src/Param/param_registry.c:252:13:apply_dx7_lfo_pitch_mod_depth	0	static
../Src/Param/param_registry.c:251:13:apply_dx7_lfo_delay	0	static
../Src/Param/param_registry.c:250:13:apply_dx7_lfo_speed	0	static
../Src/Param/param_registry.c:249:13:apply_dx7_transpose	0	static
../Src/Param/param_registry.c:248:13:apply_dx7_feedback	0	static
../Src/Param/param_registry.c:247:13:apply_dx7_algorithm	0	static
../Src/Param/param_registry.c:518:13:apply_juno_mode	0	static
../Src/Param/param_registry.c:517:13:apply_juno_porta	0	static
../Src/Param/param_registry.c:516:13:apply_juno_hpf	0	static
../Src/Param/param_registry.c:515:13:apply_juno_lfo_rate	0	static
../Src/Param/param_registry.c:514:13:apply_juno_release	0	static
../Src/Param/param_registry.c:513:13:apply_juno_sustain	0	static
../Src/Param/param_registry.c:512:13:apply_juno_decay	0	static
../Src/Param/param_registry.c:511:13:apply_juno_attack	0	static
../Src/Param/param_registry.c:510:13:apply_juno_vcf_lfo	0	static
../Src/Param/param_registry.c:509:13:apply_juno_vcf_env	0	static
../Src/Param/param_registry.c:508:13:apply_juno_vcf_res	0	static
../Src/Param/param_registry.c:507:13:apply_juno_vcf_freq	0	static
../Src/Param/param_registry.c:506:13:apply_juno_pwm	0	static
../Src/Param/param_registry.c:505:13:apply_juno_sub	0	static
../Src/Param/param_registry.c:504:13:apply_juno_pulse	0	static
../Src/Param/param_registry.c:503:13:apply_juno_saw	0	static
../Src/Param/param_registry.c:501:13:apply_output_comp	0	static
../Src/Param/param_registry.c:500:13:apply_post_gain	0	static
../Src/Param/param_registry.c:492:13:apply_arp_sync	8	static
../Src/Param/param_registry.c:491:13:apply_arp_dir	8	static
../Src/Param/param_registry.c:490:13:apply_arp_spread	8	static
../Src/Param/param_registry.c:489:13:apply_arp_trans	8	static
../Src/Param/param_registry.c:488:13:apply_arp_offset	8	static
../Src/Param/param_registry.c:487:13:apply_arp_strum	8	static
../Src/Param/param_registry.c:486:13:apply_arp_vel_acc	8	static
../Src/Param/param_registry.c:485:13:apply_arp_accent	8	static
../Src/Param/param_registry.c:484:13:apply_arp_swing	8	static
../Src/Param/param_registry.c:483:13:apply_arp_gate	8	static
../Src/Param/param_registry.c:482:13:apply_arp_pattern	8	static
../Src/Param/param_registry.c:481:13:apply_arp_oct	8	static
../Src/Param/param_registry.c:480:13:apply_arp_rate	8	static
../Src/Param/param_registry.c:479:13:apply_arp_hold	0	static
../Src/Param/param_registry.c:478:13:apply_kbd_chord_override	0	static
../Src/Param/param_registry.c:477:13:apply_kbd_note_order	0	static
../Src/Param/param_registry.c:476:13:apply_kbd_omnichord	0	static
../Src/Param/param_registry.c:475:13:apply_kbd_scale	8	static
../Src/Param/param_registry.c:474:13:apply_kbd_root	8	static
../Src/Param/param_registry.c:458:13:apply_cfg_track_type	32	static
../Src/Param/param_registry.c:442:13:apply_cfg_track	24	static
../Src/Param/param_registry.c:412:13:apply_filter_eq_high	0	static
../Src/Param/param_registry.c:411:13:apply_filter_eq_mid	0	static
../Src/Param/param_registry.c:410:13:apply_filter_eq_low	0	static
../Src/Param/param_registry.c:409:13:apply_filter_env_delay	8	static
../Src/Param/param_registry.c:408:13:apply_filter_env_reset	0	static
../Src/Param/param_registry.c:407:13:apply_filter_keytrack	0	static
../Src/Param/param_registry.c:406:13:apply_filter_release	8	static
../Src/Param/param_registry.c:405:13:apply_filter_sustain	0	static
../Src/Param/param_registry.c:404:13:apply_filter_decay	8	static
../Src/Param/param_registry.c:403:13:apply_filter_attack	8	static
../Src/Param/param_registry.c:402:13:apply_filter_eg_amount	0	static
../Src/Param/param_registry.c:401:13:apply_filter_resonance	0	static
../Src/Param/param_registry.c:400:13:apply_filter_cutoff	8	static
../Src/Param/param_registry.c:395:13:apply_filter_type	8	static
../Src/Param/param_registry.c:387:13:apply_sat_mix	8	static
../Src/Param/param_registry.c:386:13:apply_sat_drive	8	static
../Src/Param/param_registry.c:385:13:apply_sat_bias	8	static
../Src/Param/param_registry.c:384:13:apply_sat_tone	8	static
../Src/Param/param_registry.c:382:13:apply_eq_high_db	0	static
../Src/Param/param_registry.c:381:13:apply_eq_mid_db	0	static
../Src/Param/param_registry.c:380:13:apply_eq_low_db	0	static
../Src/Param/param_registry.c:640:13:apply_daisy_mix	16	static
../Src/Param/param_registry.c:623:13:apply_daisy_auto_makeup	16	static
../Src/Param/param_registry.c:606:13:apply_daisy_makeup	16	static
../Src/Param/param_registry.c:589:13:apply_daisy_release	16	static
../Src/Param/param_registry.c:572:13:apply_daisy_attack	16	static
../Src/Param/param_registry.c:555:13:apply_daisy_ratio	16	static
../Src/Param/param_registry.c:538:13:apply_daisy_threshold	16	static
../Src/Param/param_registry.c:525:13:apply_bus_comp_auto_makeup	0	static
../Src/Param/param_registry.c:524:13:apply_bus_comp_makeup	0	static
../Src/Param/param_registry.c:523:13:apply_bus_comp_release_index	8	static
../Src/Param/param_registry.c:522:13:apply_bus_comp_attack_index	8	static
../Src/Param/param_registry.c:521:13:apply_bus_comp_ratio	0	static
../Src/Param/param_registry.c:520:13:apply_bus_comp_threshold	0	static
../Src/Param/param_registry.c:245:13:apply_mix_send1_fx	8	static
../Src/Param/param_registry.c:244:13:apply_mix_send0_fx	8	static
../Src/Param/param_registry.c:242:13:apply_mix_track3_send1	0	static
../Src/Param/param_registry.c:241:13:apply_mix_track3_send0	0	static
../Src/Param/param_registry.c:240:13:apply_mix_track2_send1	0	static
../Src/Param/param_registry.c:239:13:apply_mix_track2_send0	0	static
../Src/Param/param_registry.c:238:13:apply_mix_track1_send1	0	static
../Src/Param/param_registry.c:237:13:apply_mix_track1_send0	0	static
../Src/Param/param_registry.c:236:13:apply_mix_track0_send1	0	static
../Src/Param/param_registry.c:235:13:apply_mix_track0_send0	0	static
../Src/Param/param_registry.c:233:13:apply_mix_track3_insert1	8	static
../Src/Param/param_registry.c:232:13:apply_mix_track3_insert0	8	static
../Src/Param/param_registry.c:231:13:apply_mix_track2_insert1	8	static
../Src/Param/param_registry.c:230:13:apply_mix_track2_insert0	8	static
../Src/Param/param_registry.c:229:13:apply_mix_track1_insert1	8	static
../Src/Param/param_registry.c:228:13:apply_mix_track1_insert0	8	static
../Src/Param/param_registry.c:227:13:apply_mix_track0_insert1	8	static
../Src/Param/param_registry.c:226:13:apply_mix_track0_insert0	8	static
../Src/Param/param_registry.c:224:13:apply_mix_track3_route	0	static
../Src/Param/param_registry.c:223:13:apply_mix_track2_route	0	static
../Src/Param/param_registry.c:222:13:apply_mix_track1_route	0	static
../Src/Param/param_registry.c:221:13:apply_mix_track0_route	0	static
../Src/Param/param_registry.c:219:13:apply_mix_track3_mute	0	static
../Src/Param/param_registry.c:218:13:apply_mix_track2_mute	0	static
../Src/Param/param_registry.c:217:13:apply_mix_track1_mute	0	static
../Src/Param/param_registry.c:216:13:apply_mix_track0_mute	0	static
../Src/Param/param_registry.c:214:13:apply_mix_track3_pan	0	static
../Src/Param/param_registry.c:213:13:apply_mix_track2_pan	0	static
../Src/Param/param_registry.c:212:13:apply_mix_track1_pan	0	static
../Src/Param/param_registry.c:211:13:apply_mix_track0_pan	0	static
../Src/Param/param_registry.c:209:13:apply_mix_track3_gain	0	static
../Src/Param/param_registry.c:208:13:apply_mix_track2_gain	0	static
../Src/Param/param_registry.c:207:13:apply_mix_track1_gain	0	static
../Src/Param/param_registry.c:206:13:apply_mix_track0_gain	0	static
../Src/Param/param_registry.c:340:13:apply_gran_freeze	16	static
../Src/Param/param_registry.c:289:13:apply_gran_density	16	static
../Src/Param/param_registry.c:306:13:apply_gran_pitch	16	static
../Src/Param/param_registry.c:323:13:apply_gran_mix	16	static
../Src/Param/param_registry.c:357:13:apply_gran_spread	16	static
../Src/Param/param_registry.c:374:13:apply_gran_stereo	16	static
../Src/Param/param_registry.c:888:6:param_registry_init	0	static
../Src/Param/param_registry.c:906:7:param_get	0	static
../Src/Param/param_registry.c:923:6:param_set	24	static
../Src/Param/param_registry.c:950:6:param_reset	24	static
