../Src/Param/param_registry.c:1418:13:apply_master_gain	0	static
../Src/Param/param_registry.c:541:16:param_runtime_apply_track	40	static
../Src/Param/param_registry.c:408:13:apply_sat_drive	8	static
../Src/Param/param_registry.c:250:13:apply_mix_track3_insert1	8	static
../Src/Param/param_registry.c:249:13:apply_mix_track3_insert0	8	static
../Src/Param/param_registry.c:248:13:apply_mix_track2_insert1	8	static
../Src/Param/param_registry.c:247:13:apply_mix_track2_insert0	8	static
../Src/Param/param_registry.c:246:13:apply_mix_track1_insert1	8	static
../Src/Param/param_registry.c:245:13:apply_mix_track1_insert0	8	static
../Src/Param/param_registry.c:244:13:apply_mix_track0_insert1	8	static
../Src/Param/param_registry.c:243:13:apply_mix_track0_insert0	8	static
../Src/Param/param_registry.c:1304:13:apply_monob_filter_env_delay	8	static
../Src/Param/param_registry.c:1303:13:apply_monob_filter_env_reset	0	static
../Src/Param/param_registry.c:1302:13:apply_monob_filter_keytrack	0	static
../Src/Param/param_registry.c:1301:13:apply_monob_filter_release	8	static
../Src/Param/param_registry.c:1300:13:apply_monob_filter_sustain	0	static
../Src/Param/param_registry.c:1299:13:apply_monob_filter_decay	8	static
../Src/Param/param_registry.c:1298:13:apply_monob_filter_attack	8	static
../Src/Param/param_registry.c:1297:13:apply_monob_filter_eg_amount	0	static
../Src/Param/param_registry.c:1296:13:apply_monob_filter_resonance	0	static
../Src/Param/param_registry.c:1295:13:apply_monob_filter_cutoff	8	static
../Src/Param/param_registry.c:1294:13:apply_monob_filter_type	8	static
../Src/Param/param_registry.c:1437:13:apply_juno_mode	0	static
../Src/Param/param_registry.c:1436:13:apply_juno_porta	0	static
../Src/Param/param_registry.c:1435:13:apply_juno_hpf	0	static
../Src/Param/param_registry.c:1434:13:apply_juno_lfo_rate	0	static
../Src/Param/param_registry.c:1433:13:apply_juno_release	0	static
../Src/Param/param_registry.c:1432:13:apply_juno_sustain	0	static
../Src/Param/param_registry.c:1431:13:apply_juno_decay	0	static
../Src/Param/param_registry.c:1430:13:apply_juno_attack	0	static
../Src/Param/param_registry.c:1429:13:apply_juno_vcf_lfo	0	static
../Src/Param/param_registry.c:1428:13:apply_juno_vcf_env	0	static
../Src/Param/param_registry.c:1427:13:apply_juno_vcf_res	0	static
../Src/Param/param_registry.c:1426:13:apply_juno_vcf_freq	0	static
../Src/Param/param_registry.c:1425:13:apply_juno_pwm	0	static
../Src/Param/param_registry.c:1424:13:apply_juno_sub	0	static
../Src/Param/param_registry.c:1423:13:apply_juno_pulse	0	static
../Src/Param/param_registry.c:1422:13:apply_juno_saw	0	static
../Src/Param/param_registry.c:1420:13:apply_output_comp	0	static
../Src/Param/param_registry.c:1419:13:apply_post_gain	0	static
../Src/Param/param_registry.c:1410:13:apply_arp_sync	8	static
../Src/Param/param_registry.c:1409:13:apply_arp_dir	8	static
../Src/Param/param_registry.c:1408:13:apply_arp_spread	8	static
../Src/Param/param_registry.c:1407:13:apply_arp_trans	8	static
../Src/Param/param_registry.c:1406:13:apply_arp_offset	8	static
../Src/Param/param_registry.c:1405:13:apply_arp_strum	8	static
../Src/Param/param_registry.c:1404:13:apply_arp_vel_acc	8	static
../Src/Param/param_registry.c:1403:13:apply_arp_accent	8	static
../Src/Param/param_registry.c:1402:13:apply_arp_swing	8	static
../Src/Param/param_registry.c:1401:13:apply_arp_gate	8	static
../Src/Param/param_registry.c:1400:13:apply_arp_pattern	8	static
../Src/Param/param_registry.c:1399:13:apply_arp_oct	8	static
../Src/Param/param_registry.c:1398:13:apply_arp_rate	8	static
../Src/Param/param_registry.c:1397:13:apply_arp_hold	0	static
../Src/Param/param_registry.c:1396:13:apply_kbd_chord_override	0	static
../Src/Param/param_registry.c:1395:13:apply_kbd_note_order	0	static
../Src/Param/param_registry.c:1394:13:apply_kbd_omnichord	0	static
../Src/Param/param_registry.c:1393:13:apply_kbd_scale	8	static
../Src/Param/param_registry.c:1392:13:apply_kbd_root	8	static
../Src/Param/param_registry.c:1387:13:apply_seq_swing	24	static
../Src/Param/param_registry.c:1382:13:apply_seq_quant	24	static
../Src/Param/param_registry.c:1377:13:apply_seq_div	24	static
../Src/Param/param_registry.c:1371:13:apply_seq_length	24	static
../Src/Param/param_registry.c:1362:13:apply_cfg_midi_src	24	static
../Src/Param/param_registry.c:1354:13:apply_cfg_midi_ch	24	static
../Src/Param/param_registry.c:1338:13:apply_cfg_track_type	32	static
../Src/Param/param_registry.c:1322:13:apply_cfg_track	24	static
../Src/Param/param_registry.c:409:13:apply_sat_mix	8	static
../Src/Param/param_registry.c:407:13:apply_sat_bias	8	static
../Src/Param/param_registry.c:406:13:apply_sat_tone	8	static
../Src/Param/param_registry.c:404:13:apply_eq_high_db	0	static
../Src/Param/param_registry.c:403:13:apply_eq_mid_db	0	static
../Src/Param/param_registry.c:402:13:apply_eq_low_db	0	static
../Src/Param/param_registry.c:1559:13:apply_daisy_mix	16	static
../Src/Param/param_registry.c:1542:13:apply_daisy_auto_makeup	16	static
../Src/Param/param_registry.c:1525:13:apply_daisy_makeup	16	static
../Src/Param/param_registry.c:1508:13:apply_daisy_release	16	static
../Src/Param/param_registry.c:1491:13:apply_daisy_attack	16	static
../Src/Param/param_registry.c:1474:13:apply_daisy_ratio	16	static
../Src/Param/param_registry.c:1457:13:apply_daisy_threshold	16	static
../Src/Param/param_registry.c:1444:13:apply_bus_comp_auto_makeup	0	static
../Src/Param/param_registry.c:1443:13:apply_bus_comp_makeup	0	static
../Src/Param/param_registry.c:1442:13:apply_bus_comp_release_index	8	static
../Src/Param/param_registry.c:1441:13:apply_bus_comp_attack_index	8	static
../Src/Param/param_registry.c:1440:13:apply_bus_comp_ratio	0	static
../Src/Param/param_registry.c:1439:13:apply_bus_comp_threshold	0	static
../Src/Param/param_registry.c:262:13:apply_mix_send1_fx	8	static
../Src/Param/param_registry.c:261:13:apply_mix_send0_fx	8	static
../Src/Param/param_registry.c:259:13:apply_mix_track3_send1	0	static
../Src/Param/param_registry.c:258:13:apply_mix_track3_send0	0	static
../Src/Param/param_registry.c:257:13:apply_mix_track2_send1	0	static
../Src/Param/param_registry.c:256:13:apply_mix_track2_send0	0	static
../Src/Param/param_registry.c:255:13:apply_mix_track1_send1	0	static
../Src/Param/param_registry.c:254:13:apply_mix_track1_send0	0	static
../Src/Param/param_registry.c:253:13:apply_mix_track0_send1	0	static
../Src/Param/param_registry.c:252:13:apply_mix_track0_send0	0	static
../Src/Param/param_registry.c:241:13:apply_mix_track3_route	0	static
../Src/Param/param_registry.c:240:13:apply_mix_track2_route	0	static
../Src/Param/param_registry.c:239:13:apply_mix_track1_route	0	static
../Src/Param/param_registry.c:238:13:apply_mix_track0_route	0	static
../Src/Param/param_registry.c:236:13:apply_mix_track3_mute	0	static
../Src/Param/param_registry.c:235:13:apply_mix_track2_mute	0	static
../Src/Param/param_registry.c:234:13:apply_mix_track1_mute	0	static
../Src/Param/param_registry.c:233:13:apply_mix_track0_mute	0	static
../Src/Param/param_registry.c:231:13:apply_mix_track3_pan	0	static
../Src/Param/param_registry.c:230:13:apply_mix_track2_pan	0	static
../Src/Param/param_registry.c:229:13:apply_mix_track1_pan	0	static
../Src/Param/param_registry.c:228:13:apply_mix_track0_pan	0	static
../Src/Param/param_registry.c:226:13:apply_mix_track3_gain	0	static
../Src/Param/param_registry.c:225:13:apply_mix_track2_gain	0	static
../Src/Param/param_registry.c:224:13:apply_mix_track1_gain	0	static
../Src/Param/param_registry.c:223:13:apply_mix_track0_gain	0	static
../Src/Param/param_registry.c:362:13:apply_gran_freeze	16	static
../Src/Param/param_registry.c:345:13:apply_gran_mix	16	static
../Src/Param/param_registry.c:379:13:apply_gran_spread	16	static
../Src/Param/param_registry.c:396:13:apply_gran_stereo	16	static
../Src/Param/param_registry.c:311:13:apply_gran_density	16	static
../Src/Param/param_registry.c:328:13:apply_gran_pitch	16	static
../Src/Param/param_registry.c:1135:13:apply_filter_sustain	24	static
../Src/Param/param_registry.c:1090:13:apply_filter_eg_amount	24	static
../Src/Param/param_registry.c:1044:13:apply_filter_type	32	static
../Src/Param/param_registry.c:1075:13:apply_filter_resonance	24	static
../Src/Param/param_registry.c:1150:13:apply_filter_release	24	static
../Src/Param/param_registry.c:1105:13:apply_filter_attack	24	static
../Src/Param/param_registry.c:1246:13:apply_filter_eq_mid	24	static
../Src/Param/param_registry.c:1060:13:apply_filter_cutoff	24	static
../Src/Param/param_registry.c:1261:13:apply_filter_eq_high	24	static
../Src/Param/param_registry.c:1231:13:apply_filter_eq_low	24	static
../Src/Param/param_registry.c:1120:13:apply_filter_decay	24	static
../Src/Param/param_registry.c:1276:13:apply_filter_drive	32	static
../Src/Param/param_registry.c:1165:13:apply_filter_keytrack	32	static
../Src/Param/param_registry.c:1187:13:apply_filter_env_reset	32	static
../Src/Param/param_registry.c:1209:13:apply_filter_env_delay	32	static
../Src/Param/param_registry.c:1320:13:apply_monob_sub_mix	32	static
../Src/Param/param_registry.c:269:13:apply_dx7_algorithm	32	static
../Src/Param/param_registry.c:1306:13:apply_monob_osc1_wave	32	static
../Src/Param/param_registry.c:280:13:apply_dx7_operator_1_level	32	static
../Src/Param/param_registry.c:278:13:apply_dx7_mono_mode	32	static
../Src/Param/param_registry.c:279:13:apply_dx7_operator_mask	32	static
../Src/Param/param_registry.c:281:13:apply_dx7_operator_2_level	32	static
../Src/Param/param_registry.c:276:13:apply_dx7_pitch_bend_range	32	static
../Src/Param/param_registry.c:274:13:apply_dx7_lfo_pitch_mod_depth	32	static
../Src/Param/param_registry.c:275:13:apply_dx7_lfo_amp_mod_depth	32	static
../Src/Param/param_registry.c:270:13:apply_dx7_feedback	32	static
../Src/Param/param_registry.c:271:13:apply_dx7_transpose	40	static
../Src/Param/param_registry.c:272:13:apply_dx7_lfo_speed	32	static
../Src/Param/param_registry.c:273:13:apply_dx7_lfo_delay	32	static
../Src/Param/param_registry.c:277:13:apply_dx7_portamento_time	32	static
../Src/Param/param_registry.c:1319:13:apply_monob_osc3_mix	32	static
../Src/Param/param_registry.c:1317:13:apply_monob_osc1_mix	32	static
../Src/Param/param_registry.c:1318:13:apply_monob_osc2_mix	32	static
../Src/Param/param_registry.c:1313:13:apply_monob_sub_octave	32	static
../Src/Param/param_registry.c:1314:13:apply_monob_osc1_detune	40	static
../Src/Param/param_registry.c:1315:13:apply_monob_osc2_detune	40	static
../Src/Param/param_registry.c:1316:13:apply_monob_osc3_detune	40	static
../Src/Param/param_registry.c:1307:13:apply_monob_osc2_wave	32	static
../Src/Param/param_registry.c:1308:13:apply_monob_osc3_wave	32	static
../Src/Param/param_registry.c:282:13:apply_dx7_operator_3_level	32	static
../Src/Param/param_registry.c:283:13:apply_dx7_operator_4_level	32	static
../Src/Param/param_registry.c:1309:13:apply_monob_sub_wave	32	static
../Src/Param/param_registry.c:1310:13:apply_monob_osc1_range	32	static
../Src/Param/param_registry.c:1311:13:apply_monob_osc2_range	32	static
../Src/Param/param_registry.c:1312:13:apply_monob_osc3_range	32	static
../Src/Param/param_registry.c:702:9:param_registry_get_track_value	32	static
../Src/Param/param_registry.c:792:9:param_registry_apply_track_value	56	static
../Src/Param/param_registry.c:975:6:param_registry_sync_filter_ui_for_active_track	24	static
../Src/Param/param_registry.c:1013:6:param_registry_sync_ui_for_active_track	32	static
../Src/Param/param_registry.c:1833:6:param_registry_init	8	static
../Src/Param/param_registry.c:1854:7:param_get	0	static
../Src/Param/param_registry.c:1871:6:param_set	24	static
../Src/Param/param_registry.c:1898:6:param_reset	24	static
