../Src/Param/param_registry.c:74:14:clamp_value	24	static
../Src/Param/param_registry.c:96:15:control_float_to_slot	16	static
../Src/Param/param_registry.c:116:16:control_float_to_ui127	16	static
../Src/Param/param_registry.c:125:14:filter_ui127_clamp	16	static
../Src/Param/param_registry.c:130:14:filter_ui127_to_unit	16	static
../Src/Param/param_registry.c:135:14:filter_ui127_to_cutoff_hz	32	static
../Src/Param/param_registry.c:145:14:filter_ui127_to_resonance	24	static
../Src/Param/param_registry.c:153:14:filter_ui127_to_eg_amount	16	static
../Src/Param/param_registry.c:158:14:filter_ui127_to_time_s	32	static
../Src/Param/param_registry.c:166:14:filter_ui127_to_attack_s	16	static
../Src/Param/param_registry.c:171:14:filter_ui127_to_decay_s	16	static
../Src/Param/param_registry.c:176:14:filter_ui127_to_sustain	16	static
../Src/Param/param_registry.c:181:14:filter_ui127_to_release_s	16	static
../Src/Param/param_registry.c:186:14:filter_ui127_to_keytrack	16	static
../Src/Param/param_registry.c:191:16:filter_ui127_to_bool	16	static
../Src/Param/param_registry.c:196:14:filter_ui127_to_env_delay_s	16	static
../Src/Param/param_registry.c:201:15:monob_range_index_to_octave	24	static
../Src/Param/param_registry.c:208:15:monob_sub_octave_index_to_octave	24	static
../Src/Param/param_registry.c:215:14:filter_eq_ui127_to_db	24	static
../Src/Param/param_registry.c:237:16:param_apply_legacy_mix_track_value	40	static
../Src/Param/param_registry.c:290:13:apply_mix_send0_fx	16	static
../Src/Param/param_registry.c:291:13:apply_mix_send1_fx	16	static
../Src/Param/param_registry.c:293:13:apply_mix_live_track	32	static
../Src/Param/param_registry.c:306:13:apply_mix_level	16	static
../Src/Param/param_registry.c:307:13:apply_mix_pan	16	static
../Src/Param/param_registry.c:308:13:apply_mix_send1	16	static
../Src/Param/param_registry.c:309:13:apply_mix_send2	16	static
../Src/Param/param_registry.c:310:13:apply_mix_reverb_wet	16	static
../Src/Param/param_registry.c:311:13:apply_mix_reverb_size	16	static
../Src/Param/param_registry.c:312:13:apply_mix_reverb_decay	16	static
../Src/Param/param_registry.c:313:13:apply_mix_reverb_pred	16	static
../Src/Param/param_registry.c:314:13:apply_mix_reverb_type	16	static
../Src/Param/param_registry.c:315:13:apply_mix_reverb_surr	16	static
../Src/Param/param_registry.c:316:13:apply_vca_attack	16	static
../Src/Param/param_registry.c:317:13:apply_vca_decay	16	static
../Src/Param/param_registry.c:318:13:apply_vca_sustain	16	static
../Src/Param/param_registry.c:319:13:apply_vca_release	16	static
../Src/Param/param_registry.c:321:13:apply_tone_live_track	16	static
../Src/Param/param_registry.c:326:13:apply_dx7_algorithm	16	static
../Src/Param/param_registry.c:327:13:apply_dx7_feedback	16	static
../Src/Param/param_registry.c:328:13:apply_dx7_transpose	16	static
../Src/Param/param_registry.c:329:13:apply_dx7_lfo_speed	16	static
../Src/Param/param_registry.c:330:13:apply_dx7_lfo_delay	16	static
../Src/Param/param_registry.c:331:13:apply_dx7_lfo_pitch_mod_depth	16	static
../Src/Param/param_registry.c:332:13:apply_dx7_lfo_amp_mod_depth	16	static
../Src/Param/param_registry.c:333:13:apply_dx7_pitch_bend_range	16	static
../Src/Param/param_registry.c:334:13:apply_dx7_portamento_time	16	static
../Src/Param/param_registry.c:335:13:apply_dx7_mono_mode	16	static
../Src/Param/param_registry.c:336:13:apply_dx7_operator_mask	16	static
../Src/Param/param_registry.c:337:13:apply_dx7_operator_1_level	16	static
../Src/Param/param_registry.c:338:13:apply_dx7_operator_2_level	16	static
../Src/Param/param_registry.c:339:13:apply_dx7_operator_3_level	16	static
../Src/Param/param_registry.c:340:13:apply_dx7_operator_4_level	16	static
../Src/Param/param_registry.c:342:29:get_active_granular_state	16	static
../Src/Param/param_registry.c:368:13:apply_gran_density	24	static
../Src/Param/param_registry.c:385:13:apply_gran_pitch	24	static
../Src/Param/param_registry.c:402:13:apply_gran_mix	24	static
../Src/Param/param_registry.c:419:13:apply_gran_freeze	24	static
../Src/Param/param_registry.c:436:13:apply_gran_spread	24	static
../Src/Param/param_registry.c:453:13:apply_gran_stereo	24	static
../Src/Param/param_registry.c:459:13:apply_eq_low_db	16	static
../Src/Param/param_registry.c:460:13:apply_eq_mid_db	16	static
../Src/Param/param_registry.c:461:13:apply_eq_high_db	16	static
../Src/Param/param_registry.c:463:13:apply_sat_tone	16	static
../Src/Param/param_registry.c:464:13:apply_sat_bias	16	static
../Src/Param/param_registry.c:465:13:apply_sat_drive	16	static
../Src/Param/param_registry.c:466:13:apply_sat_mix	16	static
../Src/Param/param_registry.c:500:6:param_registry_batch_begin	4	static
../Src/Param/param_registry.c:508:6:param_registry_batch_end	4	static
../Src/Param/param_registry.c:516:16:param_runtime_cache_get	16	static
../Src/Param/param_registry.c:532:13:param_runtime_cache_set	16	static
../Src/Param/param_registry.c:543:16:param_lfo_map	24	static
../Src/Param/param_registry.c:589:16:param_is_filter_ui_param	16	static
../Src/Param/param_registry.c:617:16:param_runtime_apply_tone_dx7	16	static
../Src/Param/param_registry.c:645:16:param_runtime_apply_tone_monob	24	static
../Src/Param/param_registry.c:668:16:param_runtime_apply_mix_track	32	static
../Src/Param/param_registry.c:711:16:param_runtime_apply_track	32	static
../Src/Param/param_registry.c:752:16:param_runtime_apply_colors_track	40	static
../Src/Param/param_registry.c:808:16:filter_mod_locked_for_active_track	16	static
../Src/Param/param_registry.c:817:13:filter_ui_state_init_defaults	16	static
../Src/Param/param_registry.c:842:16:resolve_filter_target_track	24	static
../Src/Param/param_registry.c:856:16:resolve_filter_target_track_for_ui_track	24	static
../Src/Param/param_registry.c:869:16:resolve_filter_drive_target_track_for_ui_track	24	static
../Src/Param/param_registry.c:886:27:resolve_filter_ui_state	16	static
../Src/Param/param_registry.c:895:13:apply_filter_drive_runtime	32	static
../Src/Param/param_registry.c:901:13:apply_filter_decimator_bits_runtime	32	static
../Src/Param/param_registry.c:907:13:apply_filter_decimator_rate_runtime	32	static
../Src/Param/param_registry.c:913:13:apply_filter_decimator_rate2_runtime	32	static
../Src/Param/param_registry.c:919:13:apply_filter_crunch_insert_runtime	24	static
../Src/Param/param_registry.c:933:9:param_registry_get_track_value	32	static
../Src/Param/param_registry.c:1054:9:param_registry_apply_track_value_rt_fast	32	static
../Src/Param/param_registry.c:1083:9:param_registry_apply_track_value	64	static
../Src/Param/param_registry.c:1322:6:param_registry_sync_filter_ui_for_active_track	24	static
../Src/Param/param_registry.c:1377:6:param_registry_sync_ui_for_active_track	32	static
../Src/Param/param_registry.c:1426:13:apply_filter_type	32	static
../Src/Param/param_registry.c:1442:13:apply_filter_cutoff	32	static
../Src/Param/param_registry.c:1457:13:apply_filter_resonance	32	static
../Src/Param/param_registry.c:1472:13:apply_filter_eg_amount	32	static
../Src/Param/param_registry.c:1487:13:apply_filter_attack	32	static
../Src/Param/param_registry.c:1502:13:apply_filter_decay	32	static
../Src/Param/param_registry.c:1517:13:apply_filter_sustain	32	static
../Src/Param/param_registry.c:1532:13:apply_filter_release	32	static
../Src/Param/param_registry.c:1547:13:apply_filter_keytrack	32	static
../Src/Param/param_registry.c:1569:13:apply_filter_env_reset	24	static
../Src/Param/param_registry.c:1589:13:apply_filter_env_delay	24	static
../Src/Param/param_registry.c:1609:13:apply_filter_eq_low	32	static
../Src/Param/param_registry.c:1624:13:apply_filter_eq_mid	32	static
../Src/Param/param_registry.c:1639:13:apply_filter_eq_high	32	static
../Src/Param/param_registry.c:1654:13:apply_filter_drive	32	static
../Src/Param/param_registry.c:1673:13:apply_filter_decimator_bits	32	static
../Src/Param/param_registry.c:1692:13:apply_filter_decimator_rate	32	static
../Src/Param/param_registry.c:1711:13:apply_filter_decimator_rate2	32	static
../Src/Param/param_registry.c:1730:13:apply_monob_filter_type	16	static
../Src/Param/param_registry.c:1731:13:apply_monob_filter_cutoff	16	static
../Src/Param/param_registry.c:1732:13:apply_monob_filter_resonance	16	static
../Src/Param/param_registry.c:1733:13:apply_monob_filter_eg_amount	16	static
../Src/Param/param_registry.c:1734:13:apply_monob_filter_attack	16	static
../Src/Param/param_registry.c:1735:13:apply_monob_filter_decay	16	static
../Src/Param/param_registry.c:1736:13:apply_monob_filter_sustain	16	static
../Src/Param/param_registry.c:1737:13:apply_monob_filter_release	16	static
../Src/Param/param_registry.c:1738:13:apply_monob_filter_keytrack	16	static
../Src/Param/param_registry.c:1739:13:apply_monob_filter_env_reset	16	static
../Src/Param/param_registry.c:1740:13:apply_monob_filter_env_delay	16	static
../Src/Param/param_registry.c:1742:13:apply_monob_osc1_wave	16	static
../Src/Param/param_registry.c:1743:13:apply_monob_osc2_wave	16	static
../Src/Param/param_registry.c:1744:13:apply_monob_osc3_wave	16	static
../Src/Param/param_registry.c:1745:13:apply_monob_sub_wave	16	static
../Src/Param/param_registry.c:1746:13:apply_monob_osc1_range	16	static
../Src/Param/param_registry.c:1747:13:apply_monob_osc2_range	16	static
../Src/Param/param_registry.c:1748:13:apply_monob_osc3_range	16	static
../Src/Param/param_registry.c:1749:13:apply_monob_sub_octave	16	static
../Src/Param/param_registry.c:1750:13:apply_monob_osc1_detune	16	static
../Src/Param/param_registry.c:1751:13:apply_monob_osc2_detune	16	static
../Src/Param/param_registry.c:1752:13:apply_monob_osc3_detune	16	static
../Src/Param/param_registry.c:1753:13:apply_monob_osc1_mix	16	static
../Src/Param/param_registry.c:1754:13:apply_monob_osc2_mix	16	static
../Src/Param/param_registry.c:1755:13:apply_monob_osc3_mix	16	static
../Src/Param/param_registry.c:1756:13:apply_monob_sub_mix	16	static
../Src/Param/param_registry.c:1757:13:apply_lfo1_dest	16	static
../Src/Param/param_registry.c:1758:13:apply_lfo1_rate	16	static
../Src/Param/param_registry.c:1759:13:apply_lfo1_depth	16	static
../Src/Param/param_registry.c:1760:13:apply_lfo1_shape	16	static
../Src/Param/param_registry.c:1761:13:apply_lfo2_dest	16	static
../Src/Param/param_registry.c:1762:13:apply_lfo2_rate	16	static
../Src/Param/param_registry.c:1763:13:apply_lfo2_depth	16	static
../Src/Param/param_registry.c:1764:13:apply_lfo2_shape	16	static
../Src/Param/param_registry.c:1766:13:param_registry_push_track_defaults_to_runtime	32	static
../Src/Param/param_registry.c:1797:13:param_registry_neutralize_filter_runtime_if_invalid	24	static
../Src/Param/param_registry.c:1822:13:param_registry_neutralize_vca_runtime_if_invalid	24	static
../Src/Param/param_registry.c:1850:13:apply_cfg_track	32	static
../Src/Param/param_registry.c:1869:13:apply_cfg_track_type	24	static
../Src/Param/param_registry.c:1892:13:apply_cfg_midi_ch	24	static
../Src/Param/param_registry.c:1900:13:apply_cfg_midi_src	24	static
../Src/Param/param_registry.c:1909:13:apply_cfg_rec	24	static
../Src/Param/param_registry.c:1917:13:apply_cfg_tempo	24	static
../Src/Param/param_registry.c:1925:13:apply_cfg_sync	24	static
../Src/Param/param_registry.c:1957:13:apply_cfg_rec_len	24	static
../Src/Param/param_registry.c:1965:13:apply_seq_length	24	static
../Src/Param/param_registry.c:1973:16:seq_div_ui_to_runtime	24	static
../Src/Param/param_registry.c:1986:14:seq_div_runtime_to_ui	16	static
../Src/Param/param_registry.c:1998:13:apply_seq_div	24	static
../Src/Param/param_registry.c:2003:13:apply_seq_quant	16	static
../Src/Param/param_registry.c:2008:13:apply_seq_swing	16	static
../Src/Param/param_registry.c:2013:13:apply_kbd_root	16	static
../Src/Param/param_registry.c:2014:13:apply_kbd_scale	16	static
../Src/Param/param_registry.c:2015:13:apply_kbd_omnichord	16	static
../Src/Param/param_registry.c:2016:13:apply_kbd_note_order	16	static
../Src/Param/param_registry.c:2017:13:apply_kbd_chord_override	16	static
../Src/Param/param_registry.c:2018:13:apply_arp_hold	16	static
../Src/Param/param_registry.c:2019:13:apply_arp_rate	16	static
../Src/Param/param_registry.c:2020:13:apply_arp_oct	16	static
../Src/Param/param_registry.c:2021:13:apply_arp_pattern	16	static
../Src/Param/param_registry.c:2022:13:apply_arp_gate	16	static
../Src/Param/param_registry.c:2023:13:apply_arp_swing	16	static
../Src/Param/param_registry.c:2024:13:apply_arp_accent	16	static
../Src/Param/param_registry.c:2025:13:apply_arp_vel_acc	16	static
../Src/Param/param_registry.c:2026:13:apply_arp_strum	16	static
../Src/Param/param_registry.c:2027:13:apply_arp_offset	16	static
../Src/Param/param_registry.c:2028:13:apply_arp_trans	16	static
../Src/Param/param_registry.c:2029:13:apply_arp_spread	16	static
../Src/Param/param_registry.c:2030:13:apply_arp_dir	16	static
../Src/Param/param_registry.c:2031:13:apply_arp_sync	16	static
../Src/Param/param_registry.c:2038:13:apply_master_gain	16	static
../Src/Param/param_registry.c:2039:13:apply_post_gain	16	static
../Src/Param/param_registry.c:2040:13:apply_output_comp	16	static
../Src/Param/param_registry.c:2042:13:apply_juno_saw	16	static
../Src/Param/param_registry.c:2043:13:apply_juno_pulse	16	static
../Src/Param/param_registry.c:2044:13:apply_juno_sub	16	static
../Src/Param/param_registry.c:2045:13:apply_juno_pwm	16	static
../Src/Param/param_registry.c:2046:13:apply_juno_vcf_freq	16	static
../Src/Param/param_registry.c:2047:13:apply_juno_vcf_res	16	static
../Src/Param/param_registry.c:2048:13:apply_juno_vcf_env	16	static
../Src/Param/param_registry.c:2049:13:apply_juno_vcf_lfo	16	static
../Src/Param/param_registry.c:2050:13:apply_juno_attack	16	static
../Src/Param/param_registry.c:2051:13:apply_juno_decay	16	static
../Src/Param/param_registry.c:2052:13:apply_juno_sustain	16	static
../Src/Param/param_registry.c:2053:13:apply_juno_release	16	static
../Src/Param/param_registry.c:2054:13:apply_juno_lfo_rate	16	static
../Src/Param/param_registry.c:2055:13:apply_juno_hpf	16	static
../Src/Param/param_registry.c:2056:13:apply_juno_porta	16	static
../Src/Param/param_registry.c:2057:13:apply_juno_mode	16	static
../Src/Param/param_registry.c:2059:13:apply_bus_comp_threshold	16	static
../Src/Param/param_registry.c:2060:13:apply_bus_comp_ratio	16	static
../Src/Param/param_registry.c:2061:13:apply_bus_comp_attack_index	16	static
../Src/Param/param_registry.c:2062:13:apply_bus_comp_release_index	16	static
../Src/Param/param_registry.c:2063:13:apply_bus_comp_makeup	16	static
../Src/Param/param_registry.c:2064:13:apply_bus_comp_auto_makeup	16	static
../Src/Param/param_registry.c:2077:13:apply_daisy_threshold	24	static
../Src/Param/param_registry.c:2094:13:apply_daisy_ratio	24	static
../Src/Param/param_registry.c:2111:13:apply_daisy_attack	24	static
../Src/Param/param_registry.c:2128:13:apply_daisy_release	24	static
../Src/Param/param_registry.c:2145:13:apply_daisy_makeup	24	static
../Src/Param/param_registry.c:2162:13:apply_daisy_auto_makeup	24	static
../Src/Param/param_registry.c:2179:13:apply_daisy_mix	24	static
../Src/Param/param_registry.c:2588:6:param_registry_init	8	static
../Src/Param/param_registry.c:2610:7:param_get	16	static
../Src/Param/param_registry.c:2627:6:param_set	24	static
../Src/Param/param_registry.c:2662:6:param_reset	16	static
