../Src/Param/param_registry.c:863:13:apply_master_gain	0	static
../Src/Param/param_registry.c:386:13:apply_sat_drive	8	static
../Src/Param/param_registry.c:233:13:apply_mix_track3_insert1	8	static
../Src/Param/param_registry.c:232:13:apply_mix_track3_insert0	8	static
../Src/Param/param_registry.c:231:13:apply_mix_track2_insert1	8	static
../Src/Param/param_registry.c:230:13:apply_mix_track2_insert0	8	static
../Src/Param/param_registry.c:229:13:apply_mix_track1_insert1	8	static
../Src/Param/param_registry.c:228:13:apply_mix_track1_insert0	8	static
../Src/Param/param_registry.c:227:13:apply_mix_track0_insert1	8	static
../Src/Param/param_registry.c:226:13:apply_mix_track0_insert0	8	static
../Src/Param/param_registry.c:803:13:apply_monob_sub_mix	0	static
../Src/Param/param_registry.c:802:13:apply_monob_osc3_mix	0	static
../Src/Param/param_registry.c:801:13:apply_monob_osc2_mix	0	static
../Src/Param/param_registry.c:800:13:apply_monob_osc1_mix	0	static
../Src/Param/param_registry.c:799:13:apply_monob_osc3_detune	0	static
../Src/Param/param_registry.c:798:13:apply_monob_osc2_detune	0	static
../Src/Param/param_registry.c:797:13:apply_monob_osc1_detune	0	static
../Src/Param/param_registry.c:796:13:apply_monob_sub_octave	8	static
../Src/Param/param_registry.c:795:13:apply_monob_osc3_range	8	static
../Src/Param/param_registry.c:794:13:apply_monob_osc2_range	8	static
../Src/Param/param_registry.c:793:13:apply_monob_osc1_range	8	static
../Src/Param/param_registry.c:792:13:apply_monob_sub_wave	8	static
../Src/Param/param_registry.c:791:13:apply_monob_osc3_wave	8	static
../Src/Param/param_registry.c:790:13:apply_monob_osc2_wave	8	static
../Src/Param/param_registry.c:789:13:apply_monob_osc1_wave	8	static
../Src/Param/param_registry.c:787:13:apply_monob_filter_env_delay	8	static
../Src/Param/param_registry.c:786:13:apply_monob_filter_env_reset	0	static
../Src/Param/param_registry.c:785:13:apply_monob_filter_keytrack	0	static
../Src/Param/param_registry.c:784:13:apply_monob_filter_release	8	static
../Src/Param/param_registry.c:783:13:apply_monob_filter_sustain	0	static
../Src/Param/param_registry.c:782:13:apply_monob_filter_decay	8	static
../Src/Param/param_registry.c:781:13:apply_monob_filter_attack	8	static
../Src/Param/param_registry.c:780:13:apply_monob_filter_eg_amount	0	static
../Src/Param/param_registry.c:779:13:apply_monob_filter_resonance	0	static
../Src/Param/param_registry.c:778:13:apply_monob_filter_cutoff	8	static
../Src/Param/param_registry.c:777:13:apply_monob_filter_type	8	static
../Src/Param/param_registry.c:261:13:apply_dx7_operator_4_level	0	static
../Src/Param/param_registry.c:260:13:apply_dx7_operator_3_level	0	static
../Src/Param/param_registry.c:259:13:apply_dx7_operator_2_level	0	static
../Src/Param/param_registry.c:258:13:apply_dx7_operator_1_level	0	static
../Src/Param/param_registry.c:257:13:apply_dx7_operator_mask	0	static
../Src/Param/param_registry.c:256:13:apply_dx7_mono_mode	0	static
../Src/Param/param_registry.c:255:13:apply_dx7_portamento_time	0	static
../Src/Param/param_registry.c:254:13:apply_dx7_pitch_bend_range	0	static
../Src/Param/param_registry.c:253:13:apply_dx7_lfo_amp_mod_depth	0	static
../Src/Param/param_registry.c:252:13:apply_dx7_lfo_pitch_mod_depth	0	static
../Src/Param/param_registry.c:251:13:apply_dx7_lfo_delay	0	static
../Src/Param/param_registry.c:250:13:apply_dx7_lfo_speed	0	static
../Src/Param/param_registry.c:249:13:apply_dx7_transpose	0	static
../Src/Param/param_registry.c:248:13:apply_dx7_feedback	0	static
../Src/Param/param_registry.c:247:13:apply_dx7_algorithm	0	static
../Src/Param/param_registry.c:882:13:apply_juno_mode	0	static
../Src/Param/param_registry.c:881:13:apply_juno_porta	0	static
../Src/Param/param_registry.c:880:13:apply_juno_hpf	0	static
../Src/Param/param_registry.c:879:13:apply_juno_lfo_rate	0	static
../Src/Param/param_registry.c:878:13:apply_juno_release	0	static
../Src/Param/param_registry.c:877:13:apply_juno_sustain	0	static
../Src/Param/param_registry.c:876:13:apply_juno_decay	0	static
../Src/Param/param_registry.c:875:13:apply_juno_attack	0	static
../Src/Param/param_registry.c:874:13:apply_juno_vcf_lfo	0	static
../Src/Param/param_registry.c:873:13:apply_juno_vcf_env	0	static
../Src/Param/param_registry.c:872:13:apply_juno_vcf_res	0	static
../Src/Param/param_registry.c:871:13:apply_juno_vcf_freq	0	static
../Src/Param/param_registry.c:870:13:apply_juno_pwm	0	static
../Src/Param/param_registry.c:869:13:apply_juno_sub	0	static
../Src/Param/param_registry.c:868:13:apply_juno_pulse	0	static
../Src/Param/param_registry.c:867:13:apply_juno_saw	0	static
../Src/Param/param_registry.c:865:13:apply_output_comp	0	static
../Src/Param/param_registry.c:864:13:apply_post_gain	0	static
../Src/Param/param_registry.c:855:13:apply_arp_sync	8	static
../Src/Param/param_registry.c:854:13:apply_arp_dir	8	static
../Src/Param/param_registry.c:853:13:apply_arp_spread	8	static
../Src/Param/param_registry.c:852:13:apply_arp_trans	8	static
../Src/Param/param_registry.c:851:13:apply_arp_offset	8	static
../Src/Param/param_registry.c:850:13:apply_arp_strum	8	static
../Src/Param/param_registry.c:849:13:apply_arp_vel_acc	8	static
../Src/Param/param_registry.c:848:13:apply_arp_accent	8	static
../Src/Param/param_registry.c:847:13:apply_arp_swing	8	static
../Src/Param/param_registry.c:846:13:apply_arp_gate	8	static
../Src/Param/param_registry.c:845:13:apply_arp_pattern	8	static
../Src/Param/param_registry.c:844:13:apply_arp_oct	8	static
../Src/Param/param_registry.c:843:13:apply_arp_rate	8	static
../Src/Param/param_registry.c:842:13:apply_arp_hold	0	static
../Src/Param/param_registry.c:841:13:apply_kbd_chord_override	0	static
../Src/Param/param_registry.c:840:13:apply_kbd_note_order	0	static
../Src/Param/param_registry.c:839:13:apply_kbd_omnichord	0	static
../Src/Param/param_registry.c:838:13:apply_kbd_scale	8	static
../Src/Param/param_registry.c:837:13:apply_kbd_root	8	static
../Src/Param/param_registry.c:821:13:apply_cfg_track_type	32	static
../Src/Param/param_registry.c:805:13:apply_cfg_track	24	static
../Src/Param/param_registry.c:744:13:apply_filter_eq_high	24	static
../Src/Param/param_registry.c:729:13:apply_filter_eq_mid	24	static
../Src/Param/param_registry.c:714:13:apply_filter_eq_low	24	static
../Src/Param/param_registry.c:633:13:apply_filter_release	24	static
../Src/Param/param_registry.c:618:13:apply_filter_sustain	24	static
../Src/Param/param_registry.c:603:13:apply_filter_decay	24	static
../Src/Param/param_registry.c:588:13:apply_filter_attack	24	static
../Src/Param/param_registry.c:573:13:apply_filter_eg_amount	24	static
../Src/Param/param_registry.c:558:13:apply_filter_resonance	24	static
../Src/Param/param_registry.c:543:13:apply_filter_cutoff	24	static
../Src/Param/param_registry.c:527:13:apply_filter_type	32	static
../Src/Param/param_registry.c:387:13:apply_sat_mix	8	static
../Src/Param/param_registry.c:385:13:apply_sat_bias	8	static
../Src/Param/param_registry.c:384:13:apply_sat_tone	8	static
../Src/Param/param_registry.c:382:13:apply_eq_high_db	0	static
../Src/Param/param_registry.c:381:13:apply_eq_mid_db	0	static
../Src/Param/param_registry.c:380:13:apply_eq_low_db	0	static
../Src/Param/param_registry.c:1004:13:apply_daisy_mix	16	static
../Src/Param/param_registry.c:987:13:apply_daisy_auto_makeup	16	static
../Src/Param/param_registry.c:970:13:apply_daisy_makeup	16	static
../Src/Param/param_registry.c:953:13:apply_daisy_release	16	static
../Src/Param/param_registry.c:936:13:apply_daisy_attack	16	static
../Src/Param/param_registry.c:919:13:apply_daisy_ratio	16	static
../Src/Param/param_registry.c:902:13:apply_daisy_threshold	16	static
../Src/Param/param_registry.c:889:13:apply_bus_comp_auto_makeup	0	static
../Src/Param/param_registry.c:888:13:apply_bus_comp_makeup	0	static
../Src/Param/param_registry.c:887:13:apply_bus_comp_release_index	8	static
../Src/Param/param_registry.c:886:13:apply_bus_comp_attack_index	8	static
../Src/Param/param_registry.c:885:13:apply_bus_comp_ratio	0	static
../Src/Param/param_registry.c:884:13:apply_bus_comp_threshold	0	static
../Src/Param/param_registry.c:245:13:apply_mix_send1_fx	8	static
../Src/Param/param_registry.c:244:13:apply_mix_send0_fx	8	static
../Src/Param/param_registry.c:242:13:apply_mix_track3_send1	0	static
../Src/Param/param_registry.c:241:13:apply_mix_track3_send0	0	static
../Src/Param/param_registry.c:240:13:apply_mix_track2_send1	0	static
../Src/Param/param_registry.c:239:13:apply_mix_track2_send0	0	static
../Src/Param/param_registry.c:238:13:apply_mix_track1_send1	0	static
../Src/Param/param_registry.c:237:13:apply_mix_track1_send0	0	static
../Src/Param/param_registry.c:236:13:apply_mix_track0_send1	0	static
../Src/Param/param_registry.c:235:13:apply_mix_track0_send0	0	static
../Src/Param/param_registry.c:224:13:apply_mix_track3_route	0	static
../Src/Param/param_registry.c:223:13:apply_mix_track2_route	0	static
../Src/Param/param_registry.c:222:13:apply_mix_track1_route	0	static
../Src/Param/param_registry.c:221:13:apply_mix_track0_route	0	static
../Src/Param/param_registry.c:219:13:apply_mix_track3_mute	0	static
../Src/Param/param_registry.c:218:13:apply_mix_track2_mute	0	static
../Src/Param/param_registry.c:217:13:apply_mix_track1_mute	0	static
../Src/Param/param_registry.c:216:13:apply_mix_track0_mute	0	static
../Src/Param/param_registry.c:214:13:apply_mix_track3_pan	0	static
../Src/Param/param_registry.c:213:13:apply_mix_track2_pan	0	static
../Src/Param/param_registry.c:212:13:apply_mix_track1_pan	0	static
../Src/Param/param_registry.c:211:13:apply_mix_track0_pan	0	static
../Src/Param/param_registry.c:209:13:apply_mix_track3_gain	0	static
../Src/Param/param_registry.c:208:13:apply_mix_track2_gain	0	static
../Src/Param/param_registry.c:207:13:apply_mix_track1_gain	0	static
../Src/Param/param_registry.c:206:13:apply_mix_track0_gain	0	static
../Src/Param/param_registry.c:340:13:apply_gran_freeze	16	static
../Src/Param/param_registry.c:759:13:apply_filter_drive	40	static
../Src/Param/param_registry.c:648:13:apply_filter_keytrack	32	static
../Src/Param/param_registry.c:670:13:apply_filter_env_reset	40	static
../Src/Param/param_registry.c:357:13:apply_gran_spread	16	static
../Src/Param/param_registry.c:374:13:apply_gran_stereo	16	static
../Src/Param/param_registry.c:289:13:apply_gran_density	16	static
../Src/Param/param_registry.c:306:13:apply_gran_pitch	16	static
../Src/Param/param_registry.c:323:13:apply_gran_mix	16	static
../Src/Param/param_registry.c:692:13:apply_filter_env_delay	32	static
../Src/Param/param_registry.c:478:6:param_registry_sync_filter_ui_for_active_track	32	static
../Src/Param/param_registry.c:1253:6:param_registry_init	4	static
../Src/Param/param_registry.c:1272:7:param_get	0	static
../Src/Param/param_registry.c:1289:6:param_set	24	static
../Src/Param/param_registry.c:1316:6:param_reset	24	static
