../Src/Param/param_registry.c:1817:13:apply_master_gain	0	static
../Src/Param/param_registry.c:709:16:param_runtime_apply_track	48	static
../Src/Param/param_registry.c:455:13:apply_sat_drive	8	static
../Src/Param/param_registry.c:1600:13:apply_lfo2_shape	16	static
../Src/Param/param_registry.c:1599:13:apply_lfo2_depth	16	static
../Src/Param/param_registry.c:1598:13:apply_lfo2_rate	16	static
../Src/Param/param_registry.c:1597:13:apply_lfo2_dest	16	static
../Src/Param/param_registry.c:1596:13:apply_lfo1_shape	16	static
../Src/Param/param_registry.c:1595:13:apply_lfo1_depth	16	static
../Src/Param/param_registry.c:1594:13:apply_lfo1_rate	16	static
../Src/Param/param_registry.c:1593:13:apply_lfo1_dest	16	static
../Src/Param/param_registry.c:1568:13:apply_monob_filter_env_delay	8	static
../Src/Param/param_registry.c:1567:13:apply_monob_filter_env_reset	0	static
../Src/Param/param_registry.c:1566:13:apply_monob_filter_keytrack	0	static
../Src/Param/param_registry.c:1565:13:apply_monob_filter_release	8	static
../Src/Param/param_registry.c:1564:13:apply_monob_filter_sustain	0	static
../Src/Param/param_registry.c:1563:13:apply_monob_filter_decay	8	static
../Src/Param/param_registry.c:1562:13:apply_monob_filter_attack	8	static
../Src/Param/param_registry.c:1561:13:apply_monob_filter_eg_amount	0	static
../Src/Param/param_registry.c:1560:13:apply_monob_filter_resonance	0	static
../Src/Param/param_registry.c:1559:13:apply_monob_filter_cutoff	8	static
../Src/Param/param_registry.c:1558:13:apply_monob_filter_type	8	static
../Src/Param/param_registry.c:1836:13:apply_juno_mode	0	static
../Src/Param/param_registry.c:1835:13:apply_juno_porta	0	static
../Src/Param/param_registry.c:1834:13:apply_juno_hpf	0	static
../Src/Param/param_registry.c:1833:13:apply_juno_lfo_rate	0	static
../Src/Param/param_registry.c:1832:13:apply_juno_release	0	static
../Src/Param/param_registry.c:1831:13:apply_juno_sustain	0	static
../Src/Param/param_registry.c:1830:13:apply_juno_decay	0	static
../Src/Param/param_registry.c:1829:13:apply_juno_attack	0	static
../Src/Param/param_registry.c:1828:13:apply_juno_vcf_lfo	0	static
../Src/Param/param_registry.c:1827:13:apply_juno_vcf_env	0	static
../Src/Param/param_registry.c:1826:13:apply_juno_vcf_res	0	static
../Src/Param/param_registry.c:1825:13:apply_juno_vcf_freq	0	static
../Src/Param/param_registry.c:1824:13:apply_juno_pwm	0	static
../Src/Param/param_registry.c:1823:13:apply_juno_sub	0	static
../Src/Param/param_registry.c:1822:13:apply_juno_pulse	0	static
../Src/Param/param_registry.c:1821:13:apply_juno_saw	0	static
../Src/Param/param_registry.c:1819:13:apply_output_comp	0	static
../Src/Param/param_registry.c:1818:13:apply_post_gain	0	static
../Src/Param/param_registry.c:1810:13:apply_arp_sync	8	static
../Src/Param/param_registry.c:1809:13:apply_arp_dir	8	static
../Src/Param/param_registry.c:1808:13:apply_arp_spread	8	static
../Src/Param/param_registry.c:1807:13:apply_arp_trans	8	static
../Src/Param/param_registry.c:1806:13:apply_arp_offset	8	static
../Src/Param/param_registry.c:1805:13:apply_arp_strum	8	static
../Src/Param/param_registry.c:1804:13:apply_arp_vel_acc	8	static
../Src/Param/param_registry.c:1803:13:apply_arp_accent	8	static
../Src/Param/param_registry.c:1802:13:apply_arp_swing	8	static
../Src/Param/param_registry.c:1801:13:apply_arp_gate	8	static
../Src/Param/param_registry.c:1800:13:apply_arp_pattern	8	static
../Src/Param/param_registry.c:1799:13:apply_arp_oct	8	static
../Src/Param/param_registry.c:1798:13:apply_arp_rate	8	static
../Src/Param/param_registry.c:1797:13:apply_arp_hold	0	static
../Src/Param/param_registry.c:1796:13:apply_kbd_chord_override	0	static
../Src/Param/param_registry.c:1795:13:apply_kbd_note_order	0	static
../Src/Param/param_registry.c:1794:13:apply_kbd_omnichord	0	static
../Src/Param/param_registry.c:1793:13:apply_kbd_scale	8	static
../Src/Param/param_registry.c:1792:13:apply_kbd_root	8	static
../Src/Param/param_registry.c:1787:13:apply_seq_swing	24	static
../Src/Param/param_registry.c:1782:13:apply_seq_quant	24	static
../Src/Param/param_registry.c:1777:13:apply_seq_div	16	static
../Src/Param/param_registry.c:1744:13:apply_seq_length	24	static
../Src/Param/param_registry.c:1736:13:apply_cfg_rec_len	16	static
../Src/Param/param_registry.c:1704:13:apply_cfg_sync	16	static
../Src/Param/param_registry.c:1696:13:apply_cfg_tempo	8	static
../Src/Param/param_registry.c:1688:13:apply_cfg_rec	16	static
../Src/Param/param_registry.c:1679:13:apply_cfg_midi_src	24	static
../Src/Param/param_registry.c:1671:13:apply_cfg_midi_ch	24	static
../Src/Param/param_registry.c:456:13:apply_sat_mix	8	static
../Src/Param/param_registry.c:454:13:apply_sat_bias	8	static
../Src/Param/param_registry.c:453:13:apply_sat_tone	8	static
../Src/Param/param_registry.c:451:13:apply_eq_high_db	0	static
../Src/Param/param_registry.c:450:13:apply_eq_mid_db	0	static
../Src/Param/param_registry.c:449:13:apply_eq_low_db	0	static
../Src/Param/param_registry.c:1958:13:apply_daisy_mix	16	static
../Src/Param/param_registry.c:1941:13:apply_daisy_auto_makeup	16	static
../Src/Param/param_registry.c:1924:13:apply_daisy_makeup	16	static
../Src/Param/param_registry.c:1907:13:apply_daisy_release	16	static
../Src/Param/param_registry.c:1890:13:apply_daisy_attack	16	static
../Src/Param/param_registry.c:1873:13:apply_daisy_ratio	16	static
../Src/Param/param_registry.c:1856:13:apply_daisy_threshold	16	static
../Src/Param/param_registry.c:1843:13:apply_bus_comp_auto_makeup	0	static
../Src/Param/param_registry.c:1842:13:apply_bus_comp_makeup	0	static
../Src/Param/param_registry.c:1841:13:apply_bus_comp_release_index	8	static
../Src/Param/param_registry.c:1840:13:apply_bus_comp_attack_index	8	static
../Src/Param/param_registry.c:1839:13:apply_bus_comp_ratio	0	static
../Src/Param/param_registry.c:1838:13:apply_bus_comp_threshold	0	static
../Src/Param/param_registry.c:291:13:apply_mix_send1_fx	8	static
../Src/Param/param_registry.c:290:13:apply_mix_send0_fx	8	static
../Src/Param/param_registry.c:409:13:apply_gran_freeze	16	static
../Src/Param/param_registry.c:443:13:apply_gran_stereo	16	static
../Src/Param/param_registry.c:426:13:apply_gran_spread	16	static
../Src/Param/param_registry.c:358:13:apply_gran_density	16	static
../Src/Param/param_registry.c:375:13:apply_gran_pitch	16	static
../Src/Param/param_registry.c:392:13:apply_gran_mix	16	static
../Src/Param/param_registry.c:750:16:param_runtime_apply_colors_track	32	static
../Src/Param/param_registry.c:1354:13:apply_filter_eg_amount	24	static
../Src/Param/param_registry.c:1399:13:apply_filter_sustain	24	static
../Src/Param/param_registry.c:1308:13:apply_filter_type	32	static
../Src/Param/param_registry.c:1339:13:apply_filter_resonance	24	static
../Src/Param/param_registry.c:1324:13:apply_filter_cutoff	24	static
../Src/Param/param_registry.c:1495:13:apply_filter_eq_low	24	static
../Src/Param/param_registry.c:1510:13:apply_filter_eq_mid	24	static
../Src/Param/param_registry.c:1525:13:apply_filter_eq_high	24	static
../Src/Param/param_registry.c:1414:13:apply_filter_release	24	static
../Src/Param/param_registry.c:1369:13:apply_filter_attack	24	static
../Src/Param/param_registry.c:1384:13:apply_filter_decay	24	static
../Src/Param/param_registry.c:1540:13:apply_filter_drive	40	static
../Src/Param/param_registry.c:1429:13:apply_filter_keytrack	32	static
../Src/Param/param_registry.c:1451:13:apply_filter_env_reset	40	static
../Src/Param/param_registry.c:1473:13:apply_filter_env_delay	32	static
../Src/Param/param_registry.c:1581:13:apply_monob_osc1_mix	32	static
../Src/Param/param_registry.c:318:13:apply_dx7_transpose	40	static
../Src/Param/param_registry.c:323:13:apply_dx7_pitch_bend_range	32	static
../Src/Param/param_registry.c:322:13:apply_dx7_lfo_amp_mod_depth	32	static
../Src/Param/param_registry.c:316:13:apply_dx7_algorithm	32	static
../Src/Param/param_registry.c:330:13:apply_dx7_operator_4_level	32	static
../Src/Param/param_registry.c:320:13:apply_dx7_lfo_delay	32	static
../Src/Param/param_registry.c:321:13:apply_dx7_lfo_pitch_mod_depth	32	static
../Src/Param/param_registry.c:319:13:apply_dx7_lfo_speed	32	static
../Src/Param/param_registry.c:1571:13:apply_monob_osc2_wave	32	static
../Src/Param/param_registry.c:324:13:apply_dx7_portamento_time	32	static
../Src/Param/param_registry.c:1577:13:apply_monob_sub_octave	32	static
../Src/Param/param_registry.c:328:13:apply_dx7_operator_2_level	32	static
../Src/Param/param_registry.c:326:13:apply_dx7_operator_mask	32	static
../Src/Param/param_registry.c:1570:13:apply_monob_osc1_wave	32	static
../Src/Param/param_registry.c:1580:13:apply_monob_osc3_detune	40	static
../Src/Param/param_registry.c:1582:13:apply_monob_osc2_mix	32	static
../Src/Param/param_registry.c:1578:13:apply_monob_osc1_detune	40	static
../Src/Param/param_registry.c:317:13:apply_dx7_feedback	32	static
../Src/Param/param_registry.c:1574:13:apply_monob_osc1_range	32	static
../Src/Param/param_registry.c:1575:13:apply_monob_osc2_range	32	static
../Src/Param/param_registry.c:1576:13:apply_monob_osc3_range	32	static
../Src/Param/param_registry.c:1579:13:apply_monob_osc2_detune	40	static
../Src/Param/param_registry.c:325:13:apply_dx7_mono_mode	32	static
../Src/Param/param_registry.c:1584:13:apply_monob_sub_mix	32	static
../Src/Param/param_registry.c:327:13:apply_dx7_operator_1_level	32	static
../Src/Param/param_registry.c:1583:13:apply_monob_osc3_mix	32	static
../Src/Param/param_registry.c:329:13:apply_dx7_operator_3_level	32	static
../Src/Param/param_registry.c:1572:13:apply_monob_osc3_wave	32	static
../Src/Param/param_registry.c:1573:13:apply_monob_sub_wave	32	static
../Src/Param/param_registry.c:1587:13:apply_tb3_resonance	32	static
../Src/Param/param_registry.c:1585:13:apply_tb3_waveform	32	static
../Src/Param/param_registry.c:1590:13:apply_tb3_accent	32	static
../Src/Param/param_registry.c:1592:13:apply_tb3_slide_time	32	static
../Src/Param/param_registry.c:1586:13:apply_tb3_cutoff	32	static
../Src/Param/param_registry.c:1591:13:apply_tb3_volume	32	static
../Src/Param/param_registry.c:1588:13:apply_tb3_env_mod	32	static
../Src/Param/param_registry.c:1589:13:apply_tb3_decay	32	static
../Src/Param/param_registry.c:308:13:apply_mix_send1	32	static
../Src/Param/param_registry.c:307:13:apply_mix_pan	32	static
../Src/Param/param_registry.c:306:13:apply_mix_level	32	static
../Src/Param/param_registry.c:309:13:apply_mix_send2	32	static
../Src/Param/param_registry.c:489:6:param_registry_batch_begin	0	static
../Src/Param/param_registry.c:497:6:param_registry_batch_end	0	static
../Src/Param/param_registry.c:885:9:param_registry_get_track_value	32	static
../Src/Param/param_registry.c:985:9:param_registry_apply_track_value_rt_fast	32	static
../Src/Param/param_registry.c:1014:9:param_registry_apply_track_value	56	static
../Src/Param/param_registry.c:1633:13:apply_cfg_track	64	static
../Src/Param/param_registry.c:1650:13:apply_cfg_track_type	64	static
../Src/Param/param_registry.c:1221:6:param_registry_sync_filter_ui_for_active_track	24	static
../Src/Param/param_registry.c:1259:6:param_registry_sync_ui_for_active_track	48	static
../Src/Param/param_registry.c:2263:6:param_registry_init	8	static
../Src/Param/param_registry.c:2285:7:param_get	0	static
../Src/Param/param_registry.c:2302:6:param_set	32	static
../Src/Param/param_registry.c:2337:6:param_reset	32	static
