../App/usb_stack/usbd_conf.c:67:6:HAL_PCD_MspInit	232	static
../App/usb_stack/usbd_conf.c:114:6:HAL_PCD_MspDeInit	8	static
../App/usb_stack/usbd_conf.c:147:6:HAL_PCD_SetupStageCallback	0	static
../App/usb_stack/usbd_conf.c:162:6:HAL_PCD_DataOutStageCallback	0	static
../App/usb_stack/usbd_conf.c:177:6:HAL_PCD_DataInStageCallback	0	static
../App/usb_stack/usbd_conf.c:191:6:HAL_PCD_SOFCallback	0	static
../App/usb_stack/usbd_conf.c:205:6:HAL_PCD_ResetCallback	8	static
../App/usb_stack/usbd_conf.c:238:6:HAL_PCD_SuspendCallback	8	static
../App/usb_stack/usbd_conf.c:263:6:HAL_PCD_ResumeCallback	0	static
../App/usb_stack/usbd_conf.c:281:6:HAL_PCD_ISOOUTIncompleteCallback	0	static
../App/usb_stack/usbd_conf.c:296:6:HAL_PCD_ISOINIncompleteCallback	0	static
../App/usb_stack/usbd_conf.c:310:6:HAL_PCD_ConnectCallback	0	static
../App/usb_stack/usbd_conf.c:324:6:HAL_PCD_DisconnectCallback	0	static
../App/usb_stack/usbd_conf.c:339:20:USBD_LL_Init	8	static
../App/usb_stack/usbd_conf.c:392:20:USBD_LL_DeInit	8	static
../App/usb_stack/usbd_conf.c:409:20:USBD_LL_Start	8	static
../App/usb_stack/usbd_conf.c:426:20:USBD_LL_Stop	8	static
../App/usb_stack/usbd_conf.c:446:20:USBD_LL_OpenEP	8	static
../App/usb_stack/usbd_conf.c:464:20:USBD_LL_CloseEP	8	static
../App/usb_stack/usbd_conf.c:482:20:USBD_LL_FlushEP	8	static
../App/usb_stack/usbd_conf.c:500:20:USBD_LL_StallEP	8	static
../App/usb_stack/usbd_conf.c:518:20:USBD_LL_ClearStallEP	8	static
../App/usb_stack/usbd_conf.c:536:9:USBD_LL_IsStallEP	0	static
../App/usb_stack/usbd_conf.c:556:20:USBD_LL_SetUSBAddress	8	static
../App/usb_stack/usbd_conf.c:576:20:USBD_LL_Transmit	8	static
../App/usb_stack/usbd_conf.c:596:20:USBD_LL_PrepareReceive	8	static
../App/usb_stack/usbd_conf.c:614:10:USBD_LL_GetRxDataSize	0	static
../App/usb_stack/usbd_conf.c:639:7:USBD_static_malloc	0	static
../App/usb_stack/usbd_conf.c:651:6:USBD_static_free	0	static
../App/usb_stack/usbd_conf.c:661:6:USBD_LL_Delay	0	static
../App/usb_stack/usbd_conf.c:671:20:USBD_Get_USB_Status	0	static
