C:/Users/developpeur/Documents/BRICK5_H743_176/BRICK6/Src/UI/ui_param.c:95:14:ui_param_clamp	0	static
C:/Users/developpeur/Documents/BRICK5_H743_176/BRICK6/Src/UI/ui_param.c:110:15:ui_param_signum	0	static
C:/Users/developpeur/Documents/BRICK5_H743_176/BRICK6/Src/UI/ui_param.c:125:16:ui_param_value_is_same	0	static
C:/Users/developpeur/Documents/BRICK5_H743_176/BRICK6/Src/UI/ui_param.c:131:16:ui_param_seq_div_ui_to_runtime	16	static
C:/Users/developpeur/Documents/BRICK5_H743_176/BRICK6/Src/UI/ui_param.c:148:14:ui_param_seq_div_runtime_to_ui	0	static
C:/Users/developpeur/Documents/BRICK5_H743_176/BRICK6/Src/UI/ui_param.c:164:16:ui_param_is_seq_runtime_track_param	0	static
C:/Users/developpeur/Documents/BRICK5_H743_176/BRICK6/Src/UI/ui_param.c:257:16:ui_param_is_arp_track_param	0	static
C:/Users/developpeur/Documents/BRICK5_H743_176/BRICK6/Src/UI/ui_param.c:476:16:ui_param_master_fx_slot_from_param	0	static
C:/Users/developpeur/Documents/BRICK5_H743_176/BRICK6/Src/UI/ui_param.c:501:16:ui_param_master_fx_discrete_count	0	static
C:/Users/developpeur/Documents/BRICK5_H743_176/BRICK6/Src/UI/ui_param.c:545:16:ui_param_master_fx_raw_to_step	8	static
C:/Users/developpeur/Documents/BRICK5_H743_176/BRICK6/Src/UI/ui_param.c:552:14:ui_param_master_fx_step_to_raw	0	static
C:/Users/developpeur/Documents/BRICK5_H743_176/BRICK6/Src/UI/ui_param.c:854:16:ui_param_is_track_scoped	24	static
C:/Users/developpeur/Documents/BRICK5_H743_176/BRICK6/Src/UI/ui_param.c:178:16:ui_param_seq_runtime_track_is_valid	8	static
C:/Users/developpeur/Documents/BRICK5_H743_176/BRICK6/Src/UI/ui_param.c:183:16:ui_param_get_seq_runtime_track_value	24	static
C:/Users/developpeur/Documents/BRICK5_H743_176/BRICK6/Src/UI/ui_param.c:281:16:ui_param_arp_track_is_valid	8	static
C:/Users/developpeur/Documents/BRICK5_H743_176/BRICK6/Src/UI/ui_param.c:286:16:ui_param_get_arp_track_value	16	static
C:/Users/developpeur/Documents/BRICK5_H743_176/BRICK6/Src/UI/ui_param.c:1033:16:ui_param_get_track_edit_value	16	static
C:/Users/developpeur/Documents/BRICK5_H743_176/BRICK6/Src/UI/ui_param.c:918:17:ui_param_make_encoder_group_gesture_key	8	static
C:/Users/developpeur/Documents/BRICK5_H743_176/BRICK6/Src/UI/ui_param.c:908:17:ui_param_make_gesture_key	16	static
C:/Users/developpeur/Documents/BRICK5_H743_176/BRICK6/Src/UI/ui_param.c:936:17:ui_param_get_active_undo_gesture_key	8	static
C:/Users/developpeur/Documents/BRICK5_H743_176/BRICK6/Src/UI/ui_param.c:789:16:ui_param_seq_resolve_ref_step	40	static
C:/Users/developpeur/Documents/BRICK5_H743_176/BRICK6/Src/UI/ui_param.c:1003:14:ui_param_get_active_track_value	24	static
C:/Users/developpeur/Documents/BRICK5_H743_176/BRICK6/Src/UI/ui_param.c:1072:16:ui_param_resolve_seq_slot	32	static
C:/Users/developpeur/Documents/BRICK5_H743_176/BRICK6/Src/UI/ui_param.c:450:14:ui_param_step_cfg_track_type	16	static
C:/Users/developpeur/Documents/BRICK5_H743_176/BRICK6/Src/UI/ui_param.c:567:16:ui_param_master_fx_quantize_edit	48	static
C:/Users/developpeur/Documents/BRICK5_H743_176/BRICK6/Src/UI/ui_param.c:959:16:ui_param_resolve_edit_bounds	16	static
C:/Users/developpeur/Documents/BRICK5_H743_176/BRICK6/Src/UI/ui_param.c:1366:16:ui_param_try_apply_seq_plock	320	static
C:/Users/developpeur/Documents/BRICK5_H743_176/BRICK6/Src/UI/ui_param.c:1116:16:ui_param_live_rec_resolve_context	24	static
C:/Users/developpeur/Documents/BRICK5_H743_176/BRICK6/Src/UI/ui_param.c:1521:16:ui_param_try_apply_live_rec_plock	88	static
C:/Users/developpeur/Documents/BRICK5_H743_176/BRICK6/Src/UI/ui_param.c:418:16:ui_param_cfg_track_family_is_available	16	static
C:/Users/developpeur/Documents/BRICK5_H743_176/BRICK6/Src/UI/ui_param.c:425:14:ui_param_step_cfg_track	24	static
C:/Users/developpeur/Documents/BRICK5_H743_176/BRICK6/Src/UI/ui_param.c:226:16:ui_param_apply_seq_runtime_track_value	32	static
C:/Users/developpeur/Documents/BRICK5_H743_176/BRICK6/Src/UI/ui_param.c:342:16:ui_param_apply_arp_track_value	32	static
C:/Users/developpeur/Documents/BRICK5_H743_176/BRICK6/Src/UI/ui_param.c:946:13:ui_param_ensure_undo_transaction	16	static
C:/Users/developpeur/Documents/BRICK5_H743_176/BRICK6/Src/UI/ui_param.c:1156:16:ui_param_set_track_value	56	static
C:/Users/developpeur/Documents/BRICK5_H743_176/BRICK6/Src/UI/ui_param.c:1308:16:ui_param_set_active_track_value	8	static
C:/Users/developpeur/Documents/BRICK5_H743_176/BRICK6/Src/UI/ui_param.c:398:16:ui_param_relative_multi_track_is_record_context_blocked	32	static
C:/Users/developpeur/Documents/BRICK5_H743_176/BRICK6/Src/UI/ui_param.c:866:16:ui_param_track_accepts_relative_param	32	static
C:/Users/developpeur/Documents/BRICK5_H743_176/BRICK6/Src/UI/ui_param.c:1047:16:ui_param_is_relative_multi_track_candidate	24	static
C:/Users/developpeur/Documents/BRICK5_H743_176/BRICK6/Src/UI/ui_param.c:1313:16:ui_param_apply_relative_delta_to_other_tracks	56	static
C:/Users/developpeur/Documents/BRICK5_H743_176/BRICK6/Src/UI/ui_param.c:624:6:ui_param_set_bank	4	static
C:/Users/developpeur/Documents/BRICK5_H743_176/BRICK6/Src/UI/ui_param.c:645:6:ui_param_invalidate_bank	0	static
C:/Users/developpeur/Documents/BRICK5_H743_176/BRICK6/Src/UI/ui_param.c:650:6:ui_param_sync_active_bank_values	24	static
C:/Users/developpeur/Documents/BRICK5_H743_176/BRICK6/Src/UI/ui_param.c:686:6:ui_param_sync_active_track_mirror_from_runtime	40	static
C:/Users/developpeur/Documents/BRICK5_H743_176/BRICK6/Src/UI/ui_param.c:751:6:ui_param_capture_encoder_context	8	static
C:/Users/developpeur/Documents/BRICK5_H743_176/BRICK6/Src/UI/ui_param.c:763:6:ui_param_begin_encoder_edit_group	8	static
C:/Users/developpeur/Documents/BRICK5_H743_176/BRICK6/Src/UI/ui_param.c:769:6:ui_param_end_encoder_edit_group	8	static
C:/Users/developpeur/Documents/BRICK5_H743_176/BRICK6/Src/UI/ui_param.c:778:9:ui_param_get_active_bank_param	0	static
C:/Users/developpeur/Documents/BRICK5_H743_176/BRICK6/Src/UI/ui_param.c:823:6:ui_param_seq_plock_feedback_frame_begin	16	static
C:/Users/developpeur/Documents/BRICK5_H743_176/BRICK6/Src/UI/ui_param.c:1028:7:ui_param_get_active_track_display_value	8	static
C:/Users/developpeur/Documents/BRICK5_H743_176/BRICK6/Src/UI/ui_param.c:1582:9:ui_param_try_get_seq_plock_feedback_with_frame	48	static
C:/Users/developpeur/Documents/BRICK5_H743_176/BRICK6/Src/UI/ui_param.c:1630:9:ui_param_try_get_seq_plock_feedback	24	static
C:/Users/developpeur/Documents/BRICK5_H743_176/BRICK6/Src/UI/ui_param.c:1656:9:ui_param_handle_encoder_with_context	56	static
C:/Users/developpeur/Documents/BRICK5_H743_176/BRICK6/Src/UI/ui_param.c:1649:6:ui_param_handle_encoder	32	static
