C:/Users/developpeur/Documents/BRICK5_H743_176/BRICK6/Src/UI/ui_renderer_template.c:50:13:ui_renderer_template_format_semitones	8	static
C:/Users/developpeur/Documents/BRICK5_H743_176/BRICK6/Src/UI/ui_renderer_template.c:62:13:ui_renderer_template_format_fixed	32	static
C:/Users/developpeur/Documents/BRICK5_H743_176/BRICK6/Src/UI/ui_renderer_template.c:250:12:ui_renderer_template_center_x	16	static
C:/Users/developpeur/Documents/BRICK5_H743_176/BRICK6/Src/UI/ui_renderer_template.c:232:13:ui_renderer_template_format_cpu_avg	16	static
C:/Users/developpeur/Documents/BRICK5_H743_176/BRICK6/Src/UI/ui_renderer_template.c:261:13:ui_renderer_template_draw_open_corner_frame	40	static
C:/Users/developpeur/Documents/BRICK5_H743_176/BRICK6/Src/UI/ui_renderer_template.c:278:13:ui_renderer_template_draw_note_icon	32	static
C:/Users/developpeur/Documents/BRICK5_H743_176/BRICK6/Src/UI/ui_renderer_template.c:288:13:ui_renderer_template_draw_inverted_label	24	static
C:/Users/developpeur/Documents/BRICK5_H743_176/BRICK6/Src/UI/ui_renderer_template.c:29:13:ui_renderer_template_format_active_pattern_label	32	static
C:/Users/developpeur/Documents/BRICK5_H743_176/BRICK6/Src/UI/ui_renderer_template.c:555:13:ui_renderer_template_draw_header	120	static
C:/Users/developpeur/Documents/BRICK5_H743_176/BRICK6/Src/UI/ui_renderer_template.c:314:14:ui_renderer_template_get_param_display_value	16	static
C:/Users/developpeur/Documents/BRICK5_H743_176/BRICK6/Src/UI/ui_renderer_template.c:108:13:ui_renderer_template_format_value	48	static
C:/Users/developpeur/Documents/BRICK5_H743_176/BRICK6/Src/UI/ui_renderer_template.c:297:26:ui_renderer_template_resolve_widget_type	16	static
C:/Users/developpeur/Documents/BRICK5_H743_176/BRICK6/Src/UI/ui_renderer_template.c:326:13:ui_renderer_template_draw_param_slot	152	static
C:/Users/developpeur/Documents/BRICK5_H743_176/BRICK6/Src/UI/ui_renderer_template.c:645:13:ui_renderer_template_draw_footer	48	static
C:/Users/developpeur/Documents/BRICK5_H743_176/BRICK6/Src/UI/ui_renderer_template.c:701:6:ui_renderer_template_draw	24	static
