C:/Users/developpeur/Documents/BRICK5_H743_176/BRICK6/Src/UI/ui_renderer_template.c:415:16:ui_renderer_template_right_x	0	static
C:/Users/developpeur/Documents/BRICK5_H743_176/BRICK6/Src/UI/ui_renderer_template.c:686:12:ui_renderer_template_clamp_i32	0	static
C:/Users/developpeur/Documents/BRICK5_H743_176/BRICK6/Src/UI/ui_renderer_template.c:699:16:ui_renderer_template_value_to_u7	0	static
C:/Users/developpeur/Documents/BRICK5_H743_176/BRICK6/Src/UI/ui_renderer_template.c:786:16:ui_renderer_template_lfo_shape_from_value	0	static
C:/Users/developpeur/Documents/BRICK5_H743_176/BRICK6/Src/UI/ui_renderer_template.c:800:15:ui_renderer_template_lfo_sine_q7	4	static
C:/Users/developpeur/Documents/BRICK5_H743_176/BRICK6/Src/UI/ui_renderer_template.c:817:15:ui_renderer_template_lfo_wave_q7	8	static
C:/Users/developpeur/Documents/BRICK5_H743_176/BRICK6/Src/UI/ui_renderer_template.c:856:16:ui_renderer_template_lfo_shape_is_step	0	static
C:/Users/developpeur/Documents/BRICK5_H743_176/BRICK6/Src/UI/ui_renderer_template.c:863:12:ui_renderer_template_lfo_wave_y	0	static
C:/Users/developpeur/Documents/BRICK5_H743_176/BRICK6/Src/UI/ui_renderer_template.c:1635:16:ui_renderer_template_cfg_input_index	0	static
C:/Users/developpeur/Documents/BRICK5_H743_176/BRICK6/Src/UI/ui_renderer_template.c:1794:20:ui_renderer_template_filter_type_short_label	0	static
C:/Users/developpeur/Documents/BRICK5_H743_176/BRICK6/Src/UI/ui_renderer_template.c:1965:16:ui_renderer_template_custom_adsr_params	4	static
C:/Users/developpeur/Documents/BRICK5_H743_176/BRICK6/Src/UI/ui_renderer_template.c:2065:12:ui_renderer_template_lerp_i32	4	static
C:/Users/developpeur/Documents/BRICK5_H743_176/BRICK6/Src/UI/ui_renderer_template.c:2082:16:ui_renderer_template_slot_for_x	0	static
C:/Users/developpeur/Documents/BRICK5_H743_176/BRICK6/Src/UI/ui_renderer_template.c:2099:12:ui_renderer_template_adsr_y_for_x	16	static
C:/Users/developpeur/Documents/BRICK5_H743_176/BRICK6/Src/UI/ui_renderer_template.c:2237:41:ui_renderer_template_resolve_custom_widget	8	static
C:/Users/developpeur/Documents/BRICK5_H743_176/BRICK6/Src/UI/ui_renderer_template.c:2250:41:ui_renderer_template_resolve_grouped_custom_widget	24	static
C:/Users/developpeur/Documents/BRICK5_H743_176/BRICK6/Src/UI/ui_renderer_template.c:2346:20:ui_renderer_template_path_basename	0	static
C:/Users/developpeur/Documents/BRICK5_H743_176/BRICK6/Src/UI/ui_renderer_template.c:2412:12:ui_renderer_template_sampler_ram_amp_to_y	4	static
C:/Users/developpeur/Documents/BRICK5_H743_176/BRICK6/Src/UI/ui_renderer_template.c:2437:12:ui_renderer_template_sampler_ram_marker_x	8	static
C:/Users/developpeur/Documents/BRICK5_H743_176/BRICK6/Src/UI/ui_renderer_template.c:2520:17:ui_renderer_template_sampler_ram_slice_divisions	0	static
C:/Users/developpeur/Documents/BRICK5_H743_176/BRICK6/Src/UI/ui_renderer_template.c:2608:12:ui_renderer_template_sampler_ram_frame_to_x	8	static
C:/Users/developpeur/Documents/BRICK5_H743_176/BRICK6/Src/UI/ui_renderer_template.c:125:13:ui_renderer_template_format_fixed	32	static
C:/Users/developpeur/Documents/BRICK5_H743_176/BRICK6/Src/UI/ui_renderer_template.c:113:13:ui_renderer_template_format_semitones	8	static
C:/Users/developpeur/Documents/BRICK5_H743_176/BRICK6/Src/UI/ui_renderer_template.c:404:12:ui_renderer_template_center_x	16	static
C:/Users/developpeur/Documents/BRICK5_H743_176/BRICK6/Src/UI/ui_renderer_template.c:2468:13:ui_renderer_template_draw_sampler_ram_marker_label	24	static
C:/Users/developpeur/Documents/BRICK5_H743_176/BRICK6/Src/UI/ui_renderer_template.c:386:13:ui_renderer_template_format_cpu_avg	16	static
C:/Users/developpeur/Documents/BRICK5_H743_176/BRICK6/Src/UI/ui_renderer_template.c:870:13:ui_renderer_template_draw_lfo_baseline	24	static
C:/Users/developpeur/Documents/BRICK5_H743_176/BRICK6/Src/UI/ui_renderer_template.c:449:13:ui_renderer_template_draw_open_corner_frame	40	static
C:/Users/developpeur/Documents/BRICK5_H743_176/BRICK6/Src/UI/ui_renderer_template.c:466:13:ui_renderer_template_draw_brick_frame	32	static
C:/Users/developpeur/Documents/BRICK5_H743_176/BRICK6/Src/UI/ui_renderer_template.c:2480:13:ui_renderer_template_draw_sampler_ram_marker_line	16	static
C:/Users/developpeur/Documents/BRICK5_H743_176/BRICK6/Src/UI/ui_renderer_template.c:879:16:ui_renderer_template_draw_lfo_wave_shape	56	static
C:/Users/developpeur/Documents/BRICK5_H743_176/BRICK6/Src/UI/ui_renderer_template.c:914:16:ui_renderer_template_draw_lfo_shape_widget	32	static
C:/Users/developpeur/Documents/BRICK5_H743_176/BRICK6/Src/UI/ui_renderer_template.c:1298:13:ui_renderer_template_draw_cfg_synth_icon	24	static
C:/Users/developpeur/Documents/BRICK5_H743_176/BRICK6/Src/UI/ui_renderer_template.c:1398:13:ui_renderer_template_draw_cfg_drum_icon	48	static
C:/Users/developpeur/Documents/BRICK5_H743_176/BRICK6/Src/UI/ui_renderer_template.c:1421:13:ui_renderer_template_draw_cfg_sampler_icon	24	static
C:/Users/developpeur/Documents/BRICK5_H743_176/BRICK6/Src/UI/ui_renderer_template.c:1348:13:ui_renderer_template_draw_cfg_wave_icon	24	static
C:/Users/developpeur/Documents/BRICK5_H743_176/BRICK6/Src/UI/ui_renderer_template.c:1248:13:ui_renderer_template_draw_cfg_midi_icon	24	static
C:/Users/developpeur/Documents/BRICK5_H743_176/BRICK6/Src/UI/ui_renderer_template.c:1124:13:ui_renderer_template_draw_cfg_input_icon	24	static
C:/Users/developpeur/Documents/BRICK5_H743_176/BRICK6/Src/UI/ui_renderer_template.c:1174:13:ui_renderer_template_draw_cfg_hybrid_icon	24	static
C:/Users/developpeur/Documents/BRICK5_H743_176/BRICK6/Src/UI/ui_renderer_template.c:1521:13:ui_renderer_template_draw_cfg_ram_icon	24	static
C:/Users/developpeur/Documents/BRICK5_H743_176/BRICK6/Src/UI/ui_renderer_template.c:1471:13:ui_renderer_template_draw_cfg_stream_icon	24	static
C:/Users/developpeur/Documents/BRICK5_H743_176/BRICK6/Src/UI/ui_renderer_template.c:1065:13:ui_renderer_template_draw_point	8	static
C:/Users/developpeur/Documents/BRICK5_H743_176/BRICK6/Src/UI/ui_renderer_template.c:1070:13:ui_renderer_template_draw_circle_points	32	static
C:/Users/developpeur/Documents/BRICK5_H743_176/BRICK6/Src/UI/ui_renderer_template.c:1082:13:ui_renderer_template_draw_circle_outline	24	static
C:/Users/developpeur/Documents/BRICK5_H743_176/BRICK6/Src/UI/ui_renderer_template.c:1813:13:ui_renderer_template_draw_filter_curve_segment	8	static
C:/Users/developpeur/Documents/BRICK5_H743_176/BRICK6/Src/UI/ui_renderer_template.c:1830:16:ui_renderer_template_draw_filter_group_curve	88	static
C:/Users/developpeur/Documents/BRICK5_H743_176/BRICK6/Src/UI/ui_renderer_template.c:738:16:ui_renderer_template_draw_filter_text	32	static
C:/Users/developpeur/Documents/BRICK5_H743_176/BRICK6/Src/UI/ui_renderer_template.c:763:16:ui_renderer_template_draw_filter_big_text	24	static
C:/Users/developpeur/Documents/BRICK5_H743_176/BRICK6/Src/UI/ui_renderer_template.c:1224:16:ui_renderer_template_draw_cfg_midi_text	24	static
C:/Users/developpeur/Documents/BRICK5_H743_176/BRICK6/Src/UI/ui_renderer_template.c:1590:16:ui_renderer_template_draw_cfg_stacked_text	32	static
C:/Users/developpeur/Documents/BRICK5_H743_176/BRICK6/Src/UI/ui_renderer_template.c:496:13:ui_renderer_template_fill_lock_label_frame	8	static
C:/Users/developpeur/Documents/BRICK5_H743_176/BRICK6/Src/UI/ui_renderer_template.c:946:13:ui_renderer_template_draw_lfo_center_indicator	40	static
C:/Users/developpeur/Documents/BRICK5_H743_176/BRICK6/Src/UI/ui_renderer_template.c:514:13:ui_renderer_template_draw_track_badge	16	static
C:/Users/developpeur/Documents/BRICK5_H743_176/BRICK6/Src/UI/ui_renderer_template.c:487:13:ui_renderer_template_draw_inverted_label	24	static
C:/Users/developpeur/Documents/BRICK5_H743_176/BRICK6/Src/UI/ui_renderer_template.c:67:13:ui_renderer_template_format_active_pattern_label	32	static
C:/Users/developpeur/Documents/BRICK5_H743_176/BRICK6/Src/UI/ui_renderer_template.c:82:13:ui_renderer_template_format_active_kit_label	56	static
C:/Users/developpeur/Documents/BRICK5_H743_176/BRICK6/Src/UI/ui_renderer_template.c:425:13:ui_renderer_template_fit_text	16	static
C:/Users/developpeur/Documents/BRICK5_H743_176/BRICK6/Src/UI/ui_renderer_template.c:3177:13:ui_renderer_template_draw_header	216	static
C:/Users/developpeur/Documents/BRICK5_H743_176/BRICK6/Src/UI/ui_renderer_template.c:2328:16:ui_renderer_template_is_sampler_ram_tone	16	static
C:/Users/developpeur/Documents/BRICK5_H743_176/BRICK6/Src/UI/ui_renderer_template.c:540:14:ui_renderer_template_get_param_display_value	16	static
C:/Users/developpeur/Documents/BRICK5_H743_176/BRICK6/Src/UI/ui_renderer_template.c:2366:17:ui_renderer_template_sampler_ram_selected_global_slot	8	static
C:/Users/developpeur/Documents/BRICK5_H743_176/BRICK6/Src/UI/ui_renderer_template.c:2377:13:ui_renderer_template_sampler_ram_sample_label	16	static
C:/Users/developpeur/Documents/BRICK5_H743_176/BRICK6/Src/UI/ui_renderer_template.c:981:13:ui_renderer_template_draw_lfo_unipolar_bar	24	static
C:/Users/developpeur/Documents/BRICK5_H743_176/BRICK6/Src/UI/ui_renderer_template.c:1104:13:ui_renderer_template_draw_cfg_piano_icon	16	static
C:/Users/developpeur/Documents/BRICK5_H743_176/BRICK6/Src/UI/ui_renderer_template.c:1571:13:ui_renderer_template_draw_cfg_loop_icon	40	static
C:/Users/developpeur/Documents/BRICK5_H743_176/BRICK6/Src/UI/ui_renderer_template.c:552:16:ui_renderer_template_get_visible_param_value	40	static
C:/Users/developpeur/Documents/BRICK5_H743_176/BRICK6/Src/UI/ui_renderer_template.c:713:16:ui_renderer_template_filter_type_visible	24	static
C:/Users/developpeur/Documents/BRICK5_H743_176/BRICK6/Src/UI/ui_renderer_template.c:1615:26:ui_renderer_template_cfg_visible_family	16	static
C:/Users/developpeur/Documents/BRICK5_H743_176/BRICK6/Src/UI/ui_renderer_template.c:2535:13:ui_renderer_template_draw_sampler_ram_slice_divisions	56	static
C:/Users/developpeur/Documents/BRICK5_H743_176/BRICK6/Src/UI/ui_renderer_template.c:2499:13:ui_renderer_template_draw_sampler_ram_marker	16	static
C:/Users/developpeur/Documents/BRICK5_H743_176/BRICK6/Src/UI/ui_renderer_template.c:2130:16:ui_renderer_template_draw_custom_adsr_shape	96	static
C:/Users/developpeur/Documents/BRICK5_H743_176/BRICK6/Src/UI/ui_renderer_template.c:2624:13:ui_renderer_template_draw_sampler_ram_playhead	48	static
C:/Users/developpeur/Documents/BRICK5_H743_176/BRICK6/Src/UI/ui_renderer_template.c:2660:13:ui_renderer_template_draw_sampler_ram_waveform	64	static
C:/Users/developpeur/Documents/BRICK5_H743_176/BRICK6/Src/UI/ui_renderer_template.c:1997:16:ui_renderer_template_custom_adsr_supported	24	static
C:/Users/developpeur/Documents/BRICK5_H743_176/BRICK6/Src/UI/ui_renderer_template.c:2014:16:ui_renderer_template_prepare_custom_adsr	56	static
C:/Users/developpeur/Documents/BRICK5_H743_176/BRICK6/Src/UI/ui_renderer_template.c:2220:16:ui_renderer_template_draw_custom_adsr	32	static
C:/Users/developpeur/Documents/BRICK5_H743_176/BRICK6/Src/UI/ui_renderer_template.c:732:16:ui_renderer_template_filter_param_supported	8	static
C:/Users/developpeur/Documents/BRICK5_H743_176/BRICK6/Src/UI/ui_renderer_template.c:2276:16:ui_renderer_template_filter_curve_group_is_active	24	static
C:/Users/developpeur/Documents/BRICK5_H743_176/BRICK6/Src/UI/ui_renderer_template.c:1911:16:ui_renderer_template_draw_custom_filter	56	static
C:/Users/developpeur/Documents/BRICK5_H743_176/BRICK6/Src/UI/ui_renderer_template.c:2312:16:ui_renderer_template_draw_filter_curve_group	24	static
C:/Users/developpeur/Documents/BRICK5_H743_176/BRICK6/Src/UI/ui_renderer_template.c:768:16:ui_renderer_template_draw_lfo_dest_text	72	static
C:/Users/developpeur/Documents/BRICK5_H743_176/BRICK6/Src/UI/ui_renderer_template.c:919:16:ui_renderer_template_draw_lfo_phase_slew	56	static
C:/Users/developpeur/Documents/BRICK5_H743_176/BRICK6/Src/UI/ui_renderer_template.c:1009:16:ui_renderer_template_draw_lfo_custom_widget	16	static
C:/Users/developpeur/Documents/BRICK5_H743_176/BRICK6/Src/UI/ui_renderer_template.c:1644:16:ui_renderer_template_draw_custom_track_cfg	72	static
C:/Users/developpeur/Documents/BRICK5_H743_176/BRICK6/Src/UI/ui_renderer_template.c:523:26:ui_renderer_template_resolve_widget_type	16	static
C:/Users/developpeur/Documents/BRICK5_H743_176/BRICK6/Src/UI/ui_renderer_template.c:3308:13:ui_renderer_template_draw_footer	56	static
C:/Users/developpeur/Documents/BRICK5_H743_176/BRICK6/Src/UI/ui_renderer_template.c:171:6:ui_format_param_127_00	8	static
C:/Users/developpeur/Documents/BRICK5_H743_176/BRICK6/Src/UI/ui_renderer_template.c:195:13:ui_renderer_template_format_value	48	static
C:/Users/developpeur/Documents/BRICK5_H743_176/BRICK6/Src/UI/ui_renderer_template.c:591:13:ui_renderer_template_build_param_text	48	static
C:/Users/developpeur/Documents/BRICK5_H743_176/BRICK6/Src/UI/ui_renderer_template.c:623:16:ui_renderer_template_prepare_param_slot_texts	72	static
C:/Users/developpeur/Documents/BRICK5_H743_176/BRICK6/Src/UI/ui_renderer_template.c:2770:13:ui_renderer_template_draw_sampler_ram_slot_text	144	static
C:/Users/developpeur/Documents/BRICK5_H743_176/BRICK6/Src/UI/ui_renderer_template.c:2814:13:ui_renderer_template_draw_sampler_ram_wave_placeholder	64	static
C:/Users/developpeur/Documents/BRICK5_H743_176/BRICK6/Src/UI/ui_renderer_template.c:1043:16:ui_renderer_template_draw_play_note_text	48	static
C:/Users/developpeur/Documents/BRICK5_H743_176/BRICK6/Src/UI/ui_renderer_template.c:2841:13:ui_renderer_template_draw_param_slot	224	static
C:/Users/developpeur/Documents/BRICK5_H743_176/BRICK6/Src/UI/ui_renderer_template.c:3368:6:ui_renderer_template_draw	56	static
