../Drivers/Drv_app/Src/drv_display.c:16:9:u8x8_byte_hw_spi	8	static
../Drivers/Drv_app/Src/drv_display.c:42:9:u8x8_gpio_and_delay_stm32	8	static
../Drivers/Drv_app/Src/drv_display.c:75:6:drv_display_init	8	static
../Drivers/Drv_app/Src/drv_display.c:87:6:drv_display_clear	0	static
../Drivers/Drv_app/Src/drv_display.c:92:6:drv_display_update	0	static
../Drivers/Drv_app/Src/drv_display.c:97:10:drv_display_get_buffer	0	static
../Drivers/Drv_app/Src/drv_display.c:102:6:drv_display_set_font	4	static
../Drivers/Drv_app/Src/drv_display.c:116:6:drv_display_draw_pixel	16	static
../Drivers/Drv_app/Src/drv_display.c:123:6:drv_display_draw_rect	16	static
../Drivers/Drv_app/Src/drv_display.c:133:6:drv_display_fill_rect	16	static
../Drivers/Drv_app/Src/drv_display.c:143:6:drv_display_clear_rect	32	static
../Drivers/Drv_app/Src/drv_display.c:155:6:drv_display_draw_char	16	static
../Drivers/Drv_app/Src/drv_display.c:161:6:drv_display_draw_text	4	static
../Drivers/Drv_app/Src/drv_display.c:171:6:drv_display_draw_number	32	static
