../tinyusb/src/class/audio/audio_device.c:1818:13:audiod_calc_tx_packet_sz.isra	24	static,ignoring_inline_asm
../tinyusb/src/class/audio/audio_device.c:280:19:tud_audio_tx_done_isr	0	static
../tinyusb/src/class/audio/audio_device.c:292:19:tud_audio_rx_done_isr	0	static
../tinyusb/src/class/audio/audio_device.c:323:19:tud_audio_set_itf_cb	0	static
../tinyusb/src/class/audio/audio_device.c:330:19:tud_audio_set_itf_close_ep_cb	0	static
../tinyusb/src/class/audio/audio_device.c:337:19:tud_audio_set_req_ep_cb	0	static
../tinyusb/src/class/audio/audio_device.c:346:19:tud_audio_set_req_itf_cb	0	static
../tinyusb/src/class/audio/audio_device.c:355:19:tud_audio_set_req_entity_cb	0	static
../tinyusb/src/class/audio/audio_device.c:364:19:tud_audio_get_req_ep_cb	0	static
../tinyusb/src/class/audio/audio_device.c:372:19:tud_audio_get_req_itf_cb	0	static
../tinyusb/src/class/audio/audio_device.c:380:19:tud_audio_get_req_entity_cb	0	static
../tinyusb/src/class/audio/audio_device.c:419:6:tud_audio_n_mounted	0	static
../tinyusb/src/class/audio/audio_device.c:432:10:tud_audio_n_available	0	static
../tinyusb/src/class/audio/audio_device.c:437:10:tud_audio_n_read	4	static
../tinyusb/src/class/audio/audio_device.c:442:6:tud_audio_n_clear_ep_out_ff	8	static
../tinyusb/src/class/audio/audio_device.c:448:12:tud_audio_n_get_ep_out_ff	0	static
../tinyusb/src/class/audio/audio_device.c:489:10:tud_audio_n_write	4	static
../tinyusb/src/class/audio/audio_device.c:494:6:tud_audio_n_clear_ep_in_ff	8	static
../tinyusb/src/class/audio/audio_device.c:500:12:tud_audio_n_get_ep_in_ff	0	static
../tinyusb/src/class/audio/audio_device.c:507:10:tud_audio_n_get_ep_in_fifo_threshold	0	static
../tinyusb/src/class/audio/audio_device.c:512:6:tud_audio_n_set_ep_in_fifo_threshold	0	static
../tinyusb/src/class/audio/audio_device.c:649:9:tud_audio_n_version	0	static
../tinyusb/src/class/audio/audio_device.c:666:6:audiod_init	8	static
../tinyusb/src/class/audio/audio_device.c:778:6:audiod_deinit	0	static
../tinyusb/src/class/audio/audio_device.c:782:6:audiod_reset	8	static
../tinyusb/src/class/audio/audio_device.c:799:10:audiod_open	24	static,ignoring_inline_asm
../tinyusb/src/class/audio/audio_device.c:1441:6:audiod_control_xfer_cb	80	static,ignoring_inline_asm
../tinyusb/src/class/audio/audio_device.c:1453:6:audiod_xfer_cb	0	static
../tinyusb/src/class/audio/audio_device.c:1484:6:audiod_xfer_isr	48	static
../tinyusb/src/class/audio/audio_device.c:1634:24:audiod_sof_isr	0	static
../tinyusb/src/class/audio/audio_device.c:1661:6:tud_audio_buffer_and_schedule_control_xfer	32	static,ignoring_inline_asm
