C:/Users/developpeur/Documents/BRICK5_H743_176/BRICK6/Src/Audio/vca_env.c:5:17:time_samples	0	static
C:/Users/developpeur/Documents/BRICK5_H743_176/BRICK6/Src/Audio/vca_env.c:16:14:clamp_level	0	static
C:/Users/developpeur/Documents/BRICK5_H743_176/BRICK6/Src/Audio/vca_env.c:11:14:coefficient	16	static
C:/Users/developpeur/Documents/BRICK5_H743_176/BRICK6/Src/Audio/vca_env.c:17:13:prepare	16	static
C:/Users/developpeur/Documents/BRICK5_H743_176/BRICK6/Src/Audio/vca_env.c:45:6:vca_env_reset	0	static
C:/Users/developpeur/Documents/BRICK5_H743_176/BRICK6/Src/Audio/vca_env.c:32:6:vca_env_init	24	static
C:/Users/developpeur/Documents/BRICK5_H743_176/BRICK6/Src/Audio/vca_env.c:51:6:vca_env_set_attack	8	static
C:/Users/developpeur/Documents/BRICK5_H743_176/BRICK6/Src/Audio/vca_env.c:58:6:vca_env_set_decay	8	static
C:/Users/developpeur/Documents/BRICK5_H743_176/BRICK6/Src/Audio/vca_env.c:65:6:vca_env_set_sustain	8	static
C:/Users/developpeur/Documents/BRICK5_H743_176/BRICK6/Src/Audio/vca_env.c:69:6:vca_env_set_release	8	static
C:/Users/developpeur/Documents/BRICK5_H743_176/BRICK6/Src/Audio/vca_env.c:75:6:vca_env_gate_on	0	static
C:/Users/developpeur/Documents/BRICK5_H743_176/BRICK6/Src/Audio/vca_env.c:76:6:vca_env_gate_off	8	static
C:/Users/developpeur/Documents/BRICK5_H743_176/BRICK6/Src/Audio/vca_env.c:81:6:vca_env_retrigger	8	static
C:/Users/developpeur/Documents/BRICK5_H743_176/BRICK6/Src/Audio/vca_env.c:87:9:vca_env_process	16	static
C:/Users/developpeur/Documents/BRICK5_H743_176/BRICK6/Src/Audio/vca_env.c:111:10:vca_env_process_block	24	static
C:/Users/developpeur/Documents/BRICK5_H743_176/BRICK6/Src/Audio/vca_env.c:121:17:vca_env_stage	0	static
