Open On-Chip Debugger 0.12.0 (2025-07-10) [https://github.com/sysprogs/openocd]
Licensed under GNU GPL v2
libusb1 d52e355daa09f17ce64819122cb067b8a2ee0d4b
For bug reports, read
	http://openocd.org/doc/doxygen/bugs.html
adapter speed: 200 kHz
Info : STLINK V2J43M28 (API v2) VID:PID 0483:3752
Info : Target voltage: 3.249670
Info : Unable to match requested speed 200 kHz, using 125 kHz
Info : Unable to match requested speed 200 kHz, using 125 kHz
Info : clock speed 125 kHz
Info : stlink_dap_op_connect(connect)
Info : SWD DPIDR 0x6ba02477
Info : [stm32h7x.ap2] Examination succeed
Info : [stm32h7x.cpu0] Cortex-M7 r1p1 processor detected
Warn : [stm32h7x.cpu0] Erratum 3092511: Cortex-M7 can halt in an incorrect address when breakpoint and exception occurs simultaneously
Info : [stm32h7x.cpu0] The erratum 3092511 workaround will resume after an incorrect halt
Info : [stm32h7x.cpu0] target has 8 breakpoints, 4 watchpoints
Info : [stm32h7x.cpu0] Examination succeed
Info : [stm32h7x.ap2] gdb port disabled
Info : [stm32h7x.cpu0] starting gdb server on 3333
Info : Listening on port 3333 for gdb connections
Info : Listening on port 6666 for tcl connections
Info : Listening on port 4444 for telnet connections
Info : accepting 'gdb' connection on tcp/3333
[stm32h7x.cpu0] halted due to debug-request, current mode: Thread 
xPSR: 0x81000000 pc: 0x080b94ac msp: 0x2407ff80
Info : Device: STM32H74x/75x
Info : flash size probed value 2048k
Info : STM32H7 flash has dual banks
Info : Bank (0) size is 1024 kb, base address is 0x08000000
Info : New GDB Connection: 1, Target stm32h7x.cpu0, state: halted
Info : dropped 'gdb' connection (error -400)
Info : accepting 'gdb' connection on tcp/3333
Info : New GDB Connection: 2, Target stm32h7x.cpu0, state: halted
Error: Error on socket 'GDB': WSAGetLastError==10054, message: Une connexion existante a dû être fermée par l’hôte distant.
.
Info : dropped 'gdb' connection (error -400)
Info : accepting 'gdb' connection on tcp/3333
[stm32h7x.cpu0] halted due to debug-request, current mode: Thread 
xPSR: 0x81000000 pc: 0x0805365c msp: 0x2407ff88
Info : New GDB Connection: 3, Target stm32h7x.cpu0, state: halted
Info : dropped 'gdb' connection (error -400)
Info : accepting 'gdb' connection on tcp/3333
Info : New GDB Connection: 4, Target stm32h7x.cpu0, state: halted
Info : dropped 'gdb' connection (error -400)
Info : accepting 'gdb' connection on tcp/3333
Info : New GDB Connection: 5, Target stm32h7x.cpu0, state: halted
Info : dropped 'gdb' connection (error -400)
Info : accepting 'gdb' connection on tcp/3333
Info : New GDB Connection: 6, Target stm32h7x.cpu0, state: halted
Info : dropped 'gdb' connection (error -400)
Error: Fail reading CTRL/STAT register. Force reconnect
Error: [stm32h7x.cpu0] Polling failed, trying to reexamine
Error: Fail reading CTRL/STAT register. Force reconnect
Error: [stm32h7x.cpu0] Examination failed
Error: [stm32h7x.cpu0] Examination failed, GDB will be halted. Polling again in 100ms
Error: Fail reading CTRL/STAT register. Force reconnect
Error: [stm32h7x.cpu0] Polling failed, trying to reexamine
Error: Fail reading CTRL/STAT register. Force reconnect
Error: [stm32h7x.cpu0] Examination failed
Error: [stm32h7x.cpu0] Examination failed, GDB will be halted. Polling again in 300ms
Error: Fail reading CTRL/STAT register. Force reconnect
Error: [stm32h7x.cpu0] Polling failed, trying to reexamine
Error: Fail reading CTRL/STAT register. Force reconnect
Error: [stm32h7x.cpu0] Examination failed
Error: [stm32h7x.cpu0] Examination failed, GDB will be halted. Polling again in 700ms
Error: Fail reading CTRL/STAT register. Force reconnect
Error: [stm32h7x.cpu0] Polling failed, trying to reexamine
Error: Fail reading CTRL/STAT register. Force reconnect
Error: [stm32h7x.cpu0] Examination failed
Error: [stm32h7x.cpu0] Examination failed, GDB will be halted. Polling again in 1500ms
Error: Fail reading CTRL/STAT register. Force reconnect
Error: [stm32h7x.cpu0] Polling failed, trying to reexamine
Error: Fail reading CTRL/STAT register. Force reconnect
Error: [stm32h7x.cpu0] Examination failed
Error: [stm32h7x.cpu0] Examination failed, GDB will be halted. Polling again in 3100ms
Error: Fail reading CTRL/STAT register. Force reconnect
Error: [stm32h7x.cpu0] Polling failed, trying to reexamine
Error: Fail reading CTRL/STAT register. Force reconnect
Error: [stm32h7x.cpu0] Examination failed
Error: [stm32h7x.cpu0] Examination failed, GDB will be halted. Polling again in 6300ms
Error: Fail reading CTRL/STAT register. Force reconnect
Error: [stm32h7x.cpu0] Polling failed, trying to reexamine
Error: Fail reading CTRL/STAT register. Force reconnect
Error: [stm32h7x.cpu0] Examination failed
Error: [stm32h7x.cpu0] Examination failed, GDB will be halted. Polling again in 6300ms
Error: Fail reading CTRL/STAT register. Force reconnect
Error: [stm32h7x.cpu0] Polling failed, trying to reexamine
Error: Fail reading CTRL/STAT register. Force reconnect
Error: [stm32h7x.cpu0] Examination failed
Error: [stm32h7x.cpu0] Examination failed, GDB will be halted. Polling again in 6300ms
Error: Fail reading CTRL/STAT register. Force reconnect
Error: [stm32h7x.cpu0] Polling failed, trying to reexamine
Error: Fail reading CTRL/STAT register. Force reconnect
Error: [stm32h7x.cpu0] Examination failed
Error: [stm32h7x.cpu0] Examination failed, GDB will be halted. Polling again in 6300ms
Error: Fail reading CTRL/STAT register. Force reconnect
Error: [stm32h7x.cpu0] Polling failed, trying to reexamine
Error: Fail reading CTRL/STAT register. Force reconnect
Error: [stm32h7x.cpu0] Examination failed
Error: [stm32h7x.cpu0] Examination failed, GDB will be halted. Polling again in 6300ms
Error: Fail reading CTRL/STAT register. Force reconnect
Error: [stm32h7x.cpu0] Polling failed, trying to reexamine
Error: Fail reading CTRL/STAT register. Force reconnect
Error: [stm32h7x.cpu0] Examination failed
Error: [stm32h7x.cpu0] Examination failed, GDB will be halted. Polling again in 6300ms
Error: Fail reading CTRL/STAT register. Force reconnect
Error: [stm32h7x.cpu0] Polling failed, trying to reexamine
Error: Fail reading CTRL/STAT register. Force reconnect
Error: [stm32h7x.cpu0] Examination failed
Error: [stm32h7x.cpu0] Examination failed, GDB will be halted. Polling again in 6300ms
Error: Fail reading CTRL/STAT register. Force reconnect
Error: [stm32h7x.cpu0] Polling failed, trying to reexamine
Error: Fail reading CTRL/STAT register. Force reconnect
Error: [stm32h7x.cpu0] Examination failed
Error: [stm32h7x.cpu0] Examination failed, GDB will be halted. Polling again in 6300ms
Error: Fail reading CTRL/STAT register. Force reconnect
Error: [stm32h7x.cpu0] Polling failed, trying to reexamine
Error: Fail reading CTRL/STAT register. Force reconnect
Error: [stm32h7x.cpu0] Examination failed
Error: [stm32h7x.cpu0] Examination failed, GDB will be halted. Polling again in 6300ms
Error: Fail reading CTRL/STAT register. Force reconnect
Error: [stm32h7x.cpu0] Polling failed, trying to reexamine
Error: Fail reading CTRL/STAT register. Force reconnect
Error: [stm32h7x.cpu0] Examination failed
Error: [stm32h7x.cpu0] Examination failed, GDB will be halted. Polling again in 6300ms
Error: Fail reading CTRL/STAT register. Force reconnect
Error: [stm32h7x.cpu0] Polling failed, trying to reexamine
Error: Fail reading CTRL/STAT register. Force reconnect
Error: [stm32h7x.cpu0] Examination failed
Error: [stm32h7x.cpu0] Examination failed, GDB will be halted. Polling again in 6300ms
Error: Fail reading CTRL/STAT register. Force reconnect
Error: [stm32h7x.cpu0] Polling failed, trying to reexamine
Error: Fail reading CTRL/STAT register. Force reconnect
Error: [stm32h7x.cpu0] Examination failed
Error: [stm32h7x.cpu0] Examination failed, GDB will be halted. Polling again in 6300ms
Error: Fail reading CTRL/STAT register. Force reconnect
Error: [stm32h7x.cpu0] Polling failed, trying to reexamine
Error: Fail reading CTRL/STAT register. Force reconnect
Error: [stm32h7x.cpu0] Examination failed
Error: [stm32h7x.cpu0] Examination failed, GDB will be halted. Polling again in 6300ms
Error: Fail reading CTRL/STAT register. Force reconnect
Error: [stm32h7x.cpu0] Polling failed, trying to reexamine
Error: Fail reading CTRL/STAT register. Force reconnect
Error: [stm32h7x.cpu0] Examination failed
Error: [stm32h7x.cpu0] Examination failed, GDB will be halted. Polling again in 6300ms
Error: Fail reading CTRL/STAT register. Force reconnect
Error: [stm32h7x.cpu0] Polling failed, trying to reexamine
Error: Fail reading CTRL/STAT register. Force reconnect
Error: [stm32h7x.cpu0] Examination failed
Error: [stm32h7x.cpu0] Examination failed, GDB will be halted. Polling again in 6300ms
Error: Fail reading CTRL/STAT register. Force reconnect
Error: [stm32h7x.cpu0] Polling failed, trying to reexamine
Error: Fail reading CTRL/STAT register. Force reconnect
Error: [stm32h7x.cpu0] Examination failed
Error: [stm32h7x.cpu0] Examination failed, GDB will be halted. Polling again in 6300ms
Error: Fail reading CTRL/STAT register. Force reconnect
Error: [stm32h7x.cpu0] Polling failed, trying to reexamine
Error: Fail reading CTRL/STAT register. Force reconnect
Error: [stm32h7x.cpu0] Examination failed
Error: [stm32h7x.cpu0] Examination failed, GDB will be halted. Polling again in 6300ms
Error: Fail reading CTRL/STAT register. Force reconnect
Error: [stm32h7x.cpu0] Polling failed, trying to reexamine
Error: Fail reading CTRL/STAT register. Force reconnect
Error: [stm32h7x.cpu0] Examination failed
Error: [stm32h7x.cpu0] Examination failed, GDB will be halted. Polling again in 6300ms
Error: Fail reading CTRL/STAT register. Force reconnect
Error: [stm32h7x.cpu0] Polling failed, trying to reexamine
Error: Fail reading CTRL/STAT register. Force reconnect
Error: [stm32h7x.cpu0] Examination failed
Error: [stm32h7x.cpu0] Examination failed, GDB will be halted. Polling again in 6300ms
Error: Fail reading CTRL/STAT register. Force reconnect
Error: [stm32h7x.cpu0] Polling failed, trying to reexamine
Error: Fail reading CTRL/STAT register. Force reconnect
Error: [stm32h7x.cpu0] Examination failed
Error: [stm32h7x.cpu0] Examination failed, GDB will be halted. Polling again in 6300ms
Error: Fail reading CTRL/STAT register. Force reconnect
Error: [stm32h7x.cpu0] Polling failed, trying to reexamine
Error: Fail reading CTRL/STAT register. Force reconnect
Error: [stm32h7x.cpu0] Examination failed
Error: [stm32h7x.cpu0] Examination failed, GDB will be halted. Polling again in 6300ms
Error: Fail reading CTRL/STAT register. Force reconnect
Error: [stm32h7x.cpu0] Polling failed, trying to reexamine
Error: Fail reading CTRL/STAT register. Force reconnect
Error: [stm32h7x.cpu0] Examination failed
Error: [stm32h7x.cpu0] Examination failed, GDB will be halted. Polling again in 6300ms
Error: Fail reading CTRL/STAT register. Force reconnect
Error: [stm32h7x.cpu0] Polling failed, trying to reexamine
Error: Fail reading CTRL/STAT register. Force reconnect
Error: [stm32h7x.cpu0] Examination failed
Error: [stm32h7x.cpu0] Examination failed, GDB will be halted. Polling again in 6300ms
Error: Fail reading CTRL/STAT register. Force reconnect
Error: [stm32h7x.cpu0] Polling failed, trying to reexamine
Error: Fail reading CTRL/STAT register. Force reconnect
Error: [stm32h7x.cpu0] Examination failed
Error: [stm32h7x.cpu0] Examination failed, GDB will be halted. Polling again in 6300ms
Error: Fail reading CTRL/STAT register. Force reconnect
Error: [stm32h7x.cpu0] Polling failed, trying to reexamine
Error: Fail reading CTRL/STAT register. Force reconnect
Error: [stm32h7x.cpu0] Examination failed
Error: [stm32h7x.cpu0] Examination failed, GDB will be halted. Polling again in 6300ms
Error: Fail reading CTRL/STAT register. Force reconnect
Error: [stm32h7x.cpu0] Polling failed, trying to reexamine
Error: Fail reading CTRL/STAT register. Force reconnect
Error: [stm32h7x.cpu0] Examination failed
Error: [stm32h7x.cpu0] Examination failed, GDB will be halted. Polling again in 6300ms
Error: Fail reading CTRL/STAT register. Force reconnect
Error: [stm32h7x.cpu0] Polling failed, trying to reexamine
Error: Fail reading CTRL/STAT register. Force reconnect
Error: [stm32h7x.cpu0] Examination failed
Error: [stm32h7x.cpu0] Examination failed, GDB will be halted. Polling again in 6300ms
Error: Fail reading CTRL/STAT register. Force reconnect
Error: [stm32h7x.cpu0] Polling failed, trying to reexamine
Error: Fail reading CTRL/STAT register. Force reconnect
Error: [stm32h7x.cpu0] Examination failed
Error: [stm32h7x.cpu0] Examination failed, GDB will be halted. Polling again in 6300ms
Error: Fail reading CTRL/STAT register. Force reconnect
Error: [stm32h7x.cpu0] Polling failed, trying to reexamine
Error: Fail reading CTRL/STAT register. Force reconnect
Error: [stm32h7x.cpu0] Examination failed
Error: [stm32h7x.cpu0] Examination failed, GDB will be halted. Polling again in 6300ms
Error: Fail reading CTRL/STAT register. Force reconnect
Error: [stm32h7x.cpu0] Polling failed, trying to reexamine
Error: Fail reading CTRL/STAT register. Force reconnect
Error: [stm32h7x.cpu0] Examination failed
Error: [stm32h7x.cpu0] Examination failed, GDB will be halted. Polling again in 6300ms
Error: Fail reading CTRL/STAT register. Force reconnect
Error: [stm32h7x.cpu0] Polling failed, trying to reexamine
Error: Fail reading CTRL/STAT register. Force reconnect
Error: [stm32h7x.cpu0] Examination failed
Error: [stm32h7x.cpu0] Examination failed, GDB will be halted. Polling again in 6300ms
Error: Fail reading CTRL/STAT register. Force reconnect
Error: [stm32h7x.cpu0] Polling failed, trying to reexamine
Error: Fail reading CTRL/STAT register. Force reconnect
Error: [stm32h7x.cpu0] Examination failed
Error: [stm32h7x.cpu0] Examination failed, GDB will be halted. Polling again in 6300ms
Error: Fail reading CTRL/STAT register. Force reconnect
Error: [stm32h7x.cpu0] Polling failed, trying to reexamine
Error: Fail reading CTRL/STAT register. Force reconnect
Error: [stm32h7x.cpu0] Examination failed
Error: [stm32h7x.cpu0] Examination failed, GDB will be halted. Polling again in 6300ms
Error: Fail reading CTRL/STAT register. Force reconnect
Error: [stm32h7x.cpu0] Polling failed, trying to reexamine
Error: Fail reading CTRL/STAT register. Force reconnect
Error: [stm32h7x.cpu0] Examination failed
Error: [stm32h7x.cpu0] Examination failed, GDB will be halted. Polling again in 6300ms
Error: Fail reading CTRL/STAT register. Force reconnect
Error: [stm32h7x.cpu0] Polling failed, trying to reexamine
Error: Fail reading CTRL/STAT register. Force reconnect
Error: [stm32h7x.cpu0] Examination failed
Error: [stm32h7x.cpu0] Examination failed, GDB will be halted. Polling again in 6300ms
Error: Fail reading CTRL/STAT register. Force reconnect
Error: [stm32h7x.cpu0] Polling failed, trying to reexamine
Error: Fail reading CTRL/STAT register. Force reconnect
Error: [stm32h7x.cpu0] Examination failed
Error: [stm32h7x.cpu0] Examination failed, GDB will be halted. Polling again in 6300ms
Error: Fail reading CTRL/STAT register. Force reconnect
Error: [stm32h7x.cpu0] Polling failed, trying to reexamine
Error: Fail reading CTRL/STAT register. Force reconnect
Error: [stm32h7x.cpu0] Examination failed
Error: [stm32h7x.cpu0] Examination failed, GDB will be halted. Polling again in 6300ms
Error: Fail reading CTRL/STAT register. Force reconnect
Error: [stm32h7x.cpu0] Polling failed, trying to reexamine
Error: Fail reading CTRL/STAT register. Force reconnect
Error: [stm32h7x.cpu0] Examination failed
Error: [stm32h7x.cpu0] Examination failed, GDB will be halted. Polling again in 6300ms
Error: Fail reading CTRL/STAT register. Force reconnect
Error: [stm32h7x.cpu0] Polling failed, trying to reexamine
Error: Fail reading CTRL/STAT register. Force reconnect
Error: [stm32h7x.cpu0] Examination failed
Error: [stm32h7x.cpu0] Examination failed, GDB will be halted. Polling again in 6300ms
Error: Fail reading CTRL/STAT register. Force reconnect
Error: [stm32h7x.cpu0] Polling failed, trying to reexamine
Error: Fail reading CTRL/STAT register. Force reconnect
Error: [stm32h7x.cpu0] Examination failed
Error: [stm32h7x.cpu0] Examination failed, GDB will be halted. Polling again in 6300ms
Error: Fail reading CTRL/STAT register. Force reconnect
Error: [stm32h7x.cpu0] Polling failed, trying to reexamine
Error: Fail reading CTRL/STAT register. Force reconnect
Error: [stm32h7x.cpu0] Examination failed
Error: [stm32h7x.cpu0] Examination failed, GDB will be halted. Polling again in 6300ms
Error: Fail reading CTRL/STAT register. Force reconnect
Error: [stm32h7x.cpu0] Polling failed, trying to reexamine
Error: Fail reading CTRL/STAT register. Force reconnect
Error: [stm32h7x.cpu0] Examination failed
Error: [stm32h7x.cpu0] Examination failed, GDB will be halted. Polling again in 6300ms
Error: Fail reading CTRL/STAT register. Force reconnect
Error: [stm32h7x.cpu0] Polling failed, trying to reexamine
Error: Fail reading CTRL/STAT register. Force reconnect
Error: [stm32h7x.cpu0] Examination failed
Error: [stm32h7x.cpu0] Examination failed, GDB will be halted. Polling again in 6300ms
Error: Fail reading CTRL/STAT register. Force reconnect
Error: [stm32h7x.cpu0] Polling failed, trying to reexamine
Error: Fail reading CTRL/STAT register. Force reconnect
Error: [stm32h7x.cpu0] Examination failed
Error: [stm32h7x.cpu0] Examination failed, GDB will be halted. Polling again in 6300ms
Error: Fail reading CTRL/STAT register. Force reconnect
Error: [stm32h7x.cpu0] Polling failed, trying to reexamine
Error: Fail reading CTRL/STAT register. Force reconnect
Error: [stm32h7x.cpu0] Examination failed
Error: [stm32h7x.cpu0] Examination failed, GDB will be halted. Polling again in 6300ms
Error: Fail reading CTRL/STAT register. Force reconnect
Error: [stm32h7x.cpu0] Polling failed, trying to reexamine
Error: Fail reading CTRL/STAT register. Force reconnect
Error: [stm32h7x.cpu0] Examination failed
Error: [stm32h7x.cpu0] Examination failed, GDB will be halted. Polling again in 6300ms
Error: Fail reading CTRL/STAT register. Force reconnect
Error: [stm32h7x.cpu0] Polling failed, trying to reexamine
Error: Fail reading CTRL/STAT register. Force reconnect
Error: [stm32h7x.cpu0] Examination failed
Error: [stm32h7x.cpu0] Examination failed, GDB will be halted. Polling again in 6300ms
Error: Fail reading CTRL/STAT register. Force reconnect
Error: [stm32h7x.cpu0] Polling failed, trying to reexamine
Error: Fail reading CTRL/STAT register. Force reconnect
Error: [stm32h7x.cpu0] Examination failed
Error: [stm32h7x.cpu0] Examination failed, GDB will be halted. Polling again in 6300ms
Error: Fail reading CTRL/STAT register. Force reconnect
Error: [stm32h7x.cpu0] Polling failed, trying to reexamine
Error: Fail reading CTRL/STAT register. Force reconnect
Error: [stm32h7x.cpu0] Examination failed
Error: [stm32h7x.cpu0] Examination failed, GDB will be halted. Polling again in 6300ms
Error: Fail reading CTRL/STAT register. Force reconnect
Error: [stm32h7x.cpu0] Polling failed, trying to reexamine
Error: Fail reading CTRL/STAT register. Force reconnect
Error: [stm32h7x.cpu0] Examination failed
Error: [stm32h7x.cpu0] Examination failed, GDB will be halted. Polling again in 6300ms
Error: Fail reading CTRL/STAT register. Force reconnect
Error: [stm32h7x.cpu0] Polling failed, trying to reexamine
Error: Fail reading CTRL/STAT register. Force reconnect
Error: [stm32h7x.cpu0] Examination failed
Error: [stm32h7x.cpu0] Examination failed, GDB will be halted. Polling again in 6300ms
Error: Fail reading CTRL/STAT register. Force reconnect
Error: [stm32h7x.cpu0] Polling failed, trying to reexamine
Error: Fail reading CTRL/STAT register. Force reconnect
Error: [stm32h7x.cpu0] Examination failed
Error: [stm32h7x.cpu0] Examination failed, GDB will be halted. Polling again in 6300ms
Error: Fail reading CTRL/STAT register. Force reconnect
Error: [stm32h7x.cpu0] Polling failed, trying to reexamine
Error: Fail reading CTRL/STAT register. Force reconnect
Error: [stm32h7x.cpu0] Examination failed
Error: [stm32h7x.cpu0] Examination failed, GDB will be halted. Polling again in 6300ms
Error: Fail reading CTRL/STAT register. Force reconnect
Error: [stm32h7x.cpu0] Polling failed, trying to reexamine
Error: Fail reading CTRL/STAT register. Force reconnect
Error: [stm32h7x.cpu0] Examination failed
Error: [stm32h7x.cpu0] Examination failed, GDB will be halted. Polling again in 6300ms
Error: Fail reading CTRL/STAT register. Force reconnect
Error: [stm32h7x.cpu0] Polling failed, trying to reexamine
Error: Fail reading CTRL/STAT register. Force reconnect
Error: [stm32h7x.cpu0] Examination failed
Error: [stm32h7x.cpu0] Examination failed, GDB will be halted. Polling again in 6300ms
Error: Fail reading CTRL/STAT register. Force reconnect
Error: [stm32h7x.cpu0] Polling failed, trying to reexamine
Error: Fail reading CTRL/STAT register. Force reconnect
Error: [stm32h7x.cpu0] Examination failed
Error: [stm32h7x.cpu0] Examination failed, GDB will be halted. Polling again in 6300ms
Error: Fail reading CTRL/STAT register. Force reconnect
Error: [stm32h7x.cpu0] Polling failed, trying to reexamine
Error: Fail reading CTRL/STAT register. Force reconnect
Error: [stm32h7x.cpu0] Examination failed
Error: [stm32h7x.cpu0] Examination failed, GDB will be halted. Polling again in 6300ms
Error: Fail reading CTRL/STAT register. Force reconnect
Error: [stm32h7x.cpu0] Polling failed, trying to reexamine
Error: Fail reading CTRL/STAT register. Force reconnect
Error: [stm32h7x.cpu0] Examination failed
Error: [stm32h7x.cpu0] Examination failed, GDB will be halted. Polling again in 6300ms
Error: Fail reading CTRL/STAT register. Force reconnect
Error: [stm32h7x.cpu0] Polling failed, trying to reexamine
Error: Fail reading CTRL/STAT register. Force reconnect
Error: [stm32h7x.cpu0] Examination failed
Error: [stm32h7x.cpu0] Examination failed, GDB will be halted. Polling again in 6300ms
Error: Fail reading CTRL/STAT register. Force reconnect
Error: [stm32h7x.cpu0] Polling failed, trying to reexamine
Error: Fail reading CTRL/STAT register. Force reconnect
Error: [stm32h7x.cpu0] Examination failed
Error: [stm32h7x.cpu0] Examination failed, GDB will be halted. Polling again in 6300ms
Error: Fail reading CTRL/STAT register. Force reconnect
Error: [stm32h7x.cpu0] Polling failed, trying to reexamine
Error: Fail reading CTRL/STAT register. Force reconnect
Error: [stm32h7x.cpu0] Examination failed
Error: [stm32h7x.cpu0] Examination failed, GDB will be halted. Polling again in 6300ms
Error: Fail reading CTRL/STAT register. Force reconnect
Error: [stm32h7x.cpu0] Polling failed, trying to reexamine
Error: Fail reading CTRL/STAT register. Force reconnect
Error: [stm32h7x.cpu0] Examination failed
Error: [stm32h7x.cpu0] Examination failed, GDB will be halted. Polling again in 6300ms
Error: Fail reading CTRL/STAT register. Force reconnect
Error: [stm32h7x.cpu0] Polling failed, trying to reexamine
Error: Fail reading CTRL/STAT register. Force reconnect
Error: [stm32h7x.cpu0] Examination failed
Error: [stm32h7x.cpu0] Examination failed, GDB will be halted. Polling again in 6300ms
Error: Fail reading CTRL/STAT register. Force reconnect
Error: [stm32h7x.cpu0] Polling failed, trying to reexamine
Error: Fail reading CTRL/STAT register. Force reconnect
Error: [stm32h7x.cpu0] Examination failed
Error: [stm32h7x.cpu0] Examination failed, GDB will be halted. Polling again in 6300ms
Error: Fail reading CTRL/STAT register. Force reconnect
Error: [stm32h7x.cpu0] Polling failed, trying to reexamine
Error: Fail reading CTRL/STAT register. Force reconnect
Error: [stm32h7x.cpu0] Examination failed
Error: [stm32h7x.cpu0] Examination failed, GDB will be halted. Polling again in 6300ms
Error: Fail reading CTRL/STAT register. Force reconnect
Error: [stm32h7x.cpu0] Polling failed, trying to reexamine
Error: Fail reading CTRL/STAT register. Force reconnect
Error: [stm32h7x.cpu0] Examination failed
Error: [stm32h7x.cpu0] Examination failed, GDB will be halted. Polling again in 6300ms
Error: Fail reading CTRL/STAT register. Force reconnect
Error: [stm32h7x.cpu0] Polling failed, trying to reexamine
Error: Fail reading CTRL/STAT register. Force reconnect
Error: [stm32h7x.cpu0] Examination failed
Error: [stm32h7x.cpu0] Examination failed, GDB will be halted. Polling again in 6300ms
Error: Fail reading CTRL/STAT register. Force reconnect
Error: [stm32h7x.cpu0] Polling failed, trying to reexamine
Error: Fail reading CTRL/STAT register. Force reconnect
Error: [stm32h7x.cpu0] Examination failed
Error: [stm32h7x.cpu0] Examination failed, GDB will be halted. Polling again in 6300ms
Error: Fail reading CTRL/STAT register. Force reconnect
Error: [stm32h7x.cpu0] Polling failed, trying to reexamine
Error: Fail reading CTRL/STAT register. Force reconnect
Error: [stm32h7x.cpu0] Examination failed
Error: [stm32h7x.cpu0] Examination failed, GDB will be halted. Polling again in 6300ms
Error: Fail reading CTRL/STAT register. Force reconnect
Error: [stm32h7x.cpu0] Polling failed, trying to reexamine
Error: Fail reading CTRL/STAT register. Force reconnect
Error: [stm32h7x.cpu0] Examination failed
Error: [stm32h7x.cpu0] Examination failed, GDB will be halted. Polling again in 6300ms
Error: Fail reading CTRL/STAT register. Force reconnect
Error: [stm32h7x.cpu0] Polling failed, trying to reexamine
Error: Fail reading CTRL/STAT register. Force reconnect
Error: [stm32h7x.cpu0] Examination failed
Error: [stm32h7x.cpu0] Examination failed, GDB will be halted. Polling again in 6300ms
Error: Fail reading CTRL/STAT register. Force reconnect
Error: [stm32h7x.cpu0] Polling failed, trying to reexamine
Error: Fail reading CTRL/STAT register. Force reconnect
Error: [stm32h7x.cpu0] Examination failed
Error: [stm32h7x.cpu0] Examination failed, GDB will be halted. Polling again in 6300ms
Error: Fail reading CTRL/STAT register. Force reconnect
Error: [stm32h7x.cpu0] Polling failed, trying to reexamine
Error: Fail reading CTRL/STAT register. Force reconnect
Error: [stm32h7x.cpu0] Examination failed
Error: [stm32h7x.cpu0] Examination failed, GDB will be halted. Polling again in 6300ms
Error: Fail reading CTRL/STAT register. Force reconnect
Error: [stm32h7x.cpu0] Polling failed, trying to reexamine
Error: Fail reading CTRL/STAT register. Force reconnect
Error: [stm32h7x.cpu0] Examination failed
Error: [stm32h7x.cpu0] Examination failed, GDB will be halted. Polling again in 6300ms
Error: Fail reading CTRL/STAT register. Force reconnect
Error: [stm32h7x.cpu0] Polling failed, trying to reexamine
Error: Fail reading CTRL/STAT register. Force reconnect
Error: [stm32h7x.cpu0] Examination failed
Error: [stm32h7x.cpu0] Examination failed, GDB will be halted. Polling again in 6300ms
Error: Fail reading CTRL/STAT register. Force reconnect
Error: [stm32h7x.cpu0] Polling failed, trying to reexamine
Error: Fail reading CTRL/STAT register. Force reconnect
Error: [stm32h7x.cpu0] Examination failed
Error: [stm32h7x.cpu0] Examination failed, GDB will be halted. Polling again in 6300ms
Error: Fail reading CTRL/STAT register. Force reconnect
Error: [stm32h7x.cpu0] Polling failed, trying to reexamine
Error: Fail reading CTRL/STAT register. Force reconnect
Error: [stm32h7x.cpu0] Examination failed
Error: [stm32h7x.cpu0] Examination failed, GDB will be halted. Polling again in 6300ms
Error: Fail reading CTRL/STAT register. Force reconnect
Error: [stm32h7x.cpu0] Polling failed, trying to reexamine
Error: Fail reading CTRL/STAT register. Force reconnect
Error: [stm32h7x.cpu0] Examination failed
Error: [stm32h7x.cpu0] Examination failed, GDB will be halted. Polling again in 6300ms
Error: Fail reading CTRL/STAT register. Force reconnect
Error: [stm32h7x.cpu0] Polling failed, trying to reexamine
Error: Fail reading CTRL/STAT register. Force reconnect
Error: [stm32h7x.cpu0] Examination failed
Error: [stm32h7x.cpu0] Examination failed, GDB will be halted. Polling again in 6300ms
Error: Fail reading CTRL/STAT register. Force reconnect
Error: [stm32h7x.cpu0] Polling failed, trying to reexamine
Error: Fail reading CTRL/STAT register. Force reconnect
Error: [stm32h7x.cpu0] Examination failed
Error: [stm32h7x.cpu0] Examination failed, GDB will be halted. Polling again in 6300ms
Error: Fail reading CTRL/STAT register. Force reconnect
Error: [stm32h7x.cpu0] Polling failed, trying to reexamine
Error: Fail reading CTRL/STAT register. Force reconnect
Error: [stm32h7x.cpu0] Examination failed
Error: [stm32h7x.cpu0] Examination failed, GDB will be halted. Polling again in 6300ms
Error: Fail reading CTRL/STAT register. Force reconnect
Error: [stm32h7x.cpu0] Polling failed, trying to reexamine
Error: Fail reading CTRL/STAT register. Force reconnect
Error: [stm32h7x.cpu0] Examination failed
Error: [stm32h7x.cpu0] Examination failed, GDB will be halted. Polling again in 6300ms
Error: Fail reading CTRL/STAT register. Force reconnect
Error: [stm32h7x.cpu0] Polling failed, trying to reexamine
Error: Fail reading CTRL/STAT register. Force reconnect
Error: [stm32h7x.cpu0] Examination failed
Error: [stm32h7x.cpu0] Examination failed, GDB will be halted. Polling again in 6300ms
Error: Fail reading CTRL/STAT register. Force reconnect
Error: [stm32h7x.cpu0] Polling failed, trying to reexamine
Error: Fail reading CTRL/STAT register. Force reconnect
Error: [stm32h7x.cpu0] Examination failed
Error: [stm32h7x.cpu0] Examination failed, GDB will be halted. Polling again in 6300ms
Error: Fail reading CTRL/STAT register. Force reconnect
Error: [stm32h7x.cpu0] Polling failed, trying to reexamine
Error: Fail reading CTRL/STAT register. Force reconnect
Error: [stm32h7x.cpu0] Examination failed
Error: [stm32h7x.cpu0] Examination failed, GDB will be halted. Polling again in 6300ms
Error: Fail reading CTRL/STAT register. Force reconnect
Error: [stm32h7x.cpu0] Polling failed, trying to reexamine
Error: Fail reading CTRL/STAT register. Force reconnect
Error: [stm32h7x.cpu0] Examination failed
Error: [stm32h7x.cpu0] Examination failed, GDB will be halted. Polling again in 6300ms
Error: Fail reading CTRL/STAT register. Force reconnect
Error: [stm32h7x.cpu0] Polling failed, trying to reexamine
Error: Fail reading CTRL/STAT register. Force reconnect
Error: [stm32h7x.cpu0] Examination failed
Error: [stm32h7x.cpu0] Examination failed, GDB will be halted. Polling again in 6300ms
Error: Fail reading CTRL/STAT register. Force reconnect
Error: [stm32h7x.cpu0] Polling failed, trying to reexamine
Error: Fail reading CTRL/STAT register. Force reconnect
Error: [stm32h7x.cpu0] Examination failed
Error: [stm32h7x.cpu0] Examination failed, GDB will be halted. Polling again in 6300ms
Error: Fail reading CTRL/STAT register. Force reconnect
Error: [stm32h7x.cpu0] Polling failed, trying to reexamine
Error: Fail reading CTRL/STAT register. Force reconnect
Error: [stm32h7x.cpu0] Examination failed
Error: [stm32h7x.cpu0] Examination failed, GDB will be halted. Polling again in 6300ms
Error: Fail reading CTRL/STAT register. Force reconnect
Error: [stm32h7x.cpu0] Polling failed, trying to reexamine
Error: Fail reading CTRL/STAT register. Force reconnect
Error: [stm32h7x.cpu0] Examination failed
Error: [stm32h7x.cpu0] Examination failed, GDB will be halted. Polling again in 6300ms
Error: Fail reading CTRL/STAT register. Force reconnect
Error: [stm32h7x.cpu0] Polling failed, trying to reexamine
Error: Fail reading CTRL/STAT register. Force reconnect
Error: [stm32h7x.cpu0] Examination failed
Error: [stm32h7x.cpu0] Examination failed, GDB will be halted. Polling again in 6300ms
Error: Fail reading CTRL/STAT register. Force reconnect
Error: [stm32h7x.cpu0] Polling failed, trying to reexamine
Error: Fail reading CTRL/STAT register. Force reconnect
Error: [stm32h7x.cpu0] Examination failed
Error: [stm32h7x.cpu0] Examination failed, GDB will be halted. Polling again in 6300ms
Error: Fail reading CTRL/STAT register. Force reconnect
Error: [stm32h7x.cpu0] Polling failed, trying to reexamine
Error: Fail reading CTRL/STAT register. Force reconnect
Error: [stm32h7x.cpu0] Examination failed
Error: [stm32h7x.cpu0] Examination failed, GDB will be halted. Polling again in 6300ms
Error: Fail reading CTRL/STAT register. Force reconnect
Error: [stm32h7x.cpu0] Polling failed, trying to reexamine
Error: Fail reading CTRL/STAT register. Force reconnect
Error: [stm32h7x.cpu0] Examination failed
Error: [stm32h7x.cpu0] Examination failed, GDB will be halted. Polling again in 6300ms
Error: Fail reading CTRL/STAT register. Force reconnect
Error: [stm32h7x.cpu0] Polling failed, trying to reexamine
Error: Fail reading CTRL/STAT register. Force reconnect
Error: [stm32h7x.cpu0] Examination failed
Error: [stm32h7x.cpu0] Examination failed, GDB will be halted. Polling again in 6300ms
Error: Fail reading CTRL/STAT register. Force reconnect
Error: [stm32h7x.cpu0] Polling failed, trying to reexamine
Error: Fail reading CTRL/STAT register. Force reconnect
Error: [stm32h7x.cpu0] Examination failed
Error: [stm32h7x.cpu0] Examination failed, GDB will be halted. Polling again in 6300ms
Error: Fail reading CTRL/STAT register. Force reconnect
Error: [stm32h7x.cpu0] Polling failed, trying to reexamine
Error: Fail reading CTRL/STAT register. Force reconnect
Error: [stm32h7x.cpu0] Examination failed
Error: [stm32h7x.cpu0] Examination failed, GDB will be halted. Polling again in 6300ms
Error: Fail reading CTRL/STAT register. Force reconnect
Error: [stm32h7x.cpu0] Polling failed, trying to reexamine
Error: Fail reading CTRL/STAT register. Force reconnect
Error: [stm32h7x.cpu0] Examination failed
Error: [stm32h7x.cpu0] Examination failed, GDB will be halted. Polling again in 6300ms
Error: Fail reading CTRL/STAT register. Force reconnect
Error: [stm32h7x.cpu0] Polling failed, trying to reexamine
Error: Fail reading CTRL/STAT register. Force reconnect
Error: [stm32h7x.cpu0] Examination failed
Error: [stm32h7x.cpu0] Examination failed, GDB will be halted. Polling again in 6300ms
Error: Fail reading CTRL/STAT register. Force reconnect
Error: [stm32h7x.cpu0] Polling failed, trying to reexamine
Error: Fail reading CTRL/STAT register. Force reconnect
Error: [stm32h7x.cpu0] Examination failed
Error: [stm32h7x.cpu0] Examination failed, GDB will be halted. Polling again in 6300ms
Error: Fail reading CTRL/STAT register. Force reconnect
Error: [stm32h7x.cpu0] Polling failed, trying to reexamine
Error: Fail reading CTRL/STAT register. Force reconnect
Error: [stm32h7x.cpu0] Examination failed
Error: [stm32h7x.cpu0] Examination failed, GDB will be halted. Polling again in 6300ms
Error: Fail reading CTRL/STAT register. Force reconnect
Error: [stm32h7x.cpu0] Polling failed, trying to reexamine
Error: Fail reading CTRL/STAT register. Force reconnect
Error: [stm32h7x.cpu0] Examination failed
Error: [stm32h7x.cpu0] Examination failed, GDB will be halted. Polling again in 6300ms
Error: Fail reading CTRL/STAT register. Force reconnect
Error: [stm32h7x.cpu0] Polling failed, trying to reexamine
Error: Fail reading CTRL/STAT register. Force reconnect
Error: [stm32h7x.cpu0] Examination failed
Error: [stm32h7x.cpu0] Examination failed, GDB will be halted. Polling again in 6300ms
Error: Fail reading CTRL/STAT register. Force reconnect
Error: [stm32h7x.cpu0] Polling failed, trying to reexamine
Error: Fail reading CTRL/STAT register. Force reconnect
Error: [stm32h7x.cpu0] Examination failed
Error: [stm32h7x.cpu0] Examination failed, GDB will be halted. Polling again in 6300ms
Error: Fail reading CTRL/STAT register. Force reconnect
Error: [stm32h7x.cpu0] Polling failed, trying to reexamine
Error: Fail reading CTRL/STAT register. Force reconnect
Error: [stm32h7x.cpu0] Examination failed
Error: [stm32h7x.cpu0] Examination failed, GDB will be halted. Polling again in 6300ms
Error: Fail reading CTRL/STAT register. Force reconnect
Error: [stm32h7x.cpu0] Polling failed, trying to reexamine
Error: Fail reading CTRL/STAT register. Force reconnect
Error: [stm32h7x.cpu0] Examination failed
Error: [stm32h7x.cpu0] Examination failed, GDB will be halted. Polling again in 6300ms
Error: Fail reading CTRL/STAT register. Force reconnect
Error: [stm32h7x.cpu0] Polling failed, trying to reexamine
Error: Fail reading CTRL/STAT register. Force reconnect
Error: [stm32h7x.cpu0] Examination failed
Error: [stm32h7x.cpu0] Examination failed, GDB will be halted. Polling again in 6300ms
Error: Fail reading CTRL/STAT register. Force reconnect
Error: [stm32h7x.cpu0] Polling failed, trying to reexamine
Error: Fail reading CTRL/STAT register. Force reconnect
Error: [stm32h7x.cpu0] Examination failed
Error: [stm32h7x.cpu0] Examination failed, GDB will be halted. Polling again in 6300ms
Error: Fail reading CTRL/STAT register. Force reconnect
Error: [stm32h7x.cpu0] Polling failed, trying to reexamine
Error: Fail reading CTRL/STAT register. Force reconnect
Error: [stm32h7x.cpu0] Examination failed
Error: [stm32h7x.cpu0] Examination failed, GDB will be halted. Polling again in 6300ms
Error: Fail reading CTRL/STAT register. Force reconnect
Error: [stm32h7x.cpu0] Polling failed, trying to reexamine
Error: Fail reading CTRL/STAT register. Force reconnect
Error: [stm32h7x.cpu0] Examination failed
Error: [stm32h7x.cpu0] Examination failed, GDB will be halted. Polling again in 6300ms
Error: Fail reading CTRL/STAT register. Force reconnect
Error: [stm32h7x.cpu0] Polling failed, trying to reexamine
Error: Fail reading CTRL/STAT register. Force reconnect
Error: [stm32h7x.cpu0] Examination failed
Error: [stm32h7x.cpu0] Examination failed, GDB will be halted. Polling again in 6300ms
Error: Fail reading CTRL/STAT register. Force reconnect
Error: [stm32h7x.cpu0] Polling failed, trying to reexamine
Error: Fail reading CTRL/STAT register. Force reconnect
Error: [stm32h7x.cpu0] Examination failed
Error: [stm32h7x.cpu0] Examination failed, GDB will be halted. Polling again in 6300ms
Error: Fail reading CTRL/STAT register. Force reconnect
Error: [stm32h7x.cpu0] Polling failed, trying to reexamine
Error: Fail reading CTRL/STAT register. Force reconnect
Error: [stm32h7x.cpu0] Examination failed
Error: [stm32h7x.cpu0] Examination failed, GDB will be halted. Polling again in 6300ms
Error: Fail reading CTRL/STAT register. Force reconnect
Error: [stm32h7x.cpu0] Polling failed, trying to reexamine
Error: Fail reading CTRL/STAT register. Force reconnect
Error: [stm32h7x.cpu0] Examination failed
Error: [stm32h7x.cpu0] Examination failed, GDB will be halted. Polling again in 6300ms
Error: Fail reading CTRL/STAT register. Force reconnect
Error: [stm32h7x.cpu0] Polling failed, trying to reexamine
Error: Fail reading CTRL/STAT register. Force reconnect
Error: [stm32h7x.cpu0] Examination failed
Error: [stm32h7x.cpu0] Examination failed, GDB will be halted. Polling again in 6300ms
Error: Fail reading CTRL/STAT register. Force reconnect
Error: [stm32h7x.cpu0] Polling failed, trying to reexamine
Error: Fail reading CTRL/STAT register. Force reconnect
Error: [stm32h7x.cpu0] Examination failed
Error: [stm32h7x.cpu0] Examination failed, GDB will be halted. Polling again in 6300ms
Error: Fail reading CTRL/STAT register. Force reconnect
Error: [stm32h7x.cpu0] Polling failed, trying to reexamine
Error: Fail reading CTRL/STAT register. Force reconnect
Error: [stm32h7x.cpu0] Examination failed
Error: [stm32h7x.cpu0] Examination failed, GDB will be halted. Polling again in 6300ms
Error: Fail reading CTRL/STAT register. Force reconnect
Error: [stm32h7x.cpu0] Polling failed, trying to reexamine
Error: Fail reading CTRL/STAT register. Force reconnect
Error: [stm32h7x.cpu0] Examination failed
Error: [stm32h7x.cpu0] Examination failed, GDB will be halted. Polling again in 6300ms
Error: Fail reading CTRL/STAT register. Force reconnect
Error: [stm32h7x.cpu0] Polling failed, trying to reexamine
Error: Fail reading CTRL/STAT register. Force reconnect
Error: [stm32h7x.cpu0] Examination failed
Error: [stm32h7x.cpu0] Examination failed, GDB will be halted. Polling again in 6300ms
Error: Fail reading CTRL/STAT register. Force reconnect
Error: [stm32h7x.cpu0] Polling failed, trying to reexamine
Error: Fail reading CTRL/STAT register. Force reconnect
Error: [stm32h7x.cpu0] Examination failed
Error: [stm32h7x.cpu0] Examination failed, GDB will be halted. Polling again in 6300ms
Error: Fail reading CTRL/STAT register. Force reconnect
Error: [stm32h7x.cpu0] Polling failed, trying to reexamine
Error: Fail reading CTRL/STAT register. Force reconnect
Error: [stm32h7x.cpu0] Examination failed
Error: [stm32h7x.cpu0] Examination failed, GDB will be halted. Polling again in 6300ms
Error: Fail reading CTRL/STAT register. Force reconnect
Error: [stm32h7x.cpu0] Polling failed, trying to reexamine
Error: Fail reading CTRL/STAT register. Force reconnect
Error: [stm32h7x.cpu0] Examination failed
Error: [stm32h7x.cpu0] Examination failed, GDB will be halted. Polling again in 6300ms
Error: Fail reading CTRL/STAT register. Force reconnect
Error: [stm32h7x.cpu0] Polling failed, trying to reexamine
Error: Fail reading CTRL/STAT register. Force reconnect
Error: [stm32h7x.cpu0] Examination failed
Error: [stm32h7x.cpu0] Examination failed, GDB will be halted. Polling again in 6300ms
Error: Fail reading CTRL/STAT register. Force reconnect
Error: [stm32h7x.cpu0] Polling failed, trying to reexamine
Error: Fail reading CTRL/STAT register. Force reconnect
Error: [stm32h7x.cpu0] Examination failed
Error: [stm32h7x.cpu0] Examination failed, GDB will be halted. Polling again in 6300ms
Error: Fail reading CTRL/STAT register. Force reconnect
Error: [stm32h7x.cpu0] Polling failed, trying to reexamine
Error: Fail reading CTRL/STAT register. Force reconnect
Error: [stm32h7x.cpu0] Examination failed
Error: [stm32h7x.cpu0] Examination failed, GDB will be halted. Polling again in 6300ms
Error: Fail reading CTRL/STAT register. Force reconnect
Error: [stm32h7x.cpu0] Polling failed, trying to reexamine
Error: Fail reading CTRL/STAT register. Force reconnect
Error: [stm32h7x.cpu0] Examination failed
Error: [stm32h7x.cpu0] Examination failed, GDB will be halted. Polling again in 6300ms
Error: Fail reading CTRL/STAT register. Force reconnect
Error: [stm32h7x.cpu0] Polling failed, trying to reexamine
Error: Fail reading CTRL/STAT register. Force reconnect
Error: [stm32h7x.cpu0] Examination failed
Error: [stm32h7x.cpu0] Examination failed, GDB will be halted. Polling again in 6300ms
Error: Fail reading CTRL/STAT register. Force reconnect
Error: [stm32h7x.cpu0] Polling failed, trying to reexamine
Error: Fail reading CTRL/STAT register. Force reconnect
Error: [stm32h7x.cpu0] Examination failed
Error: [stm32h7x.cpu0] Examination failed, GDB will be halted. Polling again in 6300ms
Error: Fail reading CTRL/STAT register. Force reconnect
Error: [stm32h7x.cpu0] Polling failed, trying to reexamine
Error: Fail reading CTRL/STAT register. Force reconnect
Error: [stm32h7x.cpu0] Examination failed
Error: [stm32h7x.cpu0] Examination failed, GDB will be halted. Polling again in 6300ms
Error: Fail reading CTRL/STAT register. Force reconnect
Error: [stm32h7x.cpu0] Polling failed, trying to reexamine
Error: Fail reading CTRL/STAT register. Force reconnect
Error: [stm32h7x.cpu0] Examination failed
Error: [stm32h7x.cpu0] Examination failed, GDB will be halted. Polling again in 6300ms
Error: Fail reading CTRL/STAT register. Force reconnect
Error: [stm32h7x.cpu0] Polling failed, trying to reexamine
Error: Fail reading CTRL/STAT register. Force reconnect
Error: [stm32h7x.cpu0] Examination failed
Error: [stm32h7x.cpu0] Examination failed, GDB will be halted. Polling again in 6300ms
Error: Fail reading CTRL/STAT register. Force reconnect
Error: [stm32h7x.cpu0] Polling failed, trying to reexamine
Error: Fail reading CTRL/STAT register. Force reconnect
Error: [stm32h7x.cpu0] Examination failed
Error: [stm32h7x.cpu0] Examination failed, GDB will be halted. Polling again in 6300ms
Error: Fail reading CTRL/STAT register. Force reconnect
Error: [stm32h7x.cpu0] Polling failed, trying to reexamine
Error: Fail reading CTRL/STAT register. Force reconnect
Error: [stm32h7x.cpu0] Examination failed
Error: [stm32h7x.cpu0] Examination failed, GDB will be halted. Polling again in 6300ms
Error: Fail reading CTRL/STAT register. Force reconnect
Error: [stm32h7x.cpu0] Polling failed, trying to reexamine
Error: Fail reading CTRL/STAT register. Force reconnect
Error: [stm32h7x.cpu0] Examination failed
Error: [stm32h7x.cpu0] Examination failed, GDB will be halted. Polling again in 6300ms
Error: Fail reading CTRL/STAT register. Force reconnect
Error: [stm32h7x.cpu0] Polling failed, trying to reexamine
Error: Fail reading CTRL/STAT register. Force reconnect
Error: [stm32h7x.cpu0] Examination failed
Error: [stm32h7x.cpu0] Examination failed, GDB will be halted. Polling again in 6300ms
Error: Fail reading CTRL/STAT register. Force reconnect
Error: [stm32h7x.cpu0] Polling failed, trying to reexamine
Error: Fail reading CTRL/STAT register. Force reconnect
Error: [stm32h7x.cpu0] Examination failed
Error: [stm32h7x.cpu0] Examination failed, GDB will be halted. Polling again in 6300ms
Error: Fail reading CTRL/STAT register. Force reconnect
Error: [stm32h7x.cpu0] Polling failed, trying to reexamine
Error: Fail reading CTRL/STAT register. Force reconnect
Error: [stm32h7x.cpu0] Examination failed
Error: [stm32h7x.cpu0] Examination failed, GDB will be halted. Polling again in 6300ms
Error: Fail reading CTRL/STAT register. Force reconnect
Error: [stm32h7x.cpu0] Polling failed, trying to reexamine
Error: Fail reading CTRL/STAT register. Force reconnect
Error: [stm32h7x.cpu0] Examination failed
Error: [stm32h7x.cpu0] Examination failed, GDB will be halted. Polling again in 6300ms
Error: Fail reading CTRL/STAT register. Force reconnect
Error: [stm32h7x.cpu0] Polling failed, trying to reexamine
Error: Fail reading CTRL/STAT register. Force reconnect
Error: [stm32h7x.cpu0] Examination failed
Error: [stm32h7x.cpu0] Examination failed, GDB will be halted. Polling again in 6300ms
Error: Fail reading CTRL/STAT register. Force reconnect
Error: [stm32h7x.cpu0] Polling failed, trying to reexamine
Error: Fail reading CTRL/STAT register. Force reconnect
Error: [stm32h7x.cpu0] Examination failed
Error: [stm32h7x.cpu0] Examination failed, GDB will be halted. Polling again in 6300ms
Error: Fail reading CTRL/STAT register. Force reconnect
Error: [stm32h7x.cpu0] Polling failed, trying to reexamine
Error: Fail reading CTRL/STAT register. Force reconnect
Error: [stm32h7x.cpu0] Examination failed
Error: [stm32h7x.cpu0] Examination failed, GDB will be halted. Polling again in 6300ms
Error: Fail reading CTRL/STAT register. Force reconnect
Error: [stm32h7x.cpu0] Polling failed, trying to reexamine
Error: Fail reading CTRL/STAT register. Force reconnect
Error: [stm32h7x.cpu0] Examination failed
Error: [stm32h7x.cpu0] Examination failed, GDB will be halted. Polling again in 6300ms
Error: Fail reading CTRL/STAT register. Force reconnect
Error: [stm32h7x.cpu0] Polling failed, trying to reexamine
Error: Fail reading CTRL/STAT register. Force reconnect
Error: [stm32h7x.cpu0] Examination failed
Error: [stm32h7x.cpu0] Examination failed, GDB will be halted. Polling again in 6300ms
Error: Fail reading CTRL/STAT register. Force reconnect
Error: [stm32h7x.cpu0] Polling failed, trying to reexamine
Error: Fail reading CTRL/STAT register. Force reconnect
Error: [stm32h7x.cpu0] Examination failed
Error: [stm32h7x.cpu0] Examination failed, GDB will be halted. Polling again in 6300ms
Error: Fail reading CTRL/STAT register. Force reconnect
Error: [stm32h7x.cpu0] Polling failed, trying to reexamine
Error: Fail reading CTRL/STAT register. Force reconnect
Error: [stm32h7x.cpu0] Examination failed
Error: [stm32h7x.cpu0] Examination failed, GDB will be halted. Polling again in 6300ms
Error: Fail reading CTRL/STAT register. Force reconnect
Error: [stm32h7x.cpu0] Polling failed, trying to reexamine
Error: Fail reading CTRL/STAT register. Force reconnect
Error: [stm32h7x.cpu0] Examination failed
Error: [stm32h7x.cpu0] Examination failed, GDB will be halted. Polling again in 6300ms
Error: Fail reading CTRL/STAT register. Force reconnect
Error: [stm32h7x.cpu0] Polling failed, trying to reexamine
Error: Fail reading CTRL/STAT register. Force reconnect
Error: [stm32h7x.cpu0] Examination failed
Error: [stm32h7x.cpu0] Examination failed, GDB will be halted. Polling again in 6300ms
Error: Fail reading CTRL/STAT register. Force reconnect
Error: [stm32h7x.cpu0] Polling failed, trying to reexamine
Error: Fail reading CTRL/STAT register. Force reconnect
Error: [stm32h7x.cpu0] Examination failed
Error: [stm32h7x.cpu0] Examination failed, GDB will be halted. Polling again in 6300ms
Error: Fail reading CTRL/STAT register. Force reconnect
Error: [stm32h7x.cpu0] Polling failed, trying to reexamine
Error: Fail reading CTRL/STAT register. Force reconnect
Error: [stm32h7x.cpu0] Examination failed
Error: [stm32h7x.cpu0] Examination failed, GDB will be halted. Polling again in 6300ms
Error: Fail reading CTRL/STAT register. Force reconnect
Error: [stm32h7x.cpu0] Polling failed, trying to reexamine
Error: Fail reading CTRL/STAT register. Force reconnect
Error: [stm32h7x.cpu0] Examination failed
Error: [stm32h7x.cpu0] Examination failed, GDB will be halted. Polling again in 6300ms
Error: Fail reading CTRL/STAT register. Force reconnect
Error: [stm32h7x.cpu0] Polling failed, trying to reexamine
Error: Fail reading CTRL/STAT register. Force reconnect
Error: [stm32h7x.cpu0] Examination failed
Error: [stm32h7x.cpu0] Examination failed, GDB will be halted. Polling again in 6300ms
Error: Fail reading CTRL/STAT register. Force reconnect
Error: [stm32h7x.cpu0] Polling failed, trying to reexamine
Error: Fail reading CTRL/STAT register. Force reconnect
Error: [stm32h7x.cpu0] Examination failed
Error: [stm32h7x.cpu0] Examination failed, GDB will be halted. Polling again in 6300ms
Error: Fail reading CTRL/STAT register. Force reconnect
Error: [stm32h7x.cpu0] Polling failed, trying to reexamine
Error: Fail reading CTRL/STAT register. Force reconnect
Error: [stm32h7x.cpu0] Examination failed
Error: [stm32h7x.cpu0] Examination failed, GDB will be halted. Polling again in 6300ms
Error: Fail reading CTRL/STAT register. Force reconnect
Error: [stm32h7x.cpu0] Polling failed, trying to reexamine
Error: Fail reading CTRL/STAT register. Force reconnect
Error: [stm32h7x.cpu0] Examination failed
Error: [stm32h7x.cpu0] Examination failed, GDB will be halted. Polling again in 6300ms
Error: Fail reading CTRL/STAT register. Force reconnect
Error: [stm32h7x.cpu0] Polling failed, trying to reexamine
Error: Fail reading CTRL/STAT register. Force reconnect
Error: [stm32h7x.cpu0] Examination failed
Error: [stm32h7x.cpu0] Examination failed, GDB will be halted. Polling again in 6300ms
Error: Fail reading CTRL/STAT register. Force reconnect
Error: [stm32h7x.cpu0] Polling failed, trying to reexamine
Error: Fail reading CTRL/STAT register. Force reconnect
Error: [stm32h7x.cpu0] Examination failed
Error: [stm32h7x.cpu0] Examination failed, GDB will be halted. Polling again in 6300ms
Error: Fail reading CTRL/STAT register. Force reconnect
Error: [stm32h7x.cpu0] Polling failed, trying to reexamine
Error: Fail reading CTRL/STAT register. Force reconnect
Error: [stm32h7x.cpu0] Examination failed
Error: [stm32h7x.cpu0] Examination failed, GDB will be halted. Polling again in 6300ms
Error: Fail reading CTRL/STAT register. Force reconnect
Error: [stm32h7x.cpu0] Polling failed, trying to reexamine
Error: Fail reading CTRL/STAT register. Force reconnect
Error: [stm32h7x.cpu0] Examination failed
Error: [stm32h7x.cpu0] Examination failed, GDB will be halted. Polling again in 6300ms
Error: Fail reading CTRL/STAT register. Force reconnect
Error: [stm32h7x.cpu0] Polling failed, trying to reexamine
Error: Fail reading CTRL/STAT register. Force reconnect
Error: [stm32h7x.cpu0] Examination failed
Error: [stm32h7x.cpu0] Examination failed, GDB will be halted. Polling again in 6300ms
Error: Fail reading CTRL/STAT register. Force reconnect
Error: [stm32h7x.cpu0] Polling failed, trying to reexamine
Error: Fail reading CTRL/STAT register. Force reconnect
Error: [stm32h7x.cpu0] Examination failed
Error: [stm32h7x.cpu0] Examination failed, GDB will be halted. Polling again in 6300ms
Error: Fail reading CTRL/STAT register. Force reconnect
Error: [stm32h7x.cpu0] Polling failed, trying to reexamine
Error: Fail reading CTRL/STAT register. Force reconnect
Error: [stm32h7x.cpu0] Examination failed
Error: [stm32h7x.cpu0] Examination failed, GDB will be halted. Polling again in 6300ms
Error: Fail reading CTRL/STAT register. Force reconnect
Error: [stm32h7x.cpu0] Polling failed, trying to reexamine
Error: Fail reading CTRL/STAT register. Force reconnect
Error: [stm32h7x.cpu0] Examination failed
Error: [stm32h7x.cpu0] Examination failed, GDB will be halted. Polling again in 6300ms
Error: Fail reading CTRL/STAT register. Force reconnect
Error: [stm32h7x.cpu0] Polling failed, trying to reexamine
Error: Fail reading CTRL/STAT register. Force reconnect
Error: [stm32h7x.cpu0] Examination failed
Error: [stm32h7x.cpu0] Examination failed, GDB will be halted. Polling again in 6300ms
Error: Fail reading CTRL/STAT register. Force reconnect
Error: [stm32h7x.cpu0] Polling failed, trying to reexamine
Error: Fail reading CTRL/STAT register. Force reconnect
Error: [stm32h7x.cpu0] Examination failed
Error: [stm32h7x.cpu0] Examination failed, GDB will be halted. Polling again in 6300ms
Error: Fail reading CTRL/STAT register. Force reconnect
Error: [stm32h7x.cpu0] Polling failed, trying to reexamine
Error: Fail reading CTRL/STAT register. Force reconnect
Error: [stm32h7x.cpu0] Examination failed
Error: [stm32h7x.cpu0] Examination failed, GDB will be halted. Polling again in 6300ms
Error: Fail reading CTRL/STAT register. Force reconnect
Error: [stm32h7x.cpu0] Polling failed, trying to reexamine
Error: Fail reading CTRL/STAT register. Force reconnect
Error: [stm32h7x.cpu0] Examination failed
Error: [stm32h7x.cpu0] Examination failed, GDB will be halted. Polling again in 6300ms
Error: Fail reading CTRL/STAT register. Force reconnect
Error: [stm32h7x.cpu0] Polling failed, trying to reexamine
Error: Fail reading CTRL/STAT register. Force reconnect
Error: [stm32h7x.cpu0] Examination failed
Error: [stm32h7x.cpu0] Examination failed, GDB will be halted. Polling again in 6300ms
Info : accepting 'gdb' connection on tcp/3333
Warn : [stm32h7x.cpu0] target was in unknown state when halt was requested
Error: Fail reading CTRL/STAT register. Force reconnect
Error: [stm32h7x.cpu0] Execution of event gdb-attach failed:

Info : New GDB Connection: 7, Target stm32h7x.cpu0, state: unknown
Warn : [stm32h7x.cpu0] GDB connection 1 not halted
Error: Fail reading CTRL/STAT register. Force reconnect
Error: Fail reading CTRL/STAT register. Force reconnect
Error: Failed to read memory and, additionally, failed to find out where
Error: Fail reading CTRL/STAT register. Force reconnect
Error: Fail reading CTRL/STAT register. Force reconnect
Error: Fail reading CTRL/STAT register. Force reconnect
Error: Fail reading CTRL/STAT register. Force reconnect
Info : [stm32h7x.cpu0] AP write error, reset will not halt
Error: Fail reading CTRL/STAT register. Force reconnect
Error: Fail reading CTRL/STAT register. Force reconnect
Info : stlink_dap_op_connect(reconnect)
Error: Fail reading CTRL/STAT register. Force reconnect
Error: [stm32h7x.cpu0] DP initialisation failed
Error: Target not examined yet
Error: Target not examined yet
Error: Target not examined yet
Error: Target not examined yet
Error: Target not examined yet
Error: Target not examined yet
Error: Target not examined yet
Error: Target not examined yet
Error: Target not examined yet
Error: Target not examined yet
Error: Target not examined yet
Error: Target not examined yet
Error: Error on socket 'GDB': WSAGetLastError==10054, message: Une connexion existante a dû être fermée par l’hôte distant.
.
Info : dropped 'gdb' connection (error -400)
Info : accepting 'gdb' connection on tcp/3333
Error: Target not examined yet
Error: Target not examined yet
Error: [stm32h7x.cpu0] Execution of event gdb-attach failed:

Info : New GDB Connection: 8, Target stm32h7x.cpu0, state: reset
Error: [stm32h7x.cpu0] Target not examined yet, refuse gdb connection 8!
Error: attempted 'gdb' connection rejected
Info : accepting 'gdb' connection on tcp/3333
Error: Target not examined yet
Error: [stm32h7x.cpu0] Execution of event gdb-attach failed:

Info : New GDB Connection: 9, Target stm32h7x.cpu0, state: reset
Error: [stm32h7x.cpu0] Target not examined yet, refuse gdb connection 9!
Error: attempted 'gdb' connection rejected
Info : accepting 'gdb' connection on tcp/3333
Error: Target not examined yet
Error: [stm32h7x.cpu0] Execution of event gdb-attach failed:

Info : New GDB Connection: 10, Target stm32h7x.cpu0, state: reset
Error: [stm32h7x.cpu0] Target not examined yet, refuse gdb connection 10!
Error: attempted 'gdb' connection rejected
Info : accepting 'gdb' connection on tcp/3333
Error: Target not examined yet
Error: [stm32h7x.cpu0] Execution of event gdb-attach failed:

Info : New GDB Connection: 11, Target stm32h7x.cpu0, state: reset
Error: [stm32h7x.cpu0] Target not examined yet, refuse gdb connection 11!
Error: attempted 'gdb' connection rejected
Info : accepting 'gdb' connection on tcp/3333
Error: Target not examined yet
Error: [stm32h7x.cpu0] Execution of event gdb-attach failed:

Info : New GDB Connection: 12, Target stm32h7x.cpu0, state: reset
Error: [stm32h7x.cpu0] Target not examined yet, refuse gdb connection 12!
Error: attempted 'gdb' connection rejected
Info : accepting 'gdb' connection on tcp/3333
Error: Target not examined yet
Error: [stm32h7x.cpu0] Execution of event gdb-attach failed:

Info : New GDB Connection: 13, Target stm32h7x.cpu0, state: reset
Error: [stm32h7x.cpu0] Target not examined yet, refuse gdb connection 13!
Error: attempted 'gdb' connection rejected
