C:/Users/developpeur/Documents/BRICK5_H743_176/BRICK6/Src/Sampler/sample_page_cache.c:84:13:sample_page_cache_unlock	0	static,ignoring_inline_asm
C:/Users/developpeur/Documents/BRICK5_H743_176/BRICK6/Src/Sampler/sample_page_cache.c:126:17:sample_page_cache_key_slot	8	static
C:/Users/developpeur/Documents/BRICK5_H743_176/BRICK6/Src/Sampler/sample_page_cache.c:190:16:sample_page_cache_page_is_contractual	8	static
C:/Users/developpeur/Documents/BRICK5_H743_176/BRICK6/Src/Sampler/sample_page_cache.c:302:13:sample_page_cache_set_state	16	static,ignoring_inline_asm
C:/Users/developpeur/Documents/BRICK5_H743_176/BRICK6/Src/Sampler/sample_page_cache.c:329:16:sample_page_cache_claim_for_recycle	16	static,ignoring_inline_asm
C:/Users/developpeur/Documents/BRICK5_H743_176/BRICK6/Src/Sampler/sample_page_cache.c:433:17:sample_page_cache_stream_page_frame_count_key	16	static
C:/Users/developpeur/Documents/BRICK5_H743_176/BRICK6/Src/Sampler/sample_page_cache.c:465:16:sample_page_cache_sample_is_stream_loadable_key	16	static
C:/Users/developpeur/Documents/BRICK5_H743_176/BRICK6/Src/Sampler/sample_page_cache.c:700:16:sample_page_cache_find_contiguous_empty_run_in_range	8	static
C:/Users/developpeur/Documents/BRICK5_H743_176/BRICK6/Src/Sampler/sample_page_cache.c:857:14:sample_page_cache_decode_s24_le	0	static
C:/Users/developpeur/Documents/BRICK5_H743_176/BRICK6/Src/Sampler/sample_page_cache.c:796:34:sample_page_cache_decode_page	56	static
C:/Users/developpeur/Documents/BRICK5_H743_176/BRICK6/Src/Sampler/sample_page_cache.c:669:17:sample_page_cache_trim_path_copy	24	static
C:/Users/developpeur/Documents/BRICK5_H743_176/BRICK6/Src/Sampler/sample_page_cache.c:92:20:sample_audio_key_classic	8	static
C:/Users/developpeur/Documents/BRICK5_H743_176/BRICK6/Src/Sampler/sample_page_cache.c:100:20:sample_audio_key_looper	8	static
C:/Users/developpeur/Documents/BRICK5_H743_176/BRICK6/Src/Sampler/sample_page_cache.c:108:20:sample_audio_key_multi	8	static
C:/Users/developpeur/Documents/BRICK5_H743_176/BRICK6/Src/Sampler/sample_page_cache.c:116:9:sample_audio_key_equal	0	static
C:/Users/developpeur/Documents/BRICK5_H743_176/BRICK6/Src/Sampler/sample_page_cache.c:343:13:sample_page_cache_clear_desc	48	static
C:/Users/developpeur/Documents/BRICK5_H743_176/BRICK6/Src/Sampler/sample_page_cache.c:732:13:sample_page_cache_reclaim_stream_pages_for_full_load_in_range	32	static
C:/Users/developpeur/Documents/BRICK5_H743_176/BRICK6/Src/Sampler/sample_page_cache.c:379:28:sample_page_cache_find_page_mut_key	48	static
C:/Users/developpeur/Documents/BRICK5_H743_176/BRICK6/Src/Sampler/sample_page_cache.c:239:13:sample_page_cache_index_put_key	56	static
C:/Users/developpeur/Documents/BRICK5_H743_176/BRICK6/Src/Sampler/sample_page_cache.c:565:28:sample_page_cache_alloc_empty_slot_key	72	static
C:/Users/developpeur/Documents/BRICK5_H743_176/BRICK6/Src/Sampler/sample_page_cache.c:932:6:sample_page_cache_reset	16	static
C:/Users/developpeur/Documents/BRICK5_H743_176/BRICK6/Src/Sampler/sample_page_cache.c:926:6:sample_page_cache_init	8	static
C:/Users/developpeur/Documents/BRICK5_H743_176/BRICK6/Src/Sampler/sample_page_cache.c:956:6:sample_page_cache_clear_key	32	static
C:/Users/developpeur/Documents/BRICK5_H743_176/BRICK6/Src/Sampler/sample_page_cache.c:951:6:sample_page_cache_clear_sample	16	static
C:/Users/developpeur/Documents/BRICK5_H743_176/BRICK6/Src/Sampler/sample_page_cache.c:978:9:sample_page_cache_cancel_queued_page_key	16	static
C:/Users/developpeur/Documents/BRICK5_H743_176/BRICK6/Src/Sampler/sample_page_cache.c:997:10:sample_page_cache_cancel_queued_key	48	static
C:/Users/developpeur/Documents/BRICK5_H743_176/BRICK6/Src/Sampler/sample_page_cache.c:1022:10:sample_page_cache_cancel_queued_domain	32	static
C:/Users/developpeur/Documents/BRICK5_H743_176/BRICK6/Src/Sampler/sample_page_cache.c:1047:21:sample_page_cache_get_page_state_key	24	static,ignoring_inline_asm
C:/Users/developpeur/Documents/BRICK5_H743_176/BRICK6/Src/Sampler/sample_page_cache.c:1042:21:sample_page_cache_get_page_state	16	static
C:/Users/developpeur/Documents/BRICK5_H743_176/BRICK6/Src/Sampler/sample_page_cache.c:1059:27:sample_page_cache_get_page_desc	0	static
C:/Users/developpeur/Documents/BRICK5_H743_176/BRICK6/Src/Sampler/sample_page_cache.c:1078:9:sample_page_cache_try_acquire_page_key	24	static,ignoring_inline_asm
C:/Users/developpeur/Documents/BRICK5_H743_176/BRICK6/Src/Sampler/sample_page_cache.c:1069:9:sample_page_cache_try_acquire_page	16	static
C:/Users/developpeur/Documents/BRICK5_H743_176/BRICK6/Src/Sampler/sample_page_cache.c:1120:9:sample_page_cache_try_acquire_page_ref_key	32	static,ignoring_inline_asm
C:/Users/developpeur/Documents/BRICK5_H743_176/BRICK6/Src/Sampler/sample_page_cache.c:1111:9:sample_page_cache_try_acquire_page_ref	16	static
C:/Users/developpeur/Documents/BRICK5_H743_176/BRICK6/Src/Sampler/sample_page_cache.c:1159:6:sample_page_cache_release_page_key	16	static,ignoring_inline_asm
C:/Users/developpeur/Documents/BRICK5_H743_176/BRICK6/Src/Sampler/sample_page_cache.c:1154:6:sample_page_cache_release_page	16	static
C:/Users/developpeur/Documents/BRICK5_H743_176/BRICK6/Src/Sampler/sample_page_cache.c:1182:6:sample_page_cache_release_page_ref_key	24	static,ignoring_inline_asm
C:/Users/developpeur/Documents/BRICK5_H743_176/BRICK6/Src/Sampler/sample_page_cache.c:1177:6:sample_page_cache_release_page_ref	16	static
C:/Users/developpeur/Documents/BRICK5_H743_176/BRICK6/Src/Sampler/sample_page_cache.c:1206:9:sample_page_cache_alloc_slot_pool_bytes	48	static
C:/Users/developpeur/Documents/BRICK5_H743_176/BRICK6/Src/Sampler/sample_page_cache.c:1265:6:sample_page_cache_release_slot_pool_allocation	24	static
C:/Users/developpeur/Documents/BRICK5_H743_176/BRICK6/Src/Sampler/sample_page_cache.c:1284:10:sample_page_cache_slot_pool_total_bytes	0	static
C:/Users/developpeur/Documents/BRICK5_H743_176/BRICK6/Src/Sampler/sample_page_cache.c:1289:10:sample_page_cache_slot_pool_free_bytes	4	static
C:/Users/developpeur/Documents/BRICK5_H743_176/BRICK6/Src/Sampler/sample_page_cache.c:1309:14:sample_page_cache_get_full_sample_base_key	16	static
C:/Users/developpeur/Documents/BRICK5_H743_176/BRICK6/Src/Sampler/sample_page_cache.c:1304:14:sample_page_cache_get_full_sample_base	16	static
C:/Users/developpeur/Documents/BRICK5_H743_176/BRICK6/Src/Sampler/sample_page_cache.c:1348:9:sample_page_cache_begin_read_block_key	56	static
C:/Users/developpeur/Documents/BRICK5_H743_176/BRICK6/Src/Sampler/sample_page_cache.c:1337:9:sample_page_cache_begin_read_block	16	static
C:/Users/developpeur/Documents/BRICK5_H743_176/BRICK6/Src/Sampler/sample_page_cache.c:1402:6:sample_page_cache_commit_read_block	16	static
C:/Users/developpeur/Documents/BRICK5_H743_176/BRICK6/Src/Sampler/sample_page_cache.c:1408:6:sample_page_cache_commit_read_block_key	16	static
C:/Users/developpeur/Documents/BRICK5_H743_176/BRICK6/Src/Sampler/sample_page_cache.c:1422:9:sample_page_cache_has_queued_domain_range	64	static
C:/Users/developpeur/Documents/BRICK5_H743_176/BRICK6/Src/Sampler/sample_page_cache.c:1414:9:sample_page_cache_has_queued_range	8	static
C:/Users/developpeur/Documents/BRICK5_H743_176/BRICK6/Src/Sampler/sample_page_cache.c:1458:9:sample_page_cache_get_stream_info_key	32	static
C:/Users/developpeur/Documents/BRICK5_H743_176/BRICK6/Src/Sampler/sample_page_cache.c:1452:9:sample_page_cache_get_stream_info	16	static
C:/Users/developpeur/Documents/BRICK5_H743_176/BRICK6/Src/Sampler/sample_page_cache.c:1484:9:sample_page_cache_find_queued_load_target	32	static
C:/Users/developpeur/Documents/BRICK5_H743_176/BRICK6/Src/Sampler/sample_page_cache.c:1540:9:sample_page_cache_get_load_target_key	32	static
C:/Users/developpeur/Documents/BRICK5_H743_176/BRICK6/Src/Sampler/sample_page_cache.c:1531:9:sample_page_cache_get_load_target	16	static
C:/Users/developpeur/Documents/BRICK5_H743_176/BRICK6/Src/Sampler/sample_page_cache.c:1575:9:sample_page_cache_set_page_state_key	16	static
C:/Users/developpeur/Documents/BRICK5_H743_176/BRICK6/Src/Sampler/sample_page_cache.c:1566:9:sample_page_cache_set_page_state	16	static
C:/Users/developpeur/Documents/BRICK5_H743_176/BRICK6/Src/Sampler/sample_page_cache.c:1589:9:sample_page_cache_acquire_window_page_key	40	static
C:/Users/developpeur/Documents/BRICK5_H743_176/BRICK6/Src/Sampler/sample_page_cache.c:1660:9:sample_page_cache_find_window_owner_key	32	static
C:/Users/developpeur/Documents/BRICK5_H743_176/BRICK6/Src/Sampler/sample_page_cache.c:1694:6:sample_page_cache_release_window_owner	28	static
C:/Users/developpeur/Documents/BRICK5_H743_176/BRICK6/Src/Sampler/sample_page_cache.c:1734:6:sample_page_cache_release_window_owner_outside_key	56	static
C:/Users/developpeur/Documents/BRICK5_H743_176/BRICK6/Src/Sampler/sample_page_cache.c:1777:9:sample_page_cache_has_window_locks	0	static
C:/Users/developpeur/Documents/BRICK5_H743_176/BRICK6/Src/Sampler/sample_page_cache.c:1802:9:sample_page_cache_request_page_key_alloc	24	static
C:/Users/developpeur/Documents/BRICK5_H743_176/BRICK6/Src/Sampler/sample_page_cache.c:1795:9:sample_page_cache_request_page_key	16	static
C:/Users/developpeur/Documents/BRICK5_H743_176/BRICK6/Src/Sampler/sample_page_cache.c:1790:9:sample_page_cache_request_page	16	static
C:/Users/developpeur/Documents/BRICK5_H743_176/BRICK6/Src/Sampler/sample_page_cache.c:1841:9:sample_page_cache_request_page_ref_key	24	static
C:/Users/developpeur/Documents/BRICK5_H743_176/BRICK6/Src/Sampler/sample_page_cache.c:1832:9:sample_page_cache_request_page_ref	16	static
C:/Users/developpeur/Documents/BRICK5_H743_176/BRICK6/Src/Sampler/sample_page_cache.c:1897:9:sample_page_cache_request_start_pages_key_alloc	24	static
C:/Users/developpeur/Documents/BRICK5_H743_176/BRICK6/Src/Sampler/sample_page_cache.c:1886:9:sample_page_cache_request_start_pages_key	16	static
C:/Users/developpeur/Documents/BRICK5_H743_176/BRICK6/Src/Sampler/sample_page_cache.c:1877:9:sample_page_cache_request_start_pages	16	static
C:/Users/developpeur/Documents/BRICK5_H743_176/BRICK6/Src/Sampler/sample_page_cache.c:1929:9:sample_page_cache_pin_page_key_alloc	24	static
C:/Users/developpeur/Documents/BRICK5_H743_176/BRICK6/Src/Sampler/sample_page_cache.c:1922:9:sample_page_cache_pin_page_key	16	static
C:/Users/developpeur/Documents/BRICK5_H743_176/BRICK6/Src/Sampler/sample_page_cache.c:1917:9:sample_page_cache_pin_page	16	static
C:/Users/developpeur/Documents/BRICK5_H743_176/BRICK6/Src/Sampler/sample_page_cache.c:1956:6:sample_page_cache_unpin_page_key	16	static
C:/Users/developpeur/Documents/BRICK5_H743_176/BRICK6/Src/Sampler/sample_page_cache.c:1951:6:sample_page_cache_unpin_page	16	static
C:/Users/developpeur/Documents/BRICK5_H743_176/BRICK6/Src/Sampler/sample_page_cache.c:2007:27:sample_page_cache_load_full_sample_key_alloc	88	static
C:/Users/developpeur/Documents/BRICK5_H743_176/BRICK6/Src/Sampler/sample_page_cache.c:1988:27:sample_page_cache_load_full_sample_key	32	static
C:/Users/developpeur/Documents/BRICK5_H743_176/BRICK6/Src/Sampler/sample_page_cache.c:1971:27:sample_page_cache_load_full_sample	32	static
C:/Users/developpeur/Documents/BRICK5_H743_176/BRICK6/Src/Sampler/sample_page_cache.c:2109:9:sample_page_cache_register_stream_sample_key	56	static
C:/Users/developpeur/Documents/BRICK5_H743_176/BRICK6/Src/Sampler/sample_page_cache.c:2096:9:sample_page_cache_register_stream_sample	24	static
C:/Users/developpeur/Documents/BRICK5_H743_176/BRICK6/Src/Sampler/sample_page_cache.c:2159:9:sample_page_cache_register_raw_pcm24_stereo_sample_key	48	static
C:/Users/developpeur/Documents/BRICK5_H743_176/BRICK6/Src/Sampler/sample_page_cache.c:2150:9:sample_page_cache_register_raw_pcm24_stereo_sample	16	static
C:/Users/developpeur/Documents/BRICK5_H743_176/BRICK6/Src/Sampler/sample_page_cache.c:2206:6:sample_page_cache_service_domain_range	4792	static
C:/Users/developpeur/Documents/BRICK5_H743_176/BRICK6/Src/Sampler/sample_page_cache.c:2196:6:sample_page_cache_service_range	8	static
