../Src/audio_float.c:76:6:audio_float_set_postgain	0	static
../Src/audio_float.c:88:6:audio_float_set_output_compensation	0	static
../Src/audio_float.c:94:6:audio_float_set_dj_eq_low_db	0	static
../Src/audio_float.c:99:6:audio_float_set_dj_eq_mid_db	0	static
../Src/audio_float.c:104:6:audio_float_set_dj_eq_high_db	0	static
../Src/audio_float.c:109:6:audio_float_set_dj_eq_ui_params	4	static
../Src/audio_float.c:116:9:audio_float_is_dj_eq_ui_neutral	0	static
../Src/audio_float.c:121:6:audio_float_set_saturation_tone_ui	0	static
../Src/audio_float.c:126:6:audio_float_set_saturation_bias_ui	0	static
../Src/audio_float.c:131:6:audio_float_set_saturation_drive_ui	0	static
../Src/audio_float.c:136:6:audio_float_set_saturation_mix_ui	0	static
../Src/audio_float.c:161:6:audio_set_float_callback	0	static
../Src/audio_float.c:167:6:audio_tracks_init	24	static
../Src/audio_float.c:186:6:track_enable	0	static
../Src/audio_float.c:203:10:track_is_enabled	0	static
../Src/audio_float.c:212:6:track_set_gain	0	static
../Src/audio_float.c:224:6:audio_float_set_master_gain	0	static
../Src/audio_float.c:235:7:audio_float_get_master_gain	0	static
../Src/audio_float.c:491:6:audio_process_block_int32	88	static
