../Src/stm32h7xx_it.c:61:13:uart_log	8	static
../Src/stm32h7xx_it.c:66:13:uart_log_hex	112	static
../Src/stm32h7xx_it.c:97:6:NMI_Handler	0	static
../Src/stm32h7xx_it.c:112:6:HardFault_Handler	0	static,ignoring_inline_asm
../Src/stm32h7xx_it.c:134:6:MemManage_Handler	0	static,ignoring_inline_asm
../Src/stm32h7xx_it.c:149:6:BusFault_Handler	0	static,ignoring_inline_asm
../Src/stm32h7xx_it.c:164:6:UsageFault_Handler	0	static,ignoring_inline_asm
../Src/stm32h7xx_it.c:179:6:SVC_Handler	0	static
../Src/stm32h7xx_it.c:192:6:DebugMon_Handler	0	static
../Src/stm32h7xx_it.c:205:6:PendSV_Handler	0	static
../Src/stm32h7xx_it.c:218:6:SysTick_Handler	0	static
../Src/stm32h7xx_it.c:239:6:DMA1_Stream0_IRQHandler	0	static
../Src/stm32h7xx_it.c:253:6:DMA1_Stream1_IRQHandler	0	static
../Src/stm32h7xx_it.c:267:6:DMA1_Stream2_IRQHandler	0	static
../Src/stm32h7xx_it.c:281:6:DMA1_Stream3_IRQHandler	0	static
../Src/stm32h7xx_it.c:295:6:DMA1_Stream4_IRQHandler	0	static
../Src/stm32h7xx_it.c:309:6:SDMMC1_IRQHandler	0	static
../Src/stm32h7xx_it.c:323:6:TIM7_IRQHandler	0	static
../Src/stm32h7xx_it.c:345:6:SAI2_IRQHandler	8	static
../Src/stm32h7xx_it.c:359:6:hardfault_c	16	static,ignoring_inline_asm
../Src/stm32h7xx_it.c:384:6:OTG_HS_IRQHandler	0	static
../Src/stm32h7xx_it.c:389:6:OTG_FS_IRQHandler	0	static
