../Src/stm32h7xx_it.c:61:13:uart_log	8	static
../Src/stm32h7xx_it.c:66:13:uart_log_hex	112	static
../Src/stm32h7xx_it.c:99:6:NMI_Handler	0	static
../Src/stm32h7xx_it.c:114:6:HardFault_Handler	0	static,ignoring_inline_asm
../Src/stm32h7xx_it.c:136:6:MemManage_Handler	0	static,ignoring_inline_asm
../Src/stm32h7xx_it.c:151:6:BusFault_Handler	0	static,ignoring_inline_asm
../Src/stm32h7xx_it.c:166:6:UsageFault_Handler	0	static,ignoring_inline_asm
../Src/stm32h7xx_it.c:181:6:SVC_Handler	0	static
../Src/stm32h7xx_it.c:194:6:DebugMon_Handler	0	static
../Src/stm32h7xx_it.c:207:6:PendSV_Handler	0	static
../Src/stm32h7xx_it.c:220:6:SysTick_Handler	0	static
../Src/stm32h7xx_it.c:241:6:DMA1_Stream0_IRQHandler	0	static
../Src/stm32h7xx_it.c:255:6:DMA1_Stream1_IRQHandler	0	static
../Src/stm32h7xx_it.c:269:6:DMA1_Stream2_IRQHandler	0	static
../Src/stm32h7xx_it.c:283:6:DMA1_Stream3_IRQHandler	0	static
../Src/stm32h7xx_it.c:297:6:DMA1_Stream4_IRQHandler	0	static
../Src/stm32h7xx_it.c:311:6:SDMMC1_IRQHandler	0	static
../Src/stm32h7xx_it.c:325:6:TIM5_IRQHandler	0	static
../Src/stm32h7xx_it.c:339:6:TIM7_IRQHandler	0	static
../Src/stm32h7xx_it.c:361:6:TIM8_BRK_TIM12_IRQHandler	0	static
../Src/stm32h7xx_it.c:375:6:SAI2_IRQHandler	8	static
../Src/stm32h7xx_it.c:389:6:hardfault_c	16	static,ignoring_inline_asm
../Src/stm32h7xx_it.c:414:6:OTG_HS_IRQHandler	0	static
../Src/stm32h7xx_it.c:419:6:OTG_FS_IRQHandler	0	static
