../Src/stm32h7xx_it.c:60:13:uart_log	8	static
../Src/stm32h7xx_it.c:65:13:uart_log_hex	112	static
../Src/stm32h7xx_it.c:92:6:NMI_Handler	0	static
../Src/stm32h7xx_it.c:107:6:HardFault_Handler	0	static,ignoring_inline_asm
../Src/stm32h7xx_it.c:119:6:hardfault_c	16	static,ignoring_inline_asm
../Src/stm32h7xx_it.c:147:6:MemManage_Handler	0	static,ignoring_inline_asm
../Src/stm32h7xx_it.c:162:6:BusFault_Handler	0	static,ignoring_inline_asm
../Src/stm32h7xx_it.c:177:6:UsageFault_Handler	0	static,ignoring_inline_asm
../Src/stm32h7xx_it.c:192:6:SVC_Handler	0	static
../Src/stm32h7xx_it.c:205:6:DebugMon_Handler	0	static
../Src/stm32h7xx_it.c:218:6:PendSV_Handler	0	static
../Src/stm32h7xx_it.c:231:6:SysTick_Handler	0	static
../Src/stm32h7xx_it.c:252:6:DMA1_Stream0_IRQHandler	0	static
../Src/stm32h7xx_it.c:266:6:DMA1_Stream1_IRQHandler	8	static
../Src/stm32h7xx_it.c:280:6:SDMMC1_IRQHandler	0	static
../Src/stm32h7xx_it.c:294:6:SAI1_IRQHandler	8	static
../Src/stm32h7xx_it.c:307:6:OTG_HS_IRQHandler	0	static
../Src/stm32h7xx_it.c:312:6:OTG_FS_IRQHandler	0	static
