../Src/stm32h7xx_it.c:61:13:uart_log	8	static
../Src/stm32h7xx_it.c:66:13:uart_log_hex	112	static
../Src/stm32h7xx_it.c:98:6:NMI_Handler	0	static
../Src/stm32h7xx_it.c:113:6:HardFault_Handler	0	static,ignoring_inline_asm
../Src/stm32h7xx_it.c:135:6:MemManage_Handler	0	static,ignoring_inline_asm
../Src/stm32h7xx_it.c:150:6:BusFault_Handler	0	static,ignoring_inline_asm
../Src/stm32h7xx_it.c:165:6:UsageFault_Handler	0	static,ignoring_inline_asm
../Src/stm32h7xx_it.c:180:6:SVC_Handler	0	static
../Src/stm32h7xx_it.c:193:6:DebugMon_Handler	0	static
../Src/stm32h7xx_it.c:206:6:PendSV_Handler	0	static
../Src/stm32h7xx_it.c:219:6:SysTick_Handler	0	static
../Src/stm32h7xx_it.c:240:6:DMA1_Stream0_IRQHandler	0	static
../Src/stm32h7xx_it.c:254:6:DMA1_Stream1_IRQHandler	0	static
../Src/stm32h7xx_it.c:268:6:DMA1_Stream2_IRQHandler	0	static
../Src/stm32h7xx_it.c:282:6:DMA1_Stream3_IRQHandler	0	static
../Src/stm32h7xx_it.c:296:6:DMA1_Stream4_IRQHandler	0	static
../Src/stm32h7xx_it.c:310:6:SDMMC1_IRQHandler	0	static
../Src/stm32h7xx_it.c:324:6:TIM5_IRQHandler	0	static
../Src/stm32h7xx_it.c:338:6:TIM7_IRQHandler	0	static
../Src/stm32h7xx_it.c:360:6:SAI2_IRQHandler	8	static
../Src/stm32h7xx_it.c:374:6:hardfault_c	16	static,ignoring_inline_asm
../Src/stm32h7xx_it.c:399:6:OTG_HS_IRQHandler	0	static
../Src/stm32h7xx_it.c:404:6:OTG_FS_IRQHandler	0	static
