../Src/stm32h7xx_it.c:60:13:uart_log	8	static
../Src/stm32h7xx_it.c:65:13:uart_log_hex	112	static
../Src/stm32h7xx_it.c:95:6:NMI_Handler	0	static
../Src/stm32h7xx_it.c:110:6:HardFault_Handler	0	static,ignoring_inline_asm
../Src/stm32h7xx_it.c:132:6:MemManage_Handler	0	static,ignoring_inline_asm
../Src/stm32h7xx_it.c:147:6:BusFault_Handler	0	static,ignoring_inline_asm
../Src/stm32h7xx_it.c:162:6:UsageFault_Handler	0	static,ignoring_inline_asm
../Src/stm32h7xx_it.c:177:6:SVC_Handler	0	static
../Src/stm32h7xx_it.c:190:6:DebugMon_Handler	0	static
../Src/stm32h7xx_it.c:203:6:PendSV_Handler	0	static
../Src/stm32h7xx_it.c:216:6:SysTick_Handler	0	static
../Src/stm32h7xx_it.c:237:6:DMA1_Stream0_IRQHandler	0	static
../Src/stm32h7xx_it.c:251:6:DMA1_Stream1_IRQHandler	0	static
../Src/stm32h7xx_it.c:265:6:DMA1_Stream2_IRQHandler	0	static
../Src/stm32h7xx_it.c:279:6:DMA1_Stream3_IRQHandler	0	static
../Src/stm32h7xx_it.c:293:6:DMA1_Stream4_IRQHandler	0	static
../Src/stm32h7xx_it.c:307:6:SDMMC1_IRQHandler	0	static
../Src/stm32h7xx_it.c:321:6:SAI2_IRQHandler	8	static
../Src/stm32h7xx_it.c:335:6:hardfault_c	16	static,ignoring_inline_asm
../Src/stm32h7xx_it.c:360:6:OTG_HS_IRQHandler	0	static
../Src/stm32h7xx_it.c:365:6:OTG_FS_IRQHandler	0	static
