../Src/stm32h7xx_it.c:61:13:uart_log	8	static
../Src/stm32h7xx_it.c:66:13:uart_log_hex	112	static
../Src/stm32h7xx_it.c:93:6:NMI_Handler	0	static
../Src/stm32h7xx_it.c:108:6:HardFault_Handler	0	static,ignoring_inline_asm
../Src/stm32h7xx_it.c:120:6:hardfault_c	16	static,ignoring_inline_asm
../Src/stm32h7xx_it.c:148:6:MemManage_Handler	0	static,ignoring_inline_asm
../Src/stm32h7xx_it.c:163:6:BusFault_Handler	0	static,ignoring_inline_asm
../Src/stm32h7xx_it.c:178:6:UsageFault_Handler	0	static,ignoring_inline_asm
../Src/stm32h7xx_it.c:193:6:SVC_Handler	0	static
../Src/stm32h7xx_it.c:206:6:DebugMon_Handler	0	static
../Src/stm32h7xx_it.c:219:6:PendSV_Handler	0	static
../Src/stm32h7xx_it.c:232:6:SysTick_Handler	0	static
../Src/stm32h7xx_it.c:253:6:DMA1_Stream0_IRQHandler	0	static
../Src/stm32h7xx_it.c:267:6:DMA1_Stream1_IRQHandler	8	static
../Src/stm32h7xx_it.c:281:6:SDMMC1_IRQHandler	0	static
../Src/stm32h7xx_it.c:295:6:SAI1_IRQHandler	8	static
../Src/stm32h7xx_it.c:308:6:OTG_HS_IRQHandler	0	static
../Src/stm32h7xx_it.c:313:6:OTG_FS_IRQHandler	0	static
