../Src/stm32h7xx_it.c:60:13:uart_log	8	static
../Src/stm32h7xx_it.c:65:13:uart_log_hex	112	static
../Src/stm32h7xx_it.c:96:6:NMI_Handler	0	static
../Src/stm32h7xx_it.c:111:6:HardFault_Handler	0	static,ignoring_inline_asm
../Src/stm32h7xx_it.c:133:6:MemManage_Handler	0	static,ignoring_inline_asm
../Src/stm32h7xx_it.c:148:6:BusFault_Handler	0	static,ignoring_inline_asm
../Src/stm32h7xx_it.c:163:6:UsageFault_Handler	0	static,ignoring_inline_asm
../Src/stm32h7xx_it.c:178:6:SVC_Handler	0	static
../Src/stm32h7xx_it.c:191:6:DebugMon_Handler	0	static
../Src/stm32h7xx_it.c:204:6:PendSV_Handler	0	static
../Src/stm32h7xx_it.c:217:6:SysTick_Handler	0	static
../Src/stm32h7xx_it.c:238:6:DMA1_Stream0_IRQHandler	0	static
../Src/stm32h7xx_it.c:252:6:DMA1_Stream1_IRQHandler	0	static
../Src/stm32h7xx_it.c:266:6:DMA1_Stream2_IRQHandler	0	static
../Src/stm32h7xx_it.c:280:6:DMA1_Stream3_IRQHandler	0	static
../Src/stm32h7xx_it.c:294:6:DMA1_Stream4_IRQHandler	0	static
../Src/stm32h7xx_it.c:308:6:SDMMC1_IRQHandler	0	static
../Src/stm32h7xx_it.c:322:6:TIM7_IRQHandler	0	static
../Src/stm32h7xx_it.c:336:6:SAI2_IRQHandler	8	static
../Src/stm32h7xx_it.c:350:6:hardfault_c	16	static,ignoring_inline_asm
../Src/stm32h7xx_it.c:375:6:OTG_HS_IRQHandler	0	static
../Src/stm32h7xx_it.c:380:6:OTG_FS_IRQHandler	0	static
