C:/Users/developpeur/Documents/BRICK5_H743_176/BRICK6/Src/UI/pages/ui_page_template_tone.c:477:17:ui_page_template_tone_prism_u15	0	static
C:/Users/developpeur/Documents/BRICK5_H743_176/BRICK6/Src/UI/pages/ui_page_template_tone.c:510:13:ui_page_template_tone_prism_format_bipolar_float	32	static
C:/Users/developpeur/Documents/BRICK5_H743_176/BRICK6/Src/UI/pages/ui_page_template_tone.c:561:13:ui_page_template_tone_prism_format_q7_interval	8	static
C:/Users/developpeur/Documents/BRICK5_H743_176/BRICK6/Src/UI/pages/ui_page_template_tone.c:1358:13:ui_page_template_tone_master_fx_format_choice	8	static
C:/Users/developpeur/Documents/BRICK5_H743_176/BRICK6/Src/UI/pages/ui_page_template_tone.c:490:13:ui_page_template_tone_prism_format_percent	8	static
C:/Users/developpeur/Documents/BRICK5_H743_176/BRICK6/Src/UI/pages/ui_page_template_tone.c:442:38:ui_page_template_tone_prism_labels_for_param	24	static
C:/Users/developpeur/Documents/BRICK5_H743_176/BRICK6/Src/UI/pages/ui_page_template_tone.c:290:36:ui_page_template_tone_resolve_family	16	static
C:/Users/developpeur/Documents/BRICK5_H743_176/BRICK6/Src/UI/pages/ui_page_template_tone.c:2028:13:ui_page_template_tone_sync_drum_family	24	static
C:/Users/developpeur/Documents/BRICK5_H743_176/BRICK6/Src/UI/pages/ui_page_template_tone.c:2209:13:ui_page_template_tone_render	8	static
C:/Users/developpeur/Documents/BRICK5_H743_176/BRICK6/Src/UI/pages/ui_page_template_tone.c:2202:13:ui_page_template_tone_sync_active_context	8	static
C:/Users/developpeur/Documents/BRICK5_H743_176/BRICK6/Src/UI/pages/ui_page_template_tone.c:2195:13:ui_page_template_tone_tick	8	static
C:/Users/developpeur/Documents/BRICK5_H743_176/BRICK6/Src/UI/pages/ui_page_template_tone.c:2187:13:ui_page_template_tone_handle_event	8	static
C:/Users/developpeur/Documents/BRICK5_H743_176/BRICK6/Src/UI/pages/ui_page_template_tone.c:2181:13:ui_page_template_tone_enter	8	static
C:/Users/developpeur/Documents/BRICK5_H743_176/BRICK6/Src/UI/pages/ui_page_template_tone.c:1251:41:ui_page_template_tone_pick_custom_widget	32	static
C:/Users/developpeur/Documents/BRICK5_H743_176/BRICK6/Src/UI/pages/ui_page_template_tone.c:1178:26:ui_page_template_tone_pick_widget	40	static
C:/Users/developpeur/Documents/BRICK5_H743_176/BRICK6/Src/UI/pages/ui_page_template_tone.c:1610:16:ui_page_template_tone_param_text	72	static
C:/Users/developpeur/Documents/BRICK5_H743_176/BRICK6/Src/UI/pages/ui_page_template_tone.c:2086:6:ui_page_template_tone_register_families	32	static
C:/Users/developpeur/Documents/BRICK5_H743_176/BRICK6/Src/UI/pages/ui_page_template_tone.c:2151:6:ui_page_template_tone_open_primary	8	static
C:/Users/developpeur/Documents/BRICK5_H743_176/BRICK6/Src/UI/pages/ui_page_template_tone.c:2158:6:ui_page_template_tone_toggle_subset	8	static
