C:/Users/developpeur/Documents/BRICK5_H743_176/BRICK6/Src/Storage/wav_loader.c:63:14:wav_loader_get_interleaved_buffer	4	static
C:/Users/developpeur/Documents/BRICK5_H743_176/BRICK6/Src/Storage/wav_loader.c:80:10:wav_loader_get_capacity_frames	4	static
C:/Users/developpeur/Documents/BRICK5_H743_176/BRICK6/Src/Storage/wav_loader.c:103:12:wav_ext_is_wav	24	static
C:/Users/developpeur/Documents/BRICK5_H743_176/BRICK6/Src/Storage/wav_loader.c:120:16:wav_loader_path_is_hidden_system_cache	16	static
C:/Users/developpeur/Documents/BRICK5_H743_176/BRICK6/Src/Storage/wav_loader.c:157:13:wav_loader_catalog_checksum_update	32	static
C:/Users/developpeur/Documents/BRICK5_H743_176/BRICK6/Src/Storage/wav_loader.c:167:13:wav_loader_catalog_views_clear	8	static
C:/Users/developpeur/Documents/BRICK5_H743_176/BRICK6/Src/Storage/wav_loader.c:177:13:wav_loader_catalog_diag_record_open_fail	16	static
C:/Users/developpeur/Documents/BRICK5_H743_176/BRICK6/Src/Storage/wav_loader.c:189:13:wav_loader_catalog_release_gate_on_error	8	static
C:/Users/developpeur/Documents/BRICK5_H743_176/BRICK6/Src/Storage/wav_loader.c:195:13:wav_loader_catalog_clear	8	static
C:/Users/developpeur/Documents/BRICK5_H743_176/BRICK6/Src/Storage/wav_loader.c:207:16:wav_loader_catalog_fill_entry	32	static
C:/Users/developpeur/Documents/BRICK5_H743_176/BRICK6/Src/Storage/wav_loader.c:250:16:wav_loader_catalog_write_entry	32	static
C:/Users/developpeur/Documents/BRICK5_H743_176/BRICK6/Src/Storage/wav_loader.c:281:9:wav_loader_catalog_notify_file_created	16	static
C:/Users/developpeur/Documents/BRICK5_H743_176/BRICK6/Src/Storage/wav_loader.c:293:16:wav_loader_catalog_make_path	48	static
C:/Users/developpeur/Documents/BRICK5_H743_176/BRICK6/Src/Storage/wav_loader.c:308:16:wav_loader_catalog_write_dirent	448	static
C:/Users/developpeur/Documents/BRICK5_H743_176/BRICK6/Src/Storage/wav_loader.c:344:13:wav_loader_catalog_scan_dir	592	static
C:/Users/developpeur/Documents/BRICK5_H743_176/BRICK6/Src/Storage/wav_loader.c:437:16:wav_loader_catalog_validate_stream	248	static
C:/Users/developpeur/Documents/BRICK5_H743_176/BRICK6/Src/Storage/wav_loader.c:459:16:wav_loader_catalog_read_header	24	static
C:/Users/developpeur/Documents/BRICK5_H743_176/BRICK6/Src/Storage/wav_loader.c:480:16:wav_loader_catalog_open_read	24	static
C:/Users/developpeur/Documents/BRICK5_H743_176/BRICK6/Src/Storage/wav_loader.c:520:17:wav_loader_catalog_page_start	16	static
C:/Users/developpeur/Documents/BRICK5_H743_176/BRICK6/Src/Storage/wav_loader.c:525:35:wav_loader_catalog_find_view	24	static
C:/Users/developpeur/Documents/BRICK5_H743_176/BRICK6/Src/Storage/wav_loader.c:540:35:wav_loader_catalog_alloc_view	16	static
C:/Users/developpeur/Documents/BRICK5_H743_176/BRICK6/Src/Storage/wav_loader.c:557:35:wav_loader_catalog_load_view	880	static
C:/Users/developpeur/Documents/BRICK5_H743_176/BRICK6/Src/Storage/wav_loader.c:631:16:wav_loader_catalog_read_entry_by_index	688	static
C:/Users/developpeur/Documents/BRICK5_H743_176/BRICK6/Src/Storage/wav_loader.c:679:16:wav_loader_catalog_save	648	static
C:/Users/developpeur/Documents/BRICK5_H743_176/BRICK6/Src/Storage/wav_loader.c:730:6:wav_loader_catalog_init_load	624	static
C:/Users/developpeur/Documents/BRICK5_H743_176/BRICK6/Src/Storage/wav_loader.c:756:6:wav_loader_catalog_rebuild	16	static
C:/Users/developpeur/Documents/BRICK5_H743_176/BRICK6/Src/Storage/wav_loader.c:811:6:wav_loader_catalog_refresh	8	static
C:/Users/developpeur/Documents/BRICK5_H743_176/BRICK6/Src/Storage/wav_loader.c:816:10:wav_loader_catalog_count	4	static
C:/Users/developpeur/Documents/BRICK5_H743_176/BRICK6/Src/Storage/wav_loader.c:821:10:wav_loader_catalog_child_count	24	static
C:/Users/developpeur/Documents/BRICK5_H743_176/BRICK6/Src/Storage/wav_loader.c:842:9:wav_loader_catalog_last_sd_busy	4	static
C:/Users/developpeur/Documents/BRICK5_H743_176/BRICK6/Src/Storage/wav_loader.c:847:9:wav_loader_catalog_last_io_error	4	static
C:/Users/developpeur/Documents/BRICK5_H743_176/BRICK6/Src/Storage/wav_loader.c:852:34:wav_loader_catalog_get_diag	4	static
C:/Users/developpeur/Documents/BRICK5_H743_176/BRICK6/Src/Storage/wav_loader.c:857:10:wav_loader_catalog_get_child_index	24	static
C:/Users/developpeur/Documents/BRICK5_H743_176/BRICK6/Src/Storage/wav_loader.c:874:9:wav_loader_catalog_truncated	4	static
C:/Users/developpeur/Documents/BRICK5_H743_176/BRICK6/Src/Storage/wav_loader.c:879:9:wav_loader_catalog_path_truncated	4	static
C:/Users/developpeur/Documents/BRICK5_H743_176/BRICK6/Src/Storage/wav_loader.c:884:9:wav_loader_catalog_loaded	4	static
C:/Users/developpeur/Documents/BRICK5_H743_176/BRICK6/Src/Storage/wav_loader.c:889:9:wav_loader_catalog_stale	4	static
C:/Users/developpeur/Documents/BRICK5_H743_176/BRICK6/Src/Storage/wav_loader.c:894:6:wav_loader_catalog_mark_stale	8	static
C:/Users/developpeur/Documents/BRICK5_H743_176/BRICK6/Src/Storage/wav_loader.c:900:9:wav_loader_catalog_find_path	880	static
C:/Users/developpeur/Documents/BRICK5_H743_176/BRICK6/Src/Storage/wav_loader.c:972:35:wav_loader_catalog_get	16	static
C:/Users/developpeur/Documents/BRICK5_H743_176/BRICK6/Src/Storage/wav_loader.c:990:35:wav_loader_catalog_get_child	24	static
C:/Users/developpeur/Documents/BRICK5_H743_176/BRICK6/Src/Storage/wav_loader.c:1023:6:wav_loader_find_first_wav	864	static
C:/Users/developpeur/Documents/BRICK5_H743_176/BRICK6/Src/Storage/wav_loader.c:1089:6:wav_loader_load_to_sdram	4928	static
