../Src/UI/ui_core.c:287:13:ui_core_sync_audio_runtime_enables	8	static
../Src/UI/ui_core.c:295:13:ui_core_sync_active_track_cfg_params	16	static
../Src/UI/ui_core.c:142:6:ui_track_family_is_input	0	static
../Src/UI/ui_core.c:150:6:ui_track_type_is_valid_for_family	0	static
../Src/UI/ui_core.c:176:17:ui_get_default_track_type_for_family	0	static
../Src/UI/ui_core.c:186:9:ui_get_track_type_count_for_family	0	static
../Src/UI/ui_core.c:201:9:ui_get_track_type_index_for_family	0	static
../Src/UI/ui_core.c:216:17:ui_get_track_type_from_family_index	0	static
../Src/UI/ui_core.c:367:9:ui_get_track_midi_channel	0	static
../Src/UI/ui_core.c:378:6:ui_set_track_midi_channel	8	static
../Src/UI/ui_core.c:393:24:ui_get_track_midi_source	0	static
../Src/UI/ui_core.c:408:6:ui_set_track_midi_source	8	static
../Src/UI/ui_core.c:423:9:ui_track_midi_channel_used_by_other	0	static
../Src/UI/ui_core.c:706:6:ui_core_init	16	static
../Src/UI/ui_core.c:767:6:ui_core_service_track_selection_inputs	48	static
../Src/UI/ui_core.c:810:6:ui_core_tick	56	static
../Src/UI/ui_core.c:853:9:ui_get_active_track	0	static
../Src/UI/ui_core.c:858:6:ui_resolve_filter_target_track	0	static
../Src/UI/ui_core.c:863:19:ui_get_track_config	8	static
../Src/UI/ui_core.c:873:19:ui_get_track_family	0	static
../Src/UI/ui_core.c:878:17:ui_get_track_type	0	static
../Src/UI/ui_core.c:883:6:ui_set_track_family	16	static
../Src/UI/ui_core.c:932:6:ui_set_track_type	8	static
../Src/UI/ui_core.c:960:9:ui_count_tracks_with_family	0	static
../Src/UI/ui_core.c:980:13:ui_get_track_family_display_name	0	static
../Src/UI/ui_core.c:1007:13:ui_get_track_family_short_name	0	static
../Src/UI/ui_core.c:1034:13:ui_get_track_type_display_name	0	static
../Src/UI/ui_core.c:1060:13:ui_get_track_type_short_name	0	static
../Src/UI/ui_core.c:1086:6:ui_get_track_runtime_header_label	40	static
../Src/UI/ui_core.c:1126:16:ui_get_hall_mode	0	static
../Src/UI/ui_core.c:1145:6:ui_set_hall_mode	16	static
../Src/UI/ui_core.c:1166:13:ui_get_hall_mode_short_label	0	static
../Src/UI/ui_core.c:1181:13:ui_get_hall_mode_suffix_label	8	static
../Src/UI/ui_core.c:1202:9:ui_core_hall_note_is_suppressed	0	static
../Src/UI/ui_core.c:1212:6:ui_core_clear_hall_note_suppression	0	static
