../Src/UI/ui_core.c:189:13:ui_core_sync_active_track_cfg_params	8	static
../Src/UI/ui_core.c:85:6:ui_track_family_is_input	0	static
../Src/UI/ui_core.c:90:6:ui_track_type_is_valid_for_family	0	static
../Src/UI/ui_core.c:111:17:ui_get_default_track_type_for_family	0	static
../Src/UI/ui_core.c:121:9:ui_get_track_type_count_for_family	0	static
../Src/UI/ui_core.c:131:9:ui_get_track_type_index_for_family	0	static
../Src/UI/ui_core.c:146:17:ui_get_track_type_from_family_index	0	static
../Src/UI/ui_core.c:282:6:ui_core_init	8	static
../Src/UI/ui_core.c:327:6:ui_core_service_track_selection_inputs	32	static
../Src/UI/ui_core.c:358:6:ui_core_tick	24	static
../Src/UI/ui_core.c:389:9:ui_get_active_track	0	static
../Src/UI/ui_core.c:394:19:ui_get_track_config	8	static
../Src/UI/ui_core.c:404:19:ui_get_track_family	0	static
../Src/UI/ui_core.c:409:17:ui_get_track_type	0	static
../Src/UI/ui_core.c:414:6:ui_set_track_family	8	static
../Src/UI/ui_core.c:460:6:ui_set_track_type	8	static
../Src/UI/ui_core.c:487:9:ui_count_tracks_with_family	0	static
../Src/UI/ui_core.c:507:13:ui_get_track_family_display_name	0	static
../Src/UI/ui_core.c:531:13:ui_get_track_family_short_name	0	static
../Src/UI/ui_core.c:555:13:ui_get_track_type_display_name	0	static
../Src/UI/ui_core.c:581:13:ui_get_track_type_short_name	0	static
../Src/UI/ui_core.c:607:6:ui_get_track_runtime_header_label	16	static
../Src/UI/ui_core.c:633:9:ui_core_hall_note_is_suppressed	0	static
../Src/UI/ui_core.c:643:6:ui_core_clear_hall_note_suppression	0	static
