../Src/UI/ui_core.c:456:13:ui_core_sync_audio_runtime_enables	8	static
../Src/UI/ui_core.c:190:6:ui_track_family_is_input	0	static
../Src/UI/ui_core.c:198:6:ui_track_type_is_valid_for_family	0	static
../Src/UI/ui_core.c:235:6:ui_track_type_is_available	0	static
../Src/UI/ui_core.c:464:13:ui_core_sync_active_track_cfg_params	32	static
../Src/UI/ui_core.c:316:17:ui_get_default_track_type_for_family	0	static
../Src/UI/ui_core.c:326:9:ui_get_track_type_count_for_family	16	static
../Src/UI/ui_core.c:331:9:ui_get_track_type_index_for_family	24	static
../Src/UI/ui_core.c:365:17:ui_get_track_type_from_family_index	24	static
../Src/UI/ui_core.c:532:9:ui_get_track_midi_channel	0	static
../Src/UI/ui_core.c:543:6:ui_set_track_midi_channel	8	static
../Src/UI/ui_core.c:558:24:ui_get_track_midi_source	0	static
../Src/UI/ui_core.c:573:6:ui_set_track_midi_source	8	static
../Src/UI/ui_core.c:588:9:ui_track_midi_channel_used_by_other	0	static
../Src/UI/ui_core.c:838:9:ui_core_request_undo	8	static
../Src/UI/ui_core.c:1009:6:ui_core_init	16	static
../Src/UI/ui_core.c:1071:6:ui_core_service_track_selection_inputs	48	static
../Src/UI/ui_core.c:1120:6:ui_core_tick	56	static
../Src/UI/ui_core.c:1178:9:ui_get_active_track	0	static
../Src/UI/ui_core.c:1183:6:ui_resolve_filter_target_track	0	static
../Src/UI/ui_core.c:1188:19:ui_get_track_config	8	static
../Src/UI/ui_core.c:1198:19:ui_get_track_family	0	static
../Src/UI/ui_core.c:1203:17:ui_get_track_type	0	static
../Src/UI/ui_core.c:1208:6:ui_set_track_family	32	static
../Src/UI/ui_core.c:1257:6:ui_set_track_type	32	static
../Src/UI/ui_core.c:1304:9:ui_count_tracks_with_family	0	static
../Src/UI/ui_core.c:1324:13:ui_get_track_family_display_name	0	static
../Src/UI/ui_core.c:1351:13:ui_get_track_family_short_name	0	static
../Src/UI/ui_core.c:1378:13:ui_get_track_type_display_name	0	static
../Src/UI/ui_core.c:1407:13:ui_get_track_type_short_name	0	static
../Src/UI/ui_core.c:1436:6:ui_get_track_runtime_header_label	40	static
../Src/UI/ui_core.c:1476:16:ui_get_hall_mode	0	static
../Src/UI/ui_core.c:1495:6:ui_set_hall_mode	16	static
../Src/UI/ui_core.c:1517:13:ui_get_hall_mode_short_label	0	static
../Src/UI/ui_core.c:1542:13:ui_get_hall_mode_suffix_label	8	static
../Src/UI/ui_core.c:1573:6:ui_get_pattern_stub_state	24	static
../Src/UI/ui_core.c:1599:9:ui_is_track_modifier_held	0	static
../Src/UI/ui_core.c:1604:9:ui_core_hall_note_is_suppressed	0	static
../Src/UI/ui_core.c:1614:6:ui_core_clear_hall_note_suppression	0	static
