../Src/UI/ui_core.c:281:13:ui_core_sync_audio_runtime_enables	8	static
../Src/UI/ui_core.c:289:13:ui_core_sync_active_track_cfg_params	16	static
../Src/UI/ui_core.c:136:6:ui_track_family_is_input	0	static
../Src/UI/ui_core.c:144:6:ui_track_type_is_valid_for_family	0	static
../Src/UI/ui_core.c:170:17:ui_get_default_track_type_for_family	0	static
../Src/UI/ui_core.c:180:9:ui_get_track_type_count_for_family	0	static
../Src/UI/ui_core.c:195:9:ui_get_track_type_index_for_family	0	static
../Src/UI/ui_core.c:210:17:ui_get_track_type_from_family_index	0	static
../Src/UI/ui_core.c:341:9:ui_get_track_midi_channel	0	static
../Src/UI/ui_core.c:352:6:ui_set_track_midi_channel	8	static
../Src/UI/ui_core.c:367:24:ui_get_track_midi_source	0	static
../Src/UI/ui_core.c:382:6:ui_set_track_midi_source	8	static
../Src/UI/ui_core.c:397:9:ui_track_midi_channel_used_by_other	0	static
../Src/UI/ui_core.c:657:6:ui_core_init	16	static
../Src/UI/ui_core.c:717:6:ui_core_service_track_selection_inputs	40	static
../Src/UI/ui_core.c:760:6:ui_core_tick	56	static
../Src/UI/ui_core.c:803:9:ui_get_active_track	0	static
../Src/UI/ui_core.c:808:6:ui_resolve_filter_target_track	0	static
../Src/UI/ui_core.c:813:19:ui_get_track_config	8	static
../Src/UI/ui_core.c:823:19:ui_get_track_family	0	static
../Src/UI/ui_core.c:828:17:ui_get_track_type	0	static
../Src/UI/ui_core.c:833:6:ui_set_track_family	16	static
../Src/UI/ui_core.c:882:6:ui_set_track_type	8	static
../Src/UI/ui_core.c:910:9:ui_count_tracks_with_family	0	static
../Src/UI/ui_core.c:930:13:ui_get_track_family_display_name	0	static
../Src/UI/ui_core.c:957:13:ui_get_track_family_short_name	0	static
../Src/UI/ui_core.c:984:13:ui_get_track_type_display_name	0	static
../Src/UI/ui_core.c:1010:13:ui_get_track_type_short_name	0	static
../Src/UI/ui_core.c:1036:6:ui_get_track_runtime_header_label	40	static
../Src/UI/ui_core.c:1076:16:ui_get_hall_mode	0	static
../Src/UI/ui_core.c:1095:6:ui_set_hall_mode	16	static
../Src/UI/ui_core.c:1116:13:ui_get_hall_mode_short_label	0	static
../Src/UI/ui_core.c:1131:13:ui_get_hall_mode_suffix_label	8	static
../Src/UI/ui_core.c:1152:9:ui_core_hall_note_is_suppressed	0	static
../Src/UI/ui_core.c:1162:6:ui_core_clear_hall_note_suppression	0	static
