../Src/UI/ui_core.c:199:13:ui_core_sync_active_track_cfg_params	16	static
../Src/UI/ui_core.c:95:6:ui_track_family_is_input	0	static
../Src/UI/ui_core.c:100:6:ui_track_type_is_valid_for_family	0	static
../Src/UI/ui_core.c:121:17:ui_get_default_track_type_for_family	0	static
../Src/UI/ui_core.c:131:9:ui_get_track_type_count_for_family	0	static
../Src/UI/ui_core.c:141:9:ui_get_track_type_index_for_family	0	static
../Src/UI/ui_core.c:156:17:ui_get_track_type_from_family_index	0	static
../Src/UI/ui_core.c:326:6:ui_core_init	8	static
../Src/UI/ui_core.c:375:6:ui_core_service_track_selection_inputs	32	static
../Src/UI/ui_core.c:418:6:ui_core_tick	24	static
../Src/UI/ui_core.c:449:9:ui_get_active_track	0	static
../Src/UI/ui_core.c:454:19:ui_get_track_config	8	static
../Src/UI/ui_core.c:464:19:ui_get_track_family	0	static
../Src/UI/ui_core.c:469:17:ui_get_track_type	0	static
../Src/UI/ui_core.c:474:6:ui_set_track_family	8	static
../Src/UI/ui_core.c:521:6:ui_set_track_type	8	static
../Src/UI/ui_core.c:549:9:ui_count_tracks_with_family	0	static
../Src/UI/ui_core.c:569:13:ui_get_track_family_display_name	0	static
../Src/UI/ui_core.c:593:13:ui_get_track_family_short_name	0	static
../Src/UI/ui_core.c:617:13:ui_get_track_type_display_name	0	static
../Src/UI/ui_core.c:643:13:ui_get_track_type_short_name	0	static
../Src/UI/ui_core.c:669:6:ui_get_track_runtime_header_label	16	static
../Src/UI/ui_core.c:695:16:ui_get_hall_mode	0	static
../Src/UI/ui_core.c:700:6:ui_set_hall_mode	16	static
../Src/UI/ui_core.c:720:13:ui_get_hall_mode_short_label	0	static
../Src/UI/ui_core.c:725:9:ui_core_hall_note_is_suppressed	0	static
../Src/UI/ui_core.c:735:6:ui_core_clear_hall_note_suppression	0	static
