../Src/UI/ui_core.c:458:13:ui_core_sync_audio_runtime_enables	8	static
../Src/UI/ui_core.c:192:6:ui_track_family_is_input	0	static
../Src/UI/ui_core.c:200:6:ui_track_type_is_valid_for_family	0	static
../Src/UI/ui_core.c:237:6:ui_track_type_is_available	0	static
../Src/UI/ui_core.c:482:13:ui_core_sync_active_track_cfg_params	32	static
../Src/UI/ui_core.c:318:17:ui_get_default_track_type_for_family	0	static
../Src/UI/ui_core.c:328:9:ui_get_track_type_count_for_family	16	static
../Src/UI/ui_core.c:333:9:ui_get_track_type_index_for_family	24	static
../Src/UI/ui_core.c:367:17:ui_get_track_type_from_family_index	24	static
../Src/UI/ui_core.c:550:9:ui_get_track_midi_channel	0	static
../Src/UI/ui_core.c:561:6:ui_set_track_midi_channel	8	static
../Src/UI/ui_core.c:576:24:ui_get_track_midi_source	0	static
../Src/UI/ui_core.c:591:6:ui_set_track_midi_source	8	static
../Src/UI/ui_core.c:606:6:ui_restore_track_config_bulk	32	static
../Src/UI/ui_core.c:709:9:ui_track_midi_channel_used_by_other	0	static
../Src/UI/ui_core.c:959:9:ui_core_request_undo	8	static
../Src/UI/ui_core.c:1139:6:ui_core_init	8	static
../Src/UI/ui_core.c:1202:6:ui_core_service_track_selection_inputs	48	static
../Src/UI/ui_core.c:1251:6:ui_core_tick	56	static
../Src/UI/ui_core.c:1321:9:ui_get_active_track	0	static
../Src/UI/ui_core.c:1326:6:ui_resolve_filter_target_track	16	static
../Src/UI/ui_core.c:1332:19:ui_get_track_config	8	static
../Src/UI/ui_core.c:1342:19:ui_get_track_family	0	static
../Src/UI/ui_core.c:1347:17:ui_get_track_type	0	static
../Src/UI/ui_core.c:1352:6:ui_set_track_family	32	static
../Src/UI/ui_core.c:1402:6:ui_set_track_type	32	static
../Src/UI/ui_core.c:1450:9:ui_count_tracks_with_family	0	static
../Src/UI/ui_core.c:1470:13:ui_get_track_family_display_name	0	static
../Src/UI/ui_core.c:1497:13:ui_get_track_family_short_name	0	static
../Src/UI/ui_core.c:1524:13:ui_get_track_type_display_name	0	static
../Src/UI/ui_core.c:1553:13:ui_get_track_type_short_name	0	static
../Src/UI/ui_core.c:1582:6:ui_get_track_runtime_header_label	40	static
../Src/UI/ui_core.c:1622:16:ui_get_hall_mode	0	static
../Src/UI/ui_core.c:1627:6:ui_set_hall_mode	16	static
../Src/UI/ui_core.c:1649:13:ui_get_hall_mode_short_label	0	static
../Src/UI/ui_core.c:1674:13:ui_get_hall_mode_suffix_label	8	static
../Src/UI/ui_core.c:1705:6:ui_get_pattern_stub_state	24	static
../Src/UI/ui_core.c:1731:9:ui_is_track_modifier_held	0	static
../Src/UI/ui_core.c:1736:9:ui_core_hall_note_is_suppressed	0	static
../Src/UI/ui_core.c:1746:6:ui_core_clear_hall_note_suppression	0	static
