../Src/UI/ui_core.c:85:6:ui_track_family_is_input	0	static
../Src/UI/ui_core.c:90:6:ui_track_type_is_valid_for_family	0	static
../Src/UI/ui_core.c:111:17:ui_get_default_track_type_for_family	0	static
../Src/UI/ui_core.c:121:9:ui_get_track_type_count_for_family	0	static
../Src/UI/ui_core.c:131:9:ui_get_track_type_index_for_family	0	static
../Src/UI/ui_core.c:146:17:ui_get_track_type_from_family_index	0	static
../Src/UI/ui_core.c:282:6:ui_core_init	16	static
../Src/UI/ui_core.c:326:6:ui_core_service_track_selection_inputs	32	static
../Src/UI/ui_core.c:357:6:ui_core_tick	32	static
../Src/UI/ui_core.c:388:9:ui_get_active_track	0	static
../Src/UI/ui_core.c:393:19:ui_get_track_config	8	static
../Src/UI/ui_core.c:403:19:ui_get_track_family	0	static
../Src/UI/ui_core.c:408:17:ui_get_track_type	0	static
../Src/UI/ui_core.c:413:6:ui_set_track_family	8	static
../Src/UI/ui_core.c:459:6:ui_set_track_type	16	static
../Src/UI/ui_core.c:486:9:ui_count_tracks_with_family	0	static
../Src/UI/ui_core.c:506:13:ui_get_track_family_display_name	0	static
../Src/UI/ui_core.c:530:13:ui_get_track_family_short_name	0	static
../Src/UI/ui_core.c:554:13:ui_get_track_type_display_name	0	static
../Src/UI/ui_core.c:577:13:ui_get_track_type_short_name	0	static
../Src/UI/ui_core.c:600:6:ui_get_track_runtime_header_label	16	static
../Src/UI/ui_core.c:626:9:ui_core_hall_note_is_suppressed	0	static
../Src/UI/ui_core.c:636:6:ui_core_clear_hall_note_suppression	0	static
