../Src/UI/ui_core.c:256:13:ui_core_sync_audio_runtime_enables	8	static
../Src/UI/ui_core.c:264:13:ui_core_sync_active_track_cfg_params	16	static
../Src/UI/ui_core.c:111:6:ui_track_family_is_input	0	static
../Src/UI/ui_core.c:119:6:ui_track_type_is_valid_for_family	0	static
../Src/UI/ui_core.c:145:17:ui_get_default_track_type_for_family	0	static
../Src/UI/ui_core.c:155:9:ui_get_track_type_count_for_family	0	static
../Src/UI/ui_core.c:170:9:ui_get_track_type_index_for_family	0	static
../Src/UI/ui_core.c:185:17:ui_get_track_type_from_family_index	0	static
../Src/UI/ui_core.c:415:6:ui_core_init	16	static
../Src/UI/ui_core.c:469:6:ui_core_service_track_selection_inputs	40	static
../Src/UI/ui_core.c:512:6:ui_core_tick	24	static
../Src/UI/ui_core.c:543:9:ui_get_active_track	0	static
../Src/UI/ui_core.c:548:19:ui_get_track_config	8	static
../Src/UI/ui_core.c:558:19:ui_get_track_family	0	static
../Src/UI/ui_core.c:563:17:ui_get_track_type	0	static
../Src/UI/ui_core.c:568:6:ui_set_track_family	16	static
../Src/UI/ui_core.c:617:6:ui_set_track_type	8	static
../Src/UI/ui_core.c:645:9:ui_count_tracks_with_family	0	static
../Src/UI/ui_core.c:665:13:ui_get_track_family_display_name	0	static
../Src/UI/ui_core.c:692:13:ui_get_track_family_short_name	0	static
../Src/UI/ui_core.c:719:13:ui_get_track_type_display_name	0	static
../Src/UI/ui_core.c:745:13:ui_get_track_type_short_name	0	static
../Src/UI/ui_core.c:771:6:ui_get_track_runtime_header_label	16	static
../Src/UI/ui_core.c:803:16:ui_get_hall_mode	0	static
../Src/UI/ui_core.c:822:6:ui_set_hall_mode	16	static
../Src/UI/ui_core.c:843:13:ui_get_hall_mode_short_label	16	static
../Src/UI/ui_core.c:858:9:ui_core_hall_note_is_suppressed	0	static
../Src/UI/ui_core.c:868:6:ui_core_clear_hall_note_suppression	0	static
