../Src/UI/ui_core.c:206:13:ui_core_pattern_reset_selection_only	4	static
../Src/UI/ui_core.c:212:13:ui_core_pattern_abort_internal	8	static
../Src/UI/ui_core.c:218:13:ui_core_pattern_enter	16	static
../Src/UI/ui_core.c:227:13:ui_core_pattern_exit_to_previous_mode	16	static
../Src/UI/ui_core.c:236:16:ui_core_track_param_from_mix_track	16	static
../Src/UI/ui_core.c:247:16:ui_core_input_family_wired_mute_track	24	static
../Src/UI/ui_core.c:284:16:ui_core_resolve_mute_mix_track	24	static
../Src/UI/ui_core.c:307:16:ui_core_get_track_runtime_mute	32	static
../Src/UI/ui_core.c:340:16:ui_core_apply_track_runtime_mute	24	static
../Src/UI/ui_core.c:373:13:ui_core_mute_clear_state	8	static
../Src/UI/ui_core.c:382:13:ui_core_mute_capture_current_to_buffer	24	static
../Src/UI/ui_core.c:398:13:ui_core_mute_exit_to_previous_mode	16	static
../Src/UI/ui_core.c:407:13:ui_core_mute_enter_quick	16	static
../Src/UI/ui_core.c:421:13:ui_core_mute_enter_prepare	8	static
../Src/UI/ui_core.c:436:13:ui_core_mute_apply_prepared_and_exit	16	static
../Src/UI/ui_core.c:450:13:ui_core_mute_toggle_quick_track	24	static
../Src/UI/ui_core.c:462:13:ui_core_mute_toggle_prepared_track	16	static
../Src/UI/ui_core.c:472:16:ui_core_mute_handle_event	16	static
../Src/UI/ui_core.c:550:26:ui_core_get_default_track_config	16	static
../Src/UI/ui_core.c:560:6:ui_track_family_is_input	16	static
../Src/UI/ui_core.c:568:6:ui_track_family_is_engine	16	static
../Src/UI/ui_core.c:573:31:ui_core_get_catalog_types_for_family	16	static
../Src/UI/ui_core.c:620:6:ui_track_type_is_valid_for_family	32	static
../Src/UI/ui_core.c:646:16:ui_core_track_uses_synth_type	24	static
../Src/UI/ui_core.c:657:6:ui_track_type_is_available	24	static
../Src/UI/ui_core.c:690:16:ui_core_get_track_type_count_for_family_and_track	32	static
../Src/UI/ui_core.c:720:24:ui_core_get_first_available_track_type	32	static
../Src/UI/ui_core.c:740:17:ui_get_default_track_type_for_family	24	static
../Src/UI/ui_core.c:752:9:ui_get_track_type_count_for_family	16	static
../Src/UI/ui_core.c:757:9:ui_get_track_type_index_for_family	32	static
../Src/UI/ui_core.c:792:17:ui_get_track_type_from_family_index	32	static
../Src/UI/ui_core.c:833:13:ui_core_track_family_is_available	24	static
../Src/UI/ui_core.c:866:16:ui_core_has_track_family	24	static
../Src/UI/ui_core.c:884:13:ui_core_sync_audio_runtime_enables	16	static
../Src/UI/ui_core.c:910:13:ui_core_sync_active_track_cfg_params	24	static
../Src/UI/ui_core.c:942:13:ui_core_set_active_track	16	static
../Src/UI/ui_core.c:960:13:ui_core_reset_track_configs	16	static
../Src/UI/ui_core.c:974:9:ui_get_track_midi_channel	24	static
../Src/UI/ui_core.c:985:6:ui_set_track_midi_channel	16	static
../Src/UI/ui_core.c:1000:24:ui_get_track_midi_source	24	static
../Src/UI/ui_core.c:1015:6:ui_set_track_midi_source	16	static
../Src/UI/ui_core.c:1030:6:ui_restore_track_config_bulk	40	static
../Src/UI/ui_core.c:1121:9:ui_track_midi_channel_used_by_other	24	static
../Src/UI/ui_core.c:1144:13:ui_core_update_shift_state	16	static
../Src/UI/ui_core.c:1158:13:ui_core_update_track_modifier_state	16	static
../Src/UI/ui_core.c:1163:38:ui_core_find_hall_mode_trigger	24	static
../Src/UI/ui_core.c:1176:13:ui_core_activate_hall_mode_trigger	16	static
../Src/UI/ui_core.c:1191:13:ui_core_handle_shift_hall_action	32	static
../Src/UI/ui_core.c:1214:13:ui_core_handle_track_hall_action	32	static
../Src/UI/ui_core.c:1241:13:ui_core_handle_track_selection_event	16	static
../Src/UI/ui_core.c:1290:13:ui_core_set_feedback	16	static
../Src/UI/ui_core.c:1306:16:ui_core_collect_held_seq_steps	24	static
../Src/UI/ui_core.c:1314:16:ui_core_is_track_hall_event_consumed	16	static
../Src/UI/ui_core.c:1332:16:ui_core_handle_transport_event	16	static
../Src/UI/ui_core.c:1382:9:ui_core_request_undo	16	static
../Src/UI/ui_core.c:1396:16:ui_core_clipboard_collect_params_from_subpage	32	static
../Src/UI/ui_core.c:1439:16:ui_core_clipboard_get_held_param_button	24	static
../Src/UI/ui_core.c:1458:16:ui_core_clipboard_resolve_template_family_from_button	16	static
../Src/UI/ui_core.c:1480:16:ui_core_clipboard_collect_ensemble_params	40	static
../Src/UI/ui_core.c:1510:16:ui_core_clipboard_collect_active_page_params	32	static
../Src/UI/ui_core.c:1540:16:ui_core_clipboard_get_active_page_button	24	static
../Src/UI/ui_core.c:1563:16:ui_core_clipboard_is_active_page_button_held	16	static
../Src/UI/ui_core.c:1574:16:ui_core_clipboard_apply_param_list	32	static
../Src/UI/ui_core.c:1592:13:ui_core_clipboard_clear_param_list_to_min	24	static
../Src/UI/ui_core.c:1610:16:ui_core_clipboard_copy_track	40	static
../Src/UI/ui_core.c:1651:16:ui_core_clipboard_clear_track	24	static
../Src/UI/ui_core.c:1679:16:ui_core_clipboard_track_is_simple_exclusive	16	static
../Src/UI/ui_core.c:1692:16:ui_core_clipboard_track_is_input_exclusive	16	static
../Src/UI/ui_core.c:1702:26:ui_core_clipboard_find_free_input_family	16	static
../Src/UI/ui_core.c:1715:16:ui_core_clipboard_move_exclusive_track_config	64	static
../Src/UI/ui_core.c:1746:16:ui_core_clipboard_paste_track	40	static
../Src/UI/ui_core.c:1834:16:ui_core_clipboard_copy_param_scope	32	static
../Src/UI/ui_core.c:1868:16:ui_core_clipboard_apply_intersection	40	static
../Src/UI/ui_core.c:1917:16:ui_core_handle_track_clipboard_event	24	static
../Src/UI/ui_core.c:1960:16:ui_core_handle_ensemble_clipboard_event	648	static
../Src/UI/ui_core.c:2038:16:ui_core_handle_page_clipboard_event	648	static
../Src/UI/ui_core.c:2108:16:ui_core_clipboard_collect_track_sequence_steps	32	static
../Src/UI/ui_core.c:2137:16:ui_core_clipboard_resolve_seq_steps	32	static
../Src/UI/ui_core.c:2175:16:ui_core_handle_seq_track_clipboard_event	104	static
../Src/UI/ui_core.c:2262:16:ui_core_handle_pattern_mode_event	16	static
../Src/UI/ui_core.c:2310:16:ui_core_handle_global_shortcuts	16	static
../Src/UI/ui_core.c:2357:16:ui_core_handle_seq_mode_event	40	static
../Src/UI/ui_core.c:2448:6:ui_core_init	16	static
../Src/UI/ui_core.c:2515:6:ui_core_service_track_selection_inputs	16	static
../Src/UI/ui_core.c:2571:6:ui_core_tick	32	static
../Src/UI/ui_core.c:2646:9:ui_get_active_track	4	static
../Src/UI/ui_core.c:2651:6:ui_resolve_filter_target_track	16	static
../Src/UI/ui_core.c:2657:19:ui_get_track_config	24	static
../Src/UI/ui_core.c:2667:19:ui_get_track_family	24	static
../Src/UI/ui_core.c:2672:17:ui_get_track_type	24	static
../Src/UI/ui_core.c:2677:6:ui_set_track_family	24	static
../Src/UI/ui_core.c:2727:6:ui_set_track_type	24	static
../Src/UI/ui_core.c:2765:9:ui_count_tracks_with_family	24	static
../Src/UI/ui_core.c:2785:13:ui_get_track_family_display_name	16	static
../Src/UI/ui_core.c:2814:13:ui_get_track_family_short_name	16	static
../Src/UI/ui_core.c:2843:13:ui_get_track_type_display_name	16	static
../Src/UI/ui_core.c:2892:13:ui_get_track_type_short_name	16	static
../Src/UI/ui_core.c:2941:6:ui_get_track_runtime_header_label	48	static
../Src/UI/ui_core.c:2981:16:ui_get_hall_mode	4	static
../Src/UI/ui_core.c:2986:6:ui_set_hall_mode	16	static
../Src/UI/ui_core.c:3014:13:ui_get_hall_mode_short_label	4	static
../Src/UI/ui_core.c:3044:13:ui_get_hall_mode_suffix_label	16	static
../Src/UI/ui_core.c:3080:6:ui_get_pattern_stub_state	24	static
../Src/UI/ui_core.c:3106:17:ui_get_mute_state	16	static
../Src/UI/ui_core.c:3115:9:ui_get_mute_hall_led	24	static
../Src/UI/ui_core.c:3165:9:ui_is_track_modifier_held	4	static
../Src/UI/ui_core.c:3170:9:ui_core_hall_note_is_suppressed	16	static
../Src/UI/ui_core.c:3180:6:ui_core_clear_hall_note_suppression	16	static
