../Src/UI/ui_core.c:507:31:ui_core_get_catalog_types_for_family	0	static
../Src/UI/ui_core.c:800:16:ui_core_has_track_family	0	static
../Src/UI/ui_core.c:1346:16:ui_core_clipboard_collect_params_from_subpage	16	static
../Src/UI/ui_core.c:818:13:ui_core_sync_audio_runtime_enables	8	static
../Src/UI/ui_core.c:1240:13:ui_core_set_feedback	8	static
../Src/UI/ui_core.c:307:13:ui_core_mute_clear_state	0	static
../Src/UI/ui_core.c:332:13:ui_core_mute_exit_to_previous_mode	8	static
../Src/UI/ui_core.c:1512:16:ui_core_clipboard_is_active_page_button_held	8	static
../Src/UI/ui_core.c:283:16:ui_core_apply_track_runtime_mute	16	static
../Src/UI/ui_core.c:1541:13:ui_core_clipboard_clear_param_list_to_min	24	static
../Src/UI/ui_core.c:1817:16:ui_core_clipboard_apply_intersection	32	static
../Src/UI/ui_core.c:494:6:ui_track_family_is_input	0	static
../Src/UI/ui_core.c:502:6:ui_track_family_is_engine	0	static
../Src/UI/ui_core.c:554:6:ui_track_type_is_valid_for_family	24	static
../Src/UI/ui_core.c:591:6:ui_track_type_is_available	16	static
../Src/UI/ui_core.c:654:24:ui_core_get_first_available_track_type	32	static
../Src/UI/ui_core.c:674:17:ui_get_default_track_type_for_family	16	static
../Src/UI/ui_core.c:686:9:ui_get_track_type_count_for_family	32	static
../Src/UI/ui_core.c:691:9:ui_get_track_type_index_for_family	40	static
../Src/UI/ui_core.c:844:13:ui_core_sync_active_track_cfg_params	16	static
../Src/UI/ui_core.c:726:17:ui_get_track_type_from_family_index	40	static
../Src/UI/ui_core.c:912:9:ui_get_track_midi_channel	0	static
../Src/UI/ui_core.c:923:6:ui_set_track_midi_channel	8	static
../Src/UI/ui_core.c:938:24:ui_get_track_midi_source	0	static
../Src/UI/ui_core.c:953:6:ui_set_track_midi_source	8	static
../Src/UI/ui_core.c:968:6:ui_restore_track_config_bulk	64	static
../Src/UI/ui_core.c:1071:9:ui_track_midi_channel_used_by_other	16	static
../Src/UI/ui_core.c:1332:9:ui_core_request_undo	8	static
../Src/UI/ui_core.c:2348:6:ui_core_init	16	static
../Src/UI/ui_core.c:2544:9:ui_get_active_track	0	static
../Src/UI/ui_core.c:2549:6:ui_resolve_filter_target_track	16	static
../Src/UI/ui_core.c:2555:19:ui_get_track_config	8	static
../Src/UI/ui_core.c:2565:19:ui_get_track_family	16	static
../Src/UI/ui_core.c:250:16:ui_core_get_track_runtime_mute	16	static
../Src/UI/ui_core.c:2570:17:ui_get_track_type	16	static
../Src/UI/ui_core.c:1783:16:ui_core_clipboard_copy_param_scope	56	static
../Src/UI/ui_core.c:1909:16:ui_core_handle_ensemble_clipboard_event	632	static
../Src/UI/ui_core.c:1987:16:ui_core_handle_page_clipboard_event	616	static
../Src/UI/ui_core.c:2575:6:ui_set_track_family	16	static
../Src/UI/ui_core.c:2625:6:ui_set_track_type	24	static
../Src/UI/ui_core.c:1600:16:ui_core_clipboard_clear_track	24	static
../Src/UI/ui_core.c:2673:9:ui_count_tracks_with_family	0	static
../Src/UI/ui_core.c:2693:13:ui_get_track_family_display_name	0	static
../Src/UI/ui_core.c:2722:13:ui_get_track_family_short_name	0	static
../Src/UI/ui_core.c:2751:13:ui_get_track_type_display_name	8	static
../Src/UI/ui_core.c:2802:13:ui_get_track_type_short_name	8	static
../Src/UI/ui_core.c:2853:6:ui_get_track_runtime_header_label	40	static
../Src/UI/ui_core.c:2893:16:ui_get_hall_mode	0	static
../Src/UI/ui_core.c:2898:6:ui_set_hall_mode	8	static
../Src/UI/ui_core.c:2413:6:ui_core_service_track_selection_inputs	48	static
../Src/UI/ui_core.c:221:13:ui_core_pattern_enter	8	static
../Src/UI/ui_core.c:230:13:ui_core_pattern_exit_to_previous_mode	8	static
../Src/UI/ui_core.c:2469:6:ui_core_tick	144	static
../Src/UI/ui_core.c:2926:13:ui_get_hall_mode_short_label	0	static
../Src/UI/ui_core.c:2956:13:ui_get_hall_mode_suffix_label	8	static
../Src/UI/ui_core.c:2992:6:ui_get_pattern_stub_state	16	static
../Src/UI/ui_core.c:3018:17:ui_get_mute_state	8	static
../Src/UI/ui_core.c:3027:9:ui_get_mute_hall_led	24	static
../Src/UI/ui_core.c:3081:9:ui_is_track_modifier_held	0	static
../Src/UI/ui_core.c:3086:9:ui_core_hall_note_is_suppressed	0	static
../Src/UI/ui_core.c:3096:6:ui_core_clear_hall_note_suppression	0	static
