../Src/UI/ui_core.c:209:13:ui_core_pattern_reset_selection_only	4	static
../Src/UI/ui_core.c:215:13:ui_core_pattern_abort_internal	8	static
../Src/UI/ui_core.c:221:13:ui_core_pattern_enter	16	static
../Src/UI/ui_core.c:230:13:ui_core_pattern_exit_to_previous_mode	16	static
../Src/UI/ui_core.c:239:16:ui_core_track_param_from_mix_track	16	static
../Src/UI/ui_core.c:250:16:ui_core_get_track_runtime_mute	32	static
../Src/UI/ui_core.c:283:16:ui_core_apply_track_runtime_mute	24	static
../Src/UI/ui_core.c:307:13:ui_core_mute_clear_state	8	static
../Src/UI/ui_core.c:316:13:ui_core_mute_capture_current_to_buffer	24	static
../Src/UI/ui_core.c:332:13:ui_core_mute_exit_to_previous_mode	16	static
../Src/UI/ui_core.c:341:13:ui_core_mute_enter_quick	16	static
../Src/UI/ui_core.c:355:13:ui_core_mute_enter_prepare	8	static
../Src/UI/ui_core.c:370:13:ui_core_mute_apply_prepared_and_exit	16	static
../Src/UI/ui_core.c:384:13:ui_core_mute_toggle_quick_track	24	static
../Src/UI/ui_core.c:396:13:ui_core_mute_toggle_prepared_track	16	static
../Src/UI/ui_core.c:406:16:ui_core_mute_handle_event	16	static
../Src/UI/ui_core.c:484:26:ui_core_get_default_track_config	16	static
../Src/UI/ui_core.c:494:6:ui_track_family_is_input	16	static
../Src/UI/ui_core.c:502:6:ui_track_family_is_engine	16	static
../Src/UI/ui_core.c:507:31:ui_core_get_catalog_types_for_family	16	static
../Src/UI/ui_core.c:554:6:ui_track_type_is_valid_for_family	32	static
../Src/UI/ui_core.c:580:16:ui_core_track_uses_synth_type	24	static
../Src/UI/ui_core.c:591:6:ui_track_type_is_available	24	static
../Src/UI/ui_core.c:624:16:ui_core_get_track_type_count_for_family_and_track	32	static
../Src/UI/ui_core.c:654:24:ui_core_get_first_available_track_type	32	static
../Src/UI/ui_core.c:674:17:ui_get_default_track_type_for_family	24	static
../Src/UI/ui_core.c:686:9:ui_get_track_type_count_for_family	16	static
../Src/UI/ui_core.c:691:9:ui_get_track_type_index_for_family	32	static
../Src/UI/ui_core.c:726:17:ui_get_track_type_from_family_index	32	static
../Src/UI/ui_core.c:767:13:ui_core_track_family_is_available	24	static
../Src/UI/ui_core.c:800:16:ui_core_has_track_family	24	static
../Src/UI/ui_core.c:818:13:ui_core_sync_audio_runtime_enables	16	static
../Src/UI/ui_core.c:844:13:ui_core_sync_active_track_cfg_params	24	static
../Src/UI/ui_core.c:880:13:ui_core_set_active_track	16	static
../Src/UI/ui_core.c:898:13:ui_core_reset_track_configs	16	static
../Src/UI/ui_core.c:912:9:ui_get_track_midi_channel	24	static
../Src/UI/ui_core.c:923:6:ui_set_track_midi_channel	16	static
../Src/UI/ui_core.c:938:24:ui_get_track_midi_source	24	static
../Src/UI/ui_core.c:953:6:ui_set_track_midi_source	16	static
../Src/UI/ui_core.c:968:6:ui_restore_track_config_bulk	48	static
../Src/UI/ui_core.c:1071:9:ui_track_midi_channel_used_by_other	24	static
../Src/UI/ui_core.c:1094:13:ui_core_update_shift_state	16	static
../Src/UI/ui_core.c:1108:13:ui_core_update_track_modifier_state	16	static
../Src/UI/ui_core.c:1113:38:ui_core_find_hall_mode_trigger	24	static
../Src/UI/ui_core.c:1126:13:ui_core_activate_hall_mode_trigger	16	static
../Src/UI/ui_core.c:1141:13:ui_core_handle_shift_hall_action	32	static
../Src/UI/ui_core.c:1164:13:ui_core_handle_track_hall_action	32	static
../Src/UI/ui_core.c:1191:13:ui_core_handle_track_selection_event	16	static
../Src/UI/ui_core.c:1240:13:ui_core_set_feedback	16	static
../Src/UI/ui_core.c:1256:16:ui_core_collect_held_seq_steps	24	static
../Src/UI/ui_core.c:1264:16:ui_core_is_track_hall_event_consumed	16	static
../Src/UI/ui_core.c:1282:16:ui_core_handle_transport_event	16	static
../Src/UI/ui_core.c:1332:9:ui_core_request_undo	16	static
../Src/UI/ui_core.c:1346:16:ui_core_clipboard_collect_params_from_subpage	32	static
../Src/UI/ui_core.c:1389:16:ui_core_clipboard_get_held_param_button	24	static
../Src/UI/ui_core.c:1408:16:ui_core_clipboard_resolve_template_family_from_button	16	static
../Src/UI/ui_core.c:1430:16:ui_core_clipboard_collect_ensemble_params	40	static
../Src/UI/ui_core.c:1460:16:ui_core_clipboard_collect_active_page_params	32	static
../Src/UI/ui_core.c:1490:16:ui_core_clipboard_get_active_page_button	24	static
../Src/UI/ui_core.c:1513:16:ui_core_clipboard_is_active_page_button_held	16	static
../Src/UI/ui_core.c:1524:16:ui_core_clipboard_apply_param_list	32	static
../Src/UI/ui_core.c:1542:13:ui_core_clipboard_clear_param_list_to_min	24	static
../Src/UI/ui_core.c:1560:16:ui_core_clipboard_copy_track	40	static
../Src/UI/ui_core.c:1601:16:ui_core_clipboard_clear_track	24	static
../Src/UI/ui_core.c:1629:16:ui_core_clipboard_track_is_simple_exclusive	16	static
../Src/UI/ui_core.c:1642:16:ui_core_clipboard_track_is_input_exclusive	16	static
../Src/UI/ui_core.c:1652:26:ui_core_clipboard_find_free_input_family	16	static
../Src/UI/ui_core.c:1665:16:ui_core_clipboard_move_exclusive_track_config	64	static
../Src/UI/ui_core.c:1696:16:ui_core_clipboard_paste_track	40	static
../Src/UI/ui_core.c:1784:16:ui_core_clipboard_copy_param_scope	32	static
../Src/UI/ui_core.c:1818:16:ui_core_clipboard_apply_intersection	40	static
../Src/UI/ui_core.c:1867:16:ui_core_handle_track_clipboard_event	24	static
../Src/UI/ui_core.c:1910:16:ui_core_handle_ensemble_clipboard_event	640	static
../Src/UI/ui_core.c:1988:16:ui_core_handle_page_clipboard_event	640	static
../Src/UI/ui_core.c:2058:16:ui_core_clipboard_collect_track_sequence_steps	32	static
../Src/UI/ui_core.c:2080:16:ui_core_handle_seq_track_clipboard_event	88	static
../Src/UI/ui_core.c:2163:16:ui_core_handle_pattern_mode_event	16	static
../Src/UI/ui_core.c:2211:16:ui_core_handle_global_shortcuts	16	static
../Src/UI/ui_core.c:2258:16:ui_core_handle_seq_mode_event	40	static
../Src/UI/ui_core.c:2349:6:ui_core_init	16	static
../Src/UI/ui_core.c:2416:6:ui_core_service_track_selection_inputs	16	static
../Src/UI/ui_core.c:2472:6:ui_core_tick	32	static
../Src/UI/ui_core.c:2547:9:ui_get_active_track	4	static
../Src/UI/ui_core.c:2552:6:ui_resolve_filter_target_track	16	static
../Src/UI/ui_core.c:2558:19:ui_get_track_config	24	static
../Src/UI/ui_core.c:2568:19:ui_get_track_family	24	static
../Src/UI/ui_core.c:2573:17:ui_get_track_type	24	static
../Src/UI/ui_core.c:2578:6:ui_set_track_family	24	static
../Src/UI/ui_core.c:2628:6:ui_set_track_type	24	static
../Src/UI/ui_core.c:2676:9:ui_count_tracks_with_family	24	static
../Src/UI/ui_core.c:2696:13:ui_get_track_family_display_name	16	static
../Src/UI/ui_core.c:2725:13:ui_get_track_family_short_name	16	static
../Src/UI/ui_core.c:2754:13:ui_get_track_type_display_name	16	static
../Src/UI/ui_core.c:2805:13:ui_get_track_type_short_name	16	static
../Src/UI/ui_core.c:2856:6:ui_get_track_runtime_header_label	48	static
../Src/UI/ui_core.c:2896:16:ui_get_hall_mode	4	static
../Src/UI/ui_core.c:2901:6:ui_set_hall_mode	16	static
../Src/UI/ui_core.c:2929:13:ui_get_hall_mode_short_label	4	static
../Src/UI/ui_core.c:2959:13:ui_get_hall_mode_suffix_label	16	static
../Src/UI/ui_core.c:2995:6:ui_get_pattern_stub_state	24	static
../Src/UI/ui_core.c:3021:17:ui_get_mute_state	16	static
../Src/UI/ui_core.c:3030:9:ui_get_mute_hall_led	24	static
../Src/UI/ui_core.c:3084:9:ui_is_track_modifier_held	4	static
../Src/UI/ui_core.c:3089:9:ui_core_hall_note_is_suppressed	16	static
../Src/UI/ui_core.c:3099:6:ui_core_clear_hall_note_suppression	16	static
