../Src/UI/ui_core.c:257:13:ui_core_sync_audio_runtime_enables	8	static
../Src/UI/ui_core.c:265:13:ui_core_sync_active_track_cfg_params	16	static
../Src/UI/ui_core.c:112:6:ui_track_family_is_input	0	static
../Src/UI/ui_core.c:120:6:ui_track_type_is_valid_for_family	0	static
../Src/UI/ui_core.c:146:17:ui_get_default_track_type_for_family	0	static
../Src/UI/ui_core.c:156:9:ui_get_track_type_count_for_family	0	static
../Src/UI/ui_core.c:171:9:ui_get_track_type_index_for_family	0	static
../Src/UI/ui_core.c:186:17:ui_get_track_type_from_family_index	0	static
../Src/UI/ui_core.c:417:6:ui_core_init	16	static
../Src/UI/ui_core.c:471:6:ui_core_service_track_selection_inputs	40	static
../Src/UI/ui_core.c:514:6:ui_core_tick	24	static
../Src/UI/ui_core.c:545:9:ui_get_active_track	0	static
../Src/UI/ui_core.c:550:6:ui_resolve_filter_target_track	0	static
../Src/UI/ui_core.c:577:19:ui_get_track_config	8	static
../Src/UI/ui_core.c:587:19:ui_get_track_family	0	static
../Src/UI/ui_core.c:592:17:ui_get_track_type	0	static
../Src/UI/ui_core.c:597:6:ui_set_track_family	16	static
../Src/UI/ui_core.c:646:6:ui_set_track_type	8	static
../Src/UI/ui_core.c:674:9:ui_count_tracks_with_family	0	static
../Src/UI/ui_core.c:694:13:ui_get_track_family_display_name	0	static
../Src/UI/ui_core.c:721:13:ui_get_track_family_short_name	0	static
../Src/UI/ui_core.c:748:13:ui_get_track_type_display_name	0	static
../Src/UI/ui_core.c:774:13:ui_get_track_type_short_name	0	static
../Src/UI/ui_core.c:800:6:ui_get_track_runtime_header_label	16	static
../Src/UI/ui_core.c:832:16:ui_get_hall_mode	0	static
../Src/UI/ui_core.c:851:6:ui_set_hall_mode	16	static
../Src/UI/ui_core.c:872:13:ui_get_hall_mode_short_label	16	static
../Src/UI/ui_core.c:887:9:ui_core_hall_note_is_suppressed	0	static
../Src/UI/ui_core.c:897:6:ui_core_clear_hall_note_suppression	0	static
