../Src/UI/ui_core.c:516:13:ui_core_sync_audio_runtime_enables	16	static
../Src/UI/ui_core.c:192:6:ui_track_family_is_input	0	static
../Src/UI/ui_core.c:200:6:ui_track_family_is_engine	0	static
../Src/UI/ui_core.c:252:6:ui_track_type_is_valid_for_family	4	static
../Src/UI/ui_core.c:289:6:ui_track_type_is_available	12	static
../Src/UI/ui_core.c:542:13:ui_core_sync_active_track_cfg_params	48	static
../Src/UI/ui_core.c:372:17:ui_get_default_track_type_for_family	0	static
../Src/UI/ui_core.c:384:9:ui_get_track_type_count_for_family	32	static
../Src/UI/ui_core.c:389:9:ui_get_track_type_index_for_family	40	static
../Src/UI/ui_core.c:424:17:ui_get_track_type_from_family_index	48	static
../Src/UI/ui_core.c:610:9:ui_get_track_midi_channel	0	static
../Src/UI/ui_core.c:621:6:ui_set_track_midi_channel	8	static
../Src/UI/ui_core.c:636:24:ui_get_track_midi_source	0	static
../Src/UI/ui_core.c:651:6:ui_set_track_midi_source	8	static
../Src/UI/ui_core.c:666:6:ui_restore_track_config_bulk	48	static
../Src/UI/ui_core.c:769:9:ui_track_midi_channel_used_by_other	0	static
../Src/UI/ui_core.c:1019:9:ui_core_request_undo	8	static
../Src/UI/ui_core.c:1199:6:ui_core_init	8	static
../Src/UI/ui_core.c:1262:6:ui_core_service_track_selection_inputs	48	static
../Src/UI/ui_core.c:1311:6:ui_core_tick	56	static
../Src/UI/ui_core.c:1381:9:ui_get_active_track	0	static
../Src/UI/ui_core.c:1386:6:ui_resolve_filter_target_track	16	static
../Src/UI/ui_core.c:1392:19:ui_get_track_config	8	static
../Src/UI/ui_core.c:1402:19:ui_get_track_family	0	static
../Src/UI/ui_core.c:1407:17:ui_get_track_type	0	static
../Src/UI/ui_core.c:1412:6:ui_set_track_family	32	static
../Src/UI/ui_core.c:1462:6:ui_set_track_type	32	static
../Src/UI/ui_core.c:1510:9:ui_count_tracks_with_family	0	static
../Src/UI/ui_core.c:1530:13:ui_get_track_family_display_name	0	static
../Src/UI/ui_core.c:1559:13:ui_get_track_family_short_name	0	static
../Src/UI/ui_core.c:1588:13:ui_get_track_type_display_name	0	static
../Src/UI/ui_core.c:1639:13:ui_get_track_type_short_name	0	static
../Src/UI/ui_core.c:1690:6:ui_get_track_runtime_header_label	40	static
../Src/UI/ui_core.c:1730:16:ui_get_hall_mode	0	static
../Src/UI/ui_core.c:1735:6:ui_set_hall_mode	16	static
../Src/UI/ui_core.c:1757:13:ui_get_hall_mode_short_label	0	static
../Src/UI/ui_core.c:1782:13:ui_get_hall_mode_suffix_label	8	static
../Src/UI/ui_core.c:1813:6:ui_get_pattern_stub_state	24	static
../Src/UI/ui_core.c:1839:9:ui_is_track_modifier_held	0	static
../Src/UI/ui_core.c:1844:9:ui_core_hall_note_is_suppressed	0	static
../Src/UI/ui_core.c:1854:6:ui_core_clear_hall_note_suppression	0	static
