../Src/UI/ui_core.c:283:13:ui_core_sync_audio_runtime_enables	8	static
../Src/UI/ui_core.c:291:13:ui_core_sync_active_track_cfg_params	16	static
../Src/UI/ui_core.c:138:6:ui_track_family_is_input	0	static
../Src/UI/ui_core.c:146:6:ui_track_type_is_valid_for_family	0	static
../Src/UI/ui_core.c:172:17:ui_get_default_track_type_for_family	0	static
../Src/UI/ui_core.c:182:9:ui_get_track_type_count_for_family	0	static
../Src/UI/ui_core.c:197:9:ui_get_track_type_index_for_family	0	static
../Src/UI/ui_core.c:212:17:ui_get_track_type_from_family_index	0	static
../Src/UI/ui_core.c:343:9:ui_get_track_midi_channel	0	static
../Src/UI/ui_core.c:354:6:ui_set_track_midi_channel	8	static
../Src/UI/ui_core.c:369:24:ui_get_track_midi_source	0	static
../Src/UI/ui_core.c:384:6:ui_set_track_midi_source	8	static
../Src/UI/ui_core.c:399:9:ui_track_midi_channel_used_by_other	0	static
../Src/UI/ui_core.c:669:6:ui_core_init	16	static
../Src/UI/ui_core.c:729:6:ui_core_service_track_selection_inputs	48	static
../Src/UI/ui_core.c:772:6:ui_core_tick	56	static
../Src/UI/ui_core.c:815:9:ui_get_active_track	0	static
../Src/UI/ui_core.c:820:6:ui_resolve_filter_target_track	0	static
../Src/UI/ui_core.c:825:19:ui_get_track_config	8	static
../Src/UI/ui_core.c:835:19:ui_get_track_family	0	static
../Src/UI/ui_core.c:840:17:ui_get_track_type	0	static
../Src/UI/ui_core.c:845:6:ui_set_track_family	16	static
../Src/UI/ui_core.c:894:6:ui_set_track_type	8	static
../Src/UI/ui_core.c:922:9:ui_count_tracks_with_family	0	static
../Src/UI/ui_core.c:942:13:ui_get_track_family_display_name	0	static
../Src/UI/ui_core.c:969:13:ui_get_track_family_short_name	0	static
../Src/UI/ui_core.c:996:13:ui_get_track_type_display_name	0	static
../Src/UI/ui_core.c:1022:13:ui_get_track_type_short_name	0	static
../Src/UI/ui_core.c:1048:6:ui_get_track_runtime_header_label	40	static
../Src/UI/ui_core.c:1088:16:ui_get_hall_mode	0	static
../Src/UI/ui_core.c:1107:6:ui_set_hall_mode	16	static
../Src/UI/ui_core.c:1128:13:ui_get_hall_mode_short_label	0	static
../Src/UI/ui_core.c:1143:13:ui_get_hall_mode_suffix_label	8	static
../Src/UI/ui_core.c:1164:9:ui_core_hall_note_is_suppressed	0	static
../Src/UI/ui_core.c:1174:6:ui_core_clear_hall_note_suppression	0	static
