../Src/UI/ui_renderer_template.c:25:13:ui_renderer_template_format_active_pattern_label	40	static
../Src/UI/ui_renderer_template.c:46:16:ui_renderer_template_is_drum_pitch_offset_param	16	static
../Src/UI/ui_renderer_template.c:65:13:ui_renderer_template_format_value	88	static
../Src/UI/ui_renderer_template.c:195:13:ui_renderer_template_format_cpu_avg	40	static
../Src/UI/ui_renderer_template.c:214:12:ui_renderer_template_center_x	32	static
../Src/UI/ui_renderer_template.c:225:13:ui_renderer_template_draw_open_corner_frame	40	static
../Src/UI/ui_renderer_template.c:242:13:ui_renderer_template_draw_note_icon	16	static
../Src/UI/ui_renderer_template.c:252:13:ui_renderer_template_draw_inverted_label	32	static
../Src/UI/ui_renderer_template.c:261:26:ui_renderer_template_resolve_widget_type	40	static
../Src/UI/ui_renderer_template.c:278:14:ui_renderer_template_get_param_display_value	24	static
../Src/UI/ui_renderer_template.c:290:13:ui_renderer_template_draw_param_slot	96	static
../Src/UI/ui_renderer_template.c:381:13:ui_renderer_template_draw_header	104	static
../Src/UI/ui_renderer_template.c:456:13:ui_renderer_template_draw_footer	48	static
../Src/UI/ui_renderer_template.c:512:6:ui_renderer_template_draw	32	static
