../Src/UI/ui_template_page.c:22:29:ui_template_page_get_active_family	0	static
../Src/UI/ui_template_page.c:37:6:ui_template_family_registry_init	0	static
../Src/UI/ui_template_page.c:48:6:ui_template_family_register	0	static
../Src/UI/ui_template_page.c:61:29:ui_template_family_resolve	0	static
../Src/UI/ui_template_page.c:76:29:ui_template_family_resolve_active_track	8	static
../Src/UI/ui_template_page.c:94:6:ui_template_page_select_subpage	16	static
../Src/UI/ui_template_page.c:106:30:ui_template_page_get_active_subpage	8	static
../Src/UI/ui_template_page.c:117:6:ui_template_page_enter	8	static
../Src/UI/ui_template_page.c:136:6:ui_template_page_leave	0	static
../Src/UI/ui_template_page.c:140:6:ui_template_page_handle_event	16	static
../Src/UI/ui_template_page.c:176:6:ui_template_page_tick	0	static
../Src/UI/ui_template_page.c:180:6:ui_template_page_render	8	static
