C:/Users/developpeur/Documents/BRICK5_H743_176/BRICK6_CUBE_fonctionnel/mutable_instruments/stmlib/dsp/hysteresis_quantizer.h:87:8:void stmlib::HysteresisQuantizer2::Init(int, float, bool)	24	static
C:/Users/developpeur/Documents/BRICK5_H743_176/BRICK6_CUBE_fonctionnel/mutable_instruments/stmlib/dsp/hysteresis_quantizer.h:97:14:int stmlib::HysteresisQuantizer2::Process(float)	16	static
C:/Users/developpeur/Documents/BRICK5_H743_176/BRICK6_CUBE_fonctionnel/mutable_instruments/stmlib/dsp/hysteresis_quantizer.h:101:14:int stmlib::HysteresisQuantizer2::Process(int, float)	32	static
C:/Users/developpeur/Documents/BRICK5_H743_176/BRICK6_CUBE_fonctionnel/mutable_instruments/stmlib/dsp/units.h:40:14:float stmlib::SemitonesToRatio(float)	32	static
C:/Users/developpeur/Documents/BRICK5_H743_176/BRICK6_CUBE_fonctionnel/mutable_instruments/plaits/dsp/engine/engine.h:39:14:float plaits::NoteToFrequency(float)	16	static
C:/Users/developpeur/Documents/BRICK5_H743_176/BRICK6_CUBE_fonctionnel/mutable_instruments/plaits/dsp/engine/speech_engine.h:48:16:virtual void plaits::SpeechEngine::LoadUserData(const uint8_t*)	16	static
../mutable_instruments/plaits/dsp/engine/speech_engine.cc:38:6:virtual void plaits::SpeechEngine::Init(stmlib::BufferAllocator*)	16	static
../mutable_instruments/plaits/dsp/engine/speech_engine.cc:55:6:virtual void plaits::SpeechEngine::Reset()	16	static
../mutable_instruments/plaits/dsp/engine/speech_engine.cc:59:6:virtual void plaits::SpeechEngine::Render(const plaits::EngineParameters&, float*, float*, size_t, bool*)	72	static
C:/Users/developpeur/Documents/BRICK5_H743_176/BRICK6_CUBE_fonctionnel/mutable_instruments/stmlib/utils/buffer_allocator.h:57:13:T* stmlib::BufferAllocator::Allocate(size_t) [with T = float]	24	static
