../App/Middlewares/ST/STM32_USB_Host_Library/Core/Src/usbh_ctlreq.c:749:20:USBH_CtlReq.part.0	24	static
../App/Middlewares/ST/STM32_USB_Host_Library/Core/Src/usbh_ctlreq.c:96:20:USBH_Get_DevDesc	16	static
../App/Middlewares/ST/STM32_USB_Host_Library/Core/Src/usbh_ctlreq.c:129:20:USBH_Get_CfgDesc	56	static
../App/Middlewares/ST/STM32_USB_Host_Library/Core/Src/usbh_ctlreq.c:163:20:USBH_Get_StringDesc	16	static
../App/Middlewares/ST/STM32_USB_Host_Library/Core/Src/usbh_ctlreq.c:199:20:USBH_GetDescriptor	24	static
../App/Middlewares/ST/STM32_USB_Host_Library/Core/Src/usbh_ctlreq.c:230:20:USBH_SetAddress	24	static
../App/Middlewares/ST/STM32_USB_Host_Library/Core/Src/usbh_ctlreq.c:256:20:USBH_SetCfg	24	static
../App/Middlewares/ST/STM32_USB_Host_Library/Core/Src/usbh_ctlreq.c:280:20:USBH_SetInterface	24	static
../App/Middlewares/ST/STM32_USB_Host_Library/Core/Src/usbh_ctlreq.c:304:20:USBH_SetFeature	24	static
../App/Middlewares/ST/STM32_USB_Host_Library/Core/Src/usbh_ctlreq.c:329:20:USBH_ClrFeature	24	static
../App/Middlewares/ST/STM32_USB_Host_Library/Core/Src/usbh_ctlreq.c:727:20:USBH_GetNextDesc	0	static
../App/Middlewares/ST/STM32_USB_Host_Library/Core/Src/usbh_ctlreq.c:749:20:USBH_CtlReq	24	static
