C:/Users/developpeur/Documents/BRICK5_H743_176/BRICK6/Src/Sampler/sample_page_cache.c:101:15:sample_page_cache_data_resolve	0	static
C:/Users/developpeur/Documents/BRICK5_H743_176/BRICK6/Src/Sampler/sample_page_cache.c:156:13:sample_page_cache_unlock	0	static,ignoring_inline_asm
C:/Users/developpeur/Documents/BRICK5_H743_176/BRICK6/Src/Sampler/sample_page_cache.c:198:17:sample_page_cache_key_slot	8	static
C:/Users/developpeur/Documents/BRICK5_H743_176/BRICK6/Src/Sampler/sample_page_cache.c:118:30:sample_page_cache_format_key	16	static
C:/Users/developpeur/Documents/BRICK5_H743_176/BRICK6/Src/Sampler/sample_page_cache.c:132:13:sample_page_cache_set_page_geometry	16	static
C:/Users/developpeur/Documents/BRICK5_H743_176/BRICK6/Src/Sampler/sample_page_cache.c:380:13:sample_page_cache_set_state	16	static,ignoring_inline_asm
C:/Users/developpeur/Documents/BRICK5_H743_176/BRICK6/Src/Sampler/sample_page_cache.c:568:17:sample_page_cache_stream_page_frame_count_key	16	static
C:/Users/developpeur/Documents/BRICK5_H743_176/BRICK6/Src/Sampler/sample_page_cache.c:802:16:sample_page_cache_find_contiguous_empty_run_in_range	4	static
C:/Users/developpeur/Documents/BRICK5_H743_176/BRICK6/Src/Sampler/sample_page_cache.c:109:17:sample_page_cache_audio_use_count	0	static
C:/Users/developpeur/Documents/BRICK5_H743_176/BRICK6/Src/Sampler/sample_page_cache.c:262:16:sample_page_cache_page_is_contractual	16	static
C:/Users/developpeur/Documents/BRICK5_H743_176/BRICK6/Src/Sampler/sample_page_cache.c:411:16:sample_page_cache_claim_for_recycle	16	static,ignoring_inline_asm
C:/Users/developpeur/Documents/BRICK5_H743_176/BRICK6/Src/Sampler/sample_page_cache.c:535:13:sample_page_cache_audio_release_slot	0	static
C:/Users/developpeur/Documents/BRICK5_H743_176/BRICK6/Src/Sampler/sample_page_cache.c:771:17:sample_page_cache_trim_path_copy	24	static
C:/Users/developpeur/Documents/BRICK5_H743_176/BRICK6/Src/Sampler/sample_page_cache.c:164:20:sample_audio_key_classic	8	static
C:/Users/developpeur/Documents/BRICK5_H743_176/BRICK6/Src/Sampler/sample_page_cache.c:172:20:sample_audio_key_looper	8	static
C:/Users/developpeur/Documents/BRICK5_H743_176/BRICK6/Src/Sampler/sample_page_cache.c:180:20:sample_audio_key_multi	8	static
C:/Users/developpeur/Documents/BRICK5_H743_176/BRICK6/Src/Sampler/sample_page_cache.c:188:9:sample_audio_key_equal	0	static
C:/Users/developpeur/Documents/BRICK5_H743_176/BRICK6/Src/Sampler/sample_page_cache.c:425:13:sample_page_cache_clear_desc	56	static,ignoring_inline_asm
C:/Users/developpeur/Documents/BRICK5_H743_176/BRICK6/Src/Sampler/sample_page_cache.c:834:13:sample_page_cache_reclaim_stream_pages_for_full_load_in_range	32	static
C:/Users/developpeur/Documents/BRICK5_H743_176/BRICK6/Src/Sampler/sample_page_cache.c:453:28:sample_page_cache_find_page_mut_key	56	static
C:/Users/developpeur/Documents/BRICK5_H743_176/BRICK6/Src/Sampler/sample_page_cache.c:493:28:sample_page_cache_audio_find_page_key	40	static,ignoring_inline_asm
C:/Users/developpeur/Documents/BRICK5_H743_176/BRICK6/Src/Sampler/sample_page_cache.c:313:13:sample_page_cache_index_put_key	56	static,ignoring_inline_asm
C:/Users/developpeur/Documents/BRICK5_H743_176/BRICK6/Src/Sampler/sample_page_cache.c:665:28:sample_page_cache_alloc_empty_slot_key	56	static
C:/Users/developpeur/Documents/BRICK5_H743_176/BRICK6/Src/Sampler/sample_page_cache.c:905:6:sample_page_cache_reset	16	static
C:/Users/developpeur/Documents/BRICK5_H743_176/BRICK6/Src/Sampler/sample_page_cache.c:899:6:sample_page_cache_init	8	static
C:/Users/developpeur/Documents/BRICK5_H743_176/BRICK6/Src/Sampler/sample_page_cache.c:931:6:sample_page_cache_clear_key	40	static
C:/Users/developpeur/Documents/BRICK5_H743_176/BRICK6/Src/Sampler/sample_page_cache.c:926:6:sample_page_cache_clear_sample	16	static
C:/Users/developpeur/Documents/BRICK5_H743_176/BRICK6/Src/Sampler/sample_page_cache.c:968:9:sample_page_cache_cancel_reserved_page_key	24	static
C:/Users/developpeur/Documents/BRICK5_H743_176/BRICK6/Src/Sampler/sample_page_cache.c:988:10:sample_page_cache_cancel_reserved_key	48	static
C:/Users/developpeur/Documents/BRICK5_H743_176/BRICK6/Src/Sampler/sample_page_cache.c:1012:10:sample_page_cache_cancel_reserved_domain	32	static
C:/Users/developpeur/Documents/BRICK5_H743_176/BRICK6/Src/Sampler/sample_page_cache.c:1036:21:sample_page_cache_get_page_state_key	24	static,ignoring_inline_asm
C:/Users/developpeur/Documents/BRICK5_H743_176/BRICK6/Src/Sampler/sample_page_cache.c:1031:21:sample_page_cache_get_page_state	16	static
C:/Users/developpeur/Documents/BRICK5_H743_176/BRICK6/Src/Sampler/sample_page_cache.c:1048:21:sample_page_cache_audio_get_page_state_key	16	static
C:/Users/developpeur/Documents/BRICK5_H743_176/BRICK6/Src/Sampler/sample_page_cache.c:1056:9:sample_page_cache_page_exists_key	24	static
C:/Users/developpeur/Documents/BRICK5_H743_176/BRICK6/Src/Sampler/sample_page_cache.c:1071:9:sample_page_cache_try_acquire_page_key	80	static,ignoring_inline_asm
C:/Users/developpeur/Documents/BRICK5_H743_176/BRICK6/Src/Sampler/sample_page_cache.c:1062:9:sample_page_cache_try_acquire_page	16	static
C:/Users/developpeur/Documents/BRICK5_H743_176/BRICK6/Src/Sampler/sample_page_cache.c:1124:9:sample_page_cache_try_acquire_page_ref_key	80	static,ignoring_inline_asm
C:/Users/developpeur/Documents/BRICK5_H743_176/BRICK6/Src/Sampler/sample_page_cache.c:1115:9:sample_page_cache_try_acquire_page_ref	16	static
C:/Users/developpeur/Documents/BRICK5_H743_176/BRICK6/Src/Sampler/sample_page_cache.c:1183:6:sample_page_cache_release_page_key	16	static
C:/Users/developpeur/Documents/BRICK5_H743_176/BRICK6/Src/Sampler/sample_page_cache.c:1178:6:sample_page_cache_release_page	16	static
C:/Users/developpeur/Documents/BRICK5_H743_176/BRICK6/Src/Sampler/sample_page_cache.c:1197:6:sample_page_cache_release_page_ref_key	24	static,ignoring_inline_asm
C:/Users/developpeur/Documents/BRICK5_H743_176/BRICK6/Src/Sampler/sample_page_cache.c:1192:6:sample_page_cache_release_page_ref	16	static
C:/Users/developpeur/Documents/BRICK5_H743_176/BRICK6/Src/Sampler/sample_page_cache.c:1222:9:sample_page_cache_alloc_slot_pool_bytes	48	static
C:/Users/developpeur/Documents/BRICK5_H743_176/BRICK6/Src/Sampler/sample_page_cache.c:1281:6:sample_page_cache_release_slot_pool_allocation	32	static
C:/Users/developpeur/Documents/BRICK5_H743_176/BRICK6/Src/Sampler/sample_page_cache.c:1311:10:sample_page_cache_slot_pool_total_bytes	0	static
C:/Users/developpeur/Documents/BRICK5_H743_176/BRICK6/Src/Sampler/sample_page_cache.c:1316:10:sample_page_cache_slot_pool_free_bytes	0	static
C:/Users/developpeur/Documents/BRICK5_H743_176/BRICK6/Src/Sampler/sample_page_cache.c:1331:9:sample_page_cache_slot_pool_offset	0	static
C:/Users/developpeur/Documents/BRICK5_H743_176/BRICK6/Src/Sampler/sample_page_cache.c:1345:13:sample_page_cache_slot_pool_resolve	0	static
C:/Users/developpeur/Documents/BRICK5_H743_176/BRICK6/Src/Sampler/sample_page_cache.c:1358:14:sample_page_cache_get_full_sample_base_key	16	static
C:/Users/developpeur/Documents/BRICK5_H743_176/BRICK6/Src/Sampler/sample_page_cache.c:1353:14:sample_page_cache_get_full_sample_base	16	static
C:/Users/developpeur/Documents/BRICK5_H743_176/BRICK6/Src/Sampler/sample_page_cache.c:1398:9:sample_page_cache_begin_read_block_key	72	static
C:/Users/developpeur/Documents/BRICK5_H743_176/BRICK6/Src/Sampler/sample_page_cache.c:1387:9:sample_page_cache_begin_read_block	16	static
C:/Users/developpeur/Documents/BRICK5_H743_176/BRICK6/Src/Sampler/sample_page_cache.c:1456:6:sample_page_cache_commit_read_block	16	static
C:/Users/developpeur/Documents/BRICK5_H743_176/BRICK6/Src/Sampler/sample_page_cache.c:1462:6:sample_page_cache_commit_read_block_key	16	static
C:/Users/developpeur/Documents/BRICK5_H743_176/BRICK6/Src/Sampler/sample_page_cache.c:1476:9:sample_page_cache_has_reserved_domain_range	32	static
C:/Users/developpeur/Documents/BRICK5_H743_176/BRICK6/Src/Sampler/sample_page_cache.c:1468:9:sample_page_cache_has_reserved_range	8	static
C:/Users/developpeur/Documents/BRICK5_H743_176/BRICK6/Src/Sampler/sample_page_cache.c:1511:9:sample_page_cache_get_stream_info_key	40	static
C:/Users/developpeur/Documents/BRICK5_H743_176/BRICK6/Src/Sampler/sample_page_cache.c:1505:9:sample_page_cache_get_stream_info	16	static
C:/Users/developpeur/Documents/BRICK5_H743_176/BRICK6/Src/Sampler/sample_page_cache.c:1546:9:sample_page_cache_register_prepared_stream	16	static
C:/Users/developpeur/Documents/BRICK5_H743_176/BRICK6/Src/Sampler/sample_page_cache.c:1580:9:sample_page_cache_begin_full_reservation	88	static
C:/Users/developpeur/Documents/BRICK5_H743_176/BRICK6/Src/Sampler/sample_page_cache.c:1623:9:sample_page_cache_finish_full_reservation	40	static
C:/Users/developpeur/Documents/BRICK5_H743_176/BRICK6/Src/Sampler/sample_page_cache.c:1656:9:sample_page_cache_get_load_target_key	32	static
C:/Users/developpeur/Documents/BRICK5_H743_176/BRICK6/Src/Sampler/sample_page_cache.c:1647:9:sample_page_cache_get_load_target	16	static
C:/Users/developpeur/Documents/BRICK5_H743_176/BRICK6/Src/Sampler/sample_page_cache.c:1688:9:sample_page_cache_begin_loading	32	static,ignoring_inline_asm
C:/Users/developpeur/Documents/BRICK5_H743_176/BRICK6/Src/Sampler/sample_page_cache.c:1719:9:sample_page_cache_resolve_loading_target	32	static,ignoring_inline_asm
C:/Users/developpeur/Documents/BRICK5_H743_176/BRICK6/Src/Sampler/sample_page_cache.c:1756:9:sample_page_cache_finish_loading	32	static,ignoring_inline_asm
C:/Users/developpeur/Documents/BRICK5_H743_176/BRICK6/Src/Sampler/sample_page_cache.c:1799:9:sample_page_cache_cancel_loading_key	24	static,ignoring_inline_asm
C:/Users/developpeur/Documents/BRICK5_H743_176/BRICK6/Src/Sampler/sample_page_cache.c:1836:9:sample_page_cache_get_bulk_load_target_key	32	static
C:/Users/developpeur/Documents/BRICK5_H743_176/BRICK6/Src/Sampler/sample_page_cache.c:1878:9:sample_page_cache_set_page_state_key	16	static
C:/Users/developpeur/Documents/BRICK5_H743_176/BRICK6/Src/Sampler/sample_page_cache.c:1869:9:sample_page_cache_set_page_state	16	static
C:/Users/developpeur/Documents/BRICK5_H743_176/BRICK6/Src/Sampler/sample_page_cache.c:1912:9:sample_page_cache_reserve_page_key_alloc	24	static
C:/Users/developpeur/Documents/BRICK5_H743_176/BRICK6/Src/Sampler/sample_page_cache.c:1813:9:sample_page_cache_prepare_bulk_page_key_alloc	16	static
C:/Users/developpeur/Documents/BRICK5_H743_176/BRICK6/Src/Sampler/sample_page_cache.c:1905:9:sample_page_cache_reserve_page_key	16	static
C:/Users/developpeur/Documents/BRICK5_H743_176/BRICK6/Src/Sampler/sample_page_cache.c:1900:9:sample_page_cache_reserve_page	16	static
C:/Users/developpeur/Documents/BRICK5_H743_176/BRICK6/Src/Sampler/sample_page_cache.c:1957:9:sample_page_cache_reserve_page_ref_key	24	static
C:/Users/developpeur/Documents/BRICK5_H743_176/BRICK6/Src/Sampler/sample_page_cache.c:1948:9:sample_page_cache_reserve_page_ref	16	static
C:/Users/developpeur/Documents/BRICK5_H743_176/BRICK6/Src/Sampler/sample_page_cache.c:2015:9:sample_page_cache_reserve_start_pages_key_alloc	24	static
C:/Users/developpeur/Documents/BRICK5_H743_176/BRICK6/Src/Sampler/sample_page_cache.c:2004:9:sample_page_cache_reserve_start_pages_key	16	static
C:/Users/developpeur/Documents/BRICK5_H743_176/BRICK6/Src/Sampler/sample_page_cache.c:1995:9:sample_page_cache_reserve_start_pages	16	static
C:/Users/developpeur/Documents/BRICK5_H743_176/BRICK6/Src/Sampler/sample_page_cache.c:2048:9:sample_page_cache_pin_page_key_alloc	24	static
C:/Users/developpeur/Documents/BRICK5_H743_176/BRICK6/Src/Sampler/sample_page_cache.c:2041:9:sample_page_cache_pin_page_key	16	static
C:/Users/developpeur/Documents/BRICK5_H743_176/BRICK6/Src/Sampler/sample_page_cache.c:2036:9:sample_page_cache_pin_page	16	static
C:/Users/developpeur/Documents/BRICK5_H743_176/BRICK6/Src/Sampler/sample_page_cache.c:2075:6:sample_page_cache_unpin_page_key	16	static
C:/Users/developpeur/Documents/BRICK5_H743_176/BRICK6/Src/Sampler/sample_page_cache.c:2070:6:sample_page_cache_unpin_page	16	static
C:/Users/developpeur/Documents/BRICK5_H743_176/BRICK6/Src/Sampler/sample_page_cache.c:2090:6:sample_page_cache_unpin_page_ref_key	24	static
C:/Users/developpeur/Documents/BRICK5_H743_176/BRICK6/Src/Sampler/sample_page_cache.c:2113:9:sample_page_cache_register_live_pcm24_stereo_sample_key	48	static
C:/Users/developpeur/Documents/BRICK5_H743_176/BRICK6/Src/Sampler/sample_page_cache.c:2179:9:sample_page_cache_update_readable_frames_key	16	static,ignoring_inline_asm
C:/Users/developpeur/Documents/BRICK5_H743_176/BRICK6/Src/Sampler/sample_page_cache.c:2201:9:sample_page_cache_update_live_map_key	120	static,ignoring_inline_asm
C:/Users/developpeur/Documents/BRICK5_H743_176/BRICK6/Src/Sampler/sample_page_cache.c:2238:9:sample_page_cache_update_stream_path_key	16	static
C:/Users/developpeur/Documents/BRICK5_H743_176/BRICK6/Src/Sampler/sample_page_cache.c:2252:9:sample_page_cache_get_reserved_load_target_domain_range	56	static
