C:/Users/developpeur/Documents/BRICK5_H743_176/BRICK6/Src/UI/ui_param.c:119:16:ui_param_is_stack_osc_tune	0	static
C:/Users/developpeur/Documents/BRICK5_H743_176/BRICK6/Src/UI/ui_param.c:287:16:ui_param_value_is_same	0	static
C:/Users/developpeur/Documents/BRICK5_H743_176/BRICK6/Src/UI/ui_param.c:293:13:ui_param_reset_stepped_encoder_accum	0	static
C:/Users/developpeur/Documents/BRICK5_H743_176/BRICK6/Src/UI/ui_param.c:1661:16:ui_param_is_lfo_rate	0	static
C:/Users/developpeur/Documents/BRICK5_H743_176/BRICK6/Src/UI/ui_param.c:981:16:ui_param_is_track_scoped	16	static
C:/Users/developpeur/Documents/BRICK5_H743_176/BRICK6/Src/UI/ui_param.c:349:16:ui_param_seq_runtime_track_is_valid	8	static
C:/Users/developpeur/Documents/BRICK5_H743_176/BRICK6/Src/UI/ui_param.c:356:16:ui_param_get_seq_runtime_track_value	24	static
C:/Users/developpeur/Documents/BRICK5_H743_176/BRICK6/Src/UI/ui_param.c:126:16:ui_param_is_prism_tune	8	static
C:/Users/developpeur/Documents/BRICK5_H743_176/BRICK6/Src/UI/ui_param.c:1194:16:ui_param_get_track_edit_value	24	static
C:/Users/developpeur/Documents/BRICK5_H743_176/BRICK6/Src/UI/ui_param.c:1031:17:ui_param_make_gesture_key	16	static
C:/Users/developpeur/Documents/BRICK5_H743_176/BRICK6/Src/UI/ui_param.c:1150:16:ui_param_resolve_effective_edit_track	16	static
C:/Users/developpeur/Documents/BRICK5_H743_176/BRICK6/Src/UI/ui_param.c:1167:14:ui_param_get_active_track_value	24	static
C:/Users/developpeur/Documents/BRICK5_H743_176/BRICK6/Src/UI/ui_param.c:1242:16:ui_param_resolve_seq_slot	32	static
C:/Users/developpeur/Documents/BRICK5_H743_176/BRICK6/Src/UI/ui_param.c:1102:16:ui_param_resolve_edit_bounds	16	static
C:/Users/developpeur/Documents/BRICK5_H743_176/BRICK6/Src/UI/ui_param.c:1082:16:ui_param_begin_structural_undo	8	static
C:/Users/developpeur/Documents/BRICK5_H743_176/BRICK6/Src/UI/ui_param.c:1069:13:ui_param_ensure_undo_transaction	16	static
C:/Users/developpeur/Documents/BRICK5_H743_176/BRICK6/Src/UI/ui_param.c:1094:13:ui_param_finish_structural_undo	8	static
C:/Users/developpeur/Documents/BRICK5_H743_176/BRICK6/Src/UI/ui_param.c:993:16:ui_param_track_accepts_relative_param	32	static
C:/Users/developpeur/Documents/BRICK5_H743_176/BRICK6/Src/UI/ui_param.c:1702:14:ui_param_apply_delta_value	32	static
C:/Users/developpeur/Documents/BRICK5_H743_176/BRICK6/Src/UI/ui_param.c:684:16:ui_param_macro_fx_quantize_edit	48	static
C:/Users/developpeur/Documents/BRICK5_H743_176/BRICK6/Src/UI/ui_param.c:1331:16:ui_param_set_track_value	104	static
C:/Users/developpeur/Documents/BRICK5_H743_176/BRICK6/Src/UI/ui_param.c:1722:16:ui_param_apply_relative_delta_to_other_tracks	88	static
C:/Users/developpeur/Documents/BRICK5_H743_176/BRICK6/Src/UI/ui_param.c:181:6:ui_param_clear_value_flash	0	static
C:/Users/developpeur/Documents/BRICK5_H743_176/BRICK6/Src/UI/ui_param.c:194:6:ui_param_note_user_value_flash	24	static
C:/Users/developpeur/Documents/BRICK5_H743_176/BRICK6/Src/UI/ui_param.c:213:9:ui_param_get_slot_value_flash	16	static
C:/Users/developpeur/Documents/BRICK5_H743_176/BRICK6/Src/UI/ui_param.c:741:6:ui_param_set_bank	16	static
C:/Users/developpeur/Documents/BRICK5_H743_176/BRICK6/Src/UI/ui_param.c:775:6:ui_param_invalidate_bank	8	static
C:/Users/developpeur/Documents/BRICK5_H743_176/BRICK6/Src/UI/ui_param.c:783:6:ui_param_sync_active_bank_values	32	static
C:/Users/developpeur/Documents/BRICK5_H743_176/BRICK6/Src/UI/ui_param.c:820:6:ui_param_sync_active_track_mirror_from_runtime	48	static
C:/Users/developpeur/Documents/BRICK5_H743_176/BRICK6/Src/UI/ui_param.c:877:6:ui_param_capture_encoder_context	8	static
C:/Users/developpeur/Documents/BRICK5_H743_176/BRICK6/Src/UI/ui_param.c:890:6:ui_param_begin_encoder_edit_group	8	static
C:/Users/developpeur/Documents/BRICK5_H743_176/BRICK6/Src/UI/ui_param.c:896:6:ui_param_end_encoder_edit_group	8	static
C:/Users/developpeur/Documents/BRICK5_H743_176/BRICK6/Src/UI/ui_param.c:905:9:ui_param_get_active_bank_param	0	static
C:/Users/developpeur/Documents/BRICK5_H743_176/BRICK6/Src/UI/ui_param.c:950:6:ui_param_seq_plock_feedback_frame_begin	32	static
C:/Users/developpeur/Documents/BRICK5_H743_176/BRICK6/Src/UI/ui_param.c:1189:7:ui_param_get_active_track_display_value	8	static
C:/Users/developpeur/Documents/BRICK5_H743_176/BRICK6/Src/UI/ui_param.c:2028:9:ui_param_try_get_seq_plock_feedback_with_frame	48	static
C:/Users/developpeur/Documents/BRICK5_H743_176/BRICK6/Src/UI/ui_param.c:2077:9:ui_param_try_get_seq_plock_feedback	24	static
C:/Users/developpeur/Documents/BRICK5_H743_176/BRICK6/Src/UI/ui_param.c:2103:9:ui_param_handle_encoder_with_context	376	static
C:/Users/developpeur/Documents/BRICK5_H743_176/BRICK6/Src/UI/ui_param.c:2096:6:ui_param_handle_encoder	32	static
