../Src/Seq/seq_model.c:76:13:seq_model_free_lock_node	0	static
../Src/Seq/seq_model.c:42:20:seq_model_get_step_mut	0	static
../Src/Seq/seq_model.c:52:26:seq_model_get_step_const	0	static
../Src/Seq/seq_model.c:134:6:seq_model_init_defaults	8	static
../Src/Seq/seq_model.c:158:27:seq_model_get_project	0	static
../Src/Seq/seq_model.c:232:9:seq_model_get_trig	0	static
../Src/Seq/seq_model.c:242:6:seq_model_toggle_trig	0	static
../Src/Seq/seq_model.c:253:6:seq_model_set_trig	0	static
../Src/Seq/seq_model.c:263:9:seq_model_get_track_page	0	static
../Src/Seq/seq_model.c:273:6:seq_model_set_track_page	0	static
../Src/Seq/seq_model.c:288:6:seq_model_set_track_length	0	static
../Src/Seq/seq_model.c:303:9:seq_model_get_editable_step_capacity	0	static
../Src/Seq/seq_model.c:308:9:seq_model_is_step_editable_index	0	static
../Src/Seq/seq_model.c:313:9:seq_model_get_track_playback_length	0	static
../Src/Seq/seq_model.c:298:9:seq_model_get_track_length	8	static
../Src/Seq/seq_model.c:323:9:seq_model_is_step_in_track_playback_window	8	static
../Src/Seq/seq_model.c:333:9:seq_model_step_plock_find	16	static
../Src/Seq/seq_model.c:355:23:seq_model_step_plock_upsert	24	static
../Src/Seq/seq_model.c:164:9:seq_model_load_project	16464	static
../Src/Seq/seq_model.c:407:23:seq_model_step_plock_delete	32	static
../Src/Seq/seq_model.c:446:6:seq_model_step_plock_clear	24	static
../Src/Seq/seq_model.c:467:9:seq_model_step_plock_count	8	static
../Src/Seq/seq_model.c:478:9:seq_model_step_plock_get_at	16	static
