../Src/Seq/seq_edit.c:35:6:seq_edit_init	8	static
../Src/Seq/seq_edit.c:41:9:seq_edit_toggle_hall_step	16	static
../Src/Seq/seq_edit.c:53:6:seq_edit_change_page	16	static
../Src/Seq/seq_edit.c:75:9:seq_edit_get_page	0	static
../Src/Seq/seq_edit.c:80:9:seq_edit_map_hall_to_step	16	static
../Src/Seq/seq_edit.c:104:6:seq_edit_step_press	32	static
../Src/Seq/seq_edit.c:136:6:seq_edit_step_release	40	static
../Src/Seq/seq_edit.c:177:6:seq_edit_step_hold_update	32	static
../Src/Seq/seq_edit.c:206:9:seq_edit_collect_held_steps	24	static
../Src/Seq/seq_edit.c:255:9:seq_edit_step_plock_find	0	static
../Src/Seq/seq_edit.c:264:23:seq_edit_step_plock_upsert	16	static
../Src/Seq/seq_edit.c:302:23:seq_edit_step_plock_delete	0	static
../Src/Seq/seq_edit.c:310:6:seq_edit_step_plock_clear	0	static
../Src/Seq/seq_edit.c:315:9:seq_edit_step_plock_count	0	static
../Src/Seq/seq_edit.c:320:9:seq_edit_step_plock_get_at	0	static
../Src/Seq/seq_edit.c:328:9:seq_edit_copy_steps	0	static
../Src/Seq/seq_edit.c:335:9:seq_edit_paste_steps	0	static
../Src/Seq/seq_edit.c:343:6:seq_edit_clear_steps	24	static
