../Src/Seq/seq_play_scheduler.c:63:17:seq_play_scheduler_enter_critical	16	static,ignoring_inline_asm
../Src/Seq/seq_play_scheduler.c:70:13:seq_play_scheduler_exit_critical	16	static,ignoring_inline_asm
../Src/Seq/seq_play_scheduler.c:78:13:seq_play_scheduler_next_generation	4	static
../Src/Seq/seq_play_scheduler.c:88:13:seq_play_scheduler_push	32	static
../Src/Seq/seq_play_scheduler.c:112:19:seq_play_scheduler_param_note	16	static
../Src/Seq/seq_play_scheduler.c:120:19:seq_play_scheduler_param_vel	16	static
../Src/Seq/seq_play_scheduler.c:128:19:seq_play_scheduler_param_len	16	static
../Src/Seq/seq_play_scheduler.c:136:19:seq_play_scheduler_param_mictim	16	static
../Src/Seq/seq_play_scheduler.c:144:13:seq_play_scheduler_emit_engine_note	32	static
../Src/Seq/seq_play_scheduler.c:227:13:seq_play_scheduler_emit_midi_note	24	static
../Src/Seq/seq_play_scheduler.c:255:22:seq_play_scheduler_get_locked_or_default	48	static
../Src/Seq/seq_play_scheduler.c:275:6:seq_play_scheduler_init	4	static
../Src/Seq/seq_play_scheduler.c:281:6:seq_play_scheduler_clear	16	static
../Src/Seq/seq_play_scheduler.c:295:6:seq_play_scheduler_schedule_step	144	static
../Src/Seq/seq_play_scheduler.c:388:10:seq_play_scheduler_audio_collect_block_events	120	static
../Src/Seq/seq_play_scheduler.c:506:6:seq_play_scheduler_audio_apply_event	24	static
