../Src/Seq/seq_model.c:326:23:seq_model_step_plock_upsert.part.0	32	static
../Src/Seq/seq_model.c:121:6:seq_model_init_defaults	8	static
../Src/Seq/seq_model.c:145:27:seq_model_get_project	0	static
../Src/Seq/seq_model.c:151:9:seq_model_load_project	16456	static
../Src/Seq/seq_model.c:219:9:seq_model_get_trig	0	static
../Src/Seq/seq_model.c:229:6:seq_model_toggle_trig	0	static
../Src/Seq/seq_model.c:240:6:seq_model_set_trig	0	static
../Src/Seq/seq_model.c:250:9:seq_model_get_track_page	0	static
../Src/Seq/seq_model.c:260:6:seq_model_set_track_page	0	static
../Src/Seq/seq_model.c:275:6:seq_model_set_track_length	0	static
../Src/Seq/seq_model.c:294:9:seq_model_get_track_length	0	static
../Src/Seq/seq_model.c:304:9:seq_model_step_plock_find	12	static
../Src/Seq/seq_model.c:326:23:seq_model_step_plock_upsert	8	static
../Src/Seq/seq_model.c:378:23:seq_model_step_plock_delete	48	static
../Src/Seq/seq_model.c:417:6:seq_model_step_plock_clear	36	static
../Src/Seq/seq_model.c:438:9:seq_model_step_plock_count	0	static
../Src/Seq/seq_model.c:449:9:seq_model_step_plock_get_at	4	static
