../Src/Seq/seq_edit.c:36:6:seq_edit_init	8	static
../Src/Seq/seq_edit.c:42:9:seq_edit_toggle_hall_step	16	static
../Src/Seq/seq_edit.c:55:6:seq_edit_change_page	16	static
../Src/Seq/seq_edit.c:77:9:seq_edit_get_page	0	static
../Src/Seq/seq_edit.c:82:9:seq_edit_map_hall_to_step	16	static
../Src/Seq/seq_edit.c:106:6:seq_edit_step_press	32	static
../Src/Seq/seq_edit.c:139:6:seq_edit_step_release	40	static
../Src/Seq/seq_edit.c:182:6:seq_edit_step_hold_update	32	static
../Src/Seq/seq_edit.c:212:9:seq_edit_collect_held_steps	24	static
../Src/Seq/seq_edit.c:261:9:seq_edit_step_plock_find	0	static
../Src/Seq/seq_edit.c:270:23:seq_edit_step_plock_upsert	32	static
../Src/Seq/seq_edit.c:309:23:seq_edit_step_plock_delete	24	static
../Src/Seq/seq_edit.c:318:6:seq_edit_step_plock_clear	16	static
../Src/Seq/seq_edit.c:324:9:seq_edit_step_plock_count	0	static
../Src/Seq/seq_edit.c:329:9:seq_edit_step_plock_get_at	0	static
../Src/Seq/seq_edit.c:337:9:seq_edit_copy_steps	0	static
../Src/Seq/seq_edit.c:344:9:seq_edit_paste_steps	24	static
../Src/Seq/seq_edit.c:353:6:seq_edit_clear_steps	24	static
