../Src/Seq/seq_runtime.c:262:13:seq_runtime_process_step_boundaries	64	static
../Src/Seq/seq_runtime.c:137:13:seq_runtime_begin_running_now	88	static
../Src/Seq/seq_runtime.c:322:13:seq_runtime_process_step_pulse.isra	88	static
../Src/Seq/seq_runtime.c:460:13:seq_runtime_process_core	24	static
../Src/Seq/seq_runtime.c:350:6:seq_runtime_init	16	static
../Src/Seq/seq_runtime.c:388:6:seq_runtime_start	16	static,ignoring_inline_asm
../Src/Seq/seq_runtime.c:421:6:seq_runtime_stop	32	static,ignoring_inline_asm
../Src/Seq/seq_runtime.c:443:6:seq_runtime_toggle_play_stop	8	static
../Src/Seq/seq_runtime.c:455:9:seq_runtime_is_running	0	static
../Src/Seq/seq_runtime.c:529:6:seq_runtime_time_adapter_process	8	static
../Src/Seq/seq_runtime.c:542:6:seq_runtime_time_adapter_process_internal_from_irq	8	static
../Src/Seq/seq_runtime.c:551:6:seq_runtime_set_clock_source	16	static,ignoring_inline_asm
../Src/Seq/seq_runtime.c:581:17:seq_runtime_get_clock_source	0	static
../Src/Seq/seq_runtime.c:586:6:seq_runtime_midi_clock	32	static
../Src/Seq/seq_runtime.c:591:6:seq_runtime_midi_clock_from_source	32	static
../Src/Seq/seq_runtime.c:619:6:seq_runtime_midi_start	0	static
../Src/Seq/seq_runtime.c:624:6:seq_runtime_midi_start_from_source	0	static
../Src/Seq/seq_runtime.c:634:6:seq_runtime_midi_continue	16	static
../Src/Seq/seq_runtime.c:639:6:seq_runtime_midi_continue_from_source	16	static
../Src/Seq/seq_runtime.c:662:6:seq_runtime_midi_stop	0	static
../Src/Seq/seq_runtime.c:667:6:seq_runtime_midi_stop_from_source	0	static
../Src/Seq/seq_runtime.c:677:9:seq_runtime_set_playhead_step	0	static
../Src/Seq/seq_runtime.c:688:28:seq_runtime_get_state	0	static
../Src/Seq/seq_runtime.c:693:9:seq_runtime_get_playhead_step	0	static
../Src/Seq/seq_runtime.c:704:6:seq_runtime_set_track_div	0	static
../Src/Seq/seq_runtime.c:718:6:seq_runtime_set_track_quant	0	static
../Src/Seq/seq_runtime.c:728:6:seq_runtime_set_track_swing	0	static
../Src/Seq/seq_runtime.c:739:6:seq_runtime_rec_toggle_arm	24	static
../Src/Seq/seq_runtime.c:773:9:seq_runtime_rec_is_armed	0	static
../Src/Seq/seq_runtime.c:778:6:seq_runtime_set_rec_count_in_mode	0	static
../Src/Seq/seq_runtime.c:788:9:seq_runtime_get_rec_count_in_mode	0	static
../Src/Seq/seq_runtime.c:793:6:seq_runtime_set_rec_len_mode	0	static
../Src/Seq/seq_runtime.c:807:9:seq_runtime_get_rec_len_mode	0	static
../Src/Seq/seq_runtime.c:812:10:seq_runtime_get_rec_count_in_remaining_steps	0	static
../Src/Seq/seq_runtime.c:817:9:seq_runtime_rec_is_pattern_pending_start	0	static
../Src/Seq/seq_runtime.c:823:10:seq_runtime_get_tempo_bpm_milli	0	static
../Src/Seq/seq_runtime.c:828:6:seq_runtime_set_tempo_bpm_milli	8	static
../Src/Seq/seq_runtime.c:837:9:seq_runtime_is_external_tempo_valid	0	static
../Src/Seq/seq_runtime.c:842:10:seq_runtime_get_external_tempo_bpm_milli	0	static
../Src/Seq/seq_runtime.c:847:6:seq_runtime_live_rec_note_on	40	static
../Src/Seq/seq_runtime.c:861:6:seq_runtime_live_rec_note_off	32	static
