../Src/Seq/seq_model.c:319:23:seq_model_step_plock_upsert.part.0	32	static
../Src/Seq/seq_model.c:114:6:seq_model_init_defaults	8	static
../Src/Seq/seq_model.c:138:27:seq_model_get_project	0	static
../Src/Seq/seq_model.c:144:9:seq_model_load_project	16456	static
../Src/Seq/seq_model.c:212:9:seq_model_get_trig	0	static
../Src/Seq/seq_model.c:222:6:seq_model_toggle_trig	0	static
../Src/Seq/seq_model.c:233:6:seq_model_set_trig	0	static
../Src/Seq/seq_model.c:243:9:seq_model_get_track_page	0	static
../Src/Seq/seq_model.c:253:6:seq_model_set_track_page	0	static
../Src/Seq/seq_model.c:268:6:seq_model_set_track_length	0	static
../Src/Seq/seq_model.c:287:9:seq_model_get_track_length	0	static
../Src/Seq/seq_model.c:297:9:seq_model_step_plock_find	12	static
../Src/Seq/seq_model.c:319:23:seq_model_step_plock_upsert	8	static
../Src/Seq/seq_model.c:371:23:seq_model_step_plock_delete	48	static
../Src/Seq/seq_model.c:410:6:seq_model_step_plock_clear	36	static
../Src/Seq/seq_model.c:431:9:seq_model_step_plock_count	0	static
../Src/Seq/seq_model.c:442:9:seq_model_step_plock_get_at	4	static
