../Src/Seq/seq_runtime.c:107:13:seq_runtime_send_transport_realtime	24	static
../Src/Seq/seq_runtime.c:113:13:seq_runtime_send_transport_start	8	static
../Src/Seq/seq_runtime.c:136:13:seq_runtime_send_transport_stop_and_panic	8	static
../Src/Seq/seq_runtime.c:144:17:seq_runtime_get_now_tick_for_source	16	static
../Src/Seq/seq_runtime.c:154:17:seq_runtime_get_now_tick	8	static
../Src/Seq/seq_runtime.c:159:17:seq_runtime_get_now_sample	24	static
../Src/Seq/seq_runtime.c:167:17:seq_runtime_enter_critical	16	static,ignoring_inline_asm
../Src/Seq/seq_runtime.c:174:13:seq_runtime_exit_critical	16	static,ignoring_inline_asm
../Src/Seq/seq_runtime.c:182:13:seq_runtime_begin_running_now	16	static
../Src/Seq/seq_runtime.c:241:16:seq_runtime_live_rec_is_active	8	static
../Src/Seq/seq_runtime.c:251:17:seq_runtime_get_track_pattern_length_steps	16	static
../Src/Seq/seq_runtime.c:256:13:seq_runtime_pattern_rec_start_now	88	static
../Src/Seq/seq_runtime.c:275:13:seq_runtime_pattern_rec_cancel	4	static
../Src/Seq/seq_runtime.c:282:13:seq_runtime_pattern_rec_on_step_advanced	8	static
../Src/Seq/seq_runtime.c:315:16:seq_runtime_track_is_valid	16	static
../Src/Seq/seq_runtime.c:320:13:seq_runtime_process_step_boundaries	64	static
../Src/Seq/seq_runtime.c:345:13:seq_runtime_live_rec_flush_and_reset	8	static
../Src/Seq/seq_runtime.c:351:13:seq_runtime_stop_lifecycle_apply	24	static
../Src/Seq/seq_runtime.c:399:13:seq_runtime_process_step_pulse	32	static
../Src/Seq/seq_runtime.c:428:17:seq_runtime_compute_samples_per_step_q16	48	static
../Src/Seq/seq_runtime.c:445:13:seq_runtime_update_samples_per_step_from_tempo	16	static
../Src/Seq/seq_runtime.c:457:13:seq_runtime_update_midi_clock_period_from_step_period	16	static
../Src/Seq/seq_runtime.c:467:13:seq_runtime_midi_clock_audio_rebase	32	static
../Src/Seq/seq_runtime.c:472:13:seq_runtime_midi_clock_audio_emit_for_block	72	static
../Src/Seq/seq_runtime.c:496:6:seq_runtime_init	16	static
../Src/Seq/seq_runtime.c:541:6:seq_runtime_start	16	static
../Src/Seq/seq_runtime.c:581:6:seq_runtime_stop	16	static
../Src/Seq/seq_runtime.c:603:6:seq_runtime_toggle_play_stop	8	static
../Src/Seq/seq_runtime.c:615:9:seq_runtime_is_running	4	static
../Src/Seq/seq_runtime.c:620:13:seq_runtime_process_core	32	static
../Src/Seq/seq_runtime.c:684:6:seq_runtime_time_adapter_process	8	static
../Src/Seq/seq_runtime.c:697:6:seq_runtime_time_adapter_process_internal_from_irq	8	static
../Src/Seq/seq_runtime.c:706:10:seq_runtime_audio_collect_block_events	160	static
../Src/Seq/seq_runtime.c:764:6:seq_runtime_audio_apply_event	24	static
../Src/Seq/seq_runtime.c:788:6:seq_runtime_set_clock_source	24	static
../Src/Seq/seq_runtime.c:822:17:seq_runtime_get_clock_source	4	static
../Src/Seq/seq_runtime.c:827:6:seq_runtime_midi_clock_from_source	32	static
../Src/Seq/seq_runtime.c:855:6:seq_runtime_midi_start_from_source	16	static
../Src/Seq/seq_runtime.c:865:6:seq_runtime_midi_continue_from_source	24	static
../Src/Seq/seq_runtime.c:913:6:seq_runtime_midi_stop_from_source	16	static
../Src/Seq/seq_runtime.c:923:9:seq_runtime_set_playhead_step	24	static
../Src/Seq/seq_runtime.c:940:28:seq_runtime_get_state	4	static
../Src/Seq/seq_runtime.c:945:9:seq_runtime_get_playhead_step	16	static
../Src/Seq/seq_runtime.c:956:6:seq_runtime_on_track_length_changed	24	static
../Src/Seq/seq_runtime.c:982:6:seq_runtime_set_track_div	16	static
../Src/Seq/seq_runtime.c:997:9:seq_runtime_get_track_div	16	static
../Src/Seq/seq_runtime.c:1008:6:seq_runtime_set_track_quant	16	static
../Src/Seq/seq_runtime.c:1018:9:seq_runtime_get_track_quant	16	static
../Src/Seq/seq_runtime.c:1029:6:seq_runtime_set_track_swing	16	static
../Src/Seq/seq_runtime.c:1043:9:seq_runtime_get_track_swing	16	static
../Src/Seq/seq_runtime.c:1054:6:seq_runtime_rec_toggle_arm	8	static
../Src/Seq/seq_runtime.c:1088:9:seq_runtime_rec_is_armed	4	static
../Src/Seq/seq_runtime.c:1093:6:seq_runtime_set_rec_count_in_mode	16	static
../Src/Seq/seq_runtime.c:1103:9:seq_runtime_get_rec_count_in_mode	4	static
../Src/Seq/seq_runtime.c:1108:6:seq_runtime_set_rec_len_mode	16	static
../Src/Seq/seq_runtime.c:1122:9:seq_runtime_get_rec_len_mode	4	static
../Src/Seq/seq_runtime.c:1127:10:seq_runtime_get_rec_count_in_remaining_steps	8	static
../Src/Seq/seq_runtime.c:1132:9:seq_runtime_rec_is_pattern_pending_start	4	static
../Src/Seq/seq_runtime.c:1138:10:seq_runtime_get_tempo_bpm_milli	8	static
../Src/Seq/seq_runtime.c:1143:6:seq_runtime_set_tempo_bpm_milli	16	static
../Src/Seq/seq_runtime.c:1153:9:seq_runtime_is_external_tempo_valid	8	static
../Src/Seq/seq_runtime.c:1158:10:seq_runtime_get_external_tempo_bpm_milli	8	static
../Src/Seq/seq_runtime.c:1163:6:seq_runtime_live_rec_note_on	40	static
../Src/Seq/seq_runtime.c:1184:6:seq_runtime_live_rec_note_off	40	static
