../Src/Seq/seq_edit.c:28:6:seq_edit_init	8	static
../Src/Seq/seq_edit.c:34:9:seq_edit_toggle_hall_step	16	static
../Src/Seq/seq_edit.c:46:6:seq_edit_change_page	16	static
../Src/Seq/seq_edit.c:68:9:seq_edit_get_page	0	static
../Src/Seq/seq_edit.c:73:9:seq_edit_map_hall_to_step	16	static
../Src/Seq/seq_edit.c:97:6:seq_edit_step_press	32	static
../Src/Seq/seq_edit.c:129:6:seq_edit_step_release	40	static
../Src/Seq/seq_edit.c:170:6:seq_edit_step_hold_update	32	static
../Src/Seq/seq_edit.c:199:9:seq_edit_collect_held_steps	24	static
../Src/Seq/seq_edit.c:248:9:seq_edit_step_plock_find	0	static
../Src/Seq/seq_edit.c:257:23:seq_edit_step_plock_upsert	16	static
../Src/Seq/seq_edit.c:295:23:seq_edit_step_plock_delete	0	static
../Src/Seq/seq_edit.c:303:6:seq_edit_step_plock_clear	0	static
../Src/Seq/seq_edit.c:308:9:seq_edit_step_plock_count	0	static
../Src/Seq/seq_edit.c:313:9:seq_edit_step_plock_get_at	0	static
../Src/Seq/seq_edit.c:321:9:seq_edit_copy_steps	0	static
../Src/Seq/seq_edit.c:328:9:seq_edit_paste_steps	0	static
../Src/Seq/seq_edit.c:336:6:seq_edit_clear_steps	24	static
