../Src/Seq/seq_runtime.c:107:13:seq_runtime_send_transport_realtime	24	static
../Src/Seq/seq_runtime.c:113:13:seq_runtime_send_transport_start	8	static
../Src/Seq/seq_runtime.c:136:13:seq_runtime_send_transport_stop_and_panic	8	static
../Src/Seq/seq_runtime.c:144:17:seq_runtime_get_now_tick_for_source	16	static
../Src/Seq/seq_runtime.c:154:17:seq_runtime_get_now_tick	8	static
../Src/Seq/seq_runtime.c:159:17:seq_runtime_get_now_sample	24	static
../Src/Seq/seq_runtime.c:167:17:seq_runtime_enter_critical	16	static,ignoring_inline_asm
../Src/Seq/seq_runtime.c:174:13:seq_runtime_exit_critical	16	static,ignoring_inline_asm
../Src/Seq/seq_runtime.c:182:13:seq_runtime_begin_running_now	16	static
../Src/Seq/seq_runtime.c:241:16:seq_runtime_live_rec_is_active	8	static
../Src/Seq/seq_runtime.c:251:16:seq_runtime_get_track_pattern_length_steps	16	static
../Src/Seq/seq_runtime.c:256:17:seq_runtime_get_track_pattern_duration_steps	24	static
../Src/Seq/seq_runtime.c:263:13:seq_runtime_pattern_rec_start_now	80	static
../Src/Seq/seq_runtime.c:282:13:seq_runtime_pattern_rec_cancel	4	static
../Src/Seq/seq_runtime.c:289:13:seq_runtime_pattern_rec_on_step_advanced	8	static
../Src/Seq/seq_runtime.c:322:16:seq_runtime_track_is_valid	16	static
../Src/Seq/seq_runtime.c:327:13:seq_runtime_process_step_boundaries	64	static
../Src/Seq/seq_runtime.c:352:13:seq_runtime_live_rec_flush_and_reset	8	static
../Src/Seq/seq_runtime.c:358:13:seq_runtime_stop_lifecycle_apply	24	static
../Src/Seq/seq_runtime.c:406:13:seq_runtime_process_step_pulse	32	static
../Src/Seq/seq_runtime.c:435:17:seq_runtime_compute_samples_per_step_q16	48	static
../Src/Seq/seq_runtime.c:452:13:seq_runtime_update_samples_per_step_from_tempo	16	static
../Src/Seq/seq_runtime.c:464:13:seq_runtime_update_midi_clock_period_from_step_period	16	static
../Src/Seq/seq_runtime.c:474:13:seq_runtime_midi_clock_audio_rebase	32	static
../Src/Seq/seq_runtime.c:479:13:seq_runtime_midi_clock_audio_emit_for_block	72	static
../Src/Seq/seq_runtime.c:503:6:seq_runtime_init	16	static
../Src/Seq/seq_runtime.c:548:6:seq_runtime_start	16	static
../Src/Seq/seq_runtime.c:588:6:seq_runtime_stop	16	static
../Src/Seq/seq_runtime.c:610:6:seq_runtime_toggle_play_stop	8	static
../Src/Seq/seq_runtime.c:622:9:seq_runtime_is_running	4	static
../Src/Seq/seq_runtime.c:627:13:seq_runtime_process_core	32	static
../Src/Seq/seq_runtime.c:691:6:seq_runtime_time_adapter_process	8	static
../Src/Seq/seq_runtime.c:704:6:seq_runtime_time_adapter_process_internal_from_irq	8	static
../Src/Seq/seq_runtime.c:713:10:seq_runtime_audio_collect_block_events	160	static
../Src/Seq/seq_runtime.c:771:6:seq_runtime_audio_apply_event	24	static
../Src/Seq/seq_runtime.c:795:6:seq_runtime_set_clock_source	24	static
../Src/Seq/seq_runtime.c:829:17:seq_runtime_get_clock_source	4	static
../Src/Seq/seq_runtime.c:834:6:seq_runtime_midi_clock_from_source	32	static
../Src/Seq/seq_runtime.c:862:6:seq_runtime_midi_start_from_source	16	static
../Src/Seq/seq_runtime.c:872:6:seq_runtime_midi_continue_from_source	24	static
../Src/Seq/seq_runtime.c:920:6:seq_runtime_midi_stop_from_source	16	static
../Src/Seq/seq_runtime.c:930:9:seq_runtime_set_playhead_step	24	static
../Src/Seq/seq_runtime.c:947:28:seq_runtime_get_state	4	static
../Src/Seq/seq_runtime.c:952:9:seq_runtime_get_playhead_step	16	static
../Src/Seq/seq_runtime.c:963:6:seq_runtime_on_track_length_changed	24	static
../Src/Seq/seq_runtime.c:989:6:seq_runtime_set_track_div	16	static
../Src/Seq/seq_runtime.c:1004:9:seq_runtime_get_track_div	16	static
../Src/Seq/seq_runtime.c:1015:6:seq_runtime_set_track_quant	16	static
../Src/Seq/seq_runtime.c:1025:9:seq_runtime_get_track_quant	16	static
../Src/Seq/seq_runtime.c:1036:6:seq_runtime_set_track_swing	16	static
../Src/Seq/seq_runtime.c:1050:9:seq_runtime_get_track_swing	16	static
../Src/Seq/seq_runtime.c:1061:6:seq_runtime_rec_toggle_arm	8	static
../Src/Seq/seq_runtime.c:1095:9:seq_runtime_rec_is_armed	4	static
../Src/Seq/seq_runtime.c:1100:6:seq_runtime_set_rec_count_in_mode	16	static
../Src/Seq/seq_runtime.c:1110:9:seq_runtime_get_rec_count_in_mode	4	static
../Src/Seq/seq_runtime.c:1115:6:seq_runtime_set_rec_len_mode	16	static
../Src/Seq/seq_runtime.c:1129:9:seq_runtime_get_rec_len_mode	4	static
../Src/Seq/seq_runtime.c:1134:10:seq_runtime_get_rec_count_in_remaining_steps	8	static
../Src/Seq/seq_runtime.c:1139:9:seq_runtime_rec_is_pattern_pending_start	4	static
../Src/Seq/seq_runtime.c:1145:10:seq_runtime_get_tempo_bpm_milli	8	static
../Src/Seq/seq_runtime.c:1150:6:seq_runtime_set_tempo_bpm_milli	16	static
../Src/Seq/seq_runtime.c:1160:9:seq_runtime_is_external_tempo_valid	8	static
../Src/Seq/seq_runtime.c:1165:10:seq_runtime_get_external_tempo_bpm_milli	8	static
../Src/Seq/seq_runtime.c:1170:6:seq_runtime_live_rec_note_on	40	static
../Src/Seq/seq_runtime.c:1191:6:seq_runtime_live_rec_note_off	40	static
