../Src/Seq/seq_runtime.c:258:13:seq_runtime_process_step_boundaries	64	static
../Src/Seq/seq_runtime.c:137:13:seq_runtime_begin_running_now	88	static
../Src/Seq/seq_runtime.c:319:13:seq_runtime_process_step_pulse.isra	96	static
../Src/Seq/seq_runtime.c:457:13:seq_runtime_process_core	24	static
../Src/Seq/seq_runtime.c:347:6:seq_runtime_init	16	static
../Src/Seq/seq_runtime.c:385:6:seq_runtime_start	16	static,ignoring_inline_asm
../Src/Seq/seq_runtime.c:418:6:seq_runtime_stop	32	static,ignoring_inline_asm
../Src/Seq/seq_runtime.c:440:6:seq_runtime_toggle_play_stop	8	static
../Src/Seq/seq_runtime.c:452:9:seq_runtime_is_running	0	static
../Src/Seq/seq_runtime.c:526:6:seq_runtime_time_adapter_process	8	static
../Src/Seq/seq_runtime.c:539:6:seq_runtime_time_adapter_process_internal_from_irq	8	static
../Src/Seq/seq_runtime.c:548:6:seq_runtime_set_clock_source	16	static,ignoring_inline_asm
../Src/Seq/seq_runtime.c:578:17:seq_runtime_get_clock_source	0	static
../Src/Seq/seq_runtime.c:583:6:seq_runtime_midi_clock	32	static
../Src/Seq/seq_runtime.c:588:6:seq_runtime_midi_clock_from_source	32	static
../Src/Seq/seq_runtime.c:616:6:seq_runtime_midi_start	0	static
../Src/Seq/seq_runtime.c:621:6:seq_runtime_midi_start_from_source	0	static
../Src/Seq/seq_runtime.c:631:6:seq_runtime_midi_continue	16	static
../Src/Seq/seq_runtime.c:636:6:seq_runtime_midi_continue_from_source	16	static
../Src/Seq/seq_runtime.c:659:6:seq_runtime_midi_stop	0	static
../Src/Seq/seq_runtime.c:664:6:seq_runtime_midi_stop_from_source	0	static
../Src/Seq/seq_runtime.c:674:9:seq_runtime_set_playhead_step	16	static
../Src/Seq/seq_runtime.c:691:28:seq_runtime_get_state	0	static
../Src/Seq/seq_runtime.c:696:9:seq_runtime_get_playhead_step	0	static
../Src/Seq/seq_runtime.c:707:6:seq_runtime_on_track_length_changed	8	static
../Src/Seq/seq_runtime.c:733:6:seq_runtime_set_track_div	0	static
../Src/Seq/seq_runtime.c:748:9:seq_runtime_get_track_div	0	static
../Src/Seq/seq_runtime.c:759:6:seq_runtime_set_track_quant	0	static
../Src/Seq/seq_runtime.c:769:9:seq_runtime_get_track_quant	0	static
../Src/Seq/seq_runtime.c:780:6:seq_runtime_set_track_swing	0	static
../Src/Seq/seq_runtime.c:794:9:seq_runtime_get_track_swing	0	static
../Src/Seq/seq_runtime.c:805:6:seq_runtime_rec_toggle_arm	24	static
../Src/Seq/seq_runtime.c:839:9:seq_runtime_rec_is_armed	0	static
../Src/Seq/seq_runtime.c:844:6:seq_runtime_set_rec_count_in_mode	0	static
../Src/Seq/seq_runtime.c:854:9:seq_runtime_get_rec_count_in_mode	0	static
../Src/Seq/seq_runtime.c:859:6:seq_runtime_set_rec_len_mode	0	static
../Src/Seq/seq_runtime.c:873:9:seq_runtime_get_rec_len_mode	0	static
../Src/Seq/seq_runtime.c:878:10:seq_runtime_get_rec_count_in_remaining_steps	0	static
../Src/Seq/seq_runtime.c:883:9:seq_runtime_rec_is_pattern_pending_start	0	static
../Src/Seq/seq_runtime.c:889:10:seq_runtime_get_tempo_bpm_milli	0	static
../Src/Seq/seq_runtime.c:894:6:seq_runtime_set_tempo_bpm_milli	8	static
../Src/Seq/seq_runtime.c:903:9:seq_runtime_is_external_tempo_valid	0	static
../Src/Seq/seq_runtime.c:908:10:seq_runtime_get_external_tempo_bpm_milli	0	static
../Src/Seq/seq_runtime.c:913:6:seq_runtime_live_rec_note_on	40	static
../Src/Seq/seq_runtime.c:927:6:seq_runtime_live_rec_note_off	32	static
