../Src/Seq/seq_runtime.c:237:13:seq_runtime_play_events_service	40	static
../Src/Seq/seq_runtime.c:692:6:seq_runtime_stop.part.0	56	static
../Src/Seq/seq_runtime.c:599:13:seq_runtime_process_step_boundaries	304	static
../Src/Seq/seq_runtime.c:642:6:seq_runtime_init	8	static
../Src/Seq/seq_runtime.c:666:6:seq_runtime_start	40	static
../Src/Seq/seq_runtime.c:692:6:seq_runtime_stop	0	static
../Src/Seq/seq_runtime.c:715:6:seq_runtime_toggle_play_stop	0	static
../Src/Seq/seq_runtime.c:727:9:seq_runtime_is_running	0	static
../Src/Seq/seq_runtime.c:732:6:seq_runtime_process	32	static
../Src/Seq/seq_runtime.c:771:6:seq_runtime_set_clock_source	4	static
../Src/Seq/seq_runtime.c:785:17:seq_runtime_get_clock_source	0	static
../Src/Seq/seq_runtime.c:790:6:seq_runtime_midi_clock	16	static
../Src/Seq/seq_runtime.c:809:6:seq_runtime_midi_start	0	static
../Src/Seq/seq_runtime.c:819:6:seq_runtime_midi_continue	0	static
../Src/Seq/seq_runtime.c:837:6:seq_runtime_midi_stop	0	static
../Src/Seq/seq_runtime.c:847:9:seq_runtime_set_playhead_step	0	static
../Src/Seq/seq_runtime.c:858:28:seq_runtime_get_state	0	static
../Src/Seq/seq_runtime.c:863:9:seq_runtime_get_playhead_step	0	static
../Src/Seq/seq_runtime.c:874:6:seq_runtime_set_track_div	0	static
../Src/Seq/seq_runtime.c:888:6:seq_runtime_set_track_quant	0	static
../Src/Seq/seq_runtime.c:898:6:seq_runtime_set_track_swing	0	static
