../Src/Seq/seq_runtime.c:173:13:seq_runtime_pattern_rec_on_step_advanced	88	static
../Src/Seq/seq_runtime.c:97:13:seq_runtime_begin_running_now	88	static
../Src/Seq/seq_runtime.c:234:6:seq_runtime_init	16	static
../Src/Seq/seq_runtime.c:271:6:seq_runtime_start	16	static
../Src/Seq/seq_runtime.c:300:6:seq_runtime_stop	24	static
../Src/Seq/seq_runtime.c:340:6:seq_runtime_toggle_play_stop	8	static
../Src/Seq/seq_runtime.c:352:9:seq_runtime_is_running	0	static
../Src/Seq/seq_runtime.c:357:6:seq_runtime_process	56	static
../Src/Seq/seq_runtime.c:430:6:seq_runtime_set_clock_source	8	static
../Src/Seq/seq_runtime.c:453:17:seq_runtime_get_clock_source	0	static
../Src/Seq/seq_runtime.c:458:6:seq_runtime_midi_clock	56	static
../Src/Seq/seq_runtime.c:463:6:seq_runtime_midi_clock_from_source	56	static
../Src/Seq/seq_runtime.c:511:6:seq_runtime_midi_start	16	static
../Src/Seq/seq_runtime.c:516:6:seq_runtime_midi_start_from_source	16	static
../Src/Seq/seq_runtime.c:526:6:seq_runtime_midi_continue	16	static
../Src/Seq/seq_runtime.c:531:6:seq_runtime_midi_continue_from_source	16	static
../Src/Seq/seq_runtime.c:554:6:seq_runtime_midi_stop	0	static
../Src/Seq/seq_runtime.c:559:6:seq_runtime_midi_stop_from_source	0	static
../Src/Seq/seq_runtime.c:569:9:seq_runtime_set_playhead_step	0	static
../Src/Seq/seq_runtime.c:580:28:seq_runtime_get_state	0	static
../Src/Seq/seq_runtime.c:585:9:seq_runtime_get_playhead_step	0	static
../Src/Seq/seq_runtime.c:596:6:seq_runtime_set_track_div	0	static
../Src/Seq/seq_runtime.c:610:6:seq_runtime_set_track_quant	0	static
../Src/Seq/seq_runtime.c:620:6:seq_runtime_set_track_swing	0	static
../Src/Seq/seq_runtime.c:635:6:seq_runtime_rec_toggle_arm	16	static
../Src/Seq/seq_runtime.c:670:9:seq_runtime_rec_is_armed	0	static
../Src/Seq/seq_runtime.c:675:6:seq_runtime_set_rec_count_in_mode	0	static
../Src/Seq/seq_runtime.c:685:9:seq_runtime_get_rec_count_in_mode	0	static
../Src/Seq/seq_runtime.c:690:6:seq_runtime_set_rec_len_mode	0	static
../Src/Seq/seq_runtime.c:704:9:seq_runtime_get_rec_len_mode	0	static
../Src/Seq/seq_runtime.c:709:10:seq_runtime_get_rec_count_in_remaining_steps	0	static
../Src/Seq/seq_runtime.c:714:10:seq_runtime_get_tempo_bpm_milli	0	static
../Src/Seq/seq_runtime.c:719:6:seq_runtime_set_tempo_bpm_milli	8	static
../Src/Seq/seq_runtime.c:728:9:seq_runtime_is_external_tempo_valid	0	static
../Src/Seq/seq_runtime.c:733:10:seq_runtime_get_external_tempo_bpm_milli	0	static
../Src/Seq/seq_runtime.c:738:6:seq_runtime_live_rec_note_on	40	static
../Src/Seq/seq_runtime.c:752:6:seq_runtime_live_rec_note_off	24	static
