../Src/Seq/seq_runtime.c:233:13:seq_runtime_play_events_service	40	static
../Src/Seq/seq_runtime.c:688:6:seq_runtime_stop.part.0	56	static
../Src/Seq/seq_runtime.c:662:6:seq_runtime_start.part.0	40	static
../Src/Seq/seq_runtime.c:595:13:seq_runtime_process_step_boundaries	304	static
../Src/Seq/seq_runtime.c:638:6:seq_runtime_init	8	static
../Src/Seq/seq_runtime.c:662:6:seq_runtime_start	0	static
../Src/Seq/seq_runtime.c:688:6:seq_runtime_stop	0	static
../Src/Seq/seq_runtime.c:711:6:seq_runtime_toggle_play_stop	0	static
../Src/Seq/seq_runtime.c:723:9:seq_runtime_is_running	0	static
../Src/Seq/seq_runtime.c:728:6:seq_runtime_process	40	static
../Src/Seq/seq_runtime.c:767:6:seq_runtime_set_clock_source	0	static
../Src/Seq/seq_runtime.c:781:17:seq_runtime_get_clock_source	0	static
../Src/Seq/seq_runtime.c:786:6:seq_runtime_midi_clock	16	static
../Src/Seq/seq_runtime.c:805:6:seq_runtime_midi_start	0	static
../Src/Seq/seq_runtime.c:815:6:seq_runtime_midi_continue	0	static
../Src/Seq/seq_runtime.c:833:6:seq_runtime_midi_stop	0	static
../Src/Seq/seq_runtime.c:843:9:seq_runtime_set_playhead_step	0	static
../Src/Seq/seq_runtime.c:854:28:seq_runtime_get_state	0	static
../Src/Seq/seq_runtime.c:859:9:seq_runtime_get_playhead_step	0	static
../Src/Seq/seq_runtime.c:870:6:seq_runtime_set_track_div	0	static
../Src/Seq/seq_runtime.c:884:6:seq_runtime_set_track_quant	0	static
../Src/Seq/seq_runtime.c:894:6:seq_runtime_set_track_swing	0	static
