../Src/Seq/seq_runtime.c:225:13:seq_runtime_play_events_service	40	static
../Src/Seq/seq_runtime.c:680:6:seq_runtime_stop.part.0	56	static
../Src/Seq/seq_runtime.c:654:6:seq_runtime_start.part.0	40	static
../Src/Seq/seq_runtime.c:587:13:seq_runtime_process_step_boundaries	304	static
../Src/Seq/seq_runtime.c:630:6:seq_runtime_init	8	static
../Src/Seq/seq_runtime.c:654:6:seq_runtime_start	0	static
../Src/Seq/seq_runtime.c:680:6:seq_runtime_stop	0	static
../Src/Seq/seq_runtime.c:703:6:seq_runtime_toggle_play_stop	0	static
../Src/Seq/seq_runtime.c:715:9:seq_runtime_is_running	0	static
../Src/Seq/seq_runtime.c:720:6:seq_runtime_process	40	static
../Src/Seq/seq_runtime.c:759:6:seq_runtime_set_clock_source	0	static
../Src/Seq/seq_runtime.c:773:17:seq_runtime_get_clock_source	0	static
../Src/Seq/seq_runtime.c:778:6:seq_runtime_midi_clock	16	static
../Src/Seq/seq_runtime.c:797:6:seq_runtime_midi_start	0	static
../Src/Seq/seq_runtime.c:807:6:seq_runtime_midi_continue	0	static
../Src/Seq/seq_runtime.c:825:6:seq_runtime_midi_stop	0	static
../Src/Seq/seq_runtime.c:835:9:seq_runtime_set_playhead_step	0	static
../Src/Seq/seq_runtime.c:846:28:seq_runtime_get_state	0	static
../Src/Seq/seq_runtime.c:851:9:seq_runtime_get_playhead_step	0	static
../Src/Seq/seq_runtime.c:862:6:seq_runtime_set_track_div	0	static
../Src/Seq/seq_runtime.c:876:6:seq_runtime_set_track_quant	0	static
../Src/Seq/seq_runtime.c:886:6:seq_runtime_set_track_swing	0	static
