../Src/Seq/seq_runtime.c:193:13:seq_runtime_play_events_service	40	static
../Src/Seq/seq_runtime.c:644:6:seq_runtime_stop.part.0	40	static
../Src/Seq/seq_runtime.c:551:13:seq_runtime_process_step_boundaries	296	static
../Src/Seq/seq_runtime.c:594:6:seq_runtime_init	8	static
../Src/Seq/seq_runtime.c:618:6:seq_runtime_start	40	static
../Src/Seq/seq_runtime.c:644:6:seq_runtime_stop	0	static
../Src/Seq/seq_runtime.c:666:6:seq_runtime_toggle_play_stop	0	static
../Src/Seq/seq_runtime.c:678:9:seq_runtime_is_running	0	static
../Src/Seq/seq_runtime.c:683:6:seq_runtime_process	32	static
../Src/Seq/seq_runtime.c:722:6:seq_runtime_set_clock_source	4	static
../Src/Seq/seq_runtime.c:736:17:seq_runtime_get_clock_source	0	static
../Src/Seq/seq_runtime.c:741:6:seq_runtime_midi_clock	16	static
../Src/Seq/seq_runtime.c:760:6:seq_runtime_midi_start	0	static
../Src/Seq/seq_runtime.c:770:6:seq_runtime_midi_continue	0	static
../Src/Seq/seq_runtime.c:788:6:seq_runtime_midi_stop	0	static
../Src/Seq/seq_runtime.c:798:9:seq_runtime_set_playhead_step	0	static
../Src/Seq/seq_runtime.c:809:28:seq_runtime_get_state	0	static
../Src/Seq/seq_runtime.c:814:9:seq_runtime_get_playhead_step	0	static
../Src/Seq/seq_runtime.c:825:6:seq_runtime_set_track_div	0	static
../Src/Seq/seq_runtime.c:839:6:seq_runtime_set_track_quant	0	static
../Src/Seq/seq_runtime.c:849:6:seq_runtime_set_track_swing	0	static
