../Src/Seq/seq_runtime.c:163:13:seq_runtime_exit_critical	0	static,ignoring_inline_asm
../Src/Seq/seq_runtime.c:148:17:seq_runtime_get_now_sample	16	static,ignoring_inline_asm
../Src/Seq/seq_runtime.c:248:13:seq_runtime_pattern_rec_cancel	0	static
../Src/Seq/seq_runtime.c:143:17:seq_runtime_get_now_tick	8	static
../Src/Seq/seq_runtime.c:408:13:seq_runtime_update_samples_per_step_from_tempo	8	static
../Src/Seq/seq_runtime.c:293:13:seq_runtime_process_step_boundaries	72	static
../Src/Seq/seq_runtime.c:229:13:seq_runtime_pattern_rec_start_now	72	static
../Src/Seq/seq_runtime.c:171:13:seq_runtime_begin_running_now	24	static
../Src/Seq/seq_runtime.c:323:13:seq_runtime_live_rec_flush_and_reset	8	static
../Src/Seq/seq_runtime.c:329:13:seq_runtime_stop_lifecycle_apply	24	static
../Src/Seq/seq_runtime.c:362:13:seq_runtime_process_step_pulse	8	static
../Src/Seq/seq_runtime.c:318:13:seq_runtime_dispatch_due_events	8	static
../Src/Seq/seq_runtime.c:583:13:seq_runtime_process_core	24	static
../Src/Seq/seq_runtime.c:214:16:seq_runtime_live_rec_is_active	8	static
../Src/Seq/seq_runtime.c:459:6:seq_runtime_init	16	static
../Src/Seq/seq_runtime.c:504:6:seq_runtime_start	16	static,ignoring_inline_asm
../Src/Seq/seq_runtime.c:544:6:seq_runtime_stop	8	static,ignoring_inline_asm
../Src/Seq/seq_runtime.c:566:6:seq_runtime_toggle_play_stop	8	static
../Src/Seq/seq_runtime.c:578:9:seq_runtime_is_running	0	static
../Src/Seq/seq_runtime.c:652:6:seq_runtime_time_adapter_process	8	static
../Src/Seq/seq_runtime.c:665:6:seq_runtime_time_adapter_process_internal_from_irq	8	static
../Src/Seq/seq_runtime.c:674:10:seq_runtime_audio_collect_block_events	168	static
../Src/Seq/seq_runtime.c:732:6:seq_runtime_audio_apply_event	16	static
../Src/Seq/seq_runtime.c:756:6:seq_runtime_set_clock_source	16	static,ignoring_inline_asm
../Src/Seq/seq_runtime.c:789:17:seq_runtime_get_clock_source	0	static
../Src/Seq/seq_runtime.c:799:6:seq_runtime_midi_clock_from_source	32	static
../Src/Seq/seq_runtime.c:794:6:seq_runtime_midi_clock	8	static
../Src/Seq/seq_runtime.c:833:6:seq_runtime_midi_start_from_source	8	static
../Src/Seq/seq_runtime.c:828:6:seq_runtime_midi_start	8	static
../Src/Seq/seq_runtime.c:848:6:seq_runtime_midi_continue_from_source	8	static
../Src/Seq/seq_runtime.c:843:6:seq_runtime_midi_continue	8	static
../Src/Seq/seq_runtime.c:876:6:seq_runtime_midi_stop_from_source	8	static
../Src/Seq/seq_runtime.c:871:6:seq_runtime_midi_stop	8	static
../Src/Seq/seq_runtime.c:886:9:seq_runtime_set_playhead_step	16	static
../Src/Seq/seq_runtime.c:903:28:seq_runtime_get_state	0	static
../Src/Seq/seq_runtime.c:908:9:seq_runtime_get_playhead_step	0	static
../Src/Seq/seq_runtime.c:919:6:seq_runtime_on_track_length_changed	8	static
../Src/Seq/seq_runtime.c:945:6:seq_runtime_set_track_div	0	static
../Src/Seq/seq_runtime.c:960:9:seq_runtime_get_track_div	0	static
../Src/Seq/seq_runtime.c:971:6:seq_runtime_set_track_quant	0	static
../Src/Seq/seq_runtime.c:981:9:seq_runtime_get_track_quant	0	static
../Src/Seq/seq_runtime.c:992:6:seq_runtime_set_track_swing	0	static
../Src/Seq/seq_runtime.c:1006:9:seq_runtime_get_track_swing	0	static
../Src/Seq/seq_runtime.c:1017:6:seq_runtime_rec_toggle_arm	8	static
../Src/Seq/seq_runtime.c:1051:9:seq_runtime_rec_is_armed	0	static
../Src/Seq/seq_runtime.c:1056:6:seq_runtime_set_rec_count_in_mode	0	static
../Src/Seq/seq_runtime.c:1066:9:seq_runtime_get_rec_count_in_mode	0	static
../Src/Seq/seq_runtime.c:1071:6:seq_runtime_set_rec_len_mode	8	static
../Src/Seq/seq_runtime.c:1085:9:seq_runtime_get_rec_len_mode	0	static
../Src/Seq/seq_runtime.c:1090:10:seq_runtime_get_rec_count_in_remaining_steps	8	static
../Src/Seq/seq_runtime.c:1095:9:seq_runtime_rec_is_pattern_pending_start	0	static
../Src/Seq/seq_runtime.c:1101:10:seq_runtime_get_tempo_bpm_milli	8	static
../Src/Seq/seq_runtime.c:1106:6:seq_runtime_set_tempo_bpm_milli	8	static
../Src/Seq/seq_runtime.c:1116:9:seq_runtime_is_external_tempo_valid	8	static
../Src/Seq/seq_runtime.c:1121:10:seq_runtime_get_external_tempo_bpm_milli	8	static
../Src/Seq/seq_runtime.c:1126:6:seq_runtime_live_rec_note_on	40	static
../Src/Seq/seq_runtime.c:1147:6:seq_runtime_live_rec_note_off	40	static
