C:/Users/developpeur/Documents/BRICK5_H743_176/BRICK6/Src/Param/param_macro.c:34:31:param_macro_get_ui_held_scene	0	static
C:/Users/developpeur/Documents/BRICK5_H743_176/BRICK6/Src/Param/param_macro.c:85:6:param_macro_init	16	static
C:/Users/developpeur/Documents/BRICK5_H743_176/BRICK6/Src/Param/param_macro.c:100:7:param_macro_lerp	0	static
C:/Users/developpeur/Documents/BRICK5_H743_176/BRICK6/Src/Param/param_macro.c:115:9:param_macro_slot_target_is_supported	24	static
C:/Users/developpeur/Documents/BRICK5_H743_176/BRICK6/Src/Param/param_macro.c:144:16:param_macro_apply_preview_value	64	static
C:/Users/developpeur/Documents/BRICK5_H743_176/BRICK6/Src/Param/param_macro.c:319:9:param_macro_resolve_lock	32	static
C:/Users/developpeur/Documents/BRICK5_H743_176/BRICK6/Src/Param/param_macro.c:361:9:param_macro_resolve_slot	8	static
C:/Users/developpeur/Documents/BRICK5_H743_176/BRICK6/Src/Param/param_macro.c:370:9:param_macro_apply_resolution	8	static
C:/Users/developpeur/Documents/BRICK5_H743_176/BRICK6/Src/Param/param_macro.c:257:13:param_macro_recompute_sources	64	static
C:/Users/developpeur/Documents/BRICK5_H743_176/BRICK6/Src/Param/param_macro.c:295:16:param_macro_set_source_amount	8	static
C:/Users/developpeur/Documents/BRICK5_H743_176/BRICK6/Src/Param/param_macro.c:385:6:param_macro_sync_active_bank	16	static
C:/Users/developpeur/Documents/BRICK5_H743_176/BRICK6/Src/Param/param_macro.c:394:9:param_macro_set_amount	24	static
C:/Users/developpeur/Documents/BRICK5_H743_176/BRICK6/Src/Param/param_macro.c:413:9:param_macro_adjust_amount	16	static
C:/Users/developpeur/Documents/BRICK5_H743_176/BRICK6/Src/Param/param_macro.c:426:7:param_macro_get_amount	0	static
C:/Users/developpeur/Documents/BRICK5_H743_176/BRICK6/Src/Param/param_macro.c:436:9:param_macro_set_scene_source_amount	8	static
C:/Users/developpeur/Documents/BRICK5_H743_176/BRICK6/Src/Param/param_macro.c:446:6:param_macro_release_scene_source	8	static
C:/Users/developpeur/Documents/BRICK5_H743_176/BRICK6/Src/Param/param_macro.c:456:9:param_macro_apply_slot	40	static
