C:/Users/developpeur/Documents/BRICK5_H743_176/BRICK6/Inc/Sampler/sample_play_plan.h:202:23:sample_play_plan_is_valid	0	static
C:/Users/developpeur/Documents/BRICK5_H743_176/BRICK6/Src/Sampler/sample_play_plan.c:19:17:sample_play_plan_region_frames	0	static
C:/Users/developpeur/Documents/BRICK5_H743_176/BRICK6/Src/Sampler/sample_play_plan.c:24:17:sample_play_plan_clamp_requested_frames	8	static
C:/Users/developpeur/Documents/BRICK5_H743_176/BRICK6/Src/Sampler/sample_play_plan.c:35:17:sample_play_plan_forward_pages	0	static
C:/Users/developpeur/Documents/BRICK5_H743_176/BRICK6/Src/Sampler/sample_play_plan.c:45:17:sample_play_plan_reverse_pages	0	static
C:/Users/developpeur/Documents/BRICK5_H743_176/BRICK6/Src/Sampler/sample_play_plan.c:153:40:sample_play_plan_status_from_count	0	static
C:/Users/developpeur/Documents/BRICK5_H743_176/BRICK6/Src/Sampler/sample_play_plan.c:179:39:sample_play_plan_count_ready_pages	24	static
C:/Users/developpeur/Documents/BRICK5_H743_176/BRICK6/Src/Sampler/sample_play_plan.c:58:9:sample_play_plan_frames_to_page_span	64	static
C:/Users/developpeur/Documents/BRICK5_H743_176/BRICK6/Src/Sampler/sample_play_plan.c:144:10:sample_play_plan_required_pages_for_frames	40	static
C:/Users/developpeur/Documents/BRICK5_H743_176/BRICK6/Src/Sampler/sample_play_plan.c:232:33:sample_play_plan_check_ready_requirements	192	static
