C:/Users/developpeur/Documents/BRICK5_H743_176/BRICK6/Src/Sampler/sample_page_cache.c:110:17:sample_page_cache_key_slot	8	static
C:/Users/developpeur/Documents/BRICK5_H743_176/BRICK6/Src/Sampler/sample_page_cache.c:140:16:sample_page_cache_key_valid	16	static
C:/Users/developpeur/Documents/BRICK5_H743_176/BRICK6/Src/Sampler/sample_page_cache.c:145:16:sample_page_cache_can_evict_for_request	8	static
C:/Users/developpeur/Documents/BRICK5_H743_176/BRICK6/Src/Sampler/sample_page_cache.c:157:16:sample_page_cache_page_is_full_contract	8	static
C:/Users/developpeur/Documents/BRICK5_H743_176/BRICK6/Src/Sampler/sample_page_cache.c:174:16:sample_page_cache_page_is_contractual	8	static
C:/Users/developpeur/Documents/BRICK5_H743_176/BRICK6/Src/Sampler/sample_page_cache.c:187:17:sample_page_cache_hash_key	8	static
C:/Users/developpeur/Documents/BRICK5_H743_176/BRICK6/Src/Sampler/sample_page_cache.c:286:13:sample_page_cache_set_state	16	static
C:/Users/developpeur/Documents/BRICK5_H743_176/BRICK6/Src/Sampler/sample_page_cache.c:383:16:sample_page_cache_fill_ref	0	static
C:/Users/developpeur/Documents/BRICK5_H743_176/BRICK6/Src/Sampler/sample_page_cache.c:399:17:sample_page_cache_stream_page_frame_count_key	16	static
C:/Users/developpeur/Documents/BRICK5_H743_176/BRICK6/Src/Sampler/sample_page_cache.c:431:16:sample_page_cache_sample_is_stream_loadable_key	16	static
C:/Users/developpeur/Documents/BRICK5_H743_176/BRICK6/Src/Sampler/sample_page_cache.c:480:13:sample_page_cache_alloc_range	0	static
C:/Users/developpeur/Documents/BRICK5_H743_176/BRICK6/Src/Sampler/sample_page_cache.c:519:17:sample_page_cache_range_cursor_offset	0	static
C:/Users/developpeur/Documents/BRICK5_H743_176/BRICK6/Src/Sampler/sample_page_cache.c:661:16:sample_page_cache_find_contiguous_empty_run_in_range	8	static
C:/Users/developpeur/Documents/BRICK5_H743_176/BRICK6/Src/Sampler/sample_page_cache.c:817:14:sample_page_cache_decode_s24_le	0	static
C:/Users/developpeur/Documents/BRICK5_H743_176/BRICK6/Src/Sampler/sample_page_cache.c:827:34:sample_page_cache_decode_raw_pcm24_page	64	static
C:/Users/developpeur/Documents/BRICK5_H743_176/BRICK6/Src/Sampler/sample_page_cache.c:754:34:sample_page_cache_decode_page	72	static
C:/Users/developpeur/Documents/BRICK5_H743_176/BRICK6/Src/Sampler/sample_page_cache.c:630:17:sample_page_cache_trim_path_copy	24	static
C:/Users/developpeur/Documents/BRICK5_H743_176/BRICK6/Src/Sampler/sample_page_cache.c:76:20:sample_audio_key_classic	8	static
C:/Users/developpeur/Documents/BRICK5_H743_176/BRICK6/Src/Sampler/sample_page_cache.c:426:16:sample_page_cache_sample_is_stream_loadable	16	static
C:/Users/developpeur/Documents/BRICK5_H743_176/BRICK6/Src/Sampler/sample_page_cache.c:84:20:sample_audio_key_looper	8	static
C:/Users/developpeur/Documents/BRICK5_H743_176/BRICK6/Src/Sampler/sample_page_cache.c:92:20:sample_audio_key_multi	8	static
C:/Users/developpeur/Documents/BRICK5_H743_176/BRICK6/Src/Sampler/sample_page_cache.c:100:9:sample_audio_key_equal	0	static
C:/Users/developpeur/Documents/BRICK5_H743_176/BRICK6/Src/Sampler/sample_page_cache.c:266:13:sample_page_cache_index_remove_key	32	static
C:/Users/developpeur/Documents/BRICK5_H743_176/BRICK6/Src/Sampler/sample_page_cache.c:309:13:sample_page_cache_clear_desc	16	static
C:/Users/developpeur/Documents/BRICK5_H743_176/BRICK6/Src/Sampler/sample_page_cache.c:693:13:sample_page_cache_reclaim_stream_pages_for_full_load_in_range	24	static
C:/Users/developpeur/Documents/BRICK5_H743_176/BRICK6/Src/Sampler/sample_page_cache.c:195:16:sample_page_cache_index_find_slot_key	40	static
C:/Users/developpeur/Documents/BRICK5_H743_176/BRICK6/Src/Sampler/sample_page_cache.c:345:28:sample_page_cache_find_page_mut_key	40	static
C:/Users/developpeur/Documents/BRICK5_H743_176/BRICK6/Src/Sampler/sample_page_cache.c:378:34:sample_page_cache_find_page_key	16	static
C:/Users/developpeur/Documents/BRICK5_H743_176/BRICK6/Src/Sampler/sample_page_cache.c:444:17:sample_page_cache_repair_queued_count_key	32	static
C:/Users/developpeur/Documents/BRICK5_H743_176/BRICK6/Src/Sampler/sample_page_cache.c:223:13:sample_page_cache_index_put_key	48	static
C:/Users/developpeur/Documents/BRICK5_H743_176/BRICK6/Src/Sampler/sample_page_cache.c:531:28:sample_page_cache_alloc_empty_slot_key	56	static
C:/Users/developpeur/Documents/BRICK5_H743_176/BRICK6/Src/Sampler/sample_page_cache.c:725:28:sample_page_cache_assign_slot_key	40	static
C:/Users/developpeur/Documents/BRICK5_H743_176/BRICK6/Src/Sampler/sample_page_cache.c:892:6:sample_page_cache_reset	8	static
C:/Users/developpeur/Documents/BRICK5_H743_176/BRICK6/Src/Sampler/sample_page_cache.c:886:6:sample_page_cache_init	8	static
C:/Users/developpeur/Documents/BRICK5_H743_176/BRICK6/Src/Sampler/sample_page_cache.c:916:6:sample_page_cache_clear_key	32	static
C:/Users/developpeur/Documents/BRICK5_H743_176/BRICK6/Src/Sampler/sample_page_cache.c:911:6:sample_page_cache_clear_sample	16	static
C:/Users/developpeur/Documents/BRICK5_H743_176/BRICK6/Src/Sampler/sample_page_cache.c:938:9:sample_page_cache_cancel_queued_page_key	16	static
C:/Users/developpeur/Documents/BRICK5_H743_176/BRICK6/Src/Sampler/sample_page_cache.c:957:10:sample_page_cache_cancel_queued_key	24	static
C:/Users/developpeur/Documents/BRICK5_H743_176/BRICK6/Src/Sampler/sample_page_cache.c:982:10:sample_page_cache_cancel_queued_domain	16	static
C:/Users/developpeur/Documents/BRICK5_H743_176/BRICK6/Src/Sampler/sample_page_cache.c:1007:21:sample_page_cache_get_page_state_key	16	static
C:/Users/developpeur/Documents/BRICK5_H743_176/BRICK6/Src/Sampler/sample_page_cache.c:1002:21:sample_page_cache_get_page_state	16	static
C:/Users/developpeur/Documents/BRICK5_H743_176/BRICK6/Src/Sampler/sample_page_cache.c:1014:27:sample_page_cache_get_page_desc	0	static
C:/Users/developpeur/Documents/BRICK5_H743_176/BRICK6/Src/Sampler/sample_page_cache.c:1033:9:sample_page_cache_try_acquire_page_key	16	static
C:/Users/developpeur/Documents/BRICK5_H743_176/BRICK6/Src/Sampler/sample_page_cache.c:1024:9:sample_page_cache_try_acquire_page	24	static
C:/Users/developpeur/Documents/BRICK5_H743_176/BRICK6/Src/Sampler/sample_page_cache.c:1071:9:sample_page_cache_try_acquire_page_ref_key	24	static
C:/Users/developpeur/Documents/BRICK5_H743_176/BRICK6/Src/Sampler/sample_page_cache.c:1062:9:sample_page_cache_try_acquire_page_ref	24	static
C:/Users/developpeur/Documents/BRICK5_H743_176/BRICK6/Src/Sampler/sample_page_cache.c:1106:6:sample_page_cache_release_page_key	16	static
C:/Users/developpeur/Documents/BRICK5_H743_176/BRICK6/Src/Sampler/sample_page_cache.c:1101:6:sample_page_cache_release_page	16	static
C:/Users/developpeur/Documents/BRICK5_H743_176/BRICK6/Src/Sampler/sample_page_cache.c:1126:6:sample_page_cache_release_page_ref_key	24	static
C:/Users/developpeur/Documents/BRICK5_H743_176/BRICK6/Src/Sampler/sample_page_cache.c:1121:6:sample_page_cache_release_page_ref	16	static
C:/Users/developpeur/Documents/BRICK5_H743_176/BRICK6/Src/Sampler/sample_page_cache.c:1147:9:sample_page_cache_alloc_slot_pool_bytes	40	static
C:/Users/developpeur/Documents/BRICK5_H743_176/BRICK6/Src/Sampler/sample_page_cache.c:1206:6:sample_page_cache_release_slot_pool_allocation	16	static
C:/Users/developpeur/Documents/BRICK5_H743_176/BRICK6/Src/Sampler/sample_page_cache.c:1225:10:sample_page_cache_slot_pool_total_bytes	0	static
C:/Users/developpeur/Documents/BRICK5_H743_176/BRICK6/Src/Sampler/sample_page_cache.c:1230:10:sample_page_cache_slot_pool_free_bytes	0	static
C:/Users/developpeur/Documents/BRICK5_H743_176/BRICK6/Src/Sampler/sample_page_cache.c:1250:14:sample_page_cache_get_full_sample_base_key	16	static
C:/Users/developpeur/Documents/BRICK5_H743_176/BRICK6/Src/Sampler/sample_page_cache.c:1245:14:sample_page_cache_get_full_sample_base	16	static
C:/Users/developpeur/Documents/BRICK5_H743_176/BRICK6/Src/Sampler/sample_page_cache.c:1289:9:sample_page_cache_begin_read_block_key	56	static
C:/Users/developpeur/Documents/BRICK5_H743_176/BRICK6/Src/Sampler/sample_page_cache.c:1278:9:sample_page_cache_begin_read_block	24	static
C:/Users/developpeur/Documents/BRICK5_H743_176/BRICK6/Src/Sampler/sample_page_cache.c:1349:6:sample_page_cache_commit_read_block_key	16	static
C:/Users/developpeur/Documents/BRICK5_H743_176/BRICK6/Src/Sampler/sample_page_cache.c:1343:6:sample_page_cache_commit_read_block	16	static
C:/Users/developpeur/Documents/BRICK5_H743_176/BRICK6/Src/Sampler/sample_page_cache.c:1363:9:sample_page_cache_has_queued_domain_range	32	static
C:/Users/developpeur/Documents/BRICK5_H743_176/BRICK6/Src/Sampler/sample_page_cache.c:1355:9:sample_page_cache_has_queued_range	8	static
C:/Users/developpeur/Documents/BRICK5_H743_176/BRICK6/Src/Sampler/sample_page_cache.c:1399:9:sample_page_cache_get_stream_info_key	32	static
C:/Users/developpeur/Documents/BRICK5_H743_176/BRICK6/Src/Sampler/sample_page_cache.c:1393:9:sample_page_cache_get_stream_info	16	static
C:/Users/developpeur/Documents/BRICK5_H743_176/BRICK6/Src/Sampler/sample_page_cache.c:1425:9:sample_page_cache_find_queued_load_target	24	static
C:/Users/developpeur/Documents/BRICK5_H743_176/BRICK6/Src/Sampler/sample_page_cache.c:1481:9:sample_page_cache_get_load_target_key	24	static
C:/Users/developpeur/Documents/BRICK5_H743_176/BRICK6/Src/Sampler/sample_page_cache.c:1472:9:sample_page_cache_get_load_target	24	static
C:/Users/developpeur/Documents/BRICK5_H743_176/BRICK6/Src/Sampler/sample_page_cache.c:1516:9:sample_page_cache_set_page_state_key	16	static
C:/Users/developpeur/Documents/BRICK5_H743_176/BRICK6/Src/Sampler/sample_page_cache.c:1507:9:sample_page_cache_set_page_state	24	static
C:/Users/developpeur/Documents/BRICK5_H743_176/BRICK6/Src/Sampler/sample_page_cache.c:1530:9:sample_page_cache_acquire_window_page_key	32	static
C:/Users/developpeur/Documents/BRICK5_H743_176/BRICK6/Src/Sampler/sample_page_cache.c:1601:6:sample_page_cache_release_window_owner	28	static
C:/Users/developpeur/Documents/BRICK5_H743_176/BRICK6/Src/Sampler/sample_page_cache.c:1641:6:sample_page_cache_release_window_owner_outside_key	48	static
C:/Users/developpeur/Documents/BRICK5_H743_176/BRICK6/Src/Sampler/sample_page_cache.c:1684:9:sample_page_cache_has_window_locks	0	static
C:/Users/developpeur/Documents/BRICK5_H743_176/BRICK6/Src/Sampler/sample_page_cache.c:1709:9:sample_page_cache_request_page_key_alloc	24	static
C:/Users/developpeur/Documents/BRICK5_H743_176/BRICK6/Src/Sampler/sample_page_cache.c:1702:9:sample_page_cache_request_page_key	16	static
C:/Users/developpeur/Documents/BRICK5_H743_176/BRICK6/Src/Sampler/sample_page_cache.c:1697:9:sample_page_cache_request_page	16	static
C:/Users/developpeur/Documents/BRICK5_H743_176/BRICK6/Src/Sampler/sample_page_cache.c:1748:9:sample_page_cache_request_page_ref_key	24	static
C:/Users/developpeur/Documents/BRICK5_H743_176/BRICK6/Src/Sampler/sample_page_cache.c:1739:9:sample_page_cache_request_page_ref	24	static
C:/Users/developpeur/Documents/BRICK5_H743_176/BRICK6/Src/Sampler/sample_page_cache.c:1804:9:sample_page_cache_request_start_pages_key_alloc	32	static
C:/Users/developpeur/Documents/BRICK5_H743_176/BRICK6/Src/Sampler/sample_page_cache.c:1793:9:sample_page_cache_request_start_pages_key	16	static
C:/Users/developpeur/Documents/BRICK5_H743_176/BRICK6/Src/Sampler/sample_page_cache.c:1784:9:sample_page_cache_request_start_pages	24	static
C:/Users/developpeur/Documents/BRICK5_H743_176/BRICK6/Src/Sampler/sample_page_cache.c:1836:9:sample_page_cache_pin_page_key_alloc	24	static
C:/Users/developpeur/Documents/BRICK5_H743_176/BRICK6/Src/Sampler/sample_page_cache.c:1829:9:sample_page_cache_pin_page_key	16	static
C:/Users/developpeur/Documents/BRICK5_H743_176/BRICK6/Src/Sampler/sample_page_cache.c:1824:9:sample_page_cache_pin_page	16	static
C:/Users/developpeur/Documents/BRICK5_H743_176/BRICK6/Src/Sampler/sample_page_cache.c:1863:6:sample_page_cache_unpin_page_key	16	static
C:/Users/developpeur/Documents/BRICK5_H743_176/BRICK6/Src/Sampler/sample_page_cache.c:1858:6:sample_page_cache_unpin_page	16	static
C:/Users/developpeur/Documents/BRICK5_H743_176/BRICK6/Src/Sampler/sample_page_cache.c:1914:27:sample_page_cache_load_full_sample_key_alloc	72	static
C:/Users/developpeur/Documents/BRICK5_H743_176/BRICK6/Src/Sampler/sample_page_cache.c:1895:27:sample_page_cache_load_full_sample_key	32	static
C:/Users/developpeur/Documents/BRICK5_H743_176/BRICK6/Src/Sampler/sample_page_cache.c:1878:27:sample_page_cache_load_full_sample	40	static
C:/Users/developpeur/Documents/BRICK5_H743_176/BRICK6/Src/Sampler/sample_page_cache.c:2016:9:sample_page_cache_register_stream_sample_key	56	static
C:/Users/developpeur/Documents/BRICK5_H743_176/BRICK6/Src/Sampler/sample_page_cache.c:2003:9:sample_page_cache_register_stream_sample	32	static
C:/Users/developpeur/Documents/BRICK5_H743_176/BRICK6/Src/Sampler/sample_page_cache.c:2066:9:sample_page_cache_register_raw_pcm24_stereo_sample_key	48	static
C:/Users/developpeur/Documents/BRICK5_H743_176/BRICK6/Src/Sampler/sample_page_cache.c:2057:9:sample_page_cache_register_raw_pcm24_stereo_sample	24	static
C:/Users/developpeur/Documents/BRICK5_H743_176/BRICK6/Src/Sampler/sample_page_cache.c:2113:6:sample_page_cache_service_domain_range	4760	static
C:/Users/developpeur/Documents/BRICK5_H743_176/BRICK6/Src/Sampler/sample_page_cache.c:2103:6:sample_page_cache_service_range	8	static
