../Src/midi.c:67:24:midi_enter_critical	16	static,ignoring_inline_asm
../Src/midi.c:73:20:midi_exit_critical	24	static,ignoring_inline_asm
../Src/midi.c:77:20:midi_in_isr	16	static,ignoring_inline_asm
../Src/midi.c:90:13:usb_device_ready	8	static
../Src/midi.c:94:13:usb_device_send_packets	16	static
../Src/midi.c:103:13:usb_tx_queue_push	24	static
../Src/midi.c:129:13:usb_tx_queue_pop	24	static
../Src/midi.c:143:13:usb_rx_queue_push	24	static
../Src/midi.c:164:13:usb_rx_queue_pop	24	static
../Src/midi.c:178:13:midi_usb_try_flush	80	static
../Src/midi.c:214:13:usb_midi_decode_packet	24	static
../Src/midi.c:276:13:midi_dispatch_rx_message	16	static
../Src/midi.c:284:13:midi_process_usb_rx	24	static
../Src/midi.c:307:13:usb_device_enqueue_packet	16	static
../Src/midi.c:313:13:backend_usb_device_send	24	static
../Src/midi.c:397:13:backend_usb_host_send	16	static
../Src/midi.c:401:13:backend_din_send	16	static
../Src/midi.c:411:28:midi_internal_receive	16	static
../Src/midi.c:416:6:midi_init	8	static
../Src/midi.c:439:6:midi_is_initialized	4	static
../Src/midi.c:443:6:midi_set_rx_destination	16	static
../Src/midi.c:456:13:midi_get_rx_destination	4	static
../Src/midi.c:460:6:midi_poll	8	static
../Src/midi.c:474:6:midi_send_raw	24	static
../Src/midi.c:482:6:midi_clock_set_mode	16	static
../Src/midi.c:486:19:midi_clock_get_mode	4	static
../Src/midi.c:490:6:midi_clock_set_running	16	static
../Src/midi.c:494:6:midi_clock_is_running	4	static
../Src/midi.c:498:6:midi_clock_set_destination	16	static
../Src/midi.c:502:13:midi_clock_get_destination	4	static
../Src/midi.c:506:6:midi_clock_on_timer_tick	8	static
../Src/midi.c:517:13:midi_send	24	static
../Src/midi.c:541:6:midi_note_on	32	static
../Src/midi.c:550:6:midi_note_off	32	static
../Src/midi.c:555:6:midi_poly_aftertouch	32	static
../Src/midi.c:560:6:midi_cc	32	static
../Src/midi.c:565:6:midi_program_change	24	static
../Src/midi.c:570:6:midi_channel_pressure	24	static
../Src/midi.c:575:6:midi_pitchbend	24	static
../Src/midi.c:583:6:midi_mtc_quarter_frame	24	static
../Src/midi.c:588:6:midi_song_position	24	static
../Src/midi.c:595:6:midi_song_select	24	static
../Src/midi.c:600:6:midi_tune_request	24	static
../Src/midi.c:605:6:midi_clock	24	static
../Src/midi.c:610:6:midi_start	24	static
../Src/midi.c:615:6:midi_continue	24	static
../Src/midi.c:620:6:midi_stop	24	static
../Src/midi.c:625:6:midi_active_sensing	24	static
../Src/midi.c:630:6:midi_system_reset	24	static
../Src/midi.c:635:13:midi_channel_mode_cc	32	static
../Src/midi.c:644:6:midi_all_sound_off	16	static
../Src/midi.c:648:6:midi_reset_all_controllers	16	static
../Src/midi.c:652:6:midi_local_control	16	static
../Src/midi.c:656:6:midi_all_notes_off	16	static
../Src/midi.c:660:6:midi_omni_mode_off	16	static
../Src/midi.c:664:6:midi_omni_mode_on	16	static
../Src/midi.c:668:6:midi_mono_mode_on	16	static
../Src/midi.c:672:6:midi_poly_mode_on	16	static
../Src/midi.c:676:10:midi_usb_queue_high_watermark	4	static
../Src/midi.c:680:10:midi_usb_rx_high_watermark	4	static
../Src/midi.c:684:6:midi_stats_reset	56	static
../Src/midi.c:695:6:midi_usb_rx_submit_from_isr	24	static
../Src/midi.c:712:6:USBD_MIDI_OnPacketsReceived	16	static
../Src/midi.c:716:6:USBD_MIDI_OnPacketsSent	4	static
