../Src/sd_stream.c:32:13:Fill_Buffer	32	static
../Src/sd_stream.c:40:13:sd_stream_log	16	static
../Src/sd_stream.c:48:13:sd_stream_logf	80	static
../Src/sd_stream.c:58:13:sd_stream_logf3	128	static
../Src/sd_stream.c:70:26:Wait_SDCARD_Ready	16	static
../Src/sd_stream.c:84:19:sd_stream_init	16	static
../Src/sd_stream.c:107:6:sd_stream_set_logger	16	static
../Src/sd_stream.c:112:6:sd_stream_set_callback_logging	16	static
../Src/sd_stream.c:117:19:sd_stream_start_read	72	static
../Src/sd_stream.c:203:19:sd_stream_start_write	24	static
../Src/sd_stream.c:241:6:sd_stream_is_busy	4	static
../Src/sd_stream.c:250:6:sd_stream_is_complete	4	static
../Src/sd_stream.c:255:6:sd_stream_has_error	4	static
../Src/sd_stream.c:260:26:sd_stream_get_stats	4	static
../Src/sd_stream.c:265:10:sd_stream_get_read_buf0_count	4	static
../Src/sd_stream.c:270:10:sd_stream_get_read_buf1_count	4	static
../Src/sd_stream.c:275:17:sd_stream_get_buffer0	4	static
../Src/sd_stream.c:280:17:sd_stream_get_buffer1	4	static
../Src/sd_stream.c:285:6:HAL_SD_RxCpltCallback	16	static
../Src/sd_stream.c:293:6:HAL_SD_TxCpltCallback	16	static
../Src/sd_stream.c:301:6:HAL_SD_ErrorCallback	16	static
../Src/sd_stream.c:309:6:HAL_SDEx_Read_DMADoubleBuf0CpltCallback	16	static
../Src/sd_stream.c:324:6:HAL_SDEx_Read_DMADoubleBuf1CpltCallback	16	static
../Src/sd_stream.c:339:6:HAL_SDEx_Write_DMADoubleBuf0CpltCallback	16	static
../Src/sd_stream.c:352:6:HAL_SDEx_Write_DMADoubleBuf1CpltCallback	16	static
