../Src/sd_stream.c:95:13:Fill_Buffer	32	static
../Src/sd_stream.c:103:13:sd_stream_log	16	static
../Src/sd_stream.c:111:13:sd_stream_logf	80	static
../Src/sd_stream.c:121:13:sd_stream_logf2	112	static
../Src/sd_stream.c:132:13:sd_stream_logf3	128	static
../Src/sd_stream.c:144:13:sd_stream_reset_prefill	24	static
../Src/sd_stream.c:152:13:sd_stream_note_prefill	4	static
../Src/sd_stream.c:164:13:sd_stream_try_produce_block	24	static
../Src/sd_stream.c:178:13:sd_stream_process_ready_buffers	16	static
../Src/sd_stream.c:206:26:sd_stream_start_chunk	48	static
../Src/sd_stream.c:272:19:sd_stream_init	16	static
../Src/sd_stream.c:307:6:sd_stream_set_logger	16	static
../Src/sd_stream.c:312:6:sd_stream_set_callback_logging	16	static
../Src/sd_stream.c:317:19:sd_stream_start_read	72	static
../Src/sd_stream.c:397:19:sd_stream_start_write	24	static
../Src/sd_stream.c:439:6:sd_stream_is_busy	4	static
../Src/sd_stream.c:448:6:sd_stream_is_complete	4	static
../Src/sd_stream.c:453:6:sd_stream_has_error	4	static
../Src/sd_stream.c:458:26:sd_stream_get_stats	4	static
../Src/sd_stream.c:463:10:sd_stream_get_read_buf0_count	4	static
../Src/sd_stream.c:468:10:sd_stream_get_read_buf1_count	4	static
../Src/sd_stream.c:473:17:sd_stream_get_buffer0	4	static
../Src/sd_stream.c:478:17:sd_stream_get_buffer1	4	static
../Src/sd_stream.c:483:13:sd_tasklet_is_active	4	static
../Src/sd_stream.c:490:13:sd_tasklet_step	16	static
../Src/sd_stream.c:584:6:sd_tasklet_poll	8	static
../Src/sd_stream.c:589:6:sd_tasklet_poll_bounded	24	static
../Src/sd_stream.c:609:6:HAL_SD_RxCpltCallback	16	static
../Src/sd_stream.c:620:6:HAL_SD_TxCpltCallback	16	static
../Src/sd_stream.c:631:6:HAL_SD_ErrorCallback	16	static
../Src/sd_stream.c:643:6:HAL_SDEx_Read_DMADoubleBuf0CpltCallback	16	static
../Src/sd_stream.c:662:6:HAL_SDEx_Read_DMADoubleBuf1CpltCallback	16	static
../Src/sd_stream.c:681:6:HAL_SDEx_Write_DMADoubleBuf0CpltCallback	16	static
../Src/sd_stream.c:694:6:HAL_SDEx_Write_DMADoubleBuf1CpltCallback	16	static
