../Src/sd_stream.c:94:13:Fill_Buffer	4	static
../Src/sd_stream.c:102:13:sd_stream_log	8	static
../Src/sd_stream.c:143:13:sd_stream_reset_prefill	0	static
../Src/sd_stream.c:151:13:sd_stream_note_prefill	0	static
../Src/sd_stream.c:482:13:sd_tasklet_is_active	0	static
../Src/sd_stream.c:131:13:sd_stream_logf3	112	static
../Src/sd_stream.c:163:13:sd_stream_try_produce_block	8	static
../Src/sd_stream.c:177:13:sd_stream_process_ready_buffers	16	static
../Src/sd_stream.c:205:26:sd_stream_start_chunk	16	static
../Src/sd_stream.c:489:13:sd_tasklet_step	8	static
../Src/sd_stream.c:271:19:sd_stream_init	8	static
../Src/sd_stream.c:306:6:sd_stream_set_logger	0	static
../Src/sd_stream.c:311:6:sd_stream_set_callback_logging	0	static
../Src/sd_stream.c:316:19:sd_stream_start_read	56	static
../Src/sd_stream.c:396:19:sd_stream_start_write	16	static
../Src/sd_stream.c:438:6:sd_stream_is_busy	0	static
../Src/sd_stream.c:447:6:sd_stream_is_complete	0	static
../Src/sd_stream.c:452:6:sd_stream_has_error	0	static
../Src/sd_stream.c:457:26:sd_stream_get_stats	0	static
../Src/sd_stream.c:462:10:sd_stream_get_read_buf0_count	0	static
../Src/sd_stream.c:467:10:sd_stream_get_read_buf1_count	0	static
../Src/sd_stream.c:472:17:sd_stream_get_buffer0	0	static
../Src/sd_stream.c:477:17:sd_stream_get_buffer1	0	static
../Src/sd_stream.c:583:6:sd_tasklet_poll	8	static
../Src/sd_stream.c:588:6:sd_tasklet_poll_bounded	16	static
../Src/sd_stream.c:608:6:HAL_SD_RxCpltCallback	0	static
../Src/sd_stream.c:619:6:HAL_SD_TxCpltCallback	0	static
../Src/sd_stream.c:630:6:HAL_SD_ErrorCallback	0	static
../Src/sd_stream.c:642:6:HAL_SDEx_Read_DMADoubleBuf0CpltCallback	0	static
../Src/sd_stream.c:661:6:HAL_SDEx_Read_DMADoubleBuf1CpltCallback	0	static
../Src/sd_stream.c:680:6:HAL_SDEx_Write_DMADoubleBuf0CpltCallback	8	static
../Src/sd_stream.c:693:6:HAL_SDEx_Write_DMADoubleBuf1CpltCallback	8	static
