../Src/sd_stream.c:46:13:Fill_Buffer	32	static
../Src/sd_stream.c:54:13:sd_stream_log	16	static
../Src/sd_stream.c:62:13:sd_stream_logf	80	static
../Src/sd_stream.c:72:13:sd_stream_logf2	112	static
../Src/sd_stream.c:83:13:sd_stream_logf3	128	static
../Src/sd_stream.c:95:26:sd_stream_start_chunk	32	static
../Src/sd_stream.c:137:26:Wait_SDCARD_Ready	16	static
../Src/sd_stream.c:151:19:sd_stream_init	16	static
../Src/sd_stream.c:178:6:sd_stream_set_logger	16	static
../Src/sd_stream.c:183:6:sd_stream_set_callback_logging	16	static
../Src/sd_stream.c:188:19:sd_stream_start_read	72	static
../Src/sd_stream.c:271:19:sd_stream_start_write	24	static
../Src/sd_stream.c:313:6:sd_stream_is_busy	4	static
../Src/sd_stream.c:322:6:sd_stream_is_complete	4	static
../Src/sd_stream.c:327:6:sd_stream_has_error	4	static
../Src/sd_stream.c:332:26:sd_stream_get_stats	4	static
../Src/sd_stream.c:337:10:sd_stream_get_read_buf0_count	4	static
../Src/sd_stream.c:342:10:sd_stream_get_read_buf1_count	4	static
../Src/sd_stream.c:347:17:sd_stream_get_buffer0	4	static
../Src/sd_stream.c:352:17:sd_stream_get_buffer1	4	static
../Src/sd_stream.c:357:6:HAL_SD_RxCpltCallback	24	static
../Src/sd_stream.c:390:6:HAL_SD_TxCpltCallback	24	static
../Src/sd_stream.c:423:6:HAL_SD_ErrorCallback	16	static
../Src/sd_stream.c:431:6:HAL_SDEx_Read_DMADoubleBuf0CpltCallback	16	static
../Src/sd_stream.c:443:6:HAL_SDEx_Read_DMADoubleBuf1CpltCallback	16	static
../Src/sd_stream.c:455:6:HAL_SDEx_Write_DMADoubleBuf0CpltCallback	16	static
../Src/sd_stream.c:468:6:HAL_SDEx_Write_DMADoubleBuf1CpltCallback	16	static
