../Src/sd_stream.c:74:13:Fill_Buffer	32	static
../Src/sd_stream.c:82:13:sd_stream_log	16	static
../Src/sd_stream.c:90:13:sd_stream_logf	80	static
../Src/sd_stream.c:100:13:sd_stream_logf2	112	static
../Src/sd_stream.c:111:13:sd_stream_logf3	128	static
../Src/sd_stream.c:124:13:sd_stream_reset_prefill	24	static
../Src/sd_stream.c:132:13:sd_stream_note_prefill	4	static
../Src/sd_stream.c:144:13:sd_stream_try_produce_block	24	static
../Src/sd_stream.c:158:13:sd_stream_process_ready_buffers	16	static
../Src/sd_stream.c:187:26:sd_stream_start_chunk	48	static
../Src/sd_stream.c:271:19:sd_stream_init	16	static
../Src/sd_stream.c:310:6:sd_stream_set_logger	16	static
../Src/sd_stream.c:315:6:sd_stream_set_callback_logging	16	static
../Src/sd_stream.c:320:19:sd_stream_start_read	72	static
../Src/sd_stream.c:417:19:sd_stream_start_write	24	static
../Src/sd_stream.c:467:6:sd_stream_is_busy	4	static
../Src/sd_stream.c:476:6:sd_stream_is_complete	4	static
../Src/sd_stream.c:481:6:sd_stream_has_error	4	static
../Src/sd_stream.c:486:26:sd_stream_get_stats	4	static
../Src/sd_stream.c:491:10:sd_stream_get_read_buf0_count	4	static
../Src/sd_stream.c:496:10:sd_stream_get_read_buf1_count	4	static
../Src/sd_stream.c:501:17:sd_stream_get_buffer0	4	static
../Src/sd_stream.c:506:17:sd_stream_get_buffer1	4	static
../Src/sd_stream.c:512:6:sd_tasklet_poll	16	static
../Src/sd_stream.c:609:6:HAL_SD_RxCpltCallback	16	static
../Src/sd_stream.c:649:6:HAL_SD_TxCpltCallback	16	static
../Src/sd_stream.c:689:6:HAL_SD_ErrorCallback	16	static
../Src/sd_stream.c:703:6:HAL_SDEx_Read_DMADoubleBuf0CpltCallback	16	static
../Src/sd_stream.c:724:6:HAL_SDEx_Read_DMADoubleBuf1CpltCallback	16	static
../Src/sd_stream.c:745:6:HAL_SDEx_Write_DMADoubleBuf0CpltCallback	16	static
../Src/sd_stream.c:758:6:HAL_SDEx_Write_DMADoubleBuf1CpltCallback	16	static
