../Src/UI/ui_template_page.c:11:34:ui_template_page_get_active_state	8	static
../Src/UI/ui_template_page.c:22:29:ui_template_page_get_active_family	8	static
../Src/UI/ui_template_page.c:37:6:ui_template_family_registry_init	8	static
../Src/UI/ui_template_page.c:51:6:ui_template_family_register	24	static
../Src/UI/ui_template_page.c:67:29:ui_template_family_resolve	16	static
../Src/UI/ui_template_page.c:85:29:ui_template_family_resolve_active_track	24	static
../Src/UI/ui_template_page.c:116:30:ui_template_page_get_active_subpage	8	static
../Src/UI/ui_template_page.c:92:13:ui_template_page_apply_active_bank	8	static
../Src/UI/ui_template_page.c:104:6:ui_template_page_select_subpage	16	static
../Src/UI/ui_template_page.c:127:6:ui_template_page_enter	8	static
../Src/UI/ui_template_page.c:146:6:ui_template_page_leave	0	static
../Src/UI/ui_template_page.c:150:6:ui_template_page_handle_event	16	static
../Src/UI/ui_template_page.c:186:6:ui_template_page_tick	0	static
../Src/UI/ui_template_page.c:190:6:ui_template_page_render	8	static
