../Src/UI/ui_template_page.c:11:34:ui_template_page_get_active_state	8	static
../Src/UI/ui_template_page.c:37:29:ui_template_page_get_active_family	8	static
../Src/UI/ui_template_page.c:22:13:ui_template_page_sync_resolved_family	8	static
../Src/UI/ui_template_page.c:52:6:ui_template_family_registry_init	8	static
../Src/UI/ui_template_page.c:66:6:ui_template_family_register	24	static
../Src/UI/ui_template_page.c:82:29:ui_template_family_resolve	16	static
../Src/UI/ui_template_page.c:100:29:ui_template_family_resolve_active_track	24	static
../Src/UI/ui_template_page.c:133:30:ui_template_page_get_active_subpage	8	static
../Src/UI/ui_template_page.c:107:13:ui_template_page_apply_active_bank	8	static
../Src/UI/ui_template_page.c:121:6:ui_template_page_select_subpage	16	static
../Src/UI/ui_template_page.c:144:6:ui_template_page_enter	16	static
../Src/UI/ui_template_page.c:165:6:ui_template_page_leave	0	static
../Src/UI/ui_template_page.c:169:6:ui_template_page_handle_event	16	static
../Src/UI/ui_template_page.c:205:6:ui_template_page_tick	0	static
../Src/UI/ui_template_page.c:209:6:ui_template_page_render	8	static
