C:/Users/developpeur/Documents/BRICK5_H743_176/BRICK6/Src/Keyboard/keyboard_engine.c:68:13:keyboard_engine_mono_remove_at	4	static
C:/Users/developpeur/Documents/BRICK5_H743_176/BRICK6/Src/Keyboard/keyboard_engine.c:497:13:keyboard_engine_live_rec_push_internal_channel	0	static
C:/Users/developpeur/Documents/BRICK5_H743_176/BRICK6/Src/Keyboard/keyboard_engine.c:518:16:keyboard_engine_live_rec_pop_internal_channel	0	static
C:/Users/developpeur/Documents/BRICK5_H743_176/BRICK6/Src/Keyboard/keyboard_engine.c:89:16:keyboard_engine_get_play_owner_track	16	static
C:/Users/developpeur/Documents/BRICK5_H743_176/BRICK6/Src/Keyboard/keyboard_engine.c:135:16:keyboard_engine_get_track_midi_channel_zero_based	8	static
C:/Users/developpeur/Documents/BRICK5_H743_176/BRICK6/Src/Keyboard/keyboard_engine.c:100:13:keyboard_engine_active_track_has_midi_note_path	16	static
C:/Users/developpeur/Documents/BRICK5_H743_176/BRICK6/Src/Keyboard/keyboard_engine.c:107:13:keyboard_engine_track_has_midi_note_path	16	static
C:/Users/developpeur/Documents/BRICK5_H743_176/BRICK6/Src/Keyboard/keyboard_engine.c:235:13:keyboard_engine_emit_note_for_track	32	static
C:/Users/developpeur/Documents/BRICK5_H743_176/BRICK6/Src/Keyboard/keyboard_engine.c:327:13:keyboard_engine_send_note_for_owner_track	56	static
C:/Users/developpeur/Documents/BRICK5_H743_176/BRICK6/Src/Keyboard/keyboard_engine.c:387:13:keyboard_engine_dispatch_note_to_matching_tracks	72	static
C:/Users/developpeur/Documents/BRICK5_H743_176/BRICK6/Src/Keyboard/keyboard_engine.c:537:13:keyboard_engine_note_on_internal	32	static
C:/Users/developpeur/Documents/BRICK5_H743_176/BRICK6/Src/Keyboard/keyboard_engine.c:182:13:keyboard_engine_all_notes_off_local_track	24	static
C:/Users/developpeur/Documents/BRICK5_H743_176/BRICK6/Src/Keyboard/keyboard_engine.c:215:13:keyboard_engine_all_notes_off_for_owner	40	static
C:/Users/developpeur/Documents/BRICK5_H743_176/BRICK6/Src/Keyboard/keyboard_engine.c:591:13:keyboard_engine_note_off_internal	24	static
C:/Users/developpeur/Documents/BRICK5_H743_176/BRICK6/Src/Keyboard/keyboard_engine.c:648:6:keyboard_engine_note_on_from_source	8	static
C:/Users/developpeur/Documents/BRICK5_H743_176/BRICK6/Src/Keyboard/keyboard_engine.c:656:6:keyboard_engine_note_off_from_source	8	static
C:/Users/developpeur/Documents/BRICK5_H743_176/BRICK6/Src/Keyboard/keyboard_engine.c:663:6:keyboard_engine_note_on	16	static
C:/Users/developpeur/Documents/BRICK5_H743_176/BRICK6/Src/Keyboard/keyboard_engine.c:669:6:keyboard_engine_note_off	8	static
C:/Users/developpeur/Documents/BRICK5_H743_176/BRICK6/Src/Keyboard/keyboard_engine.c:675:6:keyboard_engine_note_on_for_track	24	static
C:/Users/developpeur/Documents/BRICK5_H743_176/BRICK6/Src/Keyboard/keyboard_engine.c:707:6:keyboard_engine_note_off_for_track	24	static
C:/Users/developpeur/Documents/BRICK5_H743_176/BRICK6/Src/Keyboard/keyboard_engine.c:739:6:keyboard_engine_all_notes_off_for_track	16	static
C:/Users/developpeur/Documents/BRICK5_H743_176/BRICK6/Src/Keyboard/keyboard_engine.c:766:6:keyboard_engine_all_notes_off	48	static
C:/Users/developpeur/Documents/BRICK5_H743_176/BRICK6/Src/Keyboard/keyboard_engine.c:787:6:keyboard_engine_clear_state_silent	8	static
C:/Users/developpeur/Documents/BRICK5_H743_176/BRICK6/Src/Keyboard/keyboard_engine.c:798:6:keyboard_engine_midi_receive	72	static
