C:/Users/developpeur/Documents/BRICK5_H743_176/BRICK6/Src/Core/brick6_stack_runtime.c:130:17:brick6_stack_float_to_q15	0	static
C:/Users/developpeur/Documents/BRICK5_H743_176/BRICK6/Src/Core/brick6_stack_runtime.c:240:17:brick6_stack_note_to_phase_inc	4	static
C:/Users/developpeur/Documents/BRICK5_H743_176/BRICK6/Src/Core/brick6_stack_runtime.c:287:13:brick6_stack_runtime_update_slot_pitch	16	static
C:/Users/developpeur/Documents/BRICK5_H743_176/BRICK6/Src/Core/brick6_stack_runtime.c:299:13:brick6_stack_runtime_update_all_pitches	8	static
C:/Users/developpeur/Documents/BRICK5_H743_176/BRICK6/Src/Core/brick6_stack_runtime.c:370:16:brick6_stack_mix_q15	0	static
C:/Users/developpeur/Documents/BRICK5_H743_176/BRICK6/Src/Core/brick6_stack_runtime.c:430:13:brick6_stack_render_waveform	24	static
C:/Users/developpeur/Documents/BRICK5_H743_176/BRICK6/Src/Core/brick6_stack_runtime.c:459:13:brick6_stack_runtime_render_soft	16	static
C:/Users/developpeur/Documents/BRICK5_H743_176/BRICK6/Src/Core/brick6_stack_runtime.c:467:13:brick6_stack_runtime_render_shape	16	static
C:/Users/developpeur/Documents/BRICK5_H743_176/BRICK6/Src/Core/brick6_stack_runtime.c:683:13:brick6_stack_runtime_render_silent	0	static
C:/Users/developpeur/Documents/BRICK5_H743_176/BRICK6/Src/Core/brick6_stack_runtime.c:312:13:brick6_stack_runtime_init_slot	16	static
C:/Users/developpeur/Documents/BRICK5_H743_176/BRICK6/Src/Core/brick6_stack_runtime.c:337:13:brick6_stack_runtime_init_instance	8	static
C:/Users/developpeur/Documents/BRICK5_H743_176/BRICK6/Src/Core/brick6_stack_runtime.c:475:13:brick6_stack_runtime_render_wavetable	40	static
C:/Users/developpeur/Documents/BRICK5_H743_176/BRICK6/Src/Core/brick6_stack_runtime.c:454:16:brick6_stack_wave_shape	8	static
C:/Users/developpeur/Documents/BRICK5_H743_176/BRICK6/Src/Core/brick6_stack_runtime.c:449:16:brick6_stack_wave_soft	8	static
C:/Users/developpeur/Documents/BRICK5_H743_176/BRICK6/Src/Core/brick6_stack_runtime.c:629:13:brick6_stack_runtime_render_triple_square	48	static
C:/Users/developpeur/Documents/BRICK5_H743_176/BRICK6/Src/Core/brick6_stack_runtime.c:534:13:brick6_stack_runtime_render_fm	24	static
C:/Users/developpeur/Documents/BRICK5_H743_176/BRICK6/Src/Core/brick6_stack_runtime.c:556:13:brick6_stack_runtime_render_feedback_fm	32	static
C:/Users/developpeur/Documents/BRICK5_H743_176/BRICK6/Src/Core/brick6_stack_runtime.c:508:13:brick6_stack_runtime_render_sub	40	static
C:/Users/developpeur/Documents/BRICK5_H743_176/BRICK6/Src/Core/brick6_stack_runtime.c:605:13:brick6_stack_runtime_render_triple_saw	40	static
C:/Users/developpeur/Documents/BRICK5_H743_176/BRICK6/Src/Core/brick6_stack_runtime.c:171:16:brick6_stack_runtime_submit_command	12	static,ignoring_inline_asm
C:/Users/developpeur/Documents/BRICK5_H743_176/BRICK6/Src/Core/brick6_stack_runtime.c:653:13:brick6_stack_runtime_render_swarm	48	static
C:/Users/developpeur/Documents/BRICK5_H743_176/BRICK6/Src/Core/brick6_stack_runtime.c:580:13:brick6_stack_runtime_render_ring	48	static
C:/Users/developpeur/Documents/BRICK5_H743_176/BRICK6/Src/Core/brick6_stack_runtime.c:785:6:brick6_stack_runtime_init	16	static
C:/Users/developpeur/Documents/BRICK5_H743_176/BRICK6/Src/Core/brick6_stack_runtime.c:795:6:brick6_stack_runtime_reset_instance	8	static
C:/Users/developpeur/Documents/BRICK5_H743_176/BRICK6/Src/Core/brick6_stack_runtime.c:800:6:brick6_stack_runtime_set_slot_level	16	static
C:/Users/developpeur/Documents/BRICK5_H743_176/BRICK6/Src/Core/brick6_stack_runtime.c:811:6:brick6_stack_runtime_set_slot_model	16	static
C:/Users/developpeur/Documents/BRICK5_H743_176/BRICK6/Src/Core/brick6_stack_runtime.c:835:6:brick6_stack_runtime_set_slot_tune	8	static
C:/Users/developpeur/Documents/BRICK5_H743_176/BRICK6/Src/Core/brick6_stack_runtime.c:846:6:brick6_stack_runtime_set_slot_timbre	16	static
C:/Users/developpeur/Documents/BRICK5_H743_176/BRICK6/Src/Core/brick6_stack_runtime.c:857:6:brick6_stack_runtime_set_slot_color	16	static
C:/Users/developpeur/Documents/BRICK5_H743_176/BRICK6/Src/Core/brick6_stack_runtime.c:868:6:brick6_stack_runtime_set_noise_level	8	static
C:/Users/developpeur/Documents/BRICK5_H743_176/BRICK6/Src/Core/brick6_stack_runtime.c:878:9:brick6_stack_runtime_model_count	0	static
C:/Users/developpeur/Documents/BRICK5_H743_176/BRICK6/Src/Core/brick6_stack_runtime.c:883:13:brick6_stack_runtime_model_name	0	static
C:/Users/developpeur/Documents/BRICK5_H743_176/BRICK6/Src/Core/brick6_stack_runtime.c:888:23:brick6_stack_runtime_model_family	0	static
C:/Users/developpeur/Documents/BRICK5_H743_176/BRICK6/Src/Core/brick6_stack_runtime.c:893:26:brick6_stack_runtime_model_kernel	0	static
C:/Users/developpeur/Documents/BRICK5_H743_176/BRICK6/Src/Core/brick6_stack_runtime.c:898:6:brick6_stack_runtime_note_on	8	static
C:/Users/developpeur/Documents/BRICK5_H743_176/BRICK6/Src/Core/brick6_stack_runtime.c:915:6:brick6_stack_runtime_note_off	0	static
C:/Users/developpeur/Documents/BRICK5_H743_176/BRICK6/Src/Core/brick6_stack_runtime.c:929:6:brick6_stack_runtime_all_notes_off	0	static
C:/Users/developpeur/Documents/BRICK5_H743_176/BRICK6/Src/Core/brick6_stack_runtime.c:942:9:brick6_stack_runtime_submit_note_on	16	static
C:/Users/developpeur/Documents/BRICK5_H743_176/BRICK6/Src/Core/brick6_stack_runtime.c:952:9:brick6_stack_runtime_submit_note_off	16	static
C:/Users/developpeur/Documents/BRICK5_H743_176/BRICK6/Src/Core/brick6_stack_runtime.c:962:9:brick6_stack_runtime_submit_all_notes_off	16	static
C:/Users/developpeur/Documents/BRICK5_H743_176/BRICK6/Src/Core/brick6_stack_runtime.c:972:9:brick6_stack_runtime_submit_reset_instance	16	static
C:/Users/developpeur/Documents/BRICK5_H743_176/BRICK6/Src/Core/brick6_stack_runtime.c:982:9:brick6_stack_runtime_submit_slot_model	16	static
C:/Users/developpeur/Documents/BRICK5_H743_176/BRICK6/Src/Core/brick6_stack_runtime.c:996:9:brick6_stack_runtime_submit_slot_level	24	static
C:/Users/developpeur/Documents/BRICK5_H743_176/BRICK6/Src/Core/brick6_stack_runtime.c:1010:9:brick6_stack_runtime_submit_slot_tune	16	static
C:/Users/developpeur/Documents/BRICK5_H743_176/BRICK6/Src/Core/brick6_stack_runtime.c:1024:9:brick6_stack_runtime_submit_slot_timbre	24	static
C:/Users/developpeur/Documents/BRICK5_H743_176/BRICK6/Src/Core/brick6_stack_runtime.c:1038:9:brick6_stack_runtime_submit_slot_color	24	static
C:/Users/developpeur/Documents/BRICK5_H743_176/BRICK6/Src/Core/brick6_stack_runtime.c:1052:9:brick6_stack_runtime_submit_noise_level	16	static
C:/Users/developpeur/Documents/BRICK5_H743_176/BRICK6/Src/Core/brick6_stack_runtime.c:1062:6:brick6_stack_runtime_process_commands_from_audio	24	static,ignoring_inline_asm
C:/Users/developpeur/Documents/BRICK5_H743_176/BRICK6/Src/Core/brick6_stack_runtime.c:1152:6:brick6_stack_runtime_clear_trigger	0	static
C:/Users/developpeur/Documents/BRICK5_H743_176/BRICK6/Src/Core/brick6_stack_runtime.c:1161:6:brick6_stack_runtime_render_instance	160	static
C:/Users/developpeur/Documents/BRICK5_H743_176/BRICK6/Src/Core/brick6_stack_runtime.c:1193:37:brick6_stack_runtime_get_voice	0	static
