../Src/Core/track_runtime.c:55:29:track_runtime_type_from_ui	0	static
../Src/Core/track_runtime.c:101:16:track_runtime_type_is_drum_model	0	static
../Src/Core/track_runtime.c:122:16:track_runtime_compute_flags	0	static
../Src/Core/track_runtime.c:173:16:track_runtime_param_play_voice_index	0	static
../Src/Core/track_runtime.c:206:13:track_runtime_set_unbound	0	static
../Src/Core/track_runtime.c:214:13:track_runtime_set_quota_blocked	0	static
../Src/Core/track_runtime.c:222:13:track_runtime_set_bound	0	static
../Src/Core/track_runtime.c:232:13:track_runtime_bind_ctx	16	static
../Src/Core/track_runtime.c:31:31:track_runtime_family_from_ui	8	static
../Src/Core/track_runtime.c:146:28:track_runtime_get_voice_mode	0	static
../Src/Core/track_runtime.c:168:9:track_runtime_get_play_voice_count	8	static
../Src/Core/track_runtime.c:320:6:track_runtime_invalidate_all	0	static
../Src/Core/track_runtime.c:325:6:track_runtime_refresh_all	40	static
../Src/Core/track_runtime.c:313:6:track_runtime_init	8	static
../Src/Core/track_runtime.c:358:6:track_runtime_refresh_track	8	static
../Src/Core/track_runtime.c:372:28:track_runtime_get_ctx	0	static
../Src/Core/track_runtime.c:382:9:track_runtime_get_mix_target_track	8	static
../Src/Core/track_runtime.c:398:9:track_runtime_resolve_filter_target_track	24	static
../Src/Core/track_runtime.c:434:28:track_runtime_get_param_rule	8	static
../Src/Core/track_runtime.c:649:30:track_runtime_get_effective_param_status	24	static
