../Src/Core/track_runtime.c:45:29:track_runtime_type_from_ui	0	static
../Src/Core/track_runtime.c:69:16:track_runtime_compute_flags	0	static
../Src/Core/track_runtime.c:93:13:track_runtime_set_unbound	0	static
../Src/Core/track_runtime.c:101:13:track_runtime_set_quota_blocked	0	static
../Src/Core/track_runtime.c:109:13:track_runtime_set_bound	0	static
../Src/Core/track_runtime.c:119:13:track_runtime_bind_ctx	8	static
../Src/Core/track_runtime.c:25:31:track_runtime_family_from_ui	8	static
../Src/Core/track_runtime.c:191:6:track_runtime_refresh_all	32	static
../Src/Core/track_runtime.c:185:6:track_runtime_init	8	static
../Src/Core/track_runtime.c:217:6:track_runtime_refresh_track	8	static
../Src/Core/track_runtime.c:228:28:track_runtime_get_ctx	0	static
../Src/Core/track_runtime.c:238:28:track_runtime_get_param_rule	8	static
../Src/Core/track_runtime.c:348:30:track_runtime_get_effective_param_status	24	static
