../Src/Core/track_runtime.c:50:29:track_runtime_type_from_ui	0	static
../Src/Core/track_runtime.c:74:16:track_runtime_compute_flags	0	static
../Src/Core/track_runtime.c:98:13:track_runtime_set_unbound	0	static
../Src/Core/track_runtime.c:106:13:track_runtime_set_quota_blocked	0	static
../Src/Core/track_runtime.c:114:13:track_runtime_set_bound	0	static
../Src/Core/track_runtime.c:124:13:track_runtime_bind_ctx	16	static
../Src/Core/track_runtime.c:30:31:track_runtime_family_from_ui	8	static
../Src/Core/track_runtime.c:199:6:track_runtime_refresh_all	40	static
../Src/Core/track_runtime.c:193:6:track_runtime_init	8	static
../Src/Core/track_runtime.c:230:6:track_runtime_refresh_track	8	static
../Src/Core/track_runtime.c:241:28:track_runtime_get_ctx	0	static
../Src/Core/track_runtime.c:251:9:track_runtime_get_mix_target_track	8	static
../Src/Core/track_runtime.c:267:28:track_runtime_get_param_rule	8	static
../Src/Core/track_runtime.c:385:30:track_runtime_get_effective_param_status	24	static
