../Src/UI/pages/ui_page_settings.c:106:16:ui_page_settings_view_item_count	0	static
../Src/UI/pages/ui_page_settings.c:176:34:ui_page_settings_current_level	0	static
../Src/UI/pages/ui_page_settings.c:207:13:ui_page_settings_push	0	static
../Src/UI/pages/ui_page_settings.c:370:13:ui_page_settings_leave	0	static
../Src/UI/pages/ui_page_settings.c:406:13:ui_page_settings_render	64	static
../Src/UI/pages/ui_page_settings.c:186:13:ui_page_settings_status	8	static
../Src/UI/pages/ui_page_settings.c:397:13:ui_page_settings_tick	8	static
../Src/UI/pages/ui_page_settings.c:79:13:ui_page_settings_refresh_project_slots	8	static
../Src/UI/pages/ui_page_settings.c:356:13:ui_page_settings_enter	8	static
../Src/UI/pages/ui_page_settings.c:16:13:ui_page_settings_project_diag	32	static
../Src/UI/pages/ui_page_settings.c:219:13:ui_page_settings_back	8	static
../Src/UI/pages/ui_page_settings.c:375:16:ui_page_settings_handle_event_internal	16	static
../Src/UI/pages/ui_page_settings.c:471:6:ui_page_settings_open	8	static
../Src/UI/pages/ui_page_settings.c:477:9:ui_page_settings_is_open	8	static
../Src/UI/pages/ui_page_settings.c:482:6:ui_page_settings_handle_encoder	16	static
../Src/UI/pages/ui_page_settings.c:519:9:ui_page_settings_handle_event	8	static
