../Src/UI/pages/ui_page_settings.c:16:13:ui_page_settings_project_diag	48	static
../Src/UI/pages/ui_page_settings.c:79:13:ui_page_settings_refresh_project_slots	8	static
../Src/UI/pages/ui_page_settings.c:85:20:ui_page_settings_view_title	16	static
../Src/UI/pages/ui_page_settings.c:106:16:ui_page_settings_view_item_count	16	static
../Src/UI/pages/ui_page_settings.c:126:20:ui_page_settings_item_label	24	static
../Src/UI/pages/ui_page_settings.c:176:34:ui_page_settings_current_level	4	static
../Src/UI/pages/ui_page_settings.c:186:13:ui_page_settings_status	16	static
../Src/UI/pages/ui_page_settings.c:202:13:ui_page_settings_close	8	static
../Src/UI/pages/ui_page_settings.c:207:13:ui_page_settings_push	16	static
../Src/UI/pages/ui_page_settings.c:219:13:ui_page_settings_back	8	static
../Src/UI/pages/ui_page_settings.c:230:13:ui_page_settings_apply_action	16	static
../Src/UI/pages/ui_page_settings.c:356:13:ui_page_settings_enter	16	static
../Src/UI/pages/ui_page_settings.c:370:13:ui_page_settings_leave	4	static
../Src/UI/pages/ui_page_settings.c:375:16:ui_page_settings_handle_event_internal	16	static
../Src/UI/pages/ui_page_settings.c:397:13:ui_page_settings_tick	16	static
../Src/UI/pages/ui_page_settings.c:406:13:ui_page_settings_render	80	static
../Src/UI/pages/ui_page_settings.c:471:6:ui_page_settings_open	16	static
../Src/UI/pages/ui_page_settings.c:477:9:ui_page_settings_is_open	8	static
../Src/UI/pages/ui_page_settings.c:482:6:ui_page_settings_handle_encoder	32	static
../Src/UI/pages/ui_page_settings.c:519:9:ui_page_settings_handle_event	16	static
