C:/Users/developpeur/Documents/BRICK5_H743_176/BRICK6/Src/Core/track_state.c:53:13:track_state_bump_revision	0	static
C:/Users/developpeur/Documents/BRICK5_H743_176/BRICK6/Src/Core/track_state.c:64:16:track_state_voice_group_roles_are_valid	8	static
C:/Users/developpeur/Documents/BRICK5_H743_176/BRICK6/Src/Core/track_state.c:99:13:track_state_commit_entry	8	static
C:/Users/developpeur/Documents/BRICK5_H743_176/BRICK6/Src/Core/track_state.c:121:6:track_state_init	32	static
C:/Users/developpeur/Documents/BRICK5_H743_176/BRICK6/Src/Core/track_state.c:139:26:track_state_get_configs	0	static
C:/Users/developpeur/Documents/BRICK5_H743_176/BRICK6/Src/Core/track_state.c:144:19:track_state_get_config	8	static
C:/Users/developpeur/Documents/BRICK5_H743_176/BRICK6/Src/Core/track_state.c:154:19:track_state_get_family	16	static
C:/Users/developpeur/Documents/BRICK5_H743_176/BRICK6/Src/Core/track_state.c:159:17:track_state_get_type	16	static
C:/Users/developpeur/Documents/BRICK5_H743_176/BRICK6/Src/Core/track_state.c:164:9:track_state_get_midi_channel	0	static
C:/Users/developpeur/Documents/BRICK5_H743_176/BRICK6/Src/Core/track_state.c:175:24:track_state_get_midi_source	0	static
C:/Users/developpeur/Documents/BRICK5_H743_176/BRICK6/Src/Core/track_state.c:191:26:track_state_get_voice_group_role	0	static
C:/Users/developpeur/Documents/BRICK5_H743_176/BRICK6/Src/Core/track_state.c:207:7:track_state_get_voice_group_spread	0	static
C:/Users/developpeur/Documents/BRICK5_H743_176/BRICK6/Src/Core/track_state.c:226:9:track_state_get_voice_group_link	0	static
C:/Users/developpeur/Documents/BRICK5_H743_176/BRICK6/Src/Core/track_state.c:235:9:track_state_get_voice_group_spread_keytrack	0	static
C:/Users/developpeur/Documents/BRICK5_H743_176/BRICK6/Src/Core/track_state.c:244:9:track_state_get_voice_group_seq_link	0	static
C:/Users/developpeur/Documents/BRICK5_H743_176/BRICK6/Src/Core/track_state.c:253:6:track_state_set_voice_group_role	32	static
C:/Users/developpeur/Documents/BRICK5_H743_176/BRICK6/Src/Core/track_state.c:279:6:track_state_set_voice_group_spread	8	static
C:/Users/developpeur/Documents/BRICK5_H743_176/BRICK6/Src/Core/track_state.c:302:6:track_state_set_voice_group_link	8	static
C:/Users/developpeur/Documents/BRICK5_H743_176/BRICK6/Src/Core/track_state.c:318:6:track_state_set_voice_group_spread_keytrack	8	static
C:/Users/developpeur/Documents/BRICK5_H743_176/BRICK6/Src/Core/track_state.c:334:6:track_state_set_voice_group_seq_link_raw	8	static
C:/Users/developpeur/Documents/BRICK5_H743_176/BRICK6/Src/Core/track_state.c:350:6:track_state_is_voice_group_role_solo	8	static
C:/Users/developpeur/Documents/BRICK5_H743_176/BRICK6/Src/Core/track_state.c:355:6:track_state_is_voice_group_role_master	8	static
C:/Users/developpeur/Documents/BRICK5_H743_176/BRICK6/Src/Core/track_state.c:360:6:track_state_is_voice_group_role_slave	8	static
C:/Users/developpeur/Documents/BRICK5_H743_176/BRICK6/Src/Core/track_state.c:365:6:track_state_set_track_family	48	static
C:/Users/developpeur/Documents/BRICK5_H743_176/BRICK6/Src/Core/track_state.c:408:6:track_state_set_track_type	56	static
C:/Users/developpeur/Documents/BRICK5_H743_176/BRICK6/Src/Core/track_state.c:444:6:track_state_set_track_midi_channel	8	static
C:/Users/developpeur/Documents/BRICK5_H743_176/BRICK6/Src/Core/track_state.c:461:6:track_state_set_track_midi_source	8	static
C:/Users/developpeur/Documents/BRICK5_H743_176/BRICK6/Src/Core/track_state.c:478:6:track_state_apply_bulk	144	static
C:/Users/developpeur/Documents/BRICK5_H743_176/BRICK6/Src/Core/track_state.c:592:6:track_state_apply_voice_group_roles_bulk	32	static
C:/Users/developpeur/Documents/BRICK5_H743_176/BRICK6/Src/Core/track_state.c:627:6:track_state_apply_voice_group_config_bulk	40	static
C:/Users/developpeur/Documents/BRICK5_H743_176/BRICK6/Src/Core/track_state.c:660:6:track_state_apply_voice_group_seq_link_bulk_raw	16	static
C:/Users/developpeur/Documents/BRICK5_H743_176/BRICK6/Src/Core/track_state.c:680:9:track_state_count_tracks_with_family	4	static
C:/Users/developpeur/Documents/BRICK5_H743_176/BRICK6/Src/Core/track_state.c:699:10:track_state_get_revision	0	static
C:/Users/developpeur/Documents/BRICK5_H743_176/BRICK6/Src/Core/track_state.c:709:10:track_state_get_global_revision	0	static
