C:/Users/developpeur/Documents/BRICK5_H743_176/BRICK6/Src/Core/track_runtime.c:437:16:track_runtime_tone_table_for_type	0	static
C:/Users/developpeur/Documents/BRICK5_H743_176/BRICK6/Src/Core/track_runtime.c:900:13:track_runtime_prepare_ctx_base	40	static
C:/Users/developpeur/Documents/BRICK5_H743_176/BRICK6/Src/Core/track_runtime.c:757:13:track_runtime_bind_ctx	24	static
C:/Users/developpeur/Documents/BRICK5_H743_176/BRICK6/Src/Core/track_runtime.c:589:28:track_runtime_get_voice_mode	0	static
C:/Users/developpeur/Documents/BRICK5_H743_176/BRICK6/Src/Core/track_runtime.c:618:9:track_runtime_get_play_voice_count	8	static
C:/Users/developpeur/Documents/BRICK5_H743_176/BRICK6/Src/Core/track_runtime.c:633:9:track_runtime_get_play_voice_count_from_descriptor	8	static
C:/Users/developpeur/Documents/BRICK5_H743_176/BRICK6/Src/Core/track_runtime.c:667:9:track_runtime_supports_vca_gate	0	static
C:/Users/developpeur/Documents/BRICK5_H743_176/BRICK6/Src/Core/track_runtime.c:1039:6:track_runtime_invalidate_all	0	static
C:/Users/developpeur/Documents/BRICK5_H743_176/BRICK6/Src/Core/track_runtime.c:1045:6:track_runtime_invalidate_track	0	static
C:/Users/developpeur/Documents/BRICK5_H743_176/BRICK6/Src/Core/track_runtime.c:1203:9:track_runtime_is_track_prism_available	8	static
C:/Users/developpeur/Documents/BRICK5_H743_176/BRICK6/Src/Core/track_runtime.c:1288:6:track_runtime_get_cached_synth_usage	0	static
C:/Users/developpeur/Documents/BRICK5_H743_176/BRICK6/Src/Core/track_runtime.c:1296:10:track_runtime_get_revision	0	static
C:/Users/developpeur/Documents/BRICK5_H743_176/BRICK6/Src/Core/track_runtime.c:1301:10:track_runtime_get_track_revision	0	static
C:/Users/developpeur/Documents/BRICK5_H743_176/BRICK6/Src/Core/track_runtime.c:1311:28:track_runtime_get_ctx	0	static
C:/Users/developpeur/Documents/BRICK5_H743_176/BRICK6/Src/Core/track_runtime.c:1321:9:track_runtime_is_audio_routable	8	static
C:/Users/developpeur/Documents/BRICK5_H743_176/BRICK6/Src/Core/track_runtime.c:43:13:track_runtime_rebuild_mix_track_reverse_map	24	static
C:/Users/developpeur/Documents/BRICK5_H743_176/BRICK6/Src/Core/track_runtime.c:1087:6:track_runtime_refresh_all	88	static
C:/Users/developpeur/Documents/BRICK5_H743_176/BRICK6/Src/Core/track_runtime.c:1030:6:track_runtime_init	8	static
C:/Users/developpeur/Documents/BRICK5_H743_176/BRICK6/Src/Core/track_runtime.c:1208:6:track_runtime_refresh_track	56	static,ignoring_inline_asm
C:/Users/developpeur/Documents/BRICK5_H743_176/BRICK6/Src/Core/track_runtime.c:1055:9:track_runtime_refresh_if_dirty	8	static,ignoring_inline_asm
C:/Users/developpeur/Documents/BRICK5_H743_176/BRICK6/Src/Core/track_runtime.c:1342:9:track_runtime_has_capability	16	static
C:/Users/developpeur/Documents/BRICK5_H743_176/BRICK6/Src/Core/track_runtime.c:1387:9:track_runtime_get_mix_target_track	16	static
C:/Users/developpeur/Documents/BRICK5_H743_176/BRICK6/Src/Core/track_runtime.c:1408:9:track_runtime_get_logical_track_for_mix_track	0	static
C:/Users/developpeur/Documents/BRICK5_H743_176/BRICK6/Src/Core/track_runtime.c:1425:9:track_runtime_resolve_filter_target_track	8	static
C:/Users/developpeur/Documents/BRICK5_H743_176/BRICK6/Src/Core/track_runtime.c:1451:9:track_runtime_get_midi_channel_1_16	0	static
C:/Users/developpeur/Documents/BRICK5_H743_176/BRICK6/Src/Core/track_runtime.c:1463:9:track_runtime_get_midi_channel_zero_based	8	static
C:/Users/developpeur/Documents/BRICK5_H743_176/BRICK6/Src/Core/track_runtime.c:1468:29:track_runtime_get_midi_source	0	static
C:/Users/developpeur/Documents/BRICK5_H743_176/BRICK6/Src/Core/track_runtime.c:1488:9:track_runtime_get_descriptor	32	static
C:/Users/developpeur/Documents/BRICK5_H743_176/BRICK6/Src/Core/track_runtime.c:1520:9:track_runtime_resolve_track	24	static
C:/Users/developpeur/Documents/BRICK5_H743_176/BRICK6/Src/Core/track_runtime.c:1560:9:track_runtime_is_ui_ensemble_available	24	static
C:/Users/developpeur/Documents/BRICK5_H743_176/BRICK6/Src/Core/track_runtime.c:1576:28:track_runtime_get_param_rule	8	static
C:/Users/developpeur/Documents/BRICK5_H743_176/BRICK6/Src/Core/track_runtime.c:1874:9:track_runtime_tone_slot_to_param	24	static
C:/Users/developpeur/Documents/BRICK5_H743_176/BRICK6/Src/Core/track_runtime.c:1916:9:track_runtime_tone_param_to_slot	24	static
C:/Users/developpeur/Documents/BRICK5_H743_176/BRICK6/Src/Core/track_runtime.c:1960:30:track_runtime_get_effective_param_status	24	static
