C:/Users/developpeur/Documents/BRICK5_H743_176/BRICK6/Src/Core/track_runtime.c:44:13:track_runtime_rebuild_mix_track_reverse_map	0	static
C:/Users/developpeur/Documents/BRICK5_H743_176/BRICK6/Src/Core/track_runtime.c:472:16:track_runtime_tone_table_for_type	0	static
C:/Users/developpeur/Documents/BRICK5_H743_176/BRICK6/Src/Core/track_runtime.c:896:13:track_runtime_prepare_ctx_base	32	static
C:/Users/developpeur/Documents/BRICK5_H743_176/BRICK6/Src/Core/track_runtime.c:781:13:track_runtime_bind_ctx	0	static
C:/Users/developpeur/Documents/BRICK5_H743_176/BRICK6/Src/Core/track_runtime.c:633:28:track_runtime_get_voice_mode	0	static
C:/Users/developpeur/Documents/BRICK5_H743_176/BRICK6/Src/Core/track_runtime.c:662:9:track_runtime_get_play_voice_count	8	static
C:/Users/developpeur/Documents/BRICK5_H743_176/BRICK6/Src/Core/track_runtime.c:667:9:track_runtime_get_play_voice_count_from_descriptor	0	static
C:/Users/developpeur/Documents/BRICK5_H743_176/BRICK6/Src/Core/track_runtime.c:696:9:track_runtime_supports_vca_gate	0	static
C:/Users/developpeur/Documents/BRICK5_H743_176/BRICK6/Src/Core/track_runtime.c:1088:6:track_runtime_invalidate_all	0	static
C:/Users/developpeur/Documents/BRICK5_H743_176/BRICK6/Src/Core/track_runtime.c:1094:6:track_runtime_invalidate_track	0	static
C:/Users/developpeur/Documents/BRICK5_H743_176/BRICK6/Src/Core/track_runtime.c:1136:6:track_runtime_refresh_all	232	static
C:/Users/developpeur/Documents/BRICK5_H743_176/BRICK6/Src/Core/track_runtime.c:1079:6:track_runtime_init	8	static
C:/Users/developpeur/Documents/BRICK5_H743_176/BRICK6/Src/Core/track_runtime.c:1351:9:track_runtime_is_track_prism_available	0	static
C:/Users/developpeur/Documents/BRICK5_H743_176/BRICK6/Src/Core/track_runtime.c:1372:6:track_runtime_refresh_track	80	static,ignoring_inline_asm
C:/Users/developpeur/Documents/BRICK5_H743_176/BRICK6/Src/Core/track_runtime.c:1104:9:track_runtime_refresh_if_dirty	8	static,ignoring_inline_asm
C:/Users/developpeur/Documents/BRICK5_H743_176/BRICK6/Src/Core/track_runtime.c:1435:6:track_runtime_get_cached_synth_usage	0	static
C:/Users/developpeur/Documents/BRICK5_H743_176/BRICK6/Src/Core/track_runtime.c:1443:10:track_runtime_get_revision	0	static
C:/Users/developpeur/Documents/BRICK5_H743_176/BRICK6/Src/Core/track_runtime.c:1448:10:track_runtime_get_track_revision	0	static
C:/Users/developpeur/Documents/BRICK5_H743_176/BRICK6/Src/Core/track_runtime.c:1458:28:track_runtime_get_ctx	0	static
C:/Users/developpeur/Documents/BRICK5_H743_176/BRICK6/Src/Core/track_runtime.c:1468:9:track_runtime_is_audio_routable	0	static
C:/Users/developpeur/Documents/BRICK5_H743_176/BRICK6/Src/Core/track_runtime.c:1480:9:track_runtime_get_mix_target_track	16	static
C:/Users/developpeur/Documents/BRICK5_H743_176/BRICK6/Src/Core/track_runtime.c:1501:9:track_runtime_get_logical_track_for_mix_track	0	static
C:/Users/developpeur/Documents/BRICK5_H743_176/BRICK6/Src/Core/track_runtime.c:1518:9:track_runtime_resolve_filter_target_track	8	static
C:/Users/developpeur/Documents/BRICK5_H743_176/BRICK6/Src/Core/track_runtime.c:1544:9:track_runtime_get_midi_channel_1_16	0	static
C:/Users/developpeur/Documents/BRICK5_H743_176/BRICK6/Src/Core/track_runtime.c:1556:9:track_runtime_get_midi_channel_zero_based	8	static
C:/Users/developpeur/Documents/BRICK5_H743_176/BRICK6/Src/Core/track_runtime.c:1561:29:track_runtime_get_midi_source	0	static
C:/Users/developpeur/Documents/BRICK5_H743_176/BRICK6/Src/Core/track_runtime.c:1581:9:track_runtime_get_descriptor	16	static
C:/Users/developpeur/Documents/BRICK5_H743_176/BRICK6/Src/Core/track_runtime.c:1606:9:track_runtime_resolve_track	24	static
C:/Users/developpeur/Documents/BRICK5_H743_176/BRICK6/Src/Core/track_runtime.c:1646:9:track_runtime_is_ui_ensemble_available	24	static
C:/Users/developpeur/Documents/BRICK5_H743_176/BRICK6/Src/Core/track_runtime.c:1662:28:track_runtime_get_param_rule	8	static
C:/Users/developpeur/Documents/BRICK5_H743_176/BRICK6/Src/Core/track_runtime.c:1907:9:track_runtime_tone_slot_to_param	24	static
C:/Users/developpeur/Documents/BRICK5_H743_176/BRICK6/Src/Core/track_runtime.c:1949:9:track_runtime_tone_param_to_slot	24	static
C:/Users/developpeur/Documents/BRICK5_H743_176/BRICK6/Src/Core/track_runtime.c:1993:30:track_runtime_get_effective_param_status	24	static
C:/Users/developpeur/Documents/BRICK5_H743_176/BRICK6/Src/Core/track_runtime.c:2112:9:track_runtime_get_voice_group_role	8	static
C:/Users/developpeur/Documents/BRICK5_H743_176/BRICK6/Src/Core/track_runtime.c:2123:9:track_runtime_get_voice_group_effective_master	16	static
C:/Users/developpeur/Documents/BRICK5_H743_176/BRICK6/Src/Core/track_runtime.c:2162:9:track_runtime_collect_voice_group_members	48	static
C:/Users/developpeur/Documents/BRICK5_H743_176/BRICK6/Src/Core/track_runtime.c:2209:9:track_runtime_get_voice_group_seq_link	24	static
