../Src/Core/track_runtime.c:146:28:track_runtime_get_voice_mode	0	static
../Src/Core/track_runtime.c:168:9:track_runtime_get_play_voice_count	8	static
../Src/Core/track_runtime.c:320:6:track_runtime_invalidate_all	0	static
../Src/Core/track_runtime.c:325:6:track_runtime_refresh_all	56	static
../Src/Core/track_runtime.c:313:6:track_runtime_init	8	static
../Src/Core/track_runtime.c:358:6:track_runtime_refresh_track	8	static
../Src/Core/track_runtime.c:372:28:track_runtime_get_ctx	0	static
../Src/Core/track_runtime.c:382:9:track_runtime_get_mix_target_track	0	static
../Src/Core/track_runtime.c:398:9:track_runtime_resolve_filter_target_track	16	static
../Src/Core/track_runtime.c:445:28:track_runtime_get_param_rule	8	static
../Src/Core/track_runtime.c:664:30:track_runtime_get_effective_param_status	24	static
