../Src/Core/track_runtime.c:31:31:track_runtime_family_from_ui	16	static
../Src/Core/track_runtime.c:55:29:track_runtime_type_from_ui	16	static
../Src/Core/track_runtime.c:101:16:track_runtime_type_is_drum_model	16	static
../Src/Core/track_runtime.c:122:16:track_runtime_input_family_mix_track	16	static
../Src/Core/track_runtime.c:147:16:track_runtime_mix_mark_used	16	static
../Src/Core/track_runtime.c:157:16:track_runtime_mix_reserve_track	32	static
../Src/Core/track_runtime.c:188:16:track_runtime_compute_flags	24	static
../Src/Core/track_runtime.c:212:28:track_runtime_get_voice_mode	16	static
../Src/Core/track_runtime.c:234:9:track_runtime_get_play_voice_count	16	static
../Src/Core/track_runtime.c:239:16:track_runtime_param_play_voice_index	16	static
../Src/Core/track_runtime.c:272:13:track_runtime_set_unbound	16	static
../Src/Core/track_runtime.c:280:13:track_runtime_set_quota_blocked	16	static
../Src/Core/track_runtime.c:288:13:track_runtime_set_bound	16	static
../Src/Core/track_runtime.c:298:13:track_runtime_bind_ctx	24	static
../Src/Core/track_runtime.c:379:6:track_runtime_init	8	static
../Src/Core/track_runtime.c:386:6:track_runtime_invalidate_all	4	static
../Src/Core/track_runtime.c:391:6:track_runtime_refresh_all	40	static
../Src/Core/track_runtime.c:446:6:track_runtime_refresh_track	16	static
../Src/Core/track_runtime.c:460:28:track_runtime_get_ctx	16	static
../Src/Core/track_runtime.c:470:9:track_runtime_get_mix_target_track	24	static
../Src/Core/track_runtime.c:486:9:track_runtime_resolve_filter_target_track	24	static
../Src/Core/track_runtime.c:524:28:track_runtime_get_param_rule	24	static
../Src/Core/track_runtime.c:746:30:track_runtime_get_effective_param_status	32	static
