../Src/Core/track_runtime.c:26:31:track_runtime_family_from_ui	16	static
../Src/Core/track_runtime.c:50:29:track_runtime_type_from_ui	16	static
../Src/Core/track_runtime.c:94:16:track_runtime_type_is_drum_model	16	static
../Src/Core/track_runtime.c:115:16:track_runtime_input_family_mix_track	16	static
../Src/Core/track_runtime.c:140:16:track_runtime_mix_mark_used	16	static
../Src/Core/track_runtime.c:150:16:track_runtime_mix_reserve_track	32	static
../Src/Core/track_runtime.c:181:16:track_runtime_compute_flags	24	static
../Src/Core/track_runtime.c:205:28:track_runtime_get_voice_mode	16	static
../Src/Core/track_runtime.c:226:9:track_runtime_get_play_voice_count	16	static
../Src/Core/track_runtime.c:231:16:track_runtime_param_play_voice_index	16	static
../Src/Core/track_runtime.c:264:13:track_runtime_set_unbound	16	static
../Src/Core/track_runtime.c:272:13:track_runtime_set_quota_blocked	16	static
../Src/Core/track_runtime.c:280:13:track_runtime_set_bound	16	static
../Src/Core/track_runtime.c:290:13:track_runtime_bind_ctx	24	static
../Src/Core/track_runtime.c:356:6:track_runtime_init	8	static
../Src/Core/track_runtime.c:363:6:track_runtime_invalidate_all	4	static
../Src/Core/track_runtime.c:368:6:track_runtime_refresh_all	40	static
../Src/Core/track_runtime.c:423:6:track_runtime_refresh_track	16	static
../Src/Core/track_runtime.c:437:28:track_runtime_get_ctx	16	static
../Src/Core/track_runtime.c:447:9:track_runtime_get_mix_target_track	24	static
../Src/Core/track_runtime.c:463:9:track_runtime_resolve_filter_target_track	24	static
../Src/Core/track_runtime.c:500:28:track_runtime_get_param_rule	24	static
../Src/Core/track_runtime.c:714:30:track_runtime_get_effective_param_status	32	static
