../Src/Core/track_runtime.c:199:6:track_runtime_refresh_all	56	static
../Src/Core/track_runtime.c:193:6:track_runtime_init	8	static
../Src/Core/track_runtime.c:230:6:track_runtime_refresh_track	0	static
../Src/Core/track_runtime.c:241:28:track_runtime_get_ctx	0	static
../Src/Core/track_runtime.c:251:9:track_runtime_get_mix_target_track	0	static
../Src/Core/track_runtime.c:267:28:track_runtime_get_param_rule	8	static
../Src/Core/track_runtime.c:385:30:track_runtime_get_effective_param_status	16	static
