../Src/App/Hall/hall_engine.c:210:13:hall_engine_invalidate_key_state.constprop	20	static
../Src/App/Hall/hall_engine.c:435:6:hall_engine_init	48	static,ignoring_inline_asm
../Src/App/Hall/hall_engine.c:453:6:hall_engine_set_calibration	48	static,ignoring_inline_asm
../Src/App/Hall/hall_engine.c:478:6:hall_engine_process_sample	24	static
../Src/App/Hall/hall_engine.c:599:6:hall_engine_process	0	static
../Src/App/Hall/hall_engine.c:603:10:hall_engine_get_raw	0	static
../Src/App/Hall/hall_engine.c:613:10:hall_engine_get_value	0	static
../Src/App/Hall/hall_engine.c:623:9:hall_engine_is_pressed	0	static
../Src/App/Hall/hall_engine.c:633:10:hall_engine_get_min	0	static
../Src/App/Hall/hall_engine.c:643:10:hall_engine_get_max	0	static
../Src/App/Hall/hall_engine.c:653:10:hall_engine_get_trig_lo	0	static
../Src/App/Hall/hall_engine.c:663:10:hall_engine_get_trig_hi	0	static
../Src/App/Hall/hall_engine.c:673:9:hall_engine_get_velocity	0	static
../Src/App/Hall/hall_engine.c:683:9:hall_engine_get_velocity_valid	0	static
../Src/App/Hall/hall_engine.c:693:10:hall_engine_get_velocity_position	0	static
../Src/App/Hall/hall_engine.c:703:10:hall_engine_get_sample_count	0	static
../Src/App/Hall/hall_engine.c:713:9:hall_engine_consume_note_on	0	static,ignoring_inline_asm
../Src/App/Hall/hall_engine.c:723:9:hall_engine_consume_note_off	0	static,ignoring_inline_asm
../Src/App/Hall/hall_engine.c:733:6:hall_set_velocity_mode	0	static,ignoring_inline_asm
../Src/App/Hall/hall_engine.c:743:6:hall_set_velocity_curve	0	static,ignoring_inline_asm
../Src/App/Hall/hall_engine.c:753:9:hall_get_velocity_mode	0	static
../Src/App/Hall/hall_engine.c:758:9:hall_get_velocity_curve	0	static
../Src/App/Hall/hall_engine.c:763:6:hall_engine_get_velocity_debug	20	static,ignoring_inline_asm
