../Src/App/Hall/hall_calibration.c:88:13:hall_median_buffer_push	4	static
../Src/App/Hall/hall_calibration.c:112:17:hall_median_buffer_compute	528	static
../Src/App/Hall/hall_calibration.c:168:16:hall_calibration_blob_is_valid	0	static
../Src/App/Hall/hall_calibration.c:193:16:hall_user_profile_is_valid_local	8	static
../Src/App/Hall/hall_calibration.c:309:16:hall_user_build_zone	40	static
../Src/App/Hall/hall_calibration.c:358:13:hall_user_profile_apply	16	static
../Src/App/Hall/hall_calibration.c:427:6:hall_calibration_start	24	static
../Src/App/Hall/hall_calibration.c:444:6:hall_calibration_process	72	static
../Src/App/Hall/hall_calibration.c:537:9:hall_calibration_get_count	0	static
../Src/App/Hall/hall_calibration.c:547:9:hall_calibration_is_done	0	static
../Src/App/Hall/hall_calibration.c:552:9:hall_calibration_is_key_done	0	static
../Src/App/Hall/hall_calibration.c:562:10:hall_calibration_get_min	0	static
../Src/App/Hall/hall_calibration.c:572:10:hall_calibration_get_max	0	static
../Src/App/Hall/hall_calibration.c:582:9:hall_calibration_load	16	static
../Src/App/Hall/hall_calibration.c:615:6:hall_calibration_save	136	static
../Src/App/Hall/hall_calibration.c:665:6:hall_user_calibration_start	16	static
../Src/App/Hall/hall_calibration.c:676:6:hall_user_calibration_process	64	static
../Src/App/Hall/hall_calibration.c:754:9:hall_user_calibration_is_done	0	static
../Src/App/Hall/hall_calibration.c:759:9:hall_user_calibration_was_successful	0	static
../Src/App/Hall/hall_calibration.c:764:31:hall_user_calibration_get_stage	0	static
../Src/App/Hall/hall_calibration.c:769:9:hall_user_calibration_get_stage_count	0	static
../Src/App/Hall/hall_calibration.c:781:9:hall_user_calibration_get_target_count	0	static
../Src/App/Hall/hall_calibration.c:786:9:hall_user_velocity_profile_is_valid	8	static
../Src/App/Hall/hall_calibration.c:791:6:hall_user_velocity_profile_get	4	static
