../Src/App/Hall/hall_engine.c:149:16:hall_apply_curve	0	static
../Src/App/Hall/hall_engine.c:279:13:hall_engine_invalidate_key_state.constprop	20	static
../Src/App/Hall/hall_engine.c:642:6:hall_engine_init	48	static,ignoring_inline_asm
../Src/App/Hall/hall_engine.c:667:6:hall_engine_set_calibration	48	static,ignoring_inline_asm
../Src/App/Hall/hall_engine.c:693:6:hall_engine_set_user_velocity_profile	12	static,ignoring_inline_asm
../Src/App/Hall/hall_engine.c:723:6:hall_engine_get_user_velocity_profile	8	static,ignoring_inline_asm
../Src/App/Hall/hall_engine.c:737:9:hall_engine_user_velocity_profile_is_valid	48	static,ignoring_inline_asm
../Src/App/Hall/hall_engine.c:745:6:hall_engine_process_sample	120	static,ignoring_inline_asm
../Src/App/Hall/hall_engine.c:860:6:hall_engine_process	0	static
../Src/App/Hall/hall_engine.c:864:10:hall_engine_get_raw	0	static
../Src/App/Hall/hall_engine.c:874:10:hall_engine_get_value	0	static
../Src/App/Hall/hall_engine.c:884:9:hall_engine_is_pressed	0	static
../Src/App/Hall/hall_engine.c:894:10:hall_engine_get_min	0	static
../Src/App/Hall/hall_engine.c:904:10:hall_engine_get_max	0	static
../Src/App/Hall/hall_engine.c:914:10:hall_engine_get_trig_lo	0	static
../Src/App/Hall/hall_engine.c:924:10:hall_engine_get_trig_hi	0	static
../Src/App/Hall/hall_engine.c:934:9:hall_engine_get_velocity	0	static
../Src/App/Hall/hall_engine.c:944:9:hall_engine_get_velocity_valid	0	static
../Src/App/Hall/hall_engine.c:954:10:hall_engine_get_velocity_position	0	static
../Src/App/Hall/hall_engine.c:964:10:hall_engine_get_sample_count	0	static
../Src/App/Hall/hall_engine.c:974:9:hall_engine_consume_note_on	0	static,ignoring_inline_asm
../Src/App/Hall/hall_engine.c:984:9:hall_engine_consume_note_off	0	static,ignoring_inline_asm
../Src/App/Hall/hall_engine.c:994:9:hall_engine_pop_velocity_capture	0	static,ignoring_inline_asm
../Src/App/Hall/hall_engine.c:1016:6:hall_set_velocity_mode	0	static,ignoring_inline_asm
../Src/App/Hall/hall_engine.c:1026:6:hall_set_velocity_curve	0	static,ignoring_inline_asm
../Src/App/Hall/hall_engine.c:1036:9:hall_get_velocity_mode	0	static
../Src/App/Hall/hall_engine.c:1041:9:hall_get_velocity_curve	0	static
../Src/App/Hall/hall_engine.c:1046:6:hall_engine_get_velocity_debug	32	static,ignoring_inline_asm
