../Src/App/Hall/hall_engine.c:385:6:hall_engine_init	20	static
../Src/App/Hall/hall_engine.c:419:6:hall_engine_set_calibration	48	static
../Src/App/Hall/hall_engine.c:454:6:hall_engine_process	40	static
../Src/App/Hall/hall_engine.c:462:10:hall_engine_get_value	0	static
../Src/App/Hall/hall_engine.c:468:9:hall_engine_is_pressed	0	static
../Src/App/Hall/hall_engine.c:474:6:hall_engine_get_note_on	0	static
../Src/App/Hall/hall_engine.c:483:6:hall_engine_get_note_off	0	static
../Src/App/Hall/hall_engine.c:492:9:hall_engine_get_velocity	0	static
../Src/App/Hall/hall_engine.c:498:9:hall_engine_get_pressure	0	static
../Src/App/Hall/hall_engine.c:504:9:hall_engine_get_midi_value	0	static
../Src/App/Hall/hall_engine.c:510:6:hall_engine_set_velocity_mode	0	static
../Src/App/Hall/hall_engine.c:518:6:hall_engine_set_velocity_curve	0	static
../Src/App/Hall/hall_engine.c:526:9:hall_engine_get_velocity_mode	0	static
../Src/App/Hall/hall_engine.c:531:9:hall_engine_get_velocity_curve	0	static
../Src/App/Hall/hall_engine.c:536:10:hall_engine_get_min	0	static
../Src/App/Hall/hall_engine.c:542:10:hall_engine_get_max	0	static
../Src/App/Hall/hall_engine.c:548:10:hall_engine_get_trig_lo	0	static
../Src/App/Hall/hall_engine.c:554:10:hall_engine_get_trig_hi	0	static
../Src/App/Hall/hall_engine.c:560:9:hall_engine_get_state	0	static
../Src/App/Hall/hall_engine.c:566:9:hall_engine_get_velocity_latched	0	static
