../Src/App/Hall/hall_calibration.c:14:6:hall_calibration_start	8	static
../Src/App/Hall/hall_calibration.c:26:6:hall_calibration_process	32	static
../Src/App/Hall/hall_calibration.c:59:9:hall_calibration_get_count	0	static
../Src/App/Hall/hall_calibration.c:67:9:hall_calibration_is_done	0	static
../Src/App/Hall/hall_calibration.c:72:10:hall_calibration_get_min	0	static
../Src/App/Hall/hall_calibration.c:80:10:hall_calibration_get_max	0	static
../Src/App/Hall/hall_calibration.c:88:6:hall_calibration_save	0	static
