../Src/App/Hall/hall_calibration.c:78:17:hall_median_buffer_compute	528	static
../Src/App/Hall/hall_calibration.c:132:6:hall_calibration_start	8	static
../Src/App/Hall/hall_calibration.c:149:6:hall_calibration_process	56	static
../Src/App/Hall/hall_calibration.c:241:9:hall_calibration_get_count	0	static
../Src/App/Hall/hall_calibration.c:251:9:hall_calibration_is_done	0	static
../Src/App/Hall/hall_calibration.c:256:9:hall_calibration_is_key_done	0	static
../Src/App/Hall/hall_calibration.c:266:10:hall_calibration_get_min	0	static
../Src/App/Hall/hall_calibration.c:276:10:hall_calibration_get_max	0	static
../Src/App/Hall/hall_calibration.c:286:9:hall_calibration_load	8	static
../Src/App/Hall/hall_calibration.c:306:6:hall_calibration_save	48	static
