../Src/App/Hall/hall_calibration.c:79:17:hall_median_buffer_compute	528	static
../Src/App/Hall/hall_calibration.c:133:6:hall_calibration_start	8	static
../Src/App/Hall/hall_calibration.c:150:6:hall_calibration_process	56	static
../Src/App/Hall/hall_calibration.c:243:9:hall_calibration_get_count	0	static
../Src/App/Hall/hall_calibration.c:253:9:hall_calibration_is_done	0	static
../Src/App/Hall/hall_calibration.c:258:9:hall_calibration_is_key_done	0	static
../Src/App/Hall/hall_calibration.c:268:10:hall_calibration_get_min	0	static
../Src/App/Hall/hall_calibration.c:278:10:hall_calibration_get_max	0	static
../Src/App/Hall/hall_calibration.c:288:9:hall_calibration_load	8	static
../Src/App/Hall/hall_calibration.c:309:6:hall_calibration_save	48	static
