../Micro_Dexed/dexed.cpp:43:1:Dexed::Dexed(int)	48	static
../Micro_Dexed/dexed.cpp:87:1:Dexed::~Dexed()	0	static
../Micro_Dexed/dexed.cpp:96:6:void Dexed::activate()	32	static
../Micro_Dexed/dexed.cpp:102:6:void Dexed::deactivate()	24	static
../Micro_Dexed/dexed.cpp:107:6:void Dexed::getSamples(uint16_t, int16_t*)	96	static
../Micro_Dexed/dexed.cpp:295:6:void Dexed::keyup(int16_t)	24	static
../Micro_Dexed/dexed.cpp:184:6:void Dexed::keydown(int16_t, uint8_t)	64	static
../Micro_Dexed/dexed.cpp:339:6:void Dexed::doRefreshVoice()	0	static
../Micro_Dexed/dexed.cpp:344:6:void Dexed::setOPs(uint8_t)	0	static
../Micro_Dexed/dexed.cpp:349:9:uint8_t Dexed::getEngineType()	0	static
../Micro_Dexed/dexed.cpp:353:6:void Dexed::setEngineType(uint8_t)	32	static
../Micro_Dexed/dexed.cpp:361:6:bool Dexed::isMonoMode()	0	static
../Micro_Dexed/dexed.cpp:365:6:void Dexed::setMonoMode(bool)	0	static
../Micro_Dexed/dexed.cpp:374:6:void Dexed::setRefreshMode(bool)	0	static
../Micro_Dexed/dexed.cpp:378:6:void Dexed::setSustain(bool)	0	static
../Micro_Dexed/dexed.cpp:386:6:bool Dexed::getSustain()	0	static
../Micro_Dexed/dexed.cpp:391:6:void Dexed::panic()	24	static
../Micro_Dexed/dexed.cpp:408:6:void Dexed::resetControllers()	24	static
../Micro_Dexed/dexed.cpp:424:6:void Dexed::notesOff()	0	static
../Micro_Dexed/dexed.cpp:433:6:void Dexed::setMaxNotes(uint8_t)	32	static
../Micro_Dexed/dexed.cpp:443:9:uint8_t Dexed::getMaxNotes()	0	static
../Micro_Dexed/dexed.cpp:448:9:uint8_t Dexed::getNumNotesPlaying()	40	static
../Micro_Dexed/dexed.cpp:493:6:bool Dexed::decodeVoice(uint8_t*, uint8_t*)	32	static
../Micro_Dexed/dexed.cpp:566:6:bool Dexed::encodeVoice(uint8_t*)	8	static
../Micro_Dexed/dexed.cpp:616:6:bool Dexed::getVoiceData(uint8_t*)	8	static
../Micro_Dexed/dexed.cpp:622:6:bool Dexed::loadVoiceParameters(uint8_t*)	24	static
../Micro_Dexed/dexed.cpp:640:6:void Dexed::setPBController(uint8_t, uint8_t)	32	static
../Micro_Dexed/dexed.cpp:653:6:void Dexed::setMWController(uint8_t, uint8_t, uint8_t)	32	static
../Micro_Dexed/dexed.cpp:668:6:void Dexed::setFCController(uint8_t, uint8_t, uint8_t)	48	static
../Micro_Dexed/dexed.cpp:683:6:void Dexed::setBCController(uint8_t, uint8_t, uint8_t)	40	static
../Micro_Dexed/dexed.cpp:697:6:void Dexed::setATController(uint8_t, uint8_t, uint8_t)	48	static
../Micro_Dexed/dexed.cpp:712:6:void Dexed::setPortamentoMode(uint8_t, uint8_t, uint8_t)	32	static
