../Micro_Dexed/microdexed_marki_minimal.cpp:7:1:MicroDexedMarkIMinimal::MicroDexedMarkIMinimal()	0	static
../Micro_Dexed/microdexed_marki_minimal.cpp:9:1:MicroDexedMarkIMinimal::~MicroDexedMarkIMinimal()	8	static
../Micro_Dexed/microdexed_marki_minimal.cpp:15:6:bool MicroDexedMarkIMinimal::init(int)	16	static
../Micro_Dexed/microdexed_marki_minimal.cpp:32:6:bool MicroDexedMarkIMinimal::loadPatchFromMemory(const uint8_t*)	0	static
../Micro_Dexed/microdexed_marki_minimal.cpp:40:6:void MicroDexedMarkIMinimal::loadDefaultPatch()	168	static
../Micro_Dexed/microdexed_marki_minimal.cpp:50:6:void MicroDexedMarkIMinimal::noteOn(uint8_t, uint8_t)	0	static
../Micro_Dexed/microdexed_marki_minimal.cpp:56:6:void MicroDexedMarkIMinimal::noteOff(uint8_t)	0	static
../Micro_Dexed/microdexed_marki_minimal.cpp:62:6:void MicroDexedMarkIMinimal::allNotesOff()	0	static
../Micro_Dexed/microdexed_marki_minimal.cpp:68:6:void MicroDexedMarkIMinimal::render(int16_t*, int)	24	static
../Micro_Dexed/microdexed_marki_minimal.cpp:83:6:bool MicroDexedMarkIMinimal::getPatchData(uint8_t*) const	0	static
../Micro_Dexed/microdexed_marki_minimal.cpp:91:6:bool MicroDexedMarkIMinimal::setVoiceParameter(uint8_t, uint8_t)	8	static
../Micro_Dexed/microdexed_marki_minimal.cpp:101:9:uint8_t MicroDexedMarkIMinimal::getVoiceParameter(uint8_t) const	0	static
../Micro_Dexed/microdexed_marki_minimal.cpp:109:6:void MicroDexedMarkIMinimal::setMonoMode(bool)	0	static
../Micro_Dexed/microdexed_marki_minimal.cpp:115:6:bool MicroDexedMarkIMinimal::isMonoMode() const	0	static
../Micro_Dexed/microdexed_marki_minimal.cpp:120:6:void MicroDexedMarkIMinimal::setPitchBendRange(uint8_t, uint8_t)	0	static
../Micro_Dexed/microdexed_marki_minimal.cpp:126:6:void MicroDexedMarkIMinimal::setPortamento(uint8_t, uint8_t, uint8_t)	0	static
../Micro_Dexed/microdexed_marki_minimal.cpp:132:6:void MicroDexedMarkIMinimal::setOperatorMask(uint8_t)	0	static
