../Src/SD/sd_diskio.c:161:16:SD_CheckStatus	8	static
../Src/SD/sd_diskio.c:191:9:SD_initialize	8	static
../Src/SD/sd_diskio.c:226:9:SD_status	8	static
../Src/SD/sd_diskio.c:133:12:SD_CheckStatusWithTimeout	16	static
../Src/SD/sd_diskio.c:259:9:SD_read	40	static
../Src/SD/sd_diskio.c:409:9:SD_write	40	static
../Src/SD/sd_diskio.c:555:9:SD_ioctl	56	static
../Src/SD/sd_diskio.c:620:6:BSP_SD_WriteCpltCallback	0	static
../Src/SD/sd_diskio.c:641:6:BSP_SD_ReadCpltCallback	0	static
../Src/SD/sd_diskio.c:663:6:BSP_SD_AbortCallback	0	static
../Src/SD/sd_diskio.c:677:6:BSP_SD_ErrorCallback	0	static
