C:/Users/developpeur/Documents/BRICK5_H743_176/BRICK6_CUBE_fonctionnel/mutable_instruments/stmlib/utils/random.h:38:26:static uint32_t stmlib::Random::state()	4	static
C:/Users/developpeur/Documents/BRICK5_H743_176/BRICK6_CUBE_fonctionnel/mutable_instruments/stmlib/utils/random.h:44:26:static uint32_t stmlib::Random::GetWord()	8	static
C:/Users/developpeur/Documents/BRICK5_H743_176/BRICK6_CUBE_fonctionnel/mutable_instruments/stmlib/utils/random.h:49:25:static int16_t stmlib::Random::GetSample()	8	static
C:/Users/developpeur/Documents/BRICK5_H743_176/BRICK6_CUBE_fonctionnel/mutable_instruments/stmlib/dsp/polyblep.h:37:14:float stmlib::ThisBlepSample(float)	16	static
C:/Users/developpeur/Documents/BRICK5_H743_176/BRICK6_CUBE_fonctionnel/mutable_instruments/stmlib/dsp/polyblep.h:41:14:float stmlib::NextBlepSample(float)	16	static
../mutable_instruments/plaits/dsp/speech/lpc_speech_synth.cc:43:6:void plaits::LPCSpeechSynth::Init()	24	static
../mutable_instruments/plaits/dsp/speech/lpc_speech_synth.cc:56:6:void plaits::LPCSpeechSynth::Render(float, float, float*, float*, size_t)	120	static
../mutable_instruments/plaits/dsp/speech/lpc_speech_synth.cc:132:6:void plaits::LPCSpeechSynth::PlayFrame(const Frame&, const Frame&, float)	56	static
C:\ST\STM32CubeIDE_2.0.0\STM32CubeIDE\plugins\com.st.stm32cube.ide.mcu.externaltools.gnu-tools-for-stm32.13.3.rel1.win32_1.0.100.202509120712\tools\arm-none-eabi\include\c++\13.3.1\bits\stl_algobase.h:1000:5:void std::fill(_ForwardIterator, _ForwardIterator, const _Tp&) [with _ForwardIterator = float*; _Tp = int]	24	static
C:/Users/developpeur/Documents/BRICK5_H743_176/BRICK6_CUBE_fonctionnel/mutable_instruments/plaits/dsp/speech/lpc_speech_synth.h:88:9:float plaits::LPCSpeechSynth::BlendCoefficient(X, X, float) [with int scale = 32768; X = short int]	32	static
C:/Users/developpeur/Documents/BRICK5_H743_176/BRICK6_CUBE_fonctionnel/mutable_instruments/plaits/dsp/speech/lpc_speech_synth.h:88:9:float plaits::LPCSpeechSynth::BlendCoefficient(X, X, float) [with int scale = 128; X = signed char]	32	static
C:\ST\STM32CubeIDE_2.0.0\STM32CubeIDE\plugins\com.st.stm32cube.ide.mcu.externaltools.gnu-tools-for-stm32.13.3.rel1.win32_1.0.100.202509120712\tools\arm-none-eabi\include\c++\13.3.1\bits\stl_algobase.h:976:5:void std::__fill_a(_FIte, _FIte, const _Tp&) [with _FIte = float*; _Tp = int]	24	static
C:\ST\STM32CubeIDE_2.0.0\STM32CubeIDE\plugins\com.st.stm32cube.ide.mcu.externaltools.gnu-tools-for-stm32.13.3.rel1.win32_1.0.100.202509120712\tools\arm-none-eabi\include\c++\13.3.1\bits\stl_algobase.h:926:5:typename __gnu_cxx::__enable_if<std::__is_scalar<_Tp>::__value, void>::__type std::__fill_a1(_ForwardIterator, _ForwardIterator, const _Tp&) [with _ForwardIterator = float*; _Tp = int]	32	static
