C:/Users/developpeur/Documents/BRICK5_H743_176/BRICK6_CUBE_fonctionnel/mutable_instruments/stmlib/dsp/filter.h:182:8:void stmlib::Svf::Init()	16	static
C:/Users/developpeur/Documents/BRICK5_H743_176/BRICK6_CUBE_fonctionnel/mutable_instruments/stmlib/dsp/filter.h:187:8:void stmlib::Svf::Reset()	16	static
C:/Users/developpeur/Documents/BRICK5_H743_176/BRICK6_CUBE_fonctionnel/mutable_instruments/stmlib/dsp/parameter_interpolator.h:39:3:stmlib::ParameterInterpolator::ParameterInterpolator(float*, float, size_t)	24	static
C:/Users/developpeur/Documents/BRICK5_H743_176/BRICK6_CUBE_fonctionnel/mutable_instruments/stmlib/dsp/parameter_interpolator.h:49:3:stmlib::ParameterInterpolator::~ParameterInterpolator()	16	static
C:/Users/developpeur/Documents/BRICK5_H743_176/BRICK6_CUBE_fonctionnel/mutable_instruments/stmlib/dsp/parameter_interpolator.h:53:15:void stmlib::ParameterInterpolator::Init(float*, float, size_t)	24	static
C:/Users/developpeur/Documents/BRICK5_H743_176/BRICK6_CUBE_fonctionnel/mutable_instruments/stmlib/dsp/parameter_interpolator.h:59:16:float stmlib::ParameterInterpolator::Next()	16	static
C:/Users/developpeur/Documents/BRICK5_H743_176/BRICK6_CUBE_fonctionnel/mutable_instruments/stmlib/dsp/polyblep.h:37:14:float stmlib::ThisBlepSample(float)	16	static
C:/Users/developpeur/Documents/BRICK5_H743_176/BRICK6_CUBE_fonctionnel/mutable_instruments/stmlib/dsp/polyblep.h:41:14:float stmlib::NextBlepSample(float)	16	static
C:/Users/developpeur/Documents/BRICK5_H743_176/BRICK6_CUBE_fonctionnel/mutable_instruments/plaits/dsp/oscillator/oscillator.h:58:8:void plaits::Oscillator::Init()	16	static
C:/Users/developpeur/Documents/BRICK5_H743_176/BRICK6_CUBE_fonctionnel/mutable_instruments/stmlib/dsp/units.h:40:14:float stmlib::SemitonesToRatio(float)	32	static
../mutable_instruments/plaits/dsp/speech/naive_speech_synth.cc:84:6:void plaits::NaiveSpeechSynth::Init()	24	static
../mutable_instruments/plaits/dsp/speech/naive_speech_synth.cc:96:6:void plaits::NaiveSpeechSynth::Render(bool, float, float, float, float*, float*, float*, size_t)	120	static
C:/Users/developpeur/Documents/BRICK5_H743_176/BRICK6_CUBE_fonctionnel/mutable_instruments/stmlib/dsp/filter.h:223:15:void stmlib::Svf::set_f_q(float, float) [with stmlib::FrequencyApproximation approximation = stmlib::FREQUENCY_DIRTY]	24	static
C:\ST\STM32CubeIDE_2.0.0\STM32CubeIDE\plugins\com.st.stm32cube.ide.mcu.externaltools.gnu-tools-for-stm32.13.3.rel1.win32_1.0.100.202509120712\tools\arm-none-eabi\include\c++\13.3.1\bits\stl_algobase.h:233:5:constexpr const _Tp& std::min(const _Tp&, const _Tp&) [with _Tp = unsigned int]	16	static
C:/Users/developpeur/Documents/BRICK5_H743_176/BRICK6_CUBE_fonctionnel/mutable_instruments/plaits/dsp/oscillator/oscillator.h:70:8:void plaits::Oscillator::Render(float, float, float*, size_t) [with plaits::OscillatorShape shape = plaits::OSCILLATOR_SHAPE_IMPULSE_TRAIN]	32	static
C:/Users/developpeur/Documents/BRICK5_H743_176/BRICK6_CUBE_fonctionnel/mutable_instruments/stmlib/dsp/filter.h:280:15:void stmlib::Svf::Process(const float*, float*, size_t) [with stmlib::FilterMode mode = stmlib::FILTER_MODE_BAND_PASS]	48	static
C:\ST\STM32CubeIDE_2.0.0\STM32CubeIDE\plugins\com.st.stm32cube.ide.mcu.externaltools.gnu-tools-for-stm32.13.3.rel1.win32_1.0.100.202509120712\tools\arm-none-eabi\include\c++\13.3.1\bits\stl_algobase.h:1000:5:void std::fill(_ForwardIterator, _ForwardIterator, const _Tp&) [with _ForwardIterator = float*; _Tp = float]	24	static
C:/Users/developpeur/Documents/BRICK5_H743_176/BRICK6_CUBE_fonctionnel/mutable_instruments/stmlib/dsp/filter.h:312:15:void stmlib::Svf::ProcessAdd(const float*, float*, size_t, float) [with stmlib::FilterMode mode = stmlib::FILTER_MODE_BAND_PASS]	56	static
C:/Users/developpeur/Documents/BRICK5_H743_176/BRICK6_CUBE_fonctionnel/mutable_instruments/stmlib/dsp/filter.h:107:23:static float stmlib::OnePole::tan(float) [with stmlib::FrequencyApproximation approximation = stmlib::FREQUENCY_DIRTY]	24	static
C:/Users/developpeur/Documents/BRICK5_H743_176/BRICK6_CUBE_fonctionnel/mutable_instruments/plaits/dsp/oscillator/oscillator.h:89:8:void plaits::Oscillator::Render(float, float, const float*, float*, size_t) [with plaits::OscillatorShape shape = plaits::OSCILLATOR_SHAPE_IMPULSE_TRAIN; bool has_external_fm = false; bool through_zero_fm = false]	80	static
C:\ST\STM32CubeIDE_2.0.0\STM32CubeIDE\plugins\com.st.stm32cube.ide.mcu.externaltools.gnu-tools-for-stm32.13.3.rel1.win32_1.0.100.202509120712\tools\arm-none-eabi\include\c++\13.3.1\bits\stl_algobase.h:976:5:void std::__fill_a(_FIte, _FIte, const _Tp&) [with _FIte = float*; _Tp = float]	24	static
C:\ST\STM32CubeIDE_2.0.0\STM32CubeIDE\plugins\com.st.stm32cube.ide.mcu.externaltools.gnu-tools-for-stm32.13.3.rel1.win32_1.0.100.202509120712\tools\arm-none-eabi\include\c++\13.3.1\bits\stl_algobase.h:926:5:typename __gnu_cxx::__enable_if<std::__is_scalar<_Tp>::__value, void>::__type std::__fill_a1(_ForwardIterator, _ForwardIterator, const _Tp&) [with _ForwardIterator = float*; _Tp = float]	32	static
