C:/Users/developpeur/Documents/BRICK5_H743_176/BRICK6_CUBE_fonctionnel/mutable_instruments/clouds/dsp/fx/reverb.h:53:8:void clouds::Reverb::Process(clouds::FloatFrame*, size_t)	88	static,ignoring_inline_asm
../mutable_instruments/clouds/dsp/granular_processor.cpp:44:6:void clouds::GranularProcessor::Init(void*, size_t, void*, size_t)	16	static
../mutable_instruments/clouds/dsp/granular_processor.cpp:66:6:void clouds::GranularProcessor::ResetFilters()	0	static
../mutable_instruments/clouds/dsp/granular_processor.cpp:288:6:void clouds::GranularProcessor::PreparePersistentData()	4	static
../mutable_instruments/clouds/dsp/granular_processor.cpp:297:6:void clouds::GranularProcessor::GetPersistentData(clouds::PersistentBlock*, size_t*)	4	static
../mutable_instruments/clouds/dsp/granular_processor.cpp:369:6:void clouds::GranularProcessor::Prepare()	96	static
../mutable_instruments/clouds/dsp/granular_processor.cpp:316:6:bool clouds::GranularProcessor::LoadPersistentData(const uint32_t*)	88	static
C:/Users/developpeur/Documents/BRICK5_H743_176/BRICK6_CUBE_fonctionnel/mutable_instruments/clouds/dsp/granular_sample_player.h:71:8:void clouds::GranularSamplePlayer::Play(const clouds::AudioBuffer<resolution>*, const clouds::Parameters&, float*, size_t) [with clouds::Resolution resolution = clouds::RESOLUTION_8_BIT_MU_LAW]	96	static
C:/Users/developpeur/Documents/BRICK5_H743_176/BRICK6_CUBE_fonctionnel/mutable_instruments/clouds/dsp/granular_sample_player.h:71:8:void clouds::GranularSamplePlayer::Play(const clouds::AudioBuffer<resolution>*, const clouds::Parameters&, float*, size_t) [with clouds::Resolution resolution = clouds::RESOLUTION_16_BIT]	96	static
../mutable_instruments/clouds/dsp/granular_processor.cpp:74:6:void clouds::GranularProcessor::ProcessGranular(clouds::FloatFrame*, clouds::FloatFrame*, size_t)	96	static,ignoring_inline_asm
../mutable_instruments/clouds/dsp/granular_processor.cpp:158:6:void clouds::GranularProcessor::Process(clouds::ShortFrame*, clouds::ShortFrame*, size_t)	88	static,ignoring_inline_asm
