C:/Users/developpeur/Documents/BRICK5_H743_176/BRICK6/Src/Core/brick6_looper_runtime.c:207:17:looper_next_content_generation	0	static
C:/Users/developpeur/Documents/BRICK5_H743_176/BRICK6/Src/Core/brick6_looper_runtime.c:271:13:looper_diag_update_take	0	static
C:/Users/developpeur/Documents/BRICK5_H743_176/BRICK6/Src/Core/brick6_looper_runtime.c:337:14:looper_timing_ratio	0	static
C:/Users/developpeur/Documents/BRICK5_H743_176/BRICK6/Src/Core/brick6_looper_runtime.c:477:38:looper_shifter_get	0	static
C:/Users/developpeur/Documents/BRICK5_H743_176/BRICK6/Src/Core/brick6_looper_runtime.c:560:13:looper_adopt_preroll_take	4	static
C:/Users/developpeur/Documents/BRICK5_H743_176/BRICK6/Src/Core/brick6_looper_runtime.c:766:13:looper_advance_playhead	0	static
C:/Users/developpeur/Documents/BRICK5_H743_176/BRICK6/Src/Core/brick6_looper_runtime.c:949:13:looper_record_clear_boundary_state	0	static
C:/Users/developpeur/Documents/BRICK5_H743_176/BRICK6/Src/Core/brick6_looper_runtime.c:1732:13:looper_advance_playhead_q16	16	static
C:/Users/developpeur/Documents/BRICK5_H743_176/BRICK6/Src/Core/brick6_looper_runtime.c:514:13:looper_shifter_release	8	static
C:/Users/developpeur/Documents/BRICK5_H743_176/BRICK6/Src/Core/brick6_looper_runtime.c:586:13:looper_release_reader	16	static
C:/Users/developpeur/Documents/BRICK5_H743_176/BRICK6/Src/Core/brick6_looper_runtime.c:604:13:looper_clear_stream	8	static
C:/Users/developpeur/Documents/BRICK5_H743_176/BRICK6/Src/Core/brick6_looper_runtime.c:648:13:looper_fail	8	static
C:/Users/developpeur/Documents/BRICK5_H743_176/BRICK6/Src/Core/brick6_looper_runtime.c:733:13:looper_request_playhead_pages	24	static
C:/Users/developpeur/Documents/BRICK5_H743_176/BRICK6/Src/Core/brick6_looper_runtime.c:667:16:looper_register_raw_stream	8	static
C:/Users/developpeur/Documents/BRICK5_H743_176/BRICK6/Src/Core/brick6_looper_runtime.c:780:13:looper_start_playback	40	static
C:/Users/developpeur/Documents/BRICK5_H743_176/BRICK6/Src/Core/brick6_looper_runtime.c:828:16:looper_acquire_page_for_frame	48	static
C:/Users/developpeur/Documents/BRICK5_H743_176/BRICK6/Src/Core/brick6_looper_runtime.c:895:16:looper_try_enter_normal_playback	8	static
C:/Users/developpeur/Documents/BRICK5_H743_176/BRICK6/Src/Core/brick6_looper_runtime.c:1658:16:looper_read_frame_normal	24	static
C:/Users/developpeur/Documents/BRICK5_H743_176/BRICK6/Src/Core/brick6_looper_runtime.c:1688:16:looper_read_interp_normal	40	static
C:/Users/developpeur/Documents/BRICK5_H743_176/BRICK6/Src/Core/brick6_looper_runtime.c:1753:13:looper_render_varispeed	72	static
C:/Users/developpeur/Documents/BRICK5_H743_176/BRICK6/Src/Core/brick6_looper_runtime.c:373:16:looper_pitch_stable_ratio	8	static
C:/Users/developpeur/Documents/BRICK5_H743_176/BRICK6/Src/Core/brick6_looper_runtime.c:1048:6:brick6_looper_runtime_init	40	static
C:/Users/developpeur/Documents/BRICK5_H743_176/BRICK6/Src/Core/brick6_looper_runtime.c:1071:6:brick6_looper_runtime_service	24	static
C:/Users/developpeur/Documents/BRICK5_H743_176/BRICK6/Src/Core/brick6_looper_runtime.c:1125:9:brick6_looper_runtime_has_pending_sd_work	8	static
C:/Users/developpeur/Documents/BRICK5_H743_176/BRICK6/Src/Core/brick6_looper_runtime.c:1141:6:brick6_looper_runtime_notify_raw_take_ready	72	static
C:/Users/developpeur/Documents/BRICK5_H743_176/BRICK6/Src/Core/brick6_looper_runtime.c:1227:6:brick6_looper_runtime_notify_preroll_take_ready	40	static
C:/Users/developpeur/Documents/BRICK5_H743_176/BRICK6/Src/Core/brick6_looper_runtime.c:968:13:looper_record_stop_at_boundary	40	static
C:/Users/developpeur/Documents/BRICK5_H743_176/BRICK6/Src/Core/brick6_looper_runtime.c:1286:6:brick6_looper_runtime_stop_playback	16	static
C:/Users/developpeur/Documents/BRICK5_H743_176/BRICK6/Src/Core/brick6_looper_runtime.c:1309:6:brick6_looper_runtime_prepare_replace	32	static
C:/Users/developpeur/Documents/BRICK5_H743_176/BRICK6/Src/Core/brick6_looper_runtime.c:1318:6:brick6_looper_runtime_arm_record_start	24	static
C:/Users/developpeur/Documents/BRICK5_H743_176/BRICK6/Src/Core/brick6_looper_runtime.c:1346:6:brick6_looper_runtime_arm_record_stop	8	static
C:/Users/developpeur/Documents/BRICK5_H743_176/BRICK6/Src/Core/brick6_looper_runtime.c:1363:9:brick6_looper_runtime_record_is_active_or_armed	0	static
C:/Users/developpeur/Documents/BRICK5_H743_176/BRICK6/Src/Core/brick6_looper_runtime.c:1369:9:brick6_looper_runtime_get_record_capture_track	0	static
C:/Users/developpeur/Documents/BRICK5_H743_176/BRICK6/Src/Core/brick6_looper_runtime.c:1382:6:brick6_looper_runtime_preroll_begin	0	static
C:/Users/developpeur/Documents/BRICK5_H743_176/BRICK6/Src/Core/brick6_looper_runtime.c:1395:6:brick6_looper_runtime_preroll_capture_from_irq	8	static
C:/Users/developpeur/Documents/BRICK5_H743_176/BRICK6/Src/Core/brick6_looper_runtime.c:1430:6:brick6_looper_runtime_set_play_auto	8	static
C:/Users/developpeur/Documents/BRICK5_H743_176/BRICK6/Src/Core/brick6_looper_runtime.c:1447:6:brick6_looper_runtime_set_stretch	48	static
C:/Users/developpeur/Documents/BRICK5_H743_176/BRICK6/Src/Core/brick6_looper_runtime.c:1519:6:brick6_looper_runtime_on_transport_start	16	static
C:/Users/developpeur/Documents/BRICK5_H743_176/BRICK6/Src/Core/brick6_looper_runtime.c:1529:6:brick6_looper_runtime_on_transport_stop	8	static
C:/Users/developpeur/Documents/BRICK5_H743_176/BRICK6/Src/Core/brick6_looper_runtime.c:1537:6:brick6_looper_runtime_on_boundary_edge	32	static
C:/Users/developpeur/Documents/BRICK5_H743_176/BRICK6/Src/Core/brick6_looper_runtime.c:1566:9:brick6_looper_runtime_next_start_offset	28	static
C:/Users/developpeur/Documents/BRICK5_H743_176/BRICK6/Src/Core/brick6_looper_runtime.c:1606:6:brick6_looper_runtime_on_scheduled_start	48	static
C:/Users/developpeur/Documents/BRICK5_H743_176/BRICK6/Src/Core/brick6_looper_runtime.c:1640:9:brick6_looper_runtime_is_ready	0	static
C:/Users/developpeur/Documents/BRICK5_H743_176/BRICK6/Src/Core/brick6_looper_runtime.c:1650:9:brick6_looper_runtime_is_playing	0	static
C:/Users/developpeur/Documents/BRICK5_H743_176/BRICK6/Src/Core/brick6_looper_runtime.c:2065:6:brick6_looper_runtime_render_track	128	static
C:/Users/developpeur/Documents/BRICK5_H743_176/BRICK6/Src/Core/brick6_looper_runtime.c:2240:6:brick6_looper_runtime_diag_get_snapshot	8	static
