../tinyusb/src/common/tusb_fifo.c:62:6:tu_fifo_config	4	static
../tinyusb/src/common/tusb_fifo.c:86:6:tu_fifo_clear	0	static
../tinyusb/src/common/tusb_fifo.c:98:6:tu_fifo_set_overwritable	0	static
../tinyusb/src/common/tusb_fifo.c:154:6:tu_hwfifo_write	24	static
../tinyusb/src/common/tusb_fifo.c:224:6:tu_hwfifo_read	16	static
../tinyusb/src/common/tusb_fifo.c:464:10:tu_fifo_peek_n_access_mode	48	static
../tinyusb/src/common/tusb_fifo.c:497:10:tu_fifo_peek_n	32	static
../tinyusb/src/common/tusb_fifo.c:505:10:tu_fifo_read_n_access_mode	56	static
../tinyusb/src/common/tusb_fifo.c:517:10:tu_fifo_write_n_access_mode	72	static
../tinyusb/src/common/tusb_fifo.c:598:10:tu_fifo_discard_n	4	static
../tinyusb/src/common/tusb_fifo.c:633:6:tu_fifo_read	4	static
../tinyusb/src/common/tusb_fifo.c:647:6:tu_fifo_peek	4	static
../tinyusb/src/common/tusb_fifo.c:652:6:tu_fifo_write	4	static
../tinyusb/src/common/tusb_fifo.c:692:6:tu_fifo_advance_write_pointer	0	static
../tinyusb/src/common/tusb_fifo.c:697:6:tu_fifo_correct_read_pointer	0	static
../tinyusb/src/common/tusb_fifo.c:719:6:tu_fifo_advance_read_pointer	0	static
../tinyusb/src/common/tusb_fifo.c:738:6:tu_fifo_get_read_info	12	static
../tinyusb/src/common/tusb_fifo.c:800:6:tu_fifo_get_write_info	8	static
