../Src/Audio/audio_float.c:80:23:eq_is_neutral	0	static
../Src/Audio/audio_float.c:117:14:bus_comp_attack_index_to_seconds	0	static
../Src/Audio/audio_float.c:138:14:bus_comp_release_index_to_seconds	0	static
../Src/Audio/audio_float.c:86:28:fx_pool_eq_state	8	static
../Src/Audio/audio_float.c:92:32:fx_pool_sat_state	8	static
../Src/Audio/audio_float.c:98:32:fx_pool_daisy_comp_state	8	static
../Src/Audio/audio_float.c:147:6:audio_float_set_postgain	0	static
../Src/Audio/audio_float.c:159:6:audio_float_set_output_compensation	0	static
../Src/Audio/audio_float.c:176:6:audio_float_set_dj_eq_low_db	16	static
../Src/Audio/audio_float.c:193:6:audio_float_set_dj_eq_mid_db	16	static
../Src/Audio/audio_float.c:210:6:audio_float_set_dj_eq_high_db	16	static
../Src/Audio/audio_float.c:229:6:audio_float_set_dj_eq_ui_params	0	static
../Src/Audio/audio_float.c:248:9:audio_float_is_dj_eq_ui_neutral	8	static
../Src/Audio/audio_float.c:264:6:audio_float_set_saturation_tone_ui	8	static
../Src/Audio/audio_float.c:281:6:audio_float_set_saturation_bias_ui	8	static
../Src/Audio/audio_float.c:298:6:audio_float_set_saturation_drive_ui	8	static
../Src/Audio/audio_float.c:315:6:audio_float_set_saturation_mix_ui	8	static
../Src/Audio/audio_float.c:333:6:audio_float_set_bus_comp_threshold_db	16	static
../Src/Audio/audio_float.c:350:6:audio_float_set_bus_comp_ratio	16	static
../Src/Audio/audio_float.c:367:6:audio_float_set_bus_comp_attack_index	16	static
../Src/Audio/audio_float.c:384:6:audio_float_set_bus_comp_release_index	16	static
../Src/Audio/audio_float.c:401:6:audio_float_set_bus_comp_makeup_db	16	static
../Src/Audio/audio_float.c:418:6:audio_float_set_bus_comp_auto_makeup	8	static
../Src/Audio/audio_float.c:442:6:audio_set_float_callback	8	static
../Src/Audio/audio_float.c:448:6:audio_tracks_init	24	static
../Src/Audio/audio_float.c:473:6:track_enable	8	static
../Src/Audio/audio_float.c:491:10:track_is_enabled	0	static
../Src/Audio/audio_float.c:500:6:track_set_gain	0	static
../Src/Audio/audio_float.c:507:6:audio_float_set_master_gain	0	static
../Src/Audio/audio_float.c:519:7:audio_float_get_master_gain	0	static
../Src/Audio/audio_float.c:562:6:audio_process_block_int32	40	static
../Src/Audio/audio_float.c:606:10:audio_get_frame_counter	0	static
../Src/Audio/audio_float.c:622:6:audio_debug_get_stats	0	static
