../Src/Audio/audio_float.c:65:23:eq_is_neutral	0	static
../Src/Audio/audio_float.c:89:14:bus_comp_attack_index_to_seconds	0	static
../Src/Audio/audio_float.c:97:14:bus_comp_release_index_to_seconds	0	static
../Src/Audio/audio_float.c:71:28:fx_pool_eq_state	8	static
../Src/Audio/audio_float.c:77:32:fx_pool_sat_state	8	static
../Src/Audio/audio_float.c:83:32:fx_pool_daisy_comp_state	8	static
../Src/Audio/audio_float.c:106:6:audio_float_set_postgain	0	static
../Src/Audio/audio_float.c:118:6:audio_float_set_output_compensation	0	static
../Src/Audio/audio_float.c:124:6:audio_float_set_dj_eq_low_db	16	static
../Src/Audio/audio_float.c:130:6:audio_float_set_dj_eq_mid_db	16	static
../Src/Audio/audio_float.c:136:6:audio_float_set_dj_eq_high_db	16	static
../Src/Audio/audio_float.c:142:6:audio_float_set_dj_eq_ui_params	0	static
../Src/Audio/audio_float.c:149:9:audio_float_is_dj_eq_ui_neutral	8	static
../Src/Audio/audio_float.c:154:6:audio_float_set_saturation_tone_ui	8	static
../Src/Audio/audio_float.c:160:6:audio_float_set_saturation_bias_ui	8	static
../Src/Audio/audio_float.c:166:6:audio_float_set_saturation_drive_ui	8	static
../Src/Audio/audio_float.c:172:6:audio_float_set_saturation_mix_ui	8	static
../Src/Audio/audio_float.c:179:6:audio_float_set_bus_comp_threshold_db	16	static
../Src/Audio/audio_float.c:185:6:audio_float_set_bus_comp_ratio	16	static
../Src/Audio/audio_float.c:191:6:audio_float_set_bus_comp_attack_index	16	static
../Src/Audio/audio_float.c:197:6:audio_float_set_bus_comp_release_index	16	static
../Src/Audio/audio_float.c:203:6:audio_float_set_bus_comp_makeup_db	16	static
../Src/Audio/audio_float.c:209:6:audio_float_set_bus_comp_auto_makeup	8	static
../Src/Audio/audio_float.c:232:6:audio_set_float_callback	8	static
../Src/Audio/audio_float.c:238:6:audio_tracks_init	24	static
../Src/Audio/audio_float.c:261:6:track_enable	8	static
../Src/Audio/audio_float.c:279:10:track_is_enabled	0	static
../Src/Audio/audio_float.c:288:6:track_set_gain	0	static
../Src/Audio/audio_float.c:295:6:audio_float_set_master_gain	0	static
../Src/Audio/audio_float.c:306:7:audio_float_get_master_gain	0	static
../Src/Audio/audio_float.c:337:6:audio_process_block_int32	40	static
