C:\ST\STM32CubeIDE_2.0.0\STM32CubeIDE\plugins\com.st.stm32cube.ide.mcu.externaltools.gnu-tools-for-stm32.13.3.rel1.win32_1.0.100.202509120712\tools\arm-none-eabi\include\c++\13.3.1\arm-none-eabi\thumb\v7e-m+dp\hard\bits\gthr-default.h:229:1:int __gthread_key_delete(__gthread_key_t)	16	static
../Src/Audio/../../md-drum-synth-main/DrumModel.h:9:13:DrumModel::~DrumModel()	16	static
../Src/Audio/../../md-drum-synth-main/DrumModel.h:9:13:virtual DrumModel::~DrumModel()	16	static
../Src/Audio/../../md-drum-synth-main/DrumModel.h:18:18:virtual void DrumModel::RenderControls()	16	static
../Src/Audio/../../md-drum-synth-main/DrumModel.h:25:18:virtual void DrumModel::saveParameters(std::ostream&) const	16	static
../Src/Audio/../../md-drum-synth-main/DrumModel.h:28:18:virtual void DrumModel::loadParameters(std::istream&)	16	static
../Src/Audio/../../md-drum-synth-main/DrumModel.h:33:18:virtual bool DrumModel::SetParamByIndex(uint8_t, float)	24	static
C:\ST\STM32CubeIDE_2.0.0\STM32CubeIDE\plugins\com.st.stm32cube.ide.mcu.externaltools.gnu-tools-for-stm32.13.3.rel1.win32_1.0.100.202509120712\tools\bin/../lib/gcc/arm-none-eabi/13.3.1/../../../../arm-none-eabi/include/c++/13.3.1/cmath:215:3:constexpr float std::exp(float)	16	static
C:\ST\STM32CubeIDE_2.0.0\STM32CubeIDE\plugins\com.st.stm32cube.ide.mcu.externaltools.gnu-tools-for-stm32.13.3.rel1.win32_1.0.100.202509120712\tools\bin/../lib/gcc/arm-none-eabi/13.3.1/../../../../arm-none-eabi/include/c++/13.3.1/cmath:326:3:constexpr long double std::log(long double)	16	static
C:\ST\STM32CubeIDE_2.0.0\STM32CubeIDE\plugins\com.st.stm32cube.ide.mcu.externaltools.gnu-tools-for-stm32.13.3.rel1.win32_1.0.100.202509120712\tools\bin/../lib/gcc/arm-none-eabi/13.3.1/../../../../arm-none-eabi/include/c++/13.3.1/cmath:2416:3:constexpr float std::nextafter(float, float)	16	static
C:\ST\STM32CubeIDE_2.0.0\STM32CubeIDE\plugins\com.st.stm32cube.ide.mcu.externaltools.gnu-tools-for-stm32.13.3.rel1.win32_1.0.100.202509120712\tools\bin/../lib/gcc/arm-none-eabi/13.3.1/../../../../arm-none-eabi/include/c++/13.3.1/bits/random.h:1658:5:std::random_device::random_device()	48	static
C:\ST\STM32CubeIDE_2.0.0\STM32CubeIDE\plugins\com.st.stm32cube.ide.mcu.externaltools.gnu-tools-for-stm32.13.3.rel1.win32_1.0.100.202509120712\tools\bin/../lib/gcc/arm-none-eabi/13.3.1/../../../../arm-none-eabi/include/c++/13.3.1/bits/random.h:1663:5:std::random_device::~random_device()	16	static
C:\ST\STM32CubeIDE_2.0.0\STM32CubeIDE\plugins\com.st.stm32cube.ide.mcu.externaltools.gnu-tools-for-stm32.13.3.rel1.win32_1.0.100.202509120712\tools\bin/../lib/gcc/arm-none-eabi/13.3.1/../../../../arm-none-eabi/include/c++/13.3.1/bits/random.h:1679:5:std::random_device::result_type std::random_device::operator()()	16	static
../Src/Audio/../../md-drum-synth-main/TRXHiHat.h:14:10:virtual void TRXHiHat::saveParameters(std::ostream&) const	16	static
../Src/Audio/../../md-drum-synth-main/TRXHiHat.h:19:10:virtual void TRXHiHat::loadParameters(std::istream&)	16	static
../Src/Audio/../../md-drum-synth-main/TRXHiHat.h:23:10:virtual bool TRXHiHat::SetParamByIndex(uint8_t, float)	24	static
../Src/Audio/../../md-drum-synth-main/TRXHiHat.cpp:10:6:virtual void TRXHiHat::Init()	2528	static
../Src/Audio/../../md-drum-synth-main/TRXHiHat.cpp:17:6:virtual void TRXHiHat::Trigger()	16	static
../Src/Audio/../../md-drum-synth-main/TRXHiHat.cpp:22:7:float TRXHiHat::get_value(float)	16	static
../Src/Audio/../../md-drum-synth-main/TRXHiHat.cpp:26:7:virtual float TRXHiHat::Process()	48	static
../Src/Audio/../../md-drum-synth-main/TRXHiHat.cpp:64:6:virtual void TRXHiHat::RenderControls()	16	static
../Src/Audio/../../md-drum-synth-main/TRXHiHat.cpp:80:7:float TRXHiHat::generateMetallicNoise()	32	static
C:\ST\STM32CubeIDE_2.0.0\STM32CubeIDE\plugins\com.st.stm32cube.ide.mcu.externaltools.gnu-tools-for-stm32.13.3.rel1.win32_1.0.100.202509120712\tools\bin/../lib/gcc/arm-none-eabi/13.3.1/../../../../arm-none-eabi/include/c++/13.3.1/bits/random.tcc:118:5:void std::linear_congruential_engine<_UIntType, __a, __c, __m>::seed(result_type) [with _UIntType = unsigned int; _UIntType __a = 16807; _UIntType __c = 0; _UIntType __m = 2147483647]	16	static
C:\ST\STM32CubeIDE_2.0.0\STM32CubeIDE\plugins\com.st.stm32cube.ide.mcu.externaltools.gnu-tools-for-stm32.13.3.rel1.win32_1.0.100.202509120712\tools\bin/../lib/gcc/arm-none-eabi/13.3.1/../../../../arm-none-eabi/include/c++/13.3.1/bits/random.h:1899:2:std::uniform_real_distribution<_RealType>::result_type std::uniform_real_distribution<_RealType>::operator()(_UniformRandomNumberGenerator&) [with _UniformRandomNumberGenerator = std::linear_congruential_engine<unsigned int, 16807, 0, 2147483647>; _RealType = float]	16	static
C:\ST\STM32CubeIDE_2.0.0\STM32CubeIDE\plugins\com.st.stm32cube.ide.mcu.externaltools.gnu-tools-for-stm32.13.3.rel1.win32_1.0.100.202509120712\tools\arm-none-eabi\include\c++\13.3.1\bits\new_allocator.h:104:7:std::__new_allocator<_Tp>::~__new_allocator() [with _Tp = char]	16	static
C:\ST\STM32CubeIDE_2.0.0\STM32CubeIDE\plugins\com.st.stm32cube.ide.mcu.externaltools.gnu-tools-for-stm32.13.3.rel1.win32_1.0.100.202509120712\tools\bin/../lib/gcc/arm-none-eabi/13.3.1/../../../../arm-none-eabi/include/c++/13.3.1/bits/random.h:150:7:_Tp std::__detail::__mod(_Tp) [with _Tp = unsigned int; _Tp __m = 2147483647; _Tp __a = 1; _Tp __c = 0]	24	static
C:\ST\STM32CubeIDE_2.0.0\STM32CubeIDE\plugins\com.st.stm32cube.ide.mcu.externaltools.gnu-tools-for-stm32.13.3.rel1.win32_1.0.100.202509120712\tools\bin/../lib/gcc/arm-none-eabi/13.3.1/../../../../arm-none-eabi/include/c++/13.3.1/bits/random.h:1904:2:std::uniform_real_distribution<_RealType>::result_type std::uniform_real_distribution<_RealType>::operator()(_UniformRandomNumberGenerator&, const param_type&) [with _UniformRandomNumberGenerator = std::linear_congruential_engine<unsigned int, 16807, 0, 2147483647>; _RealType = float]	40	static
C:\ST\STM32CubeIDE_2.0.0\STM32CubeIDE\plugins\com.st.stm32cube.ide.mcu.externaltools.gnu-tools-for-stm32.13.3.rel1.win32_1.0.100.202509120712\tools\bin/../lib/gcc/arm-none-eabi/13.3.1/../../../../arm-none-eabi/include/c++/13.3.1/bits/random.h:139:2:static _Tp std::__detail::_Mod<_Tp, __m, __a, __c, true, __s>::__calc(_Tp) [with _Tp = unsigned int; _Tp __m = 2147483647; _Tp __a = 1; _Tp __c = 0; bool __s = true]	24	static
C:\ST\STM32CubeIDE_2.0.0\STM32CubeIDE\plugins\com.st.stm32cube.ide.mcu.externaltools.gnu-tools-for-stm32.13.3.rel1.win32_1.0.100.202509120712\tools\bin/../lib/gcc/arm-none-eabi/13.3.1/../../../../arm-none-eabi/include/c++/13.3.1/bits/random.h:173:2:std::__detail::_Adaptor<_Engine, _DInputType>::_Adaptor(_Engine&) [with _Engine = std::linear_congruential_engine<unsigned int, 16807, 0, 2147483647>; _DInputType = float]	16	static
C:\ST\STM32CubeIDE_2.0.0\STM32CubeIDE\plugins\com.st.stm32cube.ide.mcu.externaltools.gnu-tools-for-stm32.13.3.rel1.win32_1.0.100.202509120712\tools\bin/../lib/gcc/arm-none-eabi/13.3.1/../../../../arm-none-eabi/include/c++/13.3.1/bits/random.h:190:2:_DInputType std::__detail::_Adaptor<_Engine, _DInputType>::operator()() [with _Engine = std::linear_congruential_engine<unsigned int, 16807, 0, 2147483647>; _DInputType = float]	16	static
C:\ST\STM32CubeIDE_2.0.0\STM32CubeIDE\plugins\com.st.stm32cube.ide.mcu.externaltools.gnu-tools-for-stm32.13.3.rel1.win32_1.0.100.202509120712\tools\bin/../lib/gcc/arm-none-eabi/13.3.1/../../../../arm-none-eabi/include/c++/13.3.1/bits/random.h:1807:2:std::uniform_real_distribution<_RealType>::result_type std::uniform_real_distribution<_RealType>::param_type::b() const [with _RealType = float]	16	static
C:\ST\STM32CubeIDE_2.0.0\STM32CubeIDE\plugins\com.st.stm32cube.ide.mcu.externaltools.gnu-tools-for-stm32.13.3.rel1.win32_1.0.100.202509120712\tools\bin/../lib/gcc/arm-none-eabi/13.3.1/../../../../arm-none-eabi/include/c++/13.3.1/bits/random.h:1803:2:std::uniform_real_distribution<_RealType>::result_type std::uniform_real_distribution<_RealType>::param_type::a() const [with _RealType = float]	16	static
C:\ST\STM32CubeIDE_2.0.0\STM32CubeIDE\plugins\com.st.stm32cube.ide.mcu.externaltools.gnu-tools-for-stm32.13.3.rel1.win32_1.0.100.202509120712\tools\bin/../lib/gcc/arm-none-eabi/13.3.1/../../../../arm-none-eabi/include/c++/13.3.1/bits/random.h:344:7:static constexpr std::linear_congruential_engine<_UIntType, __a, __c, __m>::result_type std::linear_congruential_engine<_UIntType, __a, __c, __m>::min() [with _UIntType = unsigned int; _UIntType __a = 16807; _UIntType __c = 0; _UIntType __m = 2147483647]	4	static
C:\ST\STM32CubeIDE_2.0.0\STM32CubeIDE\plugins\com.st.stm32cube.ide.mcu.externaltools.gnu-tools-for-stm32.13.3.rel1.win32_1.0.100.202509120712\tools\arm-none-eabi\include\c++\13.3.1\bits\stl_algobase.h:257:5:constexpr const _Tp& std::max(const _Tp&, const _Tp&) [with _Tp = unsigned int]	16	static
C:\ST\STM32CubeIDE_2.0.0\STM32CubeIDE\plugins\com.st.stm32cube.ide.mcu.externaltools.gnu-tools-for-stm32.13.3.rel1.win32_1.0.100.202509120712\tools\bin/../lib/gcc/arm-none-eabi/13.3.1/../../../../arm-none-eabi/include/c++/13.3.1/bits/random.tcc:3349:5:_RealType std::generate_canonical(_UniformRandomNumberGenerator&) [with _RealType = float; unsigned int __bits = 24; _UniformRandomNumberGenerator = linear_congruential_engine<unsigned int, 16807, 0, 2147483647>]	80	static
C:\ST\STM32CubeIDE_2.0.0\STM32CubeIDE\plugins\com.st.stm32cube.ide.mcu.externaltools.gnu-tools-for-stm32.13.3.rel1.win32_1.0.100.202509120712\tools\bin/../lib/gcc/arm-none-eabi/13.3.1/../../../../arm-none-eabi/include/c++/13.3.1/bits/random.h:368:7:std::linear_congruential_engine<_UIntType, __a, __c, __m>::result_type std::linear_congruential_engine<_UIntType, __a, __c, __m>::operator()() [with _UIntType = unsigned int; _UIntType __a = 16807; _UIntType __c = 0; _UIntType __m = 2147483647]	16	static
C:\ST\STM32CubeIDE_2.0.0\STM32CubeIDE\plugins\com.st.stm32cube.ide.mcu.externaltools.gnu-tools-for-stm32.13.3.rel1.win32_1.0.100.202509120712\tools\bin/../lib/gcc/arm-none-eabi/13.3.1/../../../../arm-none-eabi/include/c++/13.3.1/bits/random.h:150:7:_Tp std::__detail::__mod(_Tp) [with _Tp = unsigned int; _Tp __m = 2147483647; _Tp __a = 16807; _Tp __c = 0]	24	static
C:\ST\STM32CubeIDE_2.0.0\STM32CubeIDE\plugins\com.st.stm32cube.ide.mcu.externaltools.gnu-tools-for-stm32.13.3.rel1.win32_1.0.100.202509120712\tools\bin/../lib/gcc/arm-none-eabi/13.3.1/../../../../arm-none-eabi/include/c++/13.3.1/bits/random.tcc:51:7:static _Tp std::__detail::_Mod<_Tp, __m, __a, __c, false, true>::__calc(_Tp) [with _Tp = unsigned int; _Tp __m = 2147483647; _Tp __a = 16807; _Tp __c = 0]	24	static
../Src/Audio/../../md-drum-synth-main/TRXHiHat.h:6:7:TRXHiHat::~TRXHiHat()	16	static
../Src/Audio/../../md-drum-synth-main/TRXHiHat.h:6:7:virtual TRXHiHat::~TRXHiHat()	16	static
