../Src/Audio/mixer.c:103:14:clampf_local	0	static
../Src/Audio/mixer.c:112:16:mixer_track_filter_type_is_biquad	0	static
../Src/Audio/mixer.c:119:32:mixer_track_filter_type_to_biquad_mode	0	static
../Src/Audio/mixer.c:135:14:mixer_track_filter_resonance_to_biquad_q	8	static
../Src/Audio/mixer.c:141:14:mixer_track_filter_step_linear	0	static
../Src/Audio/mixer.c:157:14:mixer_track_filter_process_env	16	static
../Src/Audio/mixer.c:346:14:clamp01	0	static
../Src/Audio/mixer.c:366:14:clamp_pan	0	static
../Src/Audio/mixer.c:234:13:mixer_track_filter_apply_core_params	16	static
../Src/Audio/mixer.c:252:13:mixer_track_filter_reset_dsp	8	static
../Src/Audio/mixer.c:263:13:mixer_track_filter_init	8	static
../Src/Audio/mixer.c:211:14:mixer_track_filter_keytrack_multiplier	8	static
../Src/Audio/mixer.c:217:14:mixer_track_filter_compute_modulated_cutoff	16	static
../Src/Audio/mixer.c:286:13:mixer_track_filter_process_block	32	static
../Src/Audio/mixer.c:436:6:mixer_set_master	8	static
../Src/Audio/mixer.c:458:7:mixer_get_master	8	static
../Src/Audio/mixer.c:475:6:mixer_set_track_gain	8	static
../Src/Audio/mixer.c:501:7:mixer_get_track_gain	0	static
../Src/Audio/mixer.c:521:6:mixer_set_track_pan	8	static
../Src/Audio/mixer.c:541:6:mixer_set_track_mute	0	static
../Src/Audio/mixer.c:561:6:mixer_set_track_route	0	static
../Src/Audio/mixer.c:583:6:mixer_set_track_insert_slot	0	static
../Src/Audio/mixer.c:604:6:mixer_set_track_send_level	16	static
../Src/Audio/mixer.c:624:6:mixer_set_send_fx_slot	0	static
../Src/Audio/mixer.c:632:6:mixer_set_track_filter_type	8	static
../Src/Audio/mixer.c:645:6:mixer_set_track_filter_cutoff	8	static
../Src/Audio/mixer.c:655:6:mixer_set_track_filter_resonance	16	static
../Src/Audio/mixer.c:665:6:mixer_set_track_filter_eg_amount	8	static
../Src/Audio/mixer.c:673:6:mixer_set_track_filter_attack	8	static
../Src/Audio/mixer.c:683:6:mixer_set_track_filter_decay	8	static
../Src/Audio/mixer.c:693:6:mixer_set_track_filter_sustain	8	static
../Src/Audio/mixer.c:701:6:mixer_set_track_filter_release	8	static
../Src/Audio/mixer.c:711:6:mixer_set_track_filter_keytrack	8	static
../Src/Audio/mixer.c:719:6:mixer_set_track_filter_env_reset	0	static
../Src/Audio/mixer.c:727:6:mixer_set_track_filter_env_delay	8	static
../Src/Audio/mixer.c:742:6:mixer_set_track_filter_eq_low	8	static
../Src/Audio/mixer.c:752:6:mixer_set_track_filter_eq_mid	8	static
../Src/Audio/mixer.c:762:6:mixer_set_track_filter_eq_high	8	static
../Src/Audio/mixer.c:772:6:mixer_track_filter_note_on	0	static
../Src/Audio/mixer.c:789:6:mixer_track_filter_note_off	0	static
../Src/Audio/mixer.c:802:6:mixer_track_filter_all_notes_off	0	static
../Src/Audio/mixer.c:815:28:mixer_external_inputs_clear	0	static
../Src/Audio/mixer.c:389:6:mixer_init	8	static
../Src/Audio/mixer.c:820:28:mixer_submit_external_mono	8	static
../Src/Audio/mixer.c:864:6:mixer_process	56	static
