../Src/Audio/mixer.c:98:14:clampf_local	0	static
../Src/Audio/mixer.c:107:16:mixer_track_filter_type_is_biquad	0	static
../Src/Audio/mixer.c:114:32:mixer_track_filter_type_to_biquad_mode	0	static
../Src/Audio/mixer.c:130:14:mixer_track_filter_resonance_to_biquad_q	8	static
../Src/Audio/mixer.c:136:14:mixer_track_filter_step_linear	0	static
../Src/Audio/mixer.c:152:14:mixer_track_filter_process_env	16	static
../Src/Audio/mixer.c:341:14:clamp01	0	static
../Src/Audio/mixer.c:361:14:clamp_pan	0	static
../Src/Audio/mixer.c:229:13:mixer_track_filter_apply_core_params	16	static
../Src/Audio/mixer.c:247:13:mixer_track_filter_reset_dsp	8	static
../Src/Audio/mixer.c:258:13:mixer_track_filter_init	8	static
../Src/Audio/mixer.c:206:14:mixer_track_filter_keytrack_multiplier	8	static
../Src/Audio/mixer.c:212:14:mixer_track_filter_compute_modulated_cutoff	16	static
../Src/Audio/mixer.c:281:13:mixer_track_filter_process_block	32	static
../Src/Audio/mixer.c:384:6:mixer_init	8	static
../Src/Audio/mixer.c:427:6:mixer_set_master	8	static
../Src/Audio/mixer.c:449:7:mixer_get_master	8	static
../Src/Audio/mixer.c:466:6:mixer_set_track_gain	8	static
../Src/Audio/mixer.c:492:7:mixer_get_track_gain	0	static
../Src/Audio/mixer.c:512:6:mixer_set_track_pan	8	static
../Src/Audio/mixer.c:532:6:mixer_set_track_mute	0	static
../Src/Audio/mixer.c:552:6:mixer_set_track_route	0	static
../Src/Audio/mixer.c:574:6:mixer_set_track_insert_slot	0	static
../Src/Audio/mixer.c:595:6:mixer_set_track_send_level	16	static
../Src/Audio/mixer.c:615:6:mixer_set_send_fx_slot	0	static
../Src/Audio/mixer.c:623:6:mixer_set_track_filter_type	8	static
../Src/Audio/mixer.c:636:6:mixer_set_track_filter_cutoff	8	static
../Src/Audio/mixer.c:646:6:mixer_set_track_filter_resonance	16	static
../Src/Audio/mixer.c:656:6:mixer_set_track_filter_eg_amount	8	static
../Src/Audio/mixer.c:664:6:mixer_set_track_filter_attack	8	static
../Src/Audio/mixer.c:674:6:mixer_set_track_filter_decay	8	static
../Src/Audio/mixer.c:684:6:mixer_set_track_filter_sustain	8	static
../Src/Audio/mixer.c:692:6:mixer_set_track_filter_release	8	static
../Src/Audio/mixer.c:702:6:mixer_set_track_filter_keytrack	8	static
../Src/Audio/mixer.c:710:6:mixer_set_track_filter_env_reset	0	static
../Src/Audio/mixer.c:718:6:mixer_set_track_filter_env_delay	8	static
../Src/Audio/mixer.c:733:6:mixer_set_track_filter_eq_low	8	static
../Src/Audio/mixer.c:743:6:mixer_set_track_filter_eq_mid	8	static
../Src/Audio/mixer.c:753:6:mixer_set_track_filter_eq_high	8	static
../Src/Audio/mixer.c:763:6:mixer_track_filter_note_on	0	static
../Src/Audio/mixer.c:780:6:mixer_track_filter_note_off	0	static
../Src/Audio/mixer.c:793:6:mixer_track_filter_all_notes_off	0	static
../Src/Audio/mixer.c:829:6:mixer_process	56	static
