../Src/Audio/mixer.c:58:14:clamp01	0	static
../Src/Audio/mixer.c:78:14:clamp_pan	0	static
../Src/Audio/mixer.c:101:6:mixer_init	8	static
../Src/Audio/mixer.c:142:6:mixer_set_master	8	static
../Src/Audio/mixer.c:164:7:mixer_get_master	8	static
../Src/Audio/mixer.c:181:6:mixer_set_track_gain	8	static
../Src/Audio/mixer.c:207:7:mixer_get_track_gain	0	static
../Src/Audio/mixer.c:227:6:mixer_set_track_pan	8	static
../Src/Audio/mixer.c:247:6:mixer_set_track_mute	0	static
../Src/Audio/mixer.c:267:6:mixer_set_track_route	0	static
../Src/Audio/mixer.c:289:6:mixer_set_track_insert_slot	0	static
../Src/Audio/mixer.c:310:6:mixer_set_track_send_level	16	static
../Src/Audio/mixer.c:330:6:mixer_set_send_fx_slot	0	static
../Src/Audio/mixer.c:361:6:mixer_process	48	static
