../Src/Audio/mixer.c:110:14:clampf_local	0	static
../Src/Audio/mixer.c:119:14:mixer_smooth_block	0	static
../Src/Audio/mixer.c:124:16:mixer_track_filter_type_is_biquad	0	static
../Src/Audio/mixer.c:131:32:mixer_track_filter_type_to_biquad_mode	0	static
../Src/Audio/mixer.c:147:14:mixer_track_filter_resonance_to_biquad_q	8	static
../Src/Audio/mixer.c:153:14:mixer_track_filter_step_linear	0	static
../Src/Audio/mixer.c:169:14:mixer_track_filter_process_env	16	static
../Src/Audio/mixer.c:373:14:clamp01	0	static
../Src/Audio/mixer.c:393:14:clamp_pan	0	static
../Src/Audio/mixer.c:246:13:mixer_track_filter_apply_core_params	16	static
../Src/Audio/mixer.c:264:13:mixer_track_filter_reset_dsp	8	static
../Src/Audio/mixer.c:275:13:mixer_track_filter_init	8	static
../Src/Audio/mixer.c:223:14:mixer_track_filter_keytrack_multiplier	8	static
../Src/Audio/mixer.c:229:14:mixer_track_filter_compute_modulated_cutoff	16	static
../Src/Audio/mixer.c:303:13:mixer_track_filter_process_block	40	static
../Src/Audio/mixer.c:466:6:mixer_set_master	8	static
../Src/Audio/mixer.c:488:7:mixer_get_master	8	static
../Src/Audio/mixer.c:505:6:mixer_set_track_gain	8	static
../Src/Audio/mixer.c:531:7:mixer_get_track_gain	0	static
../Src/Audio/mixer.c:551:6:mixer_set_track_pan	8	static
../Src/Audio/mixer.c:571:6:mixer_set_track_mute	0	static
../Src/Audio/mixer.c:591:6:mixer_set_track_route	0	static
../Src/Audio/mixer.c:613:6:mixer_set_track_insert_slot	0	static
../Src/Audio/mixer.c:634:6:mixer_set_track_send_level	16	static
../Src/Audio/mixer.c:654:6:mixer_set_send_fx_slot	0	static
../Src/Audio/mixer.c:662:6:mixer_set_track_filter_type	8	static
../Src/Audio/mixer.c:675:6:mixer_set_track_filter_cutoff	8	static
../Src/Audio/mixer.c:684:6:mixer_set_track_filter_resonance	8	static
../Src/Audio/mixer.c:693:6:mixer_set_track_filter_eg_amount	8	static
../Src/Audio/mixer.c:701:6:mixer_set_track_filter_attack	8	static
../Src/Audio/mixer.c:711:6:mixer_set_track_filter_decay	8	static
../Src/Audio/mixer.c:721:6:mixer_set_track_filter_sustain	8	static
../Src/Audio/mixer.c:729:6:mixer_set_track_filter_release	8	static
../Src/Audio/mixer.c:739:6:mixer_set_track_filter_keytrack	8	static
../Src/Audio/mixer.c:747:6:mixer_set_track_filter_env_reset	0	static
../Src/Audio/mixer.c:755:6:mixer_set_track_filter_env_delay	8	static
../Src/Audio/mixer.c:770:6:mixer_set_track_filter_eq_low	0	static
../Src/Audio/mixer.c:779:6:mixer_set_track_filter_eq_mid	0	static
../Src/Audio/mixer.c:788:6:mixer_set_track_filter_eq_high	0	static
../Src/Audio/mixer.c:797:6:mixer_track_filter_note_on	0	static
../Src/Audio/mixer.c:814:6:mixer_track_filter_note_off	0	static
../Src/Audio/mixer.c:827:6:mixer_track_filter_all_notes_off	0	static
../Src/Audio/mixer.c:840:28:mixer_external_inputs_clear	0	static
../Src/Audio/mixer.c:416:6:mixer_init	8	static
../Src/Audio/mixer.c:845:28:mixer_submit_external_mono	8	static
../Src/Audio/mixer.c:889:6:mixer_process	80	static
