../Src/Audio/mixer.c:43:14:clamp01	0	static
../Src/Audio/mixer.c:50:14:clamp_pan	0	static
../Src/Audio/mixer.c:63:6:mixer_init	8	static
../Src/Audio/mixer.c:93:6:mixer_set_master	8	static
../Src/Audio/mixer.c:103:7:mixer_get_master	8	static
../Src/Audio/mixer.c:108:6:mixer_set_track_gain	8	static
../Src/Audio/mixer.c:121:7:mixer_get_track_gain	0	static
../Src/Audio/mixer.c:129:6:mixer_set_track_pan	8	static
../Src/Audio/mixer.c:137:6:mixer_set_track_mute	0	static
../Src/Audio/mixer.c:145:6:mixer_set_track_route	0	static
../Src/Audio/mixer.c:154:6:mixer_set_track_insert_slot	0	static
../Src/Audio/mixer.c:162:6:mixer_set_track_send_level	16	static
../Src/Audio/mixer.c:170:6:mixer_set_send_fx_slot	0	static
../Src/Audio/mixer.c:188:6:mixer_process	40	static
