../Src/Audio/sd_multitrack_recorder.c:179:17:recorder_ring_count	0	static
../Src/Audio/sd_multitrack_recorder.c:198:13:recorder_ring_reset	0	static
../Src/Audio/sd_multitrack_recorder.c:321:16:recorder_cmd_push	4	static,ignoring_inline_asm
../Src/Audio/sd_multitrack_recorder.c:357:16:recorder_cmd_pop	0	static
../Src/Audio/sd_multitrack_recorder.c:381:13:recorder_set_state	0	static
../Src/Audio/sd_multitrack_recorder.c:402:16:recorder_has_armed_stems	0	static
../Src/Audio/sd_multitrack_recorder.c:424:17:recorder_count_armed_stems	0	static
../Src/Audio/sd_multitrack_recorder.c:448:13:recorder_pcm24_pack	12	static
../Src/Audio/sd_multitrack_recorder.c:746:16:recorder_pick_most_filled_stem	16	static
../Src/Audio/sd_multitrack_recorder.c:820:16:recorder_discard_one_block	8	static
../Src/Audio/sd_multitrack_recorder.c:222:16:recorder_ring_push_block	32	static,ignoring_inline_asm
../Src/Audio/sd_multitrack_recorder.c:483:13:recorder_build_wav_header	0	static
../Src/Audio/sd_multitrack_recorder.c:288:16:recorder_ring_pop_block	8	static,ignoring_inline_asm
../Src/Audio/sd_multitrack_recorder.c:516:16:recorder_mount_fs	8	static
../Src/Audio/sd_multitrack_recorder.c:541:16:recorder_get_free_bytes	16	static
../Src/Audio/sd_multitrack_recorder.c:571:16:recorder_prepare_files	152	static
../Src/Audio/sd_multitrack_recorder.c:779:13:recorder_try_periodic_sync	16	static
../Src/Audio/sd_multitrack_recorder.c:843:16:recorder_drain_one_block	32	static
../Src/Audio/sd_multitrack_recorder.c:695:16:recorder_patch_headers_and_close	64	static
../Src/Audio/sd_multitrack_recorder.c:669:13:recorder_close_all_files	16	static
../Src/Audio/sd_multitrack_recorder.c:917:6:sd_recorder_init	8	static
../Src/Audio/sd_multitrack_recorder.c:942:6:sd_recorder_set_writer_budget	0	static
../Src/Audio/sd_multitrack_recorder.c:962:9:sd_recorder_request_start	16	static
../Src/Audio/sd_multitrack_recorder.c:988:9:sd_recorder_request_stop	16	static
../Src/Audio/sd_multitrack_recorder.c:1016:9:sd_recorder_request_arm_stem	16	static
../Src/Audio/sd_multitrack_recorder.c:1054:9:sd_recorder_request_disarm_stem	16	static
../Src/Audio/sd_multitrack_recorder.c:1088:6:sd_recorder_audio_block_begin	24	static
../Src/Audio/sd_multitrack_recorder.c:1199:6:sd_recorder_capture_tap_block	24	static
../Src/Audio/sd_multitrack_recorder.c:1232:6:sd_recorder_writer_service	24	static
../Src/Audio/sd_multitrack_recorder.c:1336:6:sd_recorder_get_ring_fill	16	static
../Src/Audio/sd_multitrack_recorder.c:1366:21:sd_recorder_get_state	0	static
../Src/Audio/sd_multitrack_recorder.c:1382:6:sd_recorder_get_debug	4	static
