C:/Users/developpeur/Documents/BRICK5_H743_176/BRICK6_CUBE_fonctionnel/mutable_instruments/stmlib/dsp/dsp.h:131:18:int32_t stmlib::Clip16(int32_t)	24	static,ignoring_inline_asm
C:/Users/developpeur/Documents/BRICK5_H743_176/BRICK6_CUBE_fonctionnel/mutable_instruments/stmlib/dsp/filter.h:178:8:void stmlib::Svf::Init()	16	static
C:/Users/developpeur/Documents/BRICK5_H743_176/BRICK6_CUBE_fonctionnel/mutable_instruments/stmlib/dsp/filter.h:183:8:void stmlib::Svf::Reset()	16	static
C:/Users/developpeur/Documents/BRICK5_H743_176/BRICK6_CUBE_fonctionnel/mutable_instruments/warps/dsp/oscillator.h:57:16:float warps::Oscillator::midi_to_increment(float) const	24	static
C:/Users/developpeur/Documents/BRICK5_H743_176/BRICK6_CUBE_fonctionnel/mutable_instruments/warps/dsp/oscillator.h:80:23:static float warps::Oscillator::ThisBlepSample(float)	16	static
C:/Users/developpeur/Documents/BRICK5_H743_176/BRICK6_CUBE_fonctionnel/mutable_instruments/warps/dsp/oscillator.h:83:23:static float warps::Oscillator::NextBlepSample(float)	16	static
C:/Users/developpeur/Documents/BRICK5_H743_176/BRICK6_CUBE_fonctionnel/mutable_instruments/stmlib/dsp/parameter_interpolator.h:39:3:stmlib::ParameterInterpolator::ParameterInterpolator(float*, float, size_t)	24	static
C:/Users/developpeur/Documents/BRICK5_H743_176/BRICK6_CUBE_fonctionnel/mutable_instruments/stmlib/dsp/parameter_interpolator.h:43:3:stmlib::ParameterInterpolator::~ParameterInterpolator()	16	static
C:/Users/developpeur/Documents/BRICK5_H743_176/BRICK6_CUBE_fonctionnel/mutable_instruments/stmlib/dsp/parameter_interpolator.h:47:15:void stmlib::ParameterInterpolator::Init(float*, float, size_t)	24	static
C:/Users/developpeur/Documents/BRICK5_H743_176/BRICK6_CUBE_fonctionnel/mutable_instruments/stmlib/dsp/parameter_interpolator.h:53:16:float stmlib::ParameterInterpolator::Next()	16	static
C:/Users/developpeur/Documents/BRICK5_H743_176/BRICK6_CUBE_fonctionnel/mutable_instruments/stmlib/utils/random.h:38:26:static uint32_t stmlib::Random::state()	4	static
C:/Users/developpeur/Documents/BRICK5_H743_176/BRICK6_CUBE_fonctionnel/mutable_instruments/stmlib/utils/random.h:44:26:static uint32_t stmlib::Random::GetWord()	8	static
C:/Users/developpeur/Documents/BRICK5_H743_176/BRICK6_CUBE_fonctionnel/mutable_instruments/warps/dsp/oscillator.cpp:42:6:void warps::Oscillator::Init(float)	16	static
C:/Users/developpeur/Documents/BRICK5_H743_176/BRICK6_CUBE_fonctionnel/mutable_instruments/warps/dsp/oscillator.cpp:58:7:float warps::Oscillator::Render(warps::OscillatorShape, float, float*, float*, size_t)	40	static
C:/Users/developpeur/Documents/BRICK5_H743_176/BRICK6_CUBE_fonctionnel/mutable_instruments/warps/dsp/oscillator.cpp:67:7:float warps::Oscillator::RenderSine(float, float*, float*, size_t)	80	static
C:/Users/developpeur/Documents/BRICK5_H743_176/BRICK6_CUBE_fonctionnel/mutable_instruments/warps/dsp/oscillator.cpp:175:7:float warps::Oscillator::Duck(const float*, const float*, float*, size_t)	40	static
C:/Users/developpeur/Documents/BRICK5_H743_176/BRICK6_CUBE_fonctionnel/mutable_instruments/warps/dsp/oscillator.cpp:193:7:float warps::Oscillator::RenderNoise(float, float*, float*, size_t)	56	static
C:/Users/developpeur/Documents/BRICK5_H743_176/BRICK6_CUBE_fonctionnel/mutable_instruments/stmlib/dsp/filter.h:219:15:void stmlib::Svf::set_f_q(float, float) [with stmlib::FrequencyApproximation approximation = stmlib::FREQUENCY_DIRTY]	24	static
C:/Users/developpeur/Documents/BRICK5_H743_176/BRICK6_CUBE_fonctionnel/mutable_instruments/stmlib/dsp/filter.h:219:15:void stmlib::Svf::set_f_q(float, float) [with stmlib::FrequencyApproximation approximation = stmlib::FREQUENCY_ACCURATE]	24	static
C:/Users/developpeur/Documents/BRICK5_H743_176/BRICK6_CUBE_fonctionnel/mutable_instruments/stmlib/dsp/filter.h:276:15:void stmlib::Svf::Process(const float*, float*, size_t) [with stmlib::FilterMode mode = stmlib::FILTER_MODE_LOW_PASS]	48	static
C:/Users/developpeur/Documents/BRICK5_H743_176/BRICK6_CUBE_fonctionnel/mutable_instruments/warps/dsp/oscillator.cpp:95:7:float warps::Oscillator::RenderPolyblep(float, float*, float*, size_t) [with warps::OscillatorShape shape = warps::OSCILLATOR_SHAPE_TRIANGLE]	96	static
C:/Users/developpeur/Documents/BRICK5_H743_176/BRICK6_CUBE_fonctionnel/mutable_instruments/warps/dsp/oscillator.cpp:95:7:float warps::Oscillator::RenderPolyblep(float, float*, float*, size_t) [with warps::OscillatorShape shape = warps::OSCILLATOR_SHAPE_SAW]	88	static
C:/Users/developpeur/Documents/BRICK5_H743_176/BRICK6_CUBE_fonctionnel/mutable_instruments/warps/dsp/oscillator.cpp:95:7:float warps::Oscillator::RenderPolyblep(float, float*, float*, size_t) [with warps::OscillatorShape shape = warps::OSCILLATOR_SHAPE_PULSE]	96	static
C:/Users/developpeur/Documents/BRICK5_H743_176/BRICK6_CUBE_fonctionnel/mutable_instruments/stmlib/dsp/filter.h:111:23:static float stmlib::OnePole::tan(float) [with stmlib::FrequencyApproximation approximation = stmlib::FREQUENCY_DIRTY]	24	static
C:/Users/developpeur/Documents/BRICK5_H743_176/BRICK6_CUBE_fonctionnel/mutable_instruments/stmlib/dsp/filter.h:111:23:static float stmlib::OnePole::tan(float) [with stmlib::FrequencyApproximation approximation = stmlib::FREQUENCY_ACCURATE]	40	static
