C:/Users/developpeur/Documents/BRICK5_H743_176/BRICK6_CUBE_fonctionnel/mutable_instruments/warps/dsp/modulator.h:146:22:warps::Parameters* warps::Modulator::mutable_parameters()	16	static
C:/Users/developpeur/Documents/BRICK5_H743_176/BRICK6_CUBE_fonctionnel/mutable_instruments/warps/dsp/warps_fx.cpp:6:6:void WarpsFX::Init(float)	16	static
C:/Users/developpeur/Documents/BRICK5_H743_176/BRICK6_CUBE_fonctionnel/mutable_instruments/warps/dsp/warps_fx.cpp:17:6:void WarpsFX::Process(float*, float*, float*, float*, int)	56	static
C:/Users/developpeur/Documents/BRICK5_H743_176/BRICK6_CUBE_fonctionnel/mutable_instruments/warps/dsp/warps_fx.cpp:49:6:void WarpsFX::SetAlgorithm(float)	24	static
C:/Users/developpeur/Documents/BRICK5_H743_176/BRICK6_CUBE_fonctionnel/mutable_instruments/warps/dsp/warps_fx.cpp:56:6:void WarpsFX::SetParameter(float)	24	static
C:/Users/developpeur/Documents/BRICK5_H743_176/BRICK6_CUBE_fonctionnel/mutable_instruments/warps/dsp/warps_fx.cpp:63:6:void WarpsFX::SetDrive(float, float)	32	static
C:/Users/developpeur/Documents/BRICK5_H743_176/BRICK6_CUBE_fonctionnel/mutable_instruments/warps/dsp/warps_fx.cpp:71:7:static float WarpsFX::Clamp01(float)	24	static
C:\ST\STM32CubeIDE_2.0.0\STM32CubeIDE\plugins\com.st.stm32cube.ide.mcu.externaltools.gnu-tools-for-stm32.13.3.rel1.win32_1.0.100.202509120712\tools\arm-none-eabi\include\c++\13.3.1\bits\stl_algobase.h:233:5:constexpr const _Tp& std::min(const _Tp&, const _Tp&) [with _Tp = float]	16	static
C:/Users/developpeur/Documents/BRICK5_H743_176/BRICK6_CUBE_fonctionnel/mutable_instruments/warps/dsp/warps_fx.cpp:75:7:static short int WarpsFX::FloatToInt16(float)	32	static
C:/Users/developpeur/Documents/BRICK5_H743_176/BRICK6_CUBE_fonctionnel/mutable_instruments/warps/dsp/warps_fx.cpp:81:7:static float WarpsFX::Int16ToFloat(short int)	16	static
C:\ST\STM32CubeIDE_2.0.0\STM32CubeIDE\plugins\com.st.stm32cube.ide.mcu.externaltools.gnu-tools-for-stm32.13.3.rel1.win32_1.0.100.202509120712\tools\arm-none-eabi\include\c++\13.3.1\bits\stl_algobase.h:233:5:constexpr const _Tp& std::min(const _Tp&, const _Tp&) [with _Tp = int]	16	static
C:\ST\STM32CubeIDE_2.0.0\STM32CubeIDE\plugins\com.st.stm32cube.ide.mcu.externaltools.gnu-tools-for-stm32.13.3.rel1.win32_1.0.100.202509120712\tools\arm-none-eabi\include\c++\13.3.1\bits\stl_algobase.h:257:5:constexpr const _Tp& std::max(const _Tp&, const _Tp&) [with _Tp = float]	16	static
