C:/Users/developpeur/Documents/BRICK5_H743_176/BRICK6_CUBE_fonctionnel/mutable_instruments/stmlib/dsp/filter.h:175:3:stmlib::Svf::Svf()	16	static
C:/Users/developpeur/Documents/BRICK5_H743_176/BRICK6_CUBE_fonctionnel/mutable_instruments/stmlib/dsp/filter.h:176:3:stmlib::Svf::~Svf()	16	static
C:/Users/developpeur/Documents/BRICK5_H743_176/BRICK6_CUBE_fonctionnel/mutable_instruments/stmlib/dsp/filter.h:653:3:stmlib::CrossoverSvf::CrossoverSvf()	16	static
C:/Users/developpeur/Documents/BRICK5_H743_176/BRICK6_CUBE_fonctionnel/mutable_instruments/stmlib/dsp/filter.h:654:3:stmlib::CrossoverSvf::~CrossoverSvf()	16	static
C:/Users/developpeur/Documents/BRICK5_H743_176/BRICK6_CUBE_fonctionnel/mutable_instruments/warps/dsp/oscillator.h:45:3:warps::Oscillator::Oscillator()	16	static
C:/Users/developpeur/Documents/BRICK5_H743_176/BRICK6_CUBE_fonctionnel/mutable_instruments/warps/dsp/oscillator.h:46:3:warps::Oscillator::~Oscillator()	16	static
C:/Users/developpeur/Documents/BRICK5_H743_176/BRICK6_CUBE_fonctionnel/mutable_instruments/warps/dsp/quadrature_oscillator.h:43:3:warps::QuadratureOscillator::QuadratureOscillator()	16	static
C:/Users/developpeur/Documents/BRICK5_H743_176/BRICK6_CUBE_fonctionnel/mutable_instruments/warps/dsp/quadrature_oscillator.h:44:3:warps::QuadratureOscillator::~QuadratureOscillator()	16	static
C:/Users/developpeur/Documents/BRICK5_H743_176/BRICK6_CUBE_fonctionnel/mutable_instruments/warps/dsp/quadrature_transform.h:43:3:warps::QuadratureTransform::QuadratureTransform()	24	static
C:/Users/developpeur/Documents/BRICK5_H743_176/BRICK6_CUBE_fonctionnel/mutable_instruments/warps/dsp/quadrature_transform.h:44:3:warps::QuadratureTransform::~QuadratureTransform()	24	static
C:/Users/developpeur/Documents/BRICK5_H743_176/BRICK6_CUBE_fonctionnel/mutable_instruments/warps/dsp/quadrature_transform.h:72:5:warps::QuadratureTransform::AllPassFilter::AllPassFilter()	16	static
C:/Users/developpeur/Documents/BRICK5_H743_176/BRICK6_CUBE_fonctionnel/mutable_instruments/warps/dsp/quadrature_transform.h:73:5:warps::QuadratureTransform::AllPassFilter::~AllPassFilter()	16	static
C:/Users/developpeur/Documents/BRICK5_H743_176/BRICK6_CUBE_fonctionnel/mutable_instruments/warps/dsp/filter_bank.h:51:3:warps::PooledDelayLine::PooledDelayLine()	16	static
C:/Users/developpeur/Documents/BRICK5_H743_176/BRICK6_CUBE_fonctionnel/mutable_instruments/warps/dsp/filter_bank.h:52:3:warps::PooledDelayLine::~PooledDelayLine()	16	static
C:/Users/developpeur/Documents/BRICK5_H743_176/BRICK6_CUBE_fonctionnel/mutable_instruments/warps/dsp/filter_bank.h:77:8:warps::Band::Band()	24	static
C:/Users/developpeur/Documents/BRICK5_H743_176/BRICK6_CUBE_fonctionnel/mutable_instruments/warps/dsp/filter_bank.h:77:8:warps::Band::~Band()	24	static
C:/Users/developpeur/Documents/BRICK5_H743_176/BRICK6_CUBE_fonctionnel/mutable_instruments/warps/dsp/filter_bank.h:90:3:warps::FilterBank::FilterBank()	24	static
C:/Users/developpeur/Documents/BRICK5_H743_176/BRICK6_CUBE_fonctionnel/mutable_instruments/warps/dsp/filter_bank.h:91:3:warps::FilterBank::~FilterBank()	24	static
C:/Users/developpeur/Documents/BRICK5_H743_176/BRICK6_CUBE_fonctionnel/mutable_instruments/warps/dsp/limiter.h:43:3:warps::Limiter::Limiter()	16	static
C:/Users/developpeur/Documents/BRICK5_H743_176/BRICK6_CUBE_fonctionnel/mutable_instruments/warps/dsp/limiter.h:44:3:warps::Limiter::~Limiter()	16	static
C:/Users/developpeur/Documents/BRICK5_H743_176/BRICK6_CUBE_fonctionnel/mutable_instruments/warps/dsp/vocoder.h:43:3:warps::EnvelopeFollower::EnvelopeFollower()	16	static
C:/Users/developpeur/Documents/BRICK5_H743_176/BRICK6_CUBE_fonctionnel/mutable_instruments/warps/dsp/vocoder.h:44:3:warps::EnvelopeFollower::~EnvelopeFollower()	16	static
C:/Users/developpeur/Documents/BRICK5_H743_176/BRICK6_CUBE_fonctionnel/mutable_instruments/warps/dsp/vocoder.h:102:3:warps::Vocoder::Vocoder()	24	static
C:/Users/developpeur/Documents/BRICK5_H743_176/BRICK6_CUBE_fonctionnel/mutable_instruments/warps/dsp/vocoder.h:103:3:warps::Vocoder::~Vocoder()	24	static
C:/Users/developpeur/Documents/BRICK5_H743_176/BRICK6_CUBE_fonctionnel/mutable_instruments/warps/dsp/modulator.h:55:3:warps::SaturatingAmplifier::SaturatingAmplifier()	16	static
C:/Users/developpeur/Documents/BRICK5_H743_176/BRICK6_CUBE_fonctionnel/mutable_instruments/warps/dsp/modulator.h:56:3:warps::SaturatingAmplifier::~SaturatingAmplifier()	16	static
C:/Users/developpeur/Documents/BRICK5_H743_176/BRICK6_CUBE_fonctionnel/mutable_instruments/warps/dsp/modulator.h:140:3:warps::Modulator::Modulator()	24	static
C:/Users/developpeur/Documents/BRICK5_H743_176/BRICK6_CUBE_fonctionnel/mutable_instruments/warps/dsp/modulator.h:141:3:warps::Modulator::~Modulator()	24	static
C:/Users/developpeur/Documents/BRICK5_H743_176/BRICK6_CUBE_fonctionnel/mutable_instruments/warps/dsp/warps_fx.h:7:7:WarpsFX::WarpsFX()	16	static
C:/Users/developpeur/Documents/BRICK5_H743_176/BRICK6_CUBE_fonctionnel/mutable_instruments/warps/dsp/warps_fx_c_api.cpp:11:6:void warps_fx_engine_init(float)	16	static
C:/Users/developpeur/Documents/BRICK5_H743_176/BRICK6_CUBE_fonctionnel/mutable_instruments/warps/dsp/warps_fx_c_api.cpp:15:6:void warps_fx_engine_process(float*, float*, float*, float*, int)	32	static
C:/Users/developpeur/Documents/BRICK5_H743_176/BRICK6_CUBE_fonctionnel/mutable_instruments/warps/dsp/warps_fx_c_api.cpp:24:6:void warps_fx_engine_set_algorithm(float)	16	static
C:/Users/developpeur/Documents/BRICK5_H743_176/BRICK6_CUBE_fonctionnel/mutable_instruments/warps/dsp/warps_fx_c_api.cpp:28:6:void warps_fx_engine_set_parameter(float)	16	static
C:/Users/developpeur/Documents/BRICK5_H743_176/BRICK6_CUBE_fonctionnel/mutable_instruments/warps/dsp/warps_fx_c_api.cpp:32:6:void warps_fx_engine_set_drive(float, float)	16	static
C:/Users/developpeur/Documents/BRICK5_H743_176/BRICK6_CUBE_fonctionnel/mutable_instruments/warps/dsp/sample_rate_converter.h:208:3:warps::SampleRateConverter<warps::SRC_DOWN, ratio, filter_size>::SampleRateConverter() [with long int ratio = 4; long int filter_size = 48]	16	static
C:/Users/developpeur/Documents/BRICK5_H743_176/BRICK6_CUBE_fonctionnel/mutable_instruments/warps/dsp/sample_rate_converter.h:209:3:warps::SampleRateConverter<warps::SRC_DOWN, ratio, filter_size>::~SampleRateConverter() [with long int ratio = 4; long int filter_size = 48]	16	static
C:/Users/developpeur/Documents/BRICK5_H743_176/BRICK6_CUBE_fonctionnel/mutable_instruments/warps/dsp/sample_rate_converter.h:172:3:warps::SampleRateConverter<warps::SRC_UP, ratio, filter_size>::SampleRateConverter() [with long int ratio = 4; long int filter_size = 48]	16	static
C:/Users/developpeur/Documents/BRICK5_H743_176/BRICK6_CUBE_fonctionnel/mutable_instruments/warps/dsp/sample_rate_converter.h:173:3:warps::SampleRateConverter<warps::SRC_UP, ratio, filter_size>::~SampleRateConverter() [with long int ratio = 4; long int filter_size = 48]	16	static
C:/Users/developpeur/Documents/BRICK5_H743_176/BRICK6_CUBE_fonctionnel/mutable_instruments/warps/dsp/sample_rate_converter.h:172:3:warps::SampleRateConverter<warps::SRC_UP, ratio, filter_size>::SampleRateConverter() [with long int ratio = 6; long int filter_size = 48]	16	static
C:/Users/developpeur/Documents/BRICK5_H743_176/BRICK6_CUBE_fonctionnel/mutable_instruments/warps/dsp/sample_rate_converter.h:173:3:warps::SampleRateConverter<warps::SRC_UP, ratio, filter_size>::~SampleRateConverter() [with long int ratio = 6; long int filter_size = 48]	16	static
C:/Users/developpeur/Documents/BRICK5_H743_176/BRICK6_CUBE_fonctionnel/mutable_instruments/warps/dsp/sample_rate_converter.h:208:3:warps::SampleRateConverter<warps::SRC_DOWN, ratio, filter_size>::SampleRateConverter() [with long int ratio = 6; long int filter_size = 48]	16	static
C:/Users/developpeur/Documents/BRICK5_H743_176/BRICK6_CUBE_fonctionnel/mutable_instruments/warps/dsp/sample_rate_converter.h:209:3:warps::SampleRateConverter<warps::SRC_DOWN, ratio, filter_size>::~SampleRateConverter() [with long int ratio = 6; long int filter_size = 48]	16	static
C:/Users/developpeur/Documents/BRICK5_H743_176/BRICK6_CUBE_fonctionnel/mutable_instruments/warps/dsp/warps_fx_c_api.cpp:36:1:void __static_initialization_and_destruction_0()	8	static
C:/Users/developpeur/Documents/BRICK5_H743_176/BRICK6_CUBE_fonctionnel/mutable_instruments/warps/dsp/warps_fx.h:7:7:WarpsFX::~WarpsFX()	16	static
C:/Users/developpeur/Documents/BRICK5_H743_176/BRICK6_CUBE_fonctionnel/mutable_instruments/warps/dsp/warps_fx_c_api.cpp:36:1:void __static_initialization_and_destruction_1()	8	static
C:/Users/developpeur/Documents/BRICK5_H743_176/BRICK6_CUBE_fonctionnel/mutable_instruments/warps/dsp/warps_fx_c_api.cpp:36:1:cpp)	8	static
C:/Users/developpeur/Documents/BRICK5_H743_176/BRICK6_CUBE_fonctionnel/mutable_instruments/warps/dsp/warps_fx_c_api.cpp:36:1:cpp)	8	static
