Archive member included to satisfy reference by file (symbol)

C:/ST/STM32CubeIDE_2.0.0/STM32CubeIDE/plugins/com.st.stm32cube.ide.mcu.externaltools.gnu-tools-for-stm32.13.3.rel1.win32_1.0.100.202509120712/tools/bin/../lib/gcc/arm-none-eabi/13.3.1/../../../../arm-none-eabi/lib/thumb/v7e-m+dp/hard\libc_nano.a(libc_a-exit.o)
                              C:/ST/STM32CubeIDE_2.0.0/STM32CubeIDE/plugins/com.st.stm32cube.ide.mcu.externaltools.gnu-tools-for-stm32.13.3.rel1.win32_1.0.100.202509120712/tools/bin/../lib/gcc/arm-none-eabi/13.3.1/../../../../arm-none-eabi/lib/thumb/v7e-m+dp/hard/crt0.o (exit)
C:/ST/STM32CubeIDE_2.0.0/STM32CubeIDE/plugins/com.st.stm32cube.ide.mcu.externaltools.gnu-tools-for-stm32.13.3.rel1.win32_1.0.100.202509120712/tools/bin/../lib/gcc/arm-none-eabi/13.3.1/../../../../arm-none-eabi/lib/thumb/v7e-m+dp/hard\libc_nano.a(libc_a-findfp.o)
                              C:/ST/STM32CubeIDE_2.0.0/STM32CubeIDE/plugins/com.st.stm32cube.ide.mcu.externaltools.gnu-tools-for-stm32.13.3.rel1.win32_1.0.100.202509120712/tools/bin/../lib/gcc/arm-none-eabi/13.3.1/../../../../arm-none-eabi/lib/thumb/v7e-m+dp/hard\libc_nano.a(libc_a-exit.o) (__stdio_exit_handler)
C:/ST/STM32CubeIDE_2.0.0/STM32CubeIDE/plugins/com.st.stm32cube.ide.mcu.externaltools.gnu-tools-for-stm32.13.3.rel1.win32_1.0.100.202509120712/tools/bin/../lib/gcc/arm-none-eabi/13.3.1/../../../../arm-none-eabi/lib/thumb/v7e-m+dp/hard\libc_nano.a(libc_a-fwalk.o)
                              C:/ST/STM32CubeIDE_2.0.0/STM32CubeIDE/plugins/com.st.stm32cube.ide.mcu.externaltools.gnu-tools-for-stm32.13.3.rel1.win32_1.0.100.202509120712/tools/bin/../lib/gcc/arm-none-eabi/13.3.1/../../../../arm-none-eabi/lib/thumb/v7e-m+dp/hard\libc_nano.a(libc_a-findfp.o) (_fwalk_sglue)
C:/ST/STM32CubeIDE_2.0.0/STM32CubeIDE/plugins/com.st.stm32cube.ide.mcu.externaltools.gnu-tools-for-stm32.13.3.rel1.win32_1.0.100.202509120712/tools/bin/../lib/gcc/arm-none-eabi/13.3.1/../../../../arm-none-eabi/lib/thumb/v7e-m+dp/hard\libc_nano.a(libc_a-snprintf.o)
                              ./Src/diagnostics_tasklet.o (snprintf)
C:/ST/STM32CubeIDE_2.0.0/STM32CubeIDE/plugins/com.st.stm32cube.ide.mcu.externaltools.gnu-tools-for-stm32.13.3.rel1.win32_1.0.100.202509120712/tools/bin/../lib/gcc/arm-none-eabi/13.3.1/../../../../arm-none-eabi/lib/thumb/v7e-m+dp/hard\libc_nano.a(libc_a-stdio.o)
                              C:/ST/STM32CubeIDE_2.0.0/STM32CubeIDE/plugins/com.st.stm32cube.ide.mcu.externaltools.gnu-tools-for-stm32.13.3.rel1.win32_1.0.100.202509120712/tools/bin/../lib/gcc/arm-none-eabi/13.3.1/../../../../arm-none-eabi/lib/thumb/v7e-m+dp/hard\libc_nano.a(libc_a-findfp.o) (__sread)
C:/ST/STM32CubeIDE_2.0.0/STM32CubeIDE/plugins/com.st.stm32cube.ide.mcu.externaltools.gnu-tools-for-stm32.13.3.rel1.win32_1.0.100.202509120712/tools/bin/../lib/gcc/arm-none-eabi/13.3.1/../../../../arm-none-eabi/lib/thumb/v7e-m+dp/hard\libc_nano.a(libc_a-vsnprintf.o)
                              ./Src/diagnostics_tasklet.o (vsnprintf)
C:/ST/STM32CubeIDE_2.0.0/STM32CubeIDE/plugins/com.st.stm32cube.ide.mcu.externaltools.gnu-tools-for-stm32.13.3.rel1.win32_1.0.100.202509120712/tools/bin/../lib/gcc/arm-none-eabi/13.3.1/../../../../arm-none-eabi/lib/thumb/v7e-m+dp/hard\libc_nano.a(libc_a-memset.o)
                              C:/ST/STM32CubeIDE_2.0.0/STM32CubeIDE/plugins/com.st.stm32cube.ide.mcu.externaltools.gnu-tools-for-stm32.13.3.rel1.win32_1.0.100.202509120712/tools/bin/../lib/gcc/arm-none-eabi/13.3.1/../../../../arm-none-eabi/lib/thumb/v7e-m+dp/hard/crt0.o (memset)
C:/ST/STM32CubeIDE_2.0.0/STM32CubeIDE/plugins/com.st.stm32cube.ide.mcu.externaltools.gnu-tools-for-stm32.13.3.rel1.win32_1.0.100.202509120712/tools/bin/../lib/gcc/arm-none-eabi/13.3.1/../../../../arm-none-eabi/lib/thumb/v7e-m+dp/hard\libc_nano.a(libc_a-closer.o)
                              C:/ST/STM32CubeIDE_2.0.0/STM32CubeIDE/plugins/com.st.stm32cube.ide.mcu.externaltools.gnu-tools-for-stm32.13.3.rel1.win32_1.0.100.202509120712/tools/bin/../lib/gcc/arm-none-eabi/13.3.1/../../../../arm-none-eabi/lib/thumb/v7e-m+dp/hard\libc_nano.a(libc_a-stdio.o) (_close_r)
C:/ST/STM32CubeIDE_2.0.0/STM32CubeIDE/plugins/com.st.stm32cube.ide.mcu.externaltools.gnu-tools-for-stm32.13.3.rel1.win32_1.0.100.202509120712/tools/bin/../lib/gcc/arm-none-eabi/13.3.1/../../../../arm-none-eabi/lib/thumb/v7e-m+dp/hard\libc_nano.a(libc_a-reent.o)
                              C:/ST/STM32CubeIDE_2.0.0/STM32CubeIDE/plugins/com.st.stm32cube.ide.mcu.externaltools.gnu-tools-for-stm32.13.3.rel1.win32_1.0.100.202509120712/tools/bin/../lib/gcc/arm-none-eabi/13.3.1/../../../../arm-none-eabi/lib/thumb/v7e-m+dp/hard\libc_nano.a(libc_a-closer.o) (errno)
C:/ST/STM32CubeIDE_2.0.0/STM32CubeIDE/plugins/com.st.stm32cube.ide.mcu.externaltools.gnu-tools-for-stm32.13.3.rel1.win32_1.0.100.202509120712/tools/bin/../lib/gcc/arm-none-eabi/13.3.1/../../../../arm-none-eabi/lib/thumb/v7e-m+dp/hard\libc_nano.a(libc_a-impure.o)
[...]
Memory Configuration

Name             Origin             Length             Attributes
FLASH            0x08000000         0x00200000         xr
DTCMRAM          0x20000000         0x00020000         xrw
RAM_D1           0x24000000         0x00080000         xrw
RAM_D2           0x30000000         0x00048000         xrw
RAM_D3           0x38000000         0x00010000         xrw
ITCMRAM          0x00000000         0x00010000         xrw
*default*        0x00000000         0xffffffff

Linker script and memory map

LOAD C:/ST/STM32CubeIDE_2.0.0/STM32CubeIDE/plugins/com.st.stm32cube.ide.mcu.externaltools.gnu-tools-for-stm32.13.3.rel1.win32_1.0.100.202509120712/tools/bin/../lib/gcc/arm-none-eabi/13.3.1/thumb/v7e-m+dp/hard/crti.o
LOAD C:/ST/STM32CubeIDE_2.0.0/STM32CubeIDE/plugins/com.st.stm32cube.ide.mcu.externaltools.gnu-tools-for-stm32.13.3.rel1.win32_1.0.100.202509120712/tools/bin/../lib/gcc/arm-none-eabi/13.3.1/thumb/v7e-m+dp/hard/crtbegin.o
LOAD C:/ST/STM32CubeIDE_2.0.0/STM32CubeIDE/plugins/com.st.stm32cube.ide.mcu.externaltools.gnu-tools-for-stm32.13.3.rel1.win32_1.0.100.202509120712/tools/bin/../lib/gcc/arm-none-eabi/13.3.1/../../../../arm-none-eabi/lib/thumb/v7e-m+dp/hard/crt0.o
LOAD ./Drivers/STM32H7xx_HAL_Driver/Src/stm32h7xx_hal.o
LOAD ./Drivers/STM32H7xx_HAL_Driver/Src/stm32h7xx_hal_cortex.o
LOAD ./Drivers/STM32H7xx_HAL_Driver/Src/stm32h7xx_hal_dma.o
LOAD ./Drivers/STM32H7xx_HAL_Driver/Src/stm32h7xx_hal_dma_ex.o
LOAD ./Drivers/STM32H7xx_HAL_Driver/Src/stm32h7xx_hal_exti.o
LOAD ./Drivers/STM32H7xx_HAL_Driver/Src/stm32h7xx_hal_flash.o
LOAD ./Drivers/STM32H7xx_HAL_Driver/Src/stm32h7xx_hal_flash_ex.o
LOAD ./Drivers/STM32H7xx_HAL_Driver/Src/stm32h7xx_hal_gpio.o
LOAD ./Drivers/STM32H7xx_HAL_Driver/Src/stm32h7xx_hal_hcd.o
LOAD ./Drivers/STM32H7xx_HAL_Driver/Src/stm32h7xx_hal_hsem.o
LOAD ./Drivers/STM32H7xx_HAL_Driver/Src/stm32h7xx_hal_i2c.o
LOAD ./Drivers/STM32H7xx_HAL_Driver/Src/stm32h7xx_hal_i2c_ex.o
LOAD ./Drivers/STM32H7xx_HAL_Driver/Src/stm32h7xx_hal_mdma.o
LOAD ./Drivers/STM32H7xx_HAL_Driver/Src/stm32h7xx_hal_mmc.o
LOAD ./Drivers/STM32H7xx_HAL_Driver/Src/stm32h7xx_hal_mmc_ex.o
LOAD ./Drivers/STM32H7xx_HAL_Driver/Src/stm32h7xx_hal_nand.o
LOAD ./Drivers/STM32H7xx_HAL_Driver/Src/stm32h7xx_hal_nor.o
LOAD ./Drivers/STM32H7xx_HAL_Driver/Src/stm32h7xx_hal_pcd.o
LOAD ./Drivers/STM32H7xx_HAL_Driver/Src/stm32h7xx_hal_pcd_ex.o
LOAD ./Drivers/STM32H7xx_HAL_Driver/Src/stm32h7xx_hal_pwr.o
LOAD ./Drivers/STM32H7xx_HAL_Driver/Src/stm32h7xx_hal_pwr_ex.o
LOAD ./Drivers/STM32H7xx_HAL_Driver/Src/stm32h7xx_hal_rcc.o
LOAD ./Drivers/STM32H7xx_HAL_Driver/Src/stm32h7xx_hal_rcc_ex.o
LOAD ./Drivers/STM32H7xx_HAL_Driver/Src/stm32h7xx_hal_sai.o
LOAD ./Drivers/STM32H7xx_HAL_Driver/Src/stm32h7xx_hal_sai_ex.o
LOAD ./Drivers/STM32H7xx_HAL_Driver/Src/stm32h7xx_hal_sd.o
LOAD ./Drivers/STM32H7xx_HAL_Driver/Src/stm32h7xx_hal_sd_ex.o
LOAD ./Drivers/STM32H7xx_HAL_Driver/Src/stm32h7xx_hal_sdram.o
LOAD ./Drivers/STM32H7xx_HAL_Driver/Src/stm32h7xx_hal_sram.o
LOAD ./Drivers/STM32H7xx_HAL_Driver/Src/stm32h7xx_hal_tim.o
LOAD ./Drivers/STM32H7xx_HAL_Driver/Src/stm32h7xx_hal_tim_ex.o
LOAD ./Drivers/STM32H7xx_HAL_Driver/Src/stm32h7xx_hal_uart.o
LOAD ./Drivers/STM32H7xx_HAL_Driver/Src/stm32h7xx_hal_uart_ex.o
LOAD ./Drivers/STM32H7xx_HAL_Driver/Src/stm32h7xx_ll_delayblock.o
LOAD ./Drivers/STM32H7xx_HAL_Driver/Src/stm32h7xx_ll_fmc.o
LOAD ./Drivers/STM32H7xx_HAL_Driver/Src/stm32h7xx_ll_sdmmc.o
LOAD ./Drivers/STM32H7xx_HAL_Driver/Src/stm32h7xx_ll_usb.o
LOAD ./Src/audio.o
LOAD ./Src/audio_float.o
LOAD ./Src/brick6_app_init.o
LOAD ./Src/brick6_refactor.o
LOAD ./Src/cs42448.o
LOAD ./Src/diagnostics_tasklet.o
LOAD ./Src/dma.o
LOAD ./Src/engine_tasklet.o
LOAD ./Src/fmc.o
LOAD ./Src/gpio.o
LOAD ./Src/i2c.o
LOAD ./Src/main.o
LOAD ./Src/mixer.o
LOAD ./Src/sai.o
LOAD ./Src/sd_audio_block_ring.o
LOAD ./Src/sd_stream.o
LOAD ./Src/sdmmc.o
LOAD ./Src/sdram.o
LOAD ./Src/sdram_alloc.o
LOAD ./Src/stm32h7xx_hal_msp.o
LOAD ./Src/stm32h7xx_it.o
LOAD ./Src/syscalls.o
LOAD ./Src/sysmem.o
LOAD ./Src/system_stm32h7xx.o
LOAD ./Src/ui_tasklet.o
LOAD ./Src/usart.o
LOAD ./Src/usbh_midi.o
LOAD ./Src/w9825g6kh.o
LOAD ./Startup/startup_stm32h743iitx.o
START GROUP
LOAD C:/ST/STM32CubeIDE_2.0.0/STM32CubeIDE/plugins/com.st.stm32cube.ide.mcu.externaltools.gnu-tools-for-stm32.13.3.rel1.win32_1.0.100.202509120712/tools/bin/../lib/gcc/arm-none-eabi/13.3.1/../../../../arm-none-eabi/lib/thumb/v7e-m+dp/hard\libc_nano.a
LOAD C:/ST/STM32CubeIDE_2.0.0/STM32CubeIDE/plugins/com.st.stm32cube.ide.mcu.externaltools.gnu-tools-for-stm32.13.3.rel1.win32_1.0.100.202509120712/tools/bin/../lib/gcc/arm-none-eabi/13.3.1/../../../../arm-none-eabi/lib/thumb/v7e-m+dp/hard\libm.a
END GROUP
START GROUP
LOAD C:/ST/STM32CubeIDE_2.0.0/STM32CubeIDE/plugins/com.st.stm32cube.ide.mcu.externaltools.gnu-tools-for-stm32.13.3.rel1.win32_1.0.100.202509120712/tools/bin/../lib/gcc/arm-none-eabi/13.3.1/thumb/v7e-m+dp/hard\libgcc.a
LOAD C:/ST/STM32CubeIDE_2.0.0/STM32CubeIDE/plugins/com.st.stm32cube.ide.mcu.externaltools.gnu-tools-for-stm32.13.3.rel1.win32_1.0.100.202509120712/tools/bin/../lib/gcc/arm-none-eabi/13.3.1/../../../../arm-none-eabi/lib/thumb/v7e-m+dp/hard\libc_nano.a
END GROUP
START GROUP
LOAD C:/ST/STM32CubeIDE_2.0.0/STM32CubeIDE/plugins/com.st.stm32cube.ide.mcu.externaltools.gnu-tools-for-stm32.13.3.rel1.win32_1.0.100.202509120712/tools/bin/../lib/gcc/arm-none-eabi/13.3.1/thumb/v7e-m+dp/hard\libgcc.a
LOAD C:/ST/STM32CubeIDE_2.0.0/STM32CubeIDE/plugins/com.st.stm32cube.ide.mcu.externaltools.gnu-tools-for-stm32.13.3.rel1.win32_1.0.100.202509120712/tools/bin/../lib/gcc/arm-none-eabi/13.3.1/../../../../arm-none-eabi/lib/thumb/v7e-m+dp/hard\libc_nano.a
LOAD C:/ST/STM32CubeIDE_2.0.0/STM32CubeIDE/plugins/com.st.stm32cube.ide.mcu.externaltools.gnu-tools-for-stm32.13.3.rel1.win32_1.0.100.202509120712/tools/bin/../lib/gcc/arm-none-eabi/13.3.1/../../../../arm-none-eabi/lib/thumb/v7e-m+dp/hard\libnosys.a
END GROUP
START GROUP
LOAD C:/ST/STM32CubeIDE_2.0.0/STM32CubeIDE/plugins/com.st.stm32cube.ide.mcu.externaltools.gnu-tools-for-stm32.13.3.rel1.win32_1.0.100.202509120712/tools/bin/../lib/gcc/arm-none-eabi/13.3.1/thumb/v7e-m+dp/hard\libgcc.a
LOAD C:/ST/STM32CubeIDE_2.0.0/STM32CubeIDE/plugins/com.st.stm32cube.ide.mcu.externaltools.gnu-tools-for-stm32.13.3.rel1.win32_1.0.100.202509120712/tools/bin/../lib/gcc/arm-none-eabi/13.3.1/../../../../arm-none-eabi/lib/thumb/v7e-m+dp/hard\libc_nano.a
LOAD C:/ST/STM32CubeIDE_2.0.0/STM32CubeIDE/plugins/com.st.stm32cube.ide.mcu.externaltools.gnu-tools-for-stm32.13.3.rel1.win32_1.0.100.202509120712/tools/bin/../lib/gcc/arm-none-eabi/13.3.1/../../../../arm-none-eabi/lib/thumb/v7e-m+dp/hard\libnosys.a
END GROUP
LOAD C:/ST/STM32CubeIDE_2.0.0/STM32CubeIDE/plugins/com.st.stm32cube.ide.mcu.externaltools.gnu-tools-for-stm32.13.3.rel1.win32_1.0.100.202509120712/tools/bin/../lib/gcc/arm-none-eabi/13.3.1/thumb/v7e-m+dp/hard/crtend.o
LOAD C:/ST/STM32CubeIDE_2.0.0/STM32CubeIDE/plugins/com.st.stm32cube.ide.mcu.externaltools.gnu-tools-for-stm32.13.3.rel1.win32_1.0.100.202509120712/tools/bin/../lib/gcc/arm-none-eabi/13.3.1/thumb/v7e-m+dp/hard/crtn.o
                0x24080000                        _estack = (ORIGIN (RAM_D1) + LENGTH (RAM_D1))
                0x00000200                        _Min_Heap_Size = 0x200
                0x00000400                        _Min_Stack_Size = 0x400

.isr_vector     0x08000000      0x298
                0x08000000                        . = ALIGN (0x4)
 *(.isr_vector)
 .isr_vector    0x08000000      0x298 ./Startup/startup_stm32h743iitx.o
                0x08000000                g_pfnVectors
                0x08000298                        . = ALIGN (0x4)

.text           0x080002a0     0x99b4
                0x080002a0                        . = ALIGN (0x4)
 *(.text)
 .text          0x080002a0       0x40 C:/ST/STM32CubeIDE_2.0.0/STM32CubeIDE/plugins/com.st.stm32cube.ide.mcu.externaltools.gnu-tools-for-stm32.13.3.rel1.win32_1.0.100.202509120712/tools/bin/../lib/gcc/arm-none-eabi/13.3.1/thumb/v7e-m+dp/hard/crtbegin.o
 .text          0x080002e0       0x10 C:/ST/STM32CubeIDE_2.0.0/STM32CubeIDE/plugins/com.st.stm32cube.ide.mcu.externaltools.gnu-tools-for-stm32.13.3.rel1.win32_1.0.100.202509120712/tools/bin/../lib/gcc/arm-none-eabi/13.3.1/../../../../arm-none-eabi/lib/thumb/v7e-m+dp/hard\libc_nano.a(libc_a-strlen.o)
                0x080002e0                strlen
 .text          0x080002f0       0xa0 C:/ST/STM32CubeIDE_2.0.0/STM32CubeIDE/plugins/com.st.stm32cube.ide.mcu.externaltools.gnu-tools-for-stm32.13.3.rel1.win32_1.0.100.202509120712/tools/bin/../lib/gcc/arm-none-eabi/13.3.1/../../../../arm-none-eabi/lib/thumb/v7e-m+dp/hard\libc_nano.a(libc_a-memchr.o)
                0x080002f0                memchr
 .text          0x08000390       0x30 C:/ST/STM32CubeIDE_2.0.0/STM32CubeIDE/plugins/com.st.stm32cube.ide.mcu.externaltools.gnu-tools-for-stm32.13.3.rel1.win32_1.0.100.202509120712/tools/bin/../lib/gcc/arm-none-eabi/13.3.1/thumb/v7e-m+dp/hard\libgcc.a(_aeabi_uldivmod.o)
                0x08000390                __aeabi_uldivmod
 .text          0x080003c0      0x2f8 C:/ST/STM32CubeIDE_2.0.0/STM32CubeIDE/plugins/com.st.stm32cube.ide.mcu.externaltools.gnu-tools-for-stm32.13.3.rel1.win32_1.0.100.202509120712/tools/bin/../lib/gcc/arm-none-eabi/13.3.1/thumb/v7e-m+dp/hard\libgcc.a(_udivmoddi4.o)
                0x080003c0                __udivmoddi4
 .text          0x080006b8        0x4 C:/ST/STM32CubeIDE_2.0.0/STM32CubeIDE/plugins/com.st.stm32cube.ide.mcu.externaltools.gnu-tools-for-stm32.13.3.rel1.win32_1.0.100.202509120712/tools/bin/../lib/gcc/arm-none-eabi/13.3.1/thumb/v7e-m+dp/hard\libgcc.a(_dvmd_tls.o)
                0x080006b8                __aeabi_idiv0
                0x080006b8                __aeabi_ldiv0
 *(.text*)
 .text.HAL_InitTick
                0x080006bc       0x4c ./Drivers/STM32H7xx_HAL_Driver/Src/stm32h7xx_hal.o
                0x080006bc                HAL_InitTick
 .text.HAL_Init
                0x08000708       0x60 ./Drivers/STM32H7xx_HAL_Driver/Src/stm32h7xx_hal.o
                0x08000708                HAL_Init
 .text.HAL_IncTick
                0x08000768       0x18 ./Drivers/STM32H7xx_HAL_Driver/Src/stm32h7xx_hal.o
                0x08000768                HAL_IncTick
 .text.HAL_GetTick
                0x08000780        0xc ./Drivers/STM32H7xx_HAL_Driver/Src/stm32h7xx_hal.o
                0x08000780                HAL_GetTick
 .text.HAL_Delay
                0x0800078c       0x24 ./Drivers/STM32H7xx_HAL_Driver/Src/stm32h7xx_hal.o
                0x0800078c                HAL_Delay
 .text.HAL_GetREVID
                0x080007b0        0xc ./Drivers/STM32H7xx_HAL_Driver/Src/stm32h7xx_hal.o
                0x080007b0                HAL_GetREVID
 .text.HAL_NVIC_SetPriorityGrouping
                0x080007bc       0x24 ./Drivers/STM32H7xx_HAL_Driver/Src/stm32h7xx_hal_cortex.o
                0x080007bc                HAL_NVIC_SetPriorityGrouping
 .text.HAL_NVIC_SetPriority
                0x080007e0       0x78 ./Drivers/STM32H7xx_HAL_Driver/Src/stm32h7xx_hal_cortex.o
                0x080007e0                HAL_NVIC_SetPriority
 .text.HAL_NVIC_EnableIRQ
                0x08000858       0x1c ./Drivers/STM32H7xx_HAL_Driver/Src/stm32h7xx_hal_cortex.o
                0x08000858                HAL_NVIC_EnableIRQ
 .text.HAL_SYSTICK_Config
                0x08000874       0x2c ./Drivers/STM32H7xx_HAL_Driver/Src/stm32h7xx_hal_cortex.o
                0x08000874                HAL_SYSTICK_Config
 .text.DMA_CalcBaseAndBitshift
                0x080008a0      0x100 ./Drivers/STM32H7xx_HAL_Driver/Src/stm32h7xx_hal_dma.o
 .text.DMA_CalcDMAMUXChannelBaseAndMask
                0x080009a0       0xd4 ./Drivers/STM32H7xx_HAL_Driver/Src/stm32h7xx_hal_dma.o
 .text.HAL_DMA_Init
                0x08000a74      0x520 ./Drivers/STM32H7xx_HAL_Driver/Src/stm32h7xx_hal_dma.o
                0x08000a74                HAL_DMA_Init
 .text.HAL_DMA_Start_IT
                0x08000f94      0x668 ./Drivers/STM32H7xx_HAL_Driver/Src/stm32h7xx_hal_dma.o
                0x08000f94                HAL_DMA_Start_IT
 .text.HAL_DMA_Abort
                0x080015fc      0x36c ./Drivers/STM32H7xx_HAL_Driver/Src/stm32h7xx_hal_dma.o
                0x080015fc                HAL_DMA_Abort
 .text.HAL_DMA_Abort_IT
                0x08001968      0x194 ./Drivers/STM32H7xx_HAL_Driver/Src/stm32h7xx_hal_dma.o
                0x08001968                HAL_DMA_Abort_IT
 .text.HAL_DMA_IRQHandler
                0x08001afc      0x424 ./Drivers/STM32H7xx_HAL_Driver/Src/stm32h7xx_hal_dma.o
                0x08001afc                HAL_DMA_IRQHandler
 .text.HAL_DMA_GetError
                0x08001f20        0x4 ./Drivers/STM32H7xx_HAL_Driver/Src/stm32h7xx_hal_dma.o
                0x08001f20                HAL_DMA_GetError
 .text.HAL_GPIO_Init
                0x08001f24      0x40c ./Drivers/STM32H7xx_HAL_Driver/Src/stm32h7xx_hal_gpio.o
                0x08001f24                HAL_GPIO_Init
 .text.I2C_WaitOnFlagUntilTimeout.constprop.0
                0x08002330      0x140 ./Drivers/STM32H7xx_HAL_Driver/Src/stm32h7xx_hal_i2c.o
 .text.I2C_WaitOnTXISFlagUntilTimeout
                0x08002470      0x16c ./Drivers/STM32H7xx_HAL_Driver/Src/stm32h7xx_hal_i2c.o
 .text.I2C_WaitOnFlagUntilTimeout
                0x080025dc      0x198 ./Drivers/STM32H7xx_HAL_Driver/Src/stm32h7xx_hal_i2c.o
 .text.I2C_WaitOnSTOPFlagUntilTimeout
                0x08002774      0x16c ./Drivers/STM32H7xx_HAL_Driver/Src/stm32h7xx_hal_i2c.o
 .text.HAL_I2C_Init
                0x080028e0       0xb4 ./Drivers/STM32H7xx_HAL_Driver/Src/stm32h7xx_hal_i2c.o
                0x080028e0                HAL_I2C_Init
 .text.HAL_I2C_Mem_Write
                0x08002994      0x1fc ./Drivers/STM32H7xx_HAL_Driver/Src/stm32h7xx_hal_i2c.o
                0x08002994                HAL_I2C_Mem_Write
 .text.HAL_I2C_Mem_Read
                0x08002b90      0x200 ./Drivers/STM32H7xx_HAL_Driver/Src/stm32h7xx_hal_i2c.o
                0x08002b90                HAL_I2C_Mem_Read
 .text.HAL_I2C_IsDeviceReady
                0x08002d90      0x1d0 ./Drivers/STM32H7xx_HAL_Driver/Src/stm32h7xx_hal_i2c.o
                0x08002d90                HAL_I2C_IsDeviceReady
 .text.HAL_I2CEx_ConfigAnalogFilter
                0x08002f60       0x54 ./Drivers/STM32H7xx_HAL_Driver/Src/stm32h7xx_hal_i2c_ex.o
                0x08002f60                HAL_I2CEx_ConfigAnalogFilter
 .text.HAL_I2CEx_ConfigDigitalFilter
                0x08002fb4       0x58 ./Drivers/STM32H7xx_HAL_Driver/Src/stm32h7xx_hal_i2c_ex.o
                0x08002fb4                HAL_I2CEx_ConfigDigitalFilter
 .text.HAL_PWREx_ConfigSupply
                0x0800300c       0x48 ./Drivers/STM32H7xx_HAL_Driver/Src/stm32h7xx_hal_pwr_ex.o
                0x0800300c                HAL_PWREx_ConfigSupply
 .text.HAL_RCC_GetSysClockFreq.part.0
                0x08003054       0xe4 ./Drivers/STM32H7xx_HAL_Driver/Src/stm32h7xx_hal_rcc.o
 .text.HAL_RCC_OscConfig
                0x08003138      0x5dc ./Drivers/STM32H7xx_HAL_Driver/Src/stm32h7xx_hal_rcc.o
                0x08003138                HAL_RCC_OscConfig
 .text.HAL_RCC_GetSysClockFreq
                0x08003714      0x11c ./Drivers/STM32H7xx_HAL_Driver/Src/stm32h7xx_hal_rcc.o
                0x08003714                HAL_RCC_GetSysClockFreq
 .text.HAL_RCC_ClockConfig
                0x08003830      0x254 ./Drivers/STM32H7xx_HAL_Driver/Src/stm32h7xx_hal_rcc.o
                0x08003830                HAL_RCC_ClockConfig
 .text.HAL_RCC_GetHCLKFreq
                0x08003a84       0x80 ./Drivers/STM32H7xx_HAL_Driver/Src/stm32h7xx_hal_rcc.o
                0x08003a84                HAL_RCC_GetHCLKFreq
 .text.HAL_RCC_GetPCLK1Freq
                0x08003b04       0x90 ./Drivers/STM32H7xx_HAL_Driver/Src/stm32h7xx_hal_rcc.o
                0x08003b04                HAL_RCC_GetPCLK1Freq
 .text.HAL_RCC_GetPCLK2Freq
                0x08003b94       0x90 ./Drivers/STM32H7xx_HAL_Driver/Src/stm32h7xx_hal_rcc.o
                0x08003b94                HAL_RCC_GetPCLK2Freq
 .text.RCCEx_PLL2_Config.part.0
                0x08003c24       0xe0 ./Drivers/STM32H7xx_HAL_Driver/Src/stm32h7xx_hal_rcc_ex.o
 .text.RCCEx_PLL3_Config.part.0
                0x08003d04       0xe0 ./Drivers/STM32H7xx_HAL_Driver/Src/stm32h7xx_hal_rcc_ex.o
 .text.HAL_RCCEx_PeriphCLKConfig
                0x08003de4      0xe88 ./Drivers/STM32H7xx_HAL_Driver/Src/stm32h7xx_hal_rcc_ex.o
                0x08003de4                HAL_RCCEx_PeriphCLKConfig
 .text.HAL_RCCEx_GetD3PCLK1Freq
                0x08004c6c       0x24 ./Drivers/STM32H7xx_HAL_Driver/Src/stm32h7xx_hal_rcc_ex.o
                0x08004c6c                HAL_RCCEx_GetD3PCLK1Freq
 .text.HAL_RCCEx_GetPLL2ClockFreq
                0x08004c90      0x134 ./Drivers/STM32H7xx_HAL_Driver/Src/stm32h7xx_hal_rcc_ex.o
                0x08004c90                HAL_RCCEx_GetPLL2ClockFreq
 .text.HAL_RCCEx_GetPLL3ClockFreq
                0x08004dc4      0x134 ./Drivers/STM32H7xx_HAL_Driver/Src/stm32h7xx_hal_rcc_ex.o
                0x08004dc4                HAL_RCCEx_GetPLL3ClockFreq
 .text.HAL_RCCEx_GetPLL1ClockFreq
                0x08004ef8      0x134 ./Drivers/STM32H7xx_HAL_Driver/Src/stm32h7xx_hal_rcc_ex.o
                0x08004ef8                HAL_RCCEx_GetPLL1ClockFreq
 .text.HAL_RCCEx_GetPeriphCLKFreq
                0x0800502c      0x340 ./Drivers/STM32H7xx_HAL_Driver/Src/stm32h7xx_hal_rcc_ex.o
                0x0800502c                HAL_RCCEx_GetPeriphCLKFreq
 .text.HAL_SAI_Init
                0x0800536c      0x3b8 ./Drivers/STM32H7xx_HAL_Driver/Src/stm32h7xx_hal_sai.o
                0x0800536c                HAL_SAI_Init
 .text.HAL_SAI_Abort
                0x08005724       0xec ./Drivers/STM32H7xx_HAL_Driver/Src/stm32h7xx_hal_sai.o
                0x08005724                HAL_SAI_Abort
 .text.HAL_SAI_Transmit_DMA
                0x08005810      0x114 ./Drivers/STM32H7xx_HAL_Driver/Src/stm32h7xx_hal_sai.o
                0x08005810                HAL_SAI_Transmit_DMA
 .text.HAL_SAI_Receive_DMA
                0x08005924       0xc8 ./Drivers/STM32H7xx_HAL_Driver/Src/stm32h7xx_hal_sai.o
                0x08005924                HAL_SAI_Receive_DMA
 .text.HAL_SAI_TxCpltCallback
                0x080059ec        0x4 ./Drivers/STM32H7xx_HAL_Driver/Src/stm32h7xx_hal_sai.o
                0x080059ec                HAL_SAI_TxCpltCallback
 .text.SAI_DMATxCplt
                0x080059f0       0x64 ./Drivers/STM32H7xx_HAL_Driver/Src/stm32h7xx_hal_sai.o
 .text.HAL_SAI_TxHalfCpltCallback
                0x08005a54        0x4 ./Drivers/STM32H7xx_HAL_Driver/Src/stm32h7xx_hal_sai.o
                0x08005a54                HAL_SAI_TxHalfCpltCallback
 .text.SAI_DMATxHalfCplt
                0x08005a58        0xc ./Drivers/STM32H7xx_HAL_Driver/Src/stm32h7xx_hal_sai.o
 .text.SAI_DMARxCplt
                0x08005a64       0x64 ./Drivers/STM32H7xx_HAL_Driver/Src/stm32h7xx_hal_sai.o
 .text.SAI_DMARxHalfCplt
                0x08005ac8        0xc ./Drivers/STM32H7xx_HAL_Driver/Src/stm32h7xx_hal_sai.o
 .text.HAL_SAI_ErrorCallback
                0x08005ad4        0x4 ./Drivers/STM32H7xx_HAL_Driver/Src/stm32h7xx_hal_sai.o
                0x08005ad4                HAL_SAI_ErrorCallback
 .text.SAI_DMAError
                0x08005ad8       0x6c ./Drivers/STM32H7xx_HAL_Driver/Src/stm32h7xx_hal_sai.o
 .text.HAL_SAI_IRQHandler
                0x08005b44      0x158 ./Drivers/STM32H7xx_HAL_Driver/Src/stm32h7xx_hal_sai.o
                0x08005b44                HAL_SAI_IRQHandler
 .text.SAI_DMAAbort
                0x08005c9c       0x70 ./Drivers/STM32H7xx_HAL_Driver/Src/stm32h7xx_hal_sai.o
 .text.SD_FindSCR.constprop.0
                0x08005d0c       0xe4 ./Drivers/STM32H7xx_HAL_Driver/Src/stm32h7xx_hal_sd.o
 .text.HAL_SD_GetCardCSD
                0x08005df0      0x178 ./Drivers/STM32H7xx_HAL_Driver/Src/stm32h7xx_hal_sd.o
                0x08005df0                HAL_SD_GetCardCSD
 .text.HAL_SD_InitCard
                0x08005f68      0x274 ./Drivers/STM32H7xx_HAL_Driver/Src/stm32h7xx_hal_sd.o
                0x08005f68                HAL_SD_InitCard
 .text.HAL_SD_GetCardStatus
                0x080061dc      0x1a8 ./Drivers/STM32H7xx_HAL_Driver/Src/stm32h7xx_hal_sd.o
                0x080061dc                HAL_SD_GetCardStatus
 .text.HAL_SD_ConfigWideBusOperation
                0x08006384      0x194 ./Drivers/STM32H7xx_HAL_Driver/Src/stm32h7xx_hal_sd.o
                0x08006384                HAL_SD_ConfigWideBusOperation
 .text.HAL_SD_Init
                0x08006518       0xc8 ./Drivers/STM32H7xx_HAL_Driver/Src/stm32h7xx_hal_sd.o
                0x08006518                HAL_SD_Init
 .text.HAL_SD_IRQHandler
                0x080065e0      0x27c ./Drivers/STM32H7xx_HAL_Driver/Src/stm32h7xx_hal_sd.o
                0x080065e0                HAL_SD_IRQHandler
 .text.HAL_SDRAM_Init
                0x0800685c       0x54 ./Drivers/STM32H7xx_HAL_Driver/Src/stm32h7xx_hal_sdram.o
                0x0800685c                HAL_SDRAM_Init
 .text.HAL_UART_Transmit
                0x080068b0      0x12c ./Drivers/STM32H7xx_HAL_Driver/Src/stm32h7xx_hal_uart.o
                0x080068b0                HAL_UART_Transmit
 .text.UART_SetConfig
                0x080069dc      0x37c ./Drivers/STM32H7xx_HAL_Driver/Src/stm32h7xx_hal_uart.o
                0x080069dc                UART_SetConfig
 .text.UART_AdvFeatureConfig
                0x08006d58       0xb0 ./Drivers/STM32H7xx_HAL_Driver/Src/stm32h7xx_hal_uart.o
                0x08006d58                UART_AdvFeatureConfig
 .text.UART_CheckIdleState
                0x08006e08      0x258 ./Drivers/STM32H7xx_HAL_Driver/Src/stm32h7xx_hal_uart.o
                0x08006e08                UART_CheckIdleState
 .text.HAL_UART_Init
                0x08007060       0x68 ./Drivers/STM32H7xx_HAL_Driver/Src/stm32h7xx_hal_uart.o
                0x08007060                HAL_UART_Init
 .text.HAL_UARTEx_DisableFifoMode
                0x080070c8       0x3c ./Drivers/STM32H7xx_HAL_Driver/Src/stm32h7xx_hal_uart_ex.o
                0x080070c8                HAL_UARTEx_DisableFifoMode
 .text.HAL_UARTEx_SetTxFifoThreshold
                0x08007104       0x84 ./Drivers/STM32H7xx_HAL_Driver/Src/stm32h7xx_hal_uart_ex.o
                0x08007104                HAL_UARTEx_SetTxFifoThreshold
 .text.HAL_UARTEx_SetRxFifoThreshold
                0x08007188       0x84 ./Drivers/STM32H7xx_HAL_Driver/Src/stm32h7xx_hal_uart_ex.o
                0x08007188                HAL_UARTEx_SetRxFifoThreshold
 .text.FMC_SDRAM_Init
                0x0800720c       0x6c ./Drivers/STM32H7xx_HAL_Driver/Src/stm32h7xx_ll_fmc.o
                0x0800720c                FMC_SDRAM_Init
 .text.FMC_SDRAM_Timing_Init
                0x08007278       0x7c ./Drivers/STM32H7xx_HAL_Driver/Src/stm32h7xx_ll_fmc.o
                0x08007278                FMC_SDRAM_Timing_Init
 .text.SDMMC_GetCmdResp1.part.0
                0x080072f4       0xc8 ./Drivers/STM32H7xx_HAL_Driver/Src/stm32h7xx_ll_sdmmc.o
 .text.SDMMC_Init
                0x080073bc       0x38 ./Drivers/STM32H7xx_HAL_Driver/Src/stm32h7xx_ll_sdmmc.o
                0x080073bc                SDMMC_Init
 .text.SDMMC_ReadFIFO
                0x080073f4        0x8 ./Drivers/STM32H7xx_HAL_Driver/Src/stm32h7xx_ll_sdmmc.o
                0x080073f4                SDMMC_ReadFIFO
 .text.SDMMC_WriteFIFO
                0x080073fc        0xc ./Drivers/STM32H7xx_HAL_Driver/Src/stm32h7xx_ll_sdmmc.o
                0x080073fc                SDMMC_WriteFIFO
 .text.SDMMC_PowerState_ON
                0x08007408       0x10 ./Drivers/STM32H7xx_HAL_Driver/Src/stm32h7xx_ll_sdmmc.o
                0x08007408                SDMMC_PowerState_ON
 .text.SDMMC_GetPowerState
                0x08007418        0x8 ./Drivers/STM32H7xx_HAL_Driver/Src/stm32h7xx_ll_sdmmc.o
                0x08007418                SDMMC_GetPowerState
 .text.SDMMC_GetResponse
                0x08007420        0x8 ./Drivers/STM32H7xx_HAL_Driver/Src/stm32h7xx_ll_sdmmc.o
                0x08007420                SDMMC_GetResponse
 .text.SDMMC_ConfigData
                0x08007428       0x2c ./Drivers/STM32H7xx_HAL_Driver/Src/stm32h7xx_ll_sdmmc.o
                0x08007428                SDMMC_ConfigData
 .text.SDMMC_CmdBlockLength
                0x08007454       0x98 ./Drivers/STM32H7xx_HAL_Driver/Src/stm32h7xx_ll_sdmmc.o
                0x08007454                SDMMC_CmdBlockLength
 .text.SDMMC_CmdStopTransfer
                0x080074ec       0xc8 ./Drivers/STM32H7xx_HAL_Driver/Src/stm32h7xx_ll_sdmmc.o
                0x080074ec                SDMMC_CmdStopTransfer
 .text.SDMMC_CmdSelDesel
                0x080075b4       0x98 ./Drivers/STM32H7xx_HAL_Driver/Src/stm32h7xx_ll_sdmmc.o
                0x080075b4                SDMMC_CmdSelDesel
 .text.SDMMC_CmdGoIdleState
                0x0800764c       0x54 ./Drivers/STM32H7xx_HAL_Driver/Src/stm32h7xx_ll_sdmmc.o
                0x0800764c                SDMMC_CmdGoIdleState
 .text.SDMMC_CmdOperCond
                0x080076a0       0x7c ./Drivers/STM32H7xx_HAL_Driver/Src/stm32h7xx_ll_sdmmc.o
                0x080076a0                SDMMC_CmdOperCond
 .text.SDMMC_CmdAppCommand
                0x0800771c       0x98 ./Drivers/STM32H7xx_HAL_Driver/Src/stm32h7xx_ll_sdmmc.o
                0x0800771c                SDMMC_CmdAppCommand
 .text.SDMMC_CmdAppOperCommand
                0x080077b4       0x74 ./Drivers/STM32H7xx_HAL_Driver/Src/stm32h7xx_ll_sdmmc.o
                0x080077b4                SDMMC_CmdAppOperCommand
 .text.SDMMC_CmdBusWidth
                0x08007828       0x98 ./Drivers/STM32H7xx_HAL_Driver/Src/stm32h7xx_ll_sdmmc.o
                0x08007828                SDMMC_CmdBusWidth
 .text.SDMMC_CmdSendSCR
                0x080078c0       0x90 ./Drivers/STM32H7xx_HAL_Driver/Src/stm32h7xx_ll_sdmmc.o
                0x080078c0                SDMMC_CmdSendSCR
 .text.SDMMC_CmdSendCID
                0x08007950       0x78 ./Drivers/STM32H7xx_HAL_Driver/Src/stm32h7xx_ll_sdmmc.o
                0x08007950                SDMMC_CmdSendCID
 .text.SDMMC_CmdSendCSD
                0x080079c8       0x7c ./Drivers/STM32H7xx_HAL_Driver/Src/stm32h7xx_ll_sdmmc.o
                0x080079c8                SDMMC_CmdSendCSD
 .text.SDMMC_CmdSetRelAdd
                0x08007a44       0xbc ./Drivers/STM32H7xx_HAL_Driver/Src/stm32h7xx_ll_sdmmc.o
                0x08007a44                SDMMC_CmdSetRelAdd
 .text.SDMMC_CmdSendStatus
                0x08007b00       0x98 ./Drivers/STM32H7xx_HAL_Driver/Src/stm32h7xx_ll_sdmmc.o
                0x08007b00                SDMMC_CmdSendStatus
 .text.SDMMC_CmdStatusRegister
                0x08007b98       0x90 ./Drivers/STM32H7xx_HAL_Driver/Src/stm32h7xx_ll_sdmmc.o
                0x08007b98                SDMMC_CmdStatusRegister
 .text.audio_init
                0x08007c28       0x38 ./Src/audio.o
                0x08007c28                audio_init
 .text.audio_start
                0x08007c60       0x3c ./Src/audio.o
                0x08007c60                audio_start
 .text.HAL_SAI_RxHalfCpltCallback
                0x08007c9c       0x20 ./Src/audio.o
                0x08007c9c                HAL_SAI_RxHalfCpltCallback
 .text.HAL_SAI_RxCpltCallback
                0x08007cbc       0x20 ./Src/audio.o
                0x08007cbc                HAL_SAI_RxCpltCallback
 .text.audio_float_set_postgain
                0x08007cdc       0x34 ./Src/audio_float.o
                0x08007cdc                audio_float_set_postgain
 .text.audio_float_set_output_compensation
                0x08007d10        0xc ./Src/audio_float.o
                0x08007d10                audio_float_set_output_compensation
 .text.audio_set_float_callback
                0x08007d1c        0xc ./Src/audio_float.o
                0x08007d1c                audio_set_float_callback
 .text.audio_process_block_int32
                0x08007d28      0x404 ./Src/audio_float.o
                0x08007d28                audio_process_block_int32
 .text.my_dsp   0x0800812c        0x4 ./Src/brick6_app_init.o
 .text.brick6_app_init
                0x08008130       0x64 ./Src/brick6_app_init.o
                0x08008130                brick6_app_init
 .text.CS42448_Init
                0x08008194       0xb8 ./Src/cs42448.o
                0x08008194                CS42448_Init
 .text.CS42448_DiagnosticsDump
                0x0800824c       0xb0 ./Src/cs42448.o
                0x0800824c                CS42448_DiagnosticsDump
 .text.diagnostics_logf
                0x080082fc       0x38 ./Src/diagnostics_tasklet.o
                0x080082fc                diagnostics_logf
 .text.MX_DMA_Init
                0x08008334       0x48 ./Src/dma.o
                0x08008334                MX_DMA_Init
 .text.MX_FMC_Init
                0x0800837c       0x6c ./Src/fmc.o
                0x0800837c                MX_FMC_Init
 .text.HAL_SDRAM_MspInit
                0x080083e8       0xfc ./Src/fmc.o
                0x080083e8                HAL_SDRAM_MspInit
 .text.MX_GPIO_Init
                0x080084e4       0xcc ./Src/gpio.o
                0x080084e4                MX_GPIO_Init
 .text.MX_I2C3_Init
                0x080085b0       0x6c ./Src/i2c.o
                0x080085b0                MX_I2C3_Init
 *fill*         0x0800861c        0x4 
 .text.HAL_I2C_MspInit
                0x08008620       0xa4 ./Src/i2c.o
                0x08008620                HAL_I2C_MspInit
 .text.Error_Handler
                0x080086c4        0x8 ./Src/main.o
                0x080086c4                Error_Handler
 .text.SystemClock_Config
                0x080086cc       0xc0 ./Src/main.o
                0x080086cc                SystemClock_Config
 *fill*         0x0800878c        0x4 
 .text.PeriphCommonClock_Config
                0x08008790       0x50 ./Src/main.o
                0x08008790                PeriphCommonClock_Config
 .text.startup.main
                0x080087e0       0x34 ./Src/main.o
                0x080087e0                main
 .text.mixer_init
                0x08008814       0x10 ./Src/mixer.o
                0x08008814                mixer_init
 .text.mixer_set_master
                0x08008824       0x38 ./Src/mixer.o
                0x08008824                mixer_set_master
 .text.mixer_set_output_gain
                0x0800885c        0x4 ./Src/mixer.o
                0x0800885c                mixer_set_output_gain
 .text.mixer_process
                0x08008860       0x6c ./Src/mixer.o
                0x08008860                mixer_process
 .text.MX_SAI1_Init
                0x080088cc       0xe8 ./Src/sai.o
                0x080088cc                MX_SAI1_Init
 .text.HAL_SAI_MspInit
                0x080089b4      0x188 ./Src/sai.o
                0x080089b4                HAL_SAI_MspInit
 .text.HAL_SD_RxCpltCallback
                0x08008b3c       0x28 ./Src/sd_stream.o
                0x08008b3c                HAL_SD_RxCpltCallback
 .text.HAL_SD_TxCpltCallback
                0x08008b64       0x28 ./Src/sd_stream.o
                0x08008b64                HAL_SD_TxCpltCallback
 .text.HAL_SD_ErrorCallback
                0x08008b8c       0x34 ./Src/sd_stream.o
                0x08008b8c                HAL_SD_ErrorCallback
 .text.HAL_SDEx_Read_DMADoubleBuf0CpltCallback
                0x08008bc0       0x54 ./Src/sd_stream.o
                0x08008bc0                HAL_SDEx_Read_DMADoubleBuf0CpltCallback
 .text.HAL_SDEx_Read_DMADoubleBuf1CpltCallback
                0x08008c14       0x54 ./Src/sd_stream.o
                0x08008c14                HAL_SDEx_Read_DMADoubleBuf1CpltCallback
 .text.HAL_SDEx_Write_DMADoubleBuf0CpltCallback
                0x08008c68       0x50 ./Src/sd_stream.o
                0x08008c68                HAL_SDEx_Write_DMADoubleBuf0CpltCallback
 .text.HAL_SDEx_Write_DMADoubleBuf1CpltCallback
                0x08008cb8       0x50 ./Src/sd_stream.o
                0x08008cb8                HAL_SDEx_Write_DMADoubleBuf1CpltCallback
 .text.MX_SDMMC1_SD_Init
                0x08008d08       0x3c ./Src/sdmmc.o
                0x08008d08                MX_SDMMC1_SD_Init
 *fill*         0x08008d44        0x4 
 .text.HAL_SD_MspInit
                0x08008d48      0x124 ./Src/sdmmc.o
                0x08008d48                HAL_SD_MspInit
 .text.HAL_MspInit
                0x08008e6c       0x24 ./Src/stm32h7xx_hal_msp.o
                0x08008e6c                HAL_MspInit
 .text.uart_log
                0x08008e90       0x20 ./Src/stm32h7xx_it.o
 .text.uart_log_hex
                0x08008eb0       0x24 ./Src/stm32h7xx_it.o
 .text.NMI_Handler
                0x08008ed4        0x4 ./Src/stm32h7xx_it.o
                0x08008ed4                NMI_Handler
 .text.HardFault_Handler
                0x08008ed8       0x48 ./Src/stm32h7xx_it.o
                0x08008ed8                HardFault_Handler
 .text.MemManage_Handler
                0x08008f20        0x4 ./Src/stm32h7xx_it.o
                0x08008f20                MemManage_Handler
 .text.BusFault_Handler
                0x08008f24        0x4 ./Src/stm32h7xx_it.o
                0x08008f24                BusFault_Handler
 .text.UsageFault_Handler
                0x08008f28        0x4 ./Src/stm32h7xx_it.o
                0x08008f28                UsageFault_Handler
 .text.SVC_Handler
                0x08008f2c        0x4 ./Src/stm32h7xx_it.o
                0x08008f2c                SVC_Handler
 .text.DebugMon_Handler
                0x08008f30        0x4 ./Src/stm32h7xx_it.o
                0x08008f30                DebugMon_Handler
 .text.PendSV_Handler
                0x08008f34        0x4 ./Src/stm32h7xx_it.o
                0x08008f34                PendSV_Handler
 .text.SysTick_Handler
                0x08008f38        0x4 ./Src/stm32h7xx_it.o
                0x08008f38                SysTick_Handler
 .text.DMA1_Stream0_IRQHandler
                0x08008f3c        0xc ./Src/stm32h7xx_it.o
                0x08008f3c                DMA1_Stream0_IRQHandler
 .text.DMA1_Stream1_IRQHandler
                0x08008f48        0xc ./Src/stm32h7xx_it.o
                0x08008f48                DMA1_Stream1_IRQHandler
 .text.SDMMC1_IRQHandler
                0x08008f54        0xc ./Src/stm32h7xx_it.o
                0x08008f54                SDMMC1_IRQHandler
 .text.SAI1_IRQHandler
                0x08008f60       0x1c ./Src/stm32h7xx_it.o
                0x08008f60                SAI1_IRQHandler
 .text._sbrk    0x08008f7c       0x48 ./Src/sysmem.o
                0x08008f7c                _sbrk
 .text.SystemInit
                0x08008fc4       0xec ./Src/system_stm32h7xx.o
                0x08008fc4                SystemInit
 .text.ExitRun0Mode
                0x080090b0       0x18 ./Src/system_stm32h7xx.o
                0x080090b0                ExitRun0Mode
 .text.ui_tasklet_poll
                0x080090c8        0x4 ./Src/ui_tasklet.o
                0x080090c8                ui_tasklet_poll
 .text.MX_USART1_UART_Init
                0x080090cc       0x88 ./Src/usart.o
                0x080090cc                MX_USART1_UART_Init
 *fill*         0x08009154        0x4 
 .text.HAL_UART_MspInit
                0x08009158       0xac ./Src/usart.o
                0x08009158                HAL_UART_MspInit
 .text.Reset_Handler
                0x08009204       0x54 ./Startup/startup_stm32h743iitx.o
                0x08009204                Reset_Handler
 .text.Default_Handler
                0x08009258        0x2 ./Startup/startup_stm32h743iitx.o
                0x08009258                RTC_Alarm_IRQHandler
                0x08009258                EXTI2_IRQHandler
                0x08009258                TIM8_CC_IRQHandler
                0x08009258                HRTIM1_Master_IRQHandler
                0x08009258                UART8_IRQHandler
                0x08009258                SPI4_IRQHandler
                0x08009258                TIM1_CC_IRQHandler
                0x08009258                BDMA_Channel6_IRQHandler
                0x08009258                DMA2_Stream5_IRQHandler
                0x08009258                HRTIM1_FLT_IRQHandler
                0x08009258                JPEG_IRQHandler
                0x08009258                DMA1_Stream5_IRQHandler
                0x08009258                BDMA_Channel1_IRQHandler
                0x08009258                HRTIM1_TIMD_IRQHandler
                0x08009258                TAMP_STAMP_IRQHandler
                0x08009258                EXTI3_IRQHandler
                0x08009258                LPTIM4_IRQHandler
                0x08009258                TIM8_TRG_COM_TIM14_IRQHandler
                0x08009258                LPTIM2_IRQHandler
                0x08009258                DFSDM1_FLT1_IRQHandler
                0x08009258                DMAMUX2_OVR_IRQHandler
                0x08009258                TIM8_UP_TIM13_IRQHandler
                0x08009258                I2C3_ER_IRQHandler
                0x08009258                DFSDM1_FLT2_IRQHandler
                0x08009258                MDMA_IRQHandler
                0x08009258                LPTIM3_IRQHandler
                0x08009258                HSEM1_IRQHandler
                0x08009258                EXTI0_IRQHandler
                0x08009258                I2C2_EV_IRQHandler
                0x08009258                DMA1_Stream2_IRQHandler
                0x08009258                FPU_IRQHandler
                0x08009258                OTG_HS_WKUP_IRQHandler
                0x08009258                FDCAN1_IT1_IRQHandler
                0x08009258                LTDC_ER_IRQHandler
                0x08009258                DMA2_Stream2_IRQHandler
                0x08009258                HRTIM1_TIME_IRQHandler
                0x08009258                SPI1_IRQHandler
                0x08009258                TIM6_DAC_IRQHandler
                0x08009258                DCMI_IRQHandler
                0x08009258                HRTIM1_TIMC_IRQHandler
                0x08009258                DMA2_Stream3_IRQHandler
                0x08009258                SAI2_IRQHandler
                0x08009258                DFSDM1_FLT3_IRQHandler
                0x08009258                USART6_IRQHandler
                0x08009258                TIM17_IRQHandler
                0x08009258                USART3_IRQHandler
                0x08009258                BDMA_Channel7_IRQHandler
                0x08009258                LPTIM5_IRQHandler
                0x08009258                UART5_IRQHandler
                0x08009258                ADC3_IRQHandler
                0x08009258                DMA2_Stream0_IRQHandler
                0x08009258                TIM4_IRQHandler
                0x08009258                BDMA_Channel2_IRQHandler
                0x08009258                QUADSPI_IRQHandler
                0x08009258                I2C1_EV_IRQHandler
                0x08009258                DMA1_Stream6_IRQHandler
                0x08009258                DMAMUX1_OVR_IRQHandler
                0x08009258                TIM16_IRQHandler
                0x08009258                UART4_IRQHandler
                0x08009258                BDMA_Channel5_IRQHandler
                0x08009258                TIM3_IRQHandler
                0x08009258                RCC_IRQHandler
                0x08009258                TIM8_BRK_TIM12_IRQHandler
                0x08009258                TIM1_TRG_COM_IRQHandler
                0x08009258                Default_Handler
                0x08009258                ECC_IRQHandler
                0x08009258                CEC_IRQHandler
                0x08009258                EXTI15_10_IRQHandler
                0x08009258                BDMA_Channel0_IRQHandler
                0x08009258                ADC_IRQHandler
                0x08009258                DMA1_Stream7_IRQHandler
                0x08009258                HRTIM1_TIMA_IRQHandler
                0x08009258                SPI5_IRQHandler
                0x08009258                TIM7_IRQHandler
                0x08009258                TIM5_IRQHandler
                0x08009258                DMA2_Stream7_IRQHandler
                0x08009258                TIM15_IRQHandler
                0x08009258                PVD_AVD_IRQHandler
                0x08009258                I2C3_EV_IRQHandler
                0x08009258                EXTI9_5_IRQHandler
                0x08009258                RTC_WKUP_IRQHandler
                0x08009258                LTDC_IRQHandler
                0x08009258                SAI3_IRQHandler
                0x08009258                ETH_WKUP_IRQHandler
                0x08009258                SPDIF_RX_IRQHandler
                0x08009258                SPI2_IRQHandler
                0x08009258                OTG_HS_EP1_IN_IRQHandler
                0x08009258                CRS_IRQHandler
                0x08009258                EXTI4_IRQHandler
                0x08009258                RNG_IRQHandler
                0x08009258                HRTIM1_TIMB_IRQHandler
                0x08009258                FDCAN2_IT1_IRQHandler
                0x08009258                ETH_IRQHandler
                0x08009258                TIM1_UP_IRQHandler
                0x08009258                BDMA_Channel4_IRQHandler
                0x08009258                OTG_HS_EP1_OUT_IRQHandler
                0x08009258                WWDG_IRQHandler
                0x08009258                SPI6_IRQHandler
                0x08009258                MDIOS_IRQHandler
                0x08009258                I2C4_EV_IRQHandler
                0x08009258                FDCAN2_IT0_IRQHandler
                0x08009258                LPUART1_IRQHandler
                0x08009258                FDCAN1_IT0_IRQHandler
                0x08009258                TIM2_IRQHandler
                0x08009258                OTG_FS_WKUP_IRQHandler
                0x08009258                OTG_HS_IRQHandler
                0x08009258                DMA2D_IRQHandler
                0x08009258                TIM1_BRK_IRQHandler
                0x08009258                EXTI1_IRQHandler
                0x08009258                SDMMC2_IRQHandler
                0x08009258                OTG_FS_EP1_OUT_IRQHandler
                0x08009258                BDMA_Channel3_IRQHandler
                0x08009258                UART7_IRQHandler
                0x08009258                MDIOS_WKUP_IRQHandler
                0x08009258                USART2_IRQHandler
                0x08009258                DFSDM1_FLT0_IRQHandler
                0x08009258                SAI4_IRQHandler
                0x08009258                I2C2_ER_IRQHandler
                0x08009258                DMA2_Stream1_IRQHandler
                0x08009258                FLASH_IRQHandler
                0x08009258                DMA2_Stream4_IRQHandler
                0x08009258                USART1_IRQHandler
                0x08009258                OTG_FS_IRQHandler
                0x08009258                SPI3_IRQHandler
                0x08009258                WAKEUP_PIN_IRQHandler
                0x08009258                DMA1_Stream4_IRQHandler
                0x08009258                OTG_FS_EP1_IN_IRQHandler
                0x08009258                I2C1_ER_IRQHandler
                0x08009258                FMC_IRQHandler
                0x08009258                FDCAN_CAL_IRQHandler
                0x08009258                SWPMI1_IRQHandler
                0x08009258                COMP1_IRQHandler
                0x08009258                LPTIM1_IRQHandler
                0x08009258                I2C4_ER_IRQHandler
                0x08009258                DMA2_Stream6_IRQHandler
                0x08009258                DMA1_Stream3_IRQHandler
 *fill*         0x0800925a        0x2 
 .text.snprintf
                0x0800925c       0x6c C:/ST/STM32CubeIDE_2.0.0/STM32CubeIDE/plugins/com.st.stm32cube.ide.mcu.externaltools.gnu-tools-for-stm32.13.3.rel1.win32_1.0.100.202509120712/tools/bin/../lib/gcc/arm-none-eabi/13.3.1/../../../../arm-none-eabi/lib/thumb/v7e-m+dp/hard\libc_nano.a(libc_a-snprintf.o)
                0x0800925c                sniprintf
                0x0800925c                snprintf
 .text._vsnprintf_r
                0x080092c8       0x5c C:/ST/STM32CubeIDE_2.0.0/STM32CubeIDE/plugins/com.st.stm32cube.ide.mcu.externaltools.gnu-tools-for-stm32.13.3.rel1.win32_1.0.100.202509120712/tools/bin/../lib/gcc/arm-none-eabi/13.3.1/../../../../arm-none-eabi/lib/thumb/v7e-m+dp/hard\libc_nano.a(libc_a-vsnprintf.o)
                0x080092c8                _vsniprintf_r
                0x080092c8                _vsnprintf_r
 .text.vsnprintf
                0x08009324       0x1c C:/ST/STM32CubeIDE_2.0.0/STM32CubeIDE/plugins/com.st.stm32cube.ide.mcu.externaltools.gnu-tools-for-stm32.13.3.rel1.win32_1.0.100.202509120712/tools/bin/../lib/gcc/arm-none-eabi/13.3.1/../../../../arm-none-eabi/lib/thumb/v7e-m+dp/hard\libc_nano.a(libc_a-vsnprintf.o)
                0x08009324                vsniprintf
                0x08009324                vsnprintf
 .text.memset   0x08009340       0x10 C:/ST/STM32CubeIDE_2.0.0/STM32CubeIDE/plugins/com.st.stm32cube.ide.mcu.externaltools.gnu-tools-for-stm32.13.3.rel1.win32_1.0.100.202509120712/tools/bin/../lib/gcc/arm-none-eabi/13.3.1/../../../../arm-none-eabi/lib/thumb/v7e-m+dp/hard\libc_nano.a(libc_a-memset.o)
                0x08009340                memset
 .text.__errno  0x08009350        0xc C:/ST/STM32CubeIDE_2.0.0/STM32CubeIDE/plugins/com.st.stm32cube.ide.mcu.externaltools.gnu-tools-for-stm32.13.3.rel1.win32_1.0.100.202509120712/tools/bin/../lib/gcc/arm-none-eabi/13.3.1/../../../../arm-none-eabi/lib/thumb/v7e-m+dp/hard\libc_nano.a(libc_a-errno.o)
                0x08009350                __errno
 .text.__libc_init_array
                0x0800935c       0x48 C:/ST/STM32CubeIDE_2.0.0/STM32CubeIDE/plugins/com.st.stm32cube.ide.mcu.externaltools.gnu-tools-for-stm32.13.3.rel1.win32_1.0.100.202509120712/tools/bin/../lib/gcc/arm-none-eabi/13.3.1/../../../../arm-none-eabi/lib/thumb/v7e-m+dp/hard\libc_nano.a(libc_a-init.o)
                0x0800935c                __libc_init_array
 .text.__retarget_lock_acquire_recursive
                0x080093a4        0x2 C:/ST/STM32CubeIDE_2.0.0/STM32CubeIDE/plugins/com.st.stm32cube.ide.mcu.externaltools.gnu-tools-for-stm32.13.3.rel1.win32_1.0.100.202509120712/tools/bin/../lib/gcc/arm-none-eabi/13.3.1/../../../../arm-none-eabi/lib/thumb/v7e-m+dp/hard\libc_nano.a(libc_a-lock.o)
                0x080093a4                __retarget_lock_acquire_recursive
 .text.__retarget_lock_release_recursive
                0x080093a6        0x2 C:/ST/STM32CubeIDE_2.0.0/STM32CubeIDE/plugins/com.st.stm32cube.ide.mcu.externaltools.gnu-tools-for-stm32.13.3.rel1.win32_1.0.100.202509120712/tools/bin/../lib/gcc/arm-none-eabi/13.3.1/../../../../arm-none-eabi/lib/thumb/v7e-m+dp/hard\libc_nano.a(libc_a-lock.o)
                0x080093a6                __retarget_lock_release_recursive
 .text.memcpy   0x080093a8       0x1c C:/ST/STM32CubeIDE_2.0.0/STM32CubeIDE/plugins/com.st.stm32cube.ide.mcu.externaltools.gnu-tools-for-stm32.13.3.rel1.win32_1.0.100.202509120712/tools/bin/../lib/gcc/arm-none-eabi/13.3.1/../../../../arm-none-eabi/lib/thumb/v7e-m+dp/hard\libc_nano.a(libc_a-memcpy-stub.o)
                0x080093a8                memcpy
 .text._free_r  0x080093c4       0x94 C:/ST/STM32CubeIDE_2.0.0/STM32CubeIDE/plugins/com.st.stm32cube.ide.mcu.externaltools.gnu-tools-for-stm32.13.3.rel1.win32_1.0.100.202509120712/tools/bin/../lib/gcc/arm-none-eabi/13.3.1/../../../../arm-none-eabi/lib/thumb/v7e-m+dp/hard\libc_nano.a(libc_a-freer.o)
                0x080093c4                _free_r
 .text.sbrk_aligned
                0x08009458       0x44 C:/ST/STM32CubeIDE_2.0.0/STM32CubeIDE/plugins/com.st.stm32cube.ide.mcu.externaltools.gnu-tools-for-stm32.13.3.rel1.win32_1.0.100.202509120712/tools/bin/../lib/gcc/arm-none-eabi/13.3.1/../../../../arm-none-eabi/lib/thumb/v7e-m+dp/hard\libc_nano.a(libc_a-mallocr.o)
 .text._malloc_r
                0x0800949c      0x100 C:/ST/STM32CubeIDE_2.0.0/STM32CubeIDE/plugins/com.st.stm32cube.ide.mcu.externaltools.gnu-tools-for-stm32.13.3.rel1.win32_1.0.100.202509120712/tools/bin/../lib/gcc/arm-none-eabi/13.3.1/../../../../arm-none-eabi/lib/thumb/v7e-m+dp/hard\libc_nano.a(libc_a-mallocr.o)
                0x0800949c                _malloc_r
 .text.__malloc_lock
                0x0800959c        0xc C:/ST/STM32CubeIDE_2.0.0/STM32CubeIDE/plugins/com.st.stm32cube.ide.mcu.externaltools.gnu-tools-for-stm32.13.3.rel1.win32_1.0.100.202509120712/tools/bin/../lib/gcc/arm-none-eabi/13.3.1/../../../../arm-none-eabi/lib/thumb/v7e-m+dp/hard\libc_nano.a(libc_a-mlock.o)
                0x0800959c                __malloc_lock
 .text.__malloc_unlock
                0x080095a8        0xc C:/ST/STM32CubeIDE_2.0.0/STM32CubeIDE/plugins/com.st.stm32cube.ide.mcu.externaltools.gnu-tools-for-stm32.13.3.rel1.win32_1.0.100.202509120712/tools/bin/../lib/gcc/arm-none-eabi/13.3.1/../../../../arm-none-eabi/lib/thumb/v7e-m+dp/hard\libc_nano.a(libc_a-mlock.o)
                0x080095a8                __malloc_unlock
 .text.__ssputs_r
                0x080095b4       0xb6 C:/ST/STM32CubeIDE_2.0.0/STM32CubeIDE/plugins/com.st.stm32cube.ide.mcu.externaltools.gnu-tools-for-stm32.13.3.rel1.win32_1.0.100.202509120712/tools/bin/../lib/gcc/arm-none-eabi/13.3.1/../../../../arm-none-eabi/lib/thumb/v7e-m+dp/hard\libc_nano.a(libc_a-nano-svfprintf.o)
                0x080095b4                __ssputs_r
 *fill*         0x0800966a        0x2 
 .text._svfprintf_r
                0x0800966c      0x1f8 C:/ST/STM32CubeIDE_2.0.0/STM32CubeIDE/plugins/com.st.stm32cube.ide.mcu.externaltools.gnu-tools-for-stm32.13.3.rel1.win32_1.0.100.202509120712/tools/bin/../lib/gcc/arm-none-eabi/13.3.1/../../../../arm-none-eabi/lib/thumb/v7e-m+dp/hard\libc_nano.a(libc_a-nano-svfprintf.o)
                0x0800966c                _svfiprintf_r
                0x0800966c                _svfprintf_r
 .text._printf_common
                0x08009864       0xda C:/ST/STM32CubeIDE_2.0.0/STM32CubeIDE/plugins/com.st.stm32cube.ide.mcu.externaltools.gnu-tools-for-stm32.13.3.rel1.win32_1.0.100.202509120712/tools/bin/../lib/gcc/arm-none-eabi/13.3.1/../../../../arm-none-eabi/lib/thumb/v7e-m+dp/hard\libc_nano.a(libc_a-nano-vfprintf_i.o)
                0x08009864                _printf_common
 *fill*         0x0800993e        0x2 
 .text._printf_i
                0x08009940      0x23c C:/ST/STM32CubeIDE_2.0.0/STM32CubeIDE/plugins/com.st.stm32cube.ide.mcu.externaltools.gnu-tools-for-stm32.13.3.rel1.win32_1.0.100.202509120712/tools/bin/../lib/gcc/arm-none-eabi/13.3.1/../../../../arm-none-eabi/lib/thumb/v7e-m+dp/hard\libc_nano.a(libc_a-nano-vfprintf_i.o)
                0x08009940                _printf_i
 .text.memmove  0x08009b7c       0x34 C:/ST/STM32CubeIDE_2.0.0/STM32CubeIDE/plugins/com.st.stm32cube.ide.mcu.externaltools.gnu-tools-for-stm32.13.3.rel1.win32_1.0.100.202509120712/tools/bin/../lib/gcc/arm-none-eabi/13.3.1/../../../../arm-none-eabi/lib/thumb/v7e-m+dp/hard\libc_nano.a(libc_a-memmove.o)
                0x08009b7c                memmove
 .text._sbrk_r  0x08009bb0       0x20 C:/ST/STM32CubeIDE_2.0.0/STM32CubeIDE/plugins/com.st.stm32cube.ide.mcu.externaltools.gnu-tools-for-stm32.13.3.rel1.win32_1.0.100.202509120712/tools/bin/../lib/gcc/arm-none-eabi/13.3.1/../../../../arm-none-eabi/lib/thumb/v7e-m+dp/hard\libc_nano.a(libc_a-sbrkr.o)
                0x08009bb0                _sbrk_r
 .text._realloc_r
                0x08009bd0       0x5c C:/ST/STM32CubeIDE_2.0.0/STM32CubeIDE/plugins/com.st.stm32cube.ide.mcu.externaltools.gnu-tools-for-stm32.13.3.rel1.win32_1.0.100.202509120712/tools/bin/../lib/gcc/arm-none-eabi/13.3.1/../../../../arm-none-eabi/lib/thumb/v7e-m+dp/hard\libc_nano.a(libc_a-reallocr.o)
                0x08009bd0                _realloc_r
 .text._malloc_usable_size_r
                0x08009c2c       0x10 C:/ST/STM32CubeIDE_2.0.0/STM32CubeIDE/plugins/com.st.stm32cube.ide.mcu.externaltools.gnu-tools-for-stm32.13.3.rel1.win32_1.0.100.202509120712/tools/bin/../lib/gcc/arm-none-eabi/13.3.1/../../../../arm-none-eabi/lib/thumb/v7e-m+dp/hard\libc_nano.a(libc_a-msizer.o)
                0x08009c2c                _malloc_usable_size_r
 *(.glue_7)
 .glue_7        0x08009c3c        0x0 linker stubs
 *(.glue_7t)
 .glue_7t       0x08009c3c        0x0 linker stubs
 *(.eh_frame)
 .eh_frame      0x08009c3c        0x0 C:/ST/STM32CubeIDE_2.0.0/STM32CubeIDE/plugins/com.st.stm32cube.ide.mcu.externaltools.gnu-tools-for-stm32.13.3.rel1.win32_1.0.100.202509120712/tools/bin/../lib/gcc/arm-none-eabi/13.3.1/thumb/v7e-m+dp/hard/crtbegin.o
 *(.init)
 .init          0x08009c3c        0x4 C:/ST/STM32CubeIDE_2.0.0/STM32CubeIDE/plugins/com.st.stm32cube.ide.mcu.externaltools.gnu-tools-for-stm32.13.3.rel1.win32_1.0.100.202509120712/tools/bin/../lib/gcc/arm-none-eabi/13.3.1/thumb/v7e-m+dp/hard/crti.o
                0x08009c3c                _init
 .init          0x08009c40        0x8 C:/ST/STM32CubeIDE_2.0.0/STM32CubeIDE/plugins/com.st.stm32cube.ide.mcu.externaltools.gnu-tools-for-stm32.13.3.rel1.win32_1.0.100.202509120712/tools/bin/../lib/gcc/arm-none-eabi/13.3.1/thumb/v7e-m+dp/hard/crtn.o
 *(.fini)
 .fini          0x08009c48        0x4 C:/ST/STM32CubeIDE_2.0.0/STM32CubeIDE/plugins/com.st.stm32cube.ide.mcu.externaltools.gnu-tools-for-stm32.13.3.rel1.win32_1.0.100.202509120712/tools/bin/../lib/gcc/arm-none-eabi/13.3.1/thumb/v7e-m+dp/hard/crti.o
                0x08009c48                _fini
 .fini          0x08009c4c        0x8 C:/ST/STM32CubeIDE_2.0.0/STM32CubeIDE/plugins/com.st.stm32cube.ide.mcu.externaltools.gnu-tools-for-stm32.13.3.rel1.win32_1.0.100.202509120712/tools/bin/../lib/gcc/arm-none-eabi/13.3.1/thumb/v7e-m+dp/hard/crtn.o
                0x08009c54                        . = ALIGN (0x4)
                0x08009c54                        _etext = .

.vfp11_veneer   0x08009c54        0x0
 .vfp11_veneer  0x08009c54        0x0 linker stubs

.v4_bx          0x08009c54        0x0
 .v4_bx         0x08009c54        0x0 linker stubs

.iplt           0x08009c54        0x0
 .iplt          0x08009c54        0x0 C:/ST/STM32CubeIDE_2.0.0/STM32CubeIDE/plugins/com.st.stm32cube.ide.mcu.externaltools.gnu-tools-for-stm32.13.3.rel1.win32_1.0.100.202509120712/tools/bin/../lib/gcc/arm-none-eabi/13.3.1/thumb/v7e-m+dp/hard/crtbegin.o

.rodata         0x08009c54      0x1e4
                0x08009c54                        . = ALIGN (0x4)
 *(.rodata)
 .rodata        0x08009c54       0x38 ./Src/cs42448.o
 *(.rodata*)
 .rodata.flagBitshiftOffset.0
                0x08009c8c        0x8 ./Drivers/STM32H7xx_HAL_Driver/Src/stm32h7xx_hal_dma.o
 .rodata.UARTPrescTable
                0x08009c94       0x18 ./Drivers/STM32H7xx_HAL_Driver/Src/stm32h7xx_hal_uart.o
                0x08009c94                UARTPrescTable
 .rodata.denominator.0
                0x08009cac        0x8 ./Drivers/STM32H7xx_HAL_Driver/Src/stm32h7xx_hal_uart_ex.o
 .rodata.numerator.1
                0x08009cb4        0x8 ./Drivers/STM32H7xx_HAL_Driver/Src/stm32h7xx_hal_uart_ex.o
 .rodata.CS42448_DiagnosticsDump.str1.4
                0x08009cbc      0x12e ./Src/cs42448.o
                                 0x93 (size before relaxing)
 .rodata.str1.4
                0x08009dea        0x0 ./Src/cs42448.o
                                 0x5d (size before relaxing)
 *fill*         0x08009dea        0x2 
 .rodata.cs42448_default_config.0
                0x08009dec        0x5 ./Src/cs42448.o
 .rodata.uart_log_hex.str1.4
                0x08009df1        0x0 ./Src/stm32h7xx_it.o
                                  0xc (size before relaxing)
 .rodata.HardFault_Handler.str1.4
                0x08009df1        0x0 ./Src/stm32h7xx_it.o
                                 0x2e (size before relaxing)
 *fill*         0x08009df1        0x3 
 .rodata.D1CorePrescTable
                0x08009df4       0x10 ./Src/system_stm32h7xx.o
                0x08009df4                D1CorePrescTable
 .rodata._svfprintf_r.str1.1
                0x08009e04       0x33 C:/ST/STM32CubeIDE_2.0.0/STM32CubeIDE/plugins/com.st.stm32cube.ide.mcu.externaltools.gnu-tools-for-stm32.13.3.rel1.win32_1.0.100.202509120712/tools/bin/../lib/gcc/arm-none-eabi/13.3.1/../../../../arm-none-eabi/lib/thumb/v7e-m+dp/hard\libc_nano.a(libc_a-nano-svfprintf.o)
                                 0x11 (size before relaxing)
 .rodata._printf_i.str1.1
                0x08009e37        0x0 C:/ST/STM32CubeIDE_2.0.0/STM32CubeIDE/plugins/com.st.stm32cube.ide.mcu.externaltools.gnu-tools-for-stm32.13.3.rel1.win32_1.0.100.202509120712/tools/bin/../lib/gcc/arm-none-eabi/13.3.1/../../../../arm-none-eabi/lib/thumb/v7e-m+dp/hard\libc_nano.a(libc_a-nano-vfprintf_i.o)
                                 0x22 (size before relaxing)
                0x08009e38                        . = ALIGN (0x4)
 *fill*         0x08009e37        0x1 

.ARM.extab
 *(.ARM.extab* .gnu.linkonce.armextab.*)

.ARM            0x08009e38        0x8
                0x08009e38                        __exidx_start = .
 *(.ARM.exidx*)
 .ARM.exidx     0x08009e38        0x8 C:/ST/STM32CubeIDE_2.0.0/STM32CubeIDE/plugins/com.st.stm32cube.ide.mcu.externaltools.gnu-tools-for-stm32.13.3.rel1.win32_1.0.100.202509120712/tools/bin/../lib/gcc/arm-none-eabi/13.3.1/../../../../arm-none-eabi/lib/thumb/v7e-m+dp/hard\libc_nano.a(libc_a-strlen.o)
 .ARM.exidx     0x08009e40        0x0 C:/ST/STM32CubeIDE_2.0.0/STM32CubeIDE/plugins/com.st.stm32cube.ide.mcu.externaltools.gnu-tools-for-stm32.13.3.rel1.win32_1.0.100.202509120712/tools/bin/../lib/gcc/arm-none-eabi/13.3.1/../../../../arm-none-eabi/lib/thumb/v7e-m+dp/hard\libc_nano.a(libc_a-memchr.o)
                                  0x8 (size before relaxing)
 .ARM.exidx     0x08009e40        0x0 C:/ST/STM32CubeIDE_2.0.0/STM32CubeIDE/plugins/com.st.stm32cube.ide.mcu.externaltools.gnu-tools-for-stm32.13.3.rel1.win32_1.0.100.202509120712/tools/bin/../lib/gcc/arm-none-eabi/13.3.1/thumb/v7e-m+dp/hard\libgcc.a(_udivmoddi4.o)
                                  0x8 (size before relaxing)
                0x08009e40                        __exidx_end = .

.preinit_array  0x08009e40        0x0
                0x08009e40                        PROVIDE (__preinit_array_start = .)
 *(.preinit_array*)
                0x08009e40                        PROVIDE (__preinit_array_end = .)

.init_array     0x08009e40        0x4
                0x08009e40                        PROVIDE (__init_array_start = .)
 *(SORT_BY_NAME(.init_array.*))
 *(.init_array*)
 .init_array    0x08009e40        0x4 C:/ST/STM32CubeIDE_2.0.0/STM32CubeIDE/plugins/com.st.stm32cube.ide.mcu.externaltools.gnu-tools-for-stm32.13.3.rel1.win32_1.0.100.202509120712/tools/bin/../lib/gcc/arm-none-eabi/13.3.1/thumb/v7e-m+dp/hard/crtbegin.o
                0x08009e44                        PROVIDE (__init_array_end = .)

.fini_array     0x08009e44        0x4
                [!provide]                        PROVIDE (__fini_array_start = .)
 *(SORT_BY_NAME(.fini_array.*))
 *(.fini_array*)
 .fini_array    0x08009e44        0x4 C:/ST/STM32CubeIDE_2.0.0/STM32CubeIDE/plugins/com.st.stm32cube.ide.mcu.externaltools.gnu-tools-for-stm32.13.3.rel1.win32_1.0.100.202509120712/tools/bin/../lib/gcc/arm-none-eabi/13.3.1/thumb/v7e-m+dp/hard/crtbegin.o
                [!provide]                        PROVIDE (__fini_array_end = .)
                0x08009e48                        _sidata = LOADADDR (.data)

.rel.dyn        0x08009e48        0x0
 .rel.iplt      0x08009e48        0x0 C:/ST/STM32CubeIDE_2.0.0/STM32CubeIDE/plugins/com.st.stm32cube.ide.mcu.externaltools.gnu-tools-for-stm32.13.3.rel1.win32_1.0.100.202509120712/tools/bin/../lib/gcc/arm-none-eabi/13.3.1/thumb/v7e-m+dp/hard/crtbegin.o

.data           0x24000000       0x70 load address 0x08009e48
                0x24000000                        . = ALIGN (0x4)
                0x24000000                        _sdata = .
 *(.data)
 *(.data*)
 .data.uwTickFreq
                0x24000000        0x1 ./Drivers/STM32H7xx_HAL_Driver/Src/stm32h7xx_hal.o
                0x24000000                uwTickFreq
 *fill*         0x24000001        0x3 
 .data.uwTickPrio
                0x24000004        0x4 ./Drivers/STM32H7xx_HAL_Driver/Src/stm32h7xx_hal.o
                0x24000004                uwTickPrio
 .data.output_comp
                0x24000008        0x4 ./Src/audio_float.o
 .data.postgain
                0x2400000c        0x4 ./Src/audio_float.o
 .data.postgain_recip
                0x24000010        0x4 ./Src/audio_float.o
 .data.master_gain
                0x24000014        0x4 ./Src/mixer.o
 .data.SystemD2Clock
                0x24000018        0x4 ./Src/system_stm32h7xx.o
                0x24000018                SystemD2Clock
 .data.SystemCoreClock
                0x2400001c        0x4 ./Src/system_stm32h7xx.o
                0x2400001c                SystemCoreClock
 .data._impure_ptr
                0x24000020        0x4 C:/ST/STM32CubeIDE_2.0.0/STM32CubeIDE/plugins/com.st.stm32cube.ide.mcu.externaltools.gnu-tools-for-stm32.13.3.rel1.win32_1.0.100.202509120712/tools/bin/../lib/gcc/arm-none-eabi/13.3.1/../../../../arm-none-eabi/lib/thumb/v7e-m+dp/hard\libc_nano.a(libc_a-impure.o)
                0x24000020                _impure_ptr
 .data._impure_data
                0x24000024       0x4c C:/ST/STM32CubeIDE_2.0.0/STM32CubeIDE/plugins/com.st.stm32cube.ide.mcu.externaltools.gnu-tools-for-stm32.13.3.rel1.win32_1.0.100.202509120712/tools/bin/../lib/gcc/arm-none-eabi/13.3.1/../../../../arm-none-eabi/lib/thumb/v7e-m+dp/hard\libc_nano.a(libc_a-impure.o)
                0x24000024                _impure_data
 *(.RamFunc)
 *(.RamFunc*)
                0x24000070                        . = ALIGN (0x4)
                0x24000070                        _edata = .

.igot.plt       0x24000070        0x0 load address 0x08009eb8
 .igot.plt      0x24000070        0x0 C:/ST/STM32CubeIDE_2.0.0/STM32CubeIDE/plugins/com.st.stm32cube.ide.mcu.externaltools.gnu-tools-for-stm32.13.3.rel1.win32_1.0.100.202509120712/tools/bin/../lib/gcc/arm-none-eabi/13.3.1/thumb/v7e-m+dp/hard/crtbegin.o
                0x24000070                        . = ALIGN (0x4)

.bss            0x24000070     0x1ccc load address 0x08009eb8
                0x24000070                        _sbss = .
                0x24000070                        __bss_start__ = _sbss
 *(.bss)
 .bss           0x24000070       0x1c C:/ST/STM32CubeIDE_2.0.0/STM32CubeIDE/plugins/com.st.stm32cube.ide.mcu.externaltools.gnu-tools-for-stm32.13.3.rel1.win32_1.0.100.202509120712/tools/bin/../lib/gcc/arm-none-eabi/13.3.1/thumb/v7e-m+dp/hard/crtbegin.o
 *(.bss*)
 .bss.uwTick    0x2400008c        0x4 ./Drivers/STM32H7xx_HAL_Driver/Src/stm32h7xx_hal.o
                0x2400008c                uwTick
 .bss.sai_rx    0x24000090        0x4 ./Src/audio.o
 .bss.sai_tx    0x24000094        0x4 ./Src/audio.o
 .bss.tx_buffer
                0x24000098      0x800 ./Src/audio.o
 .bss.rx_buffer
                0x24000898      0x800 ./Src/audio.o
 .bss.float_cb  0x24001098        0x4 ./Src/audio_float.o
 .bss.out_ptrs  0x2400109c       0x20 ./Src/audio_float.o
 .bss.in_ptrs   0x240010bc       0x18 ./Src/audio_float.o
 .bss.out_buf   0x240010d4      0x400 ./Src/audio_float.o
 .bss.in_buf    0x240014d4      0x300 ./Src/audio_float.o
 .bss.brick6_sd_buf1_cplt_count
                0x240017d4        0x4 ./Src/brick6_refactor.o
                0x240017d4                brick6_sd_buf1_cplt_count
 .bss.brick6_sd_buf0_cplt_count
                0x240017d8        0x4 ./Src/brick6_refactor.o
                0x240017d8                brick6_sd_buf0_cplt_count
 .bss.brick6_sd_err_count
                0x240017dc        0x4 ./Src/brick6_refactor.o
                0x240017dc                brick6_sd_err_count
 .bss.brick6_sd_tx_cplt_count
                0x240017e0        0x4 ./Src/brick6_refactor.o
                0x240017e0                brick6_sd_tx_cplt_count
 .bss.brick6_sd_rx_cplt_count
                0x240017e4        0x4 ./Src/brick6_refactor.o
                0x240017e4                brick6_sd_rx_cplt_count
 .bss.FMC_Initialized
                0x240017e8        0x4 ./Src/fmc.o
 *fill*         0x240017ec        0x4 
 .bss.hsdram1   0x240017f0       0x34 ./Src/fmc.o
                0x240017f0                hsdram1
 *fill*         0x24001824        0x4 
 .bss.hi2c3     0x24001828       0x54 ./Src/i2c.o
                0x24001828                hi2c3
 .bss.SAI1_client
                0x2400187c        0x4 ./Src/sai.o
 .bss.hdma_sai1_b
                0x24001880       0x78 ./Src/sai.o
                0x24001880                hdma_sai1_b
 .bss.hdma_sai1_a
                0x240018f8       0x78 ./Src/sai.o
                0x240018f8                hdma_sai1_a
 .bss.hsai_BlockB1
                0x24001970       0x98 ./Src/sai.o
                0x24001970                hsai_BlockB1
 .bss.hsai_BlockA1
                0x24001a08       0x98 ./Src/sai.o
                0x24001a08                hsai_BlockA1
 .bss.sd_buf1_ready
                0x24001aa0        0x1 ./Src/sd_stream.o
 .bss.sd_buf0_ready
                0x24001aa1        0x1 ./Src/sd_stream.o
 .bss.sd_operation
                0x24001aa2        0x1 ./Src/sd_stream.o
 *fill*         0x24001aa3        0x5 
 .bss.sd_stats  0x24001aa8       0x10 ./Src/sd_stream.o
 .bss.sd_write_pattern1
                0x24001ab8        0x4 ./Src/sd_stream.o
 .bss.sd_write_pattern0
                0x24001abc        0x4 ./Src/sd_stream.o
 .bss.sd_write_count_buffer1
                0x24001ac0        0x4 ./Src/sd_stream.o
 .bss.sd_write_count_buffer0
                0x24001ac4        0x4 ./Src/sd_stream.o
 .bss.read_buf1_count
                0x24001ac8        0x4 ./Src/sd_stream.o
                0x24001ac8                read_buf1_count
 .bss.read_buf0_count
                0x24001acc        0x4 ./Src/sd_stream.o
                0x24001acc                read_buf0_count
 .bss.sd_error_flag
                0x24001ad0        0x1 ./Src/sd_stream.o
 .bss.sd_tx_done_flag
                0x24001ad1        0x1 ./Src/sd_stream.o
 .bss.sd_rx_done_flag
                0x24001ad2        0x1 ./Src/sd_stream.o
 .bss.sd_error  0x24001ad3        0x1 ./Src/sd_stream.o
 .bss.sd_log_callbacks
                0x24001ad4        0x1 ./Src/sd_stream.o
 *fill*         0x24001ad5        0x3 
 .bss.sd_handle
                0x24001ad8        0x4 ./Src/sd_stream.o
 *fill*         0x24001adc        0x4 
 .bss.hsd1      0x24001ae0       0x7c ./Src/sdmmc.o
                0x24001ae0                hsd1
 .bss.__sbrk_heap_end
                0x24001b5c        0x4 ./Src/sysmem.o
 .bss.huart1    0x24001b60       0x94 ./Src/usart.o
                0x24001b60                huart1
 .bss.__sf      0x24001bf4      0x138 C:/ST/STM32CubeIDE_2.0.0/STM32CubeIDE/plugins/com.st.stm32cube.ide.mcu.externaltools.gnu-tools-for-stm32.13.3.rel1.win32_1.0.100.202509120712/tools/bin/../lib/gcc/arm-none-eabi/13.3.1/../../../../arm-none-eabi/lib/thumb/v7e-m+dp/hard\libc_nano.a(libc_a-findfp.o)
                0x24001bf4                __sf
 .bss.errno     0x24001d2c        0x4 C:/ST/STM32CubeIDE_2.0.0/STM32CubeIDE/plugins/com.st.stm32cube.ide.mcu.externaltools.gnu-tools-for-stm32.13.3.rel1.win32_1.0.100.202509120712/tools/bin/../lib/gcc/arm-none-eabi/13.3.1/../../../../arm-none-eabi/lib/thumb/v7e-m+dp/hard\libc_nano.a(libc_a-reent.o)
                0x24001d2c                errno
 .bss.__lock___malloc_recursive_mutex
                0x24001d30        0x1 C:/ST/STM32CubeIDE_2.0.0/STM32CubeIDE/plugins/com.st.stm32cube.ide.mcu.externaltools.gnu-tools-for-stm32.13.3.rel1.win32_1.0.100.202509120712/tools/bin/../lib/gcc/arm-none-eabi/13.3.1/../../../../arm-none-eabi/lib/thumb/v7e-m+dp/hard\libc_nano.a(libc_a-lock.o)
                0x24001d30                __lock___malloc_recursive_mutex
 *fill*         0x24001d31        0x3 
 .bss.__malloc_sbrk_start
                0x24001d34        0x4 C:/ST/STM32CubeIDE_2.0.0/STM32CubeIDE/plugins/com.st.stm32cube.ide.mcu.externaltools.gnu-tools-for-stm32.13.3.rel1.win32_1.0.100.202509120712/tools/bin/../lib/gcc/arm-none-eabi/13.3.1/../../../../arm-none-eabi/lib/thumb/v7e-m+dp/hard\libc_nano.a(libc_a-mallocr.o)
                0x24001d34                __malloc_sbrk_start
 .bss.__malloc_free_list
                0x24001d38        0x4 C:/ST/STM32CubeIDE_2.0.0/STM32CubeIDE/plugins/com.st.stm32cube.ide.mcu.externaltools.gnu-tools-for-stm32.13.3.rel1.win32_1.0.100.202509120712/tools/bin/../lib/gcc/arm-none-eabi/13.3.1/../../../../arm-none-eabi/lib/thumb/v7e-m+dp/hard\libc_nano.a(libc_a-mallocr.o)
                0x24001d38                __malloc_free_list
 *(COMMON)
                0x24001d3c                        . = ALIGN (0x4)
                0x24001d3c                        _ebss = .
                0x24001d3c                        __bss_end__ = _ebss

.ram_d1         0x24001d40     0x2000 load address 0x08009eb8
                0x24001d40                        . = ALIGN (0x20)
 *(.ram_d1)
 .ram_d1        0x24001d40     0x2000 ./Src/sd_stream.o
 *(.ram_d1*)
                0x24003d40                        . = ALIGN (0x20)

._user_heap_stack
                0x24003d40      0x600 load address 0x08009eb8
                0x24003d40                        . = ALIGN (0x8)
                [!provide]                        PROVIDE (end = .)
                0x24003d40                        PROVIDE (_end = .)
                0x24003f40                        . = (. + _Min_Heap_Size)
 *fill*         0x24003d40      0x200 
                0x24004340                        . = (. + _Min_Stack_Size)
 *fill*         0x24003f40      0x400 
                0x24004340                        . = ALIGN (0x8)

/DISCARD/
 libc.a(*)
 libm.a(*)
 libgcc.a(*)

.ARM.attributes
                0x00000000       0x2e
 *(.ARM.attributes)
 .ARM.attributes
                0x00000000       0x20 C:/ST/STM32CubeIDE_2.0.0/STM32CubeIDE/plugins/com.st.stm32cube.ide.mcu.externaltools.gnu-tools-for-stm32.13.3.rel1.win32_1.0.100.202509120712/tools/bin/../lib/gcc/arm-none-eabi/13.3.1/thumb/v7e-m+dp/hard/crti.o
 .ARM.attributes
                0x00000020       0x32 C:/ST/STM32CubeIDE_2.0.0/STM32CubeIDE/plugins/com.st.stm32cube.ide.mcu.externaltools.gnu-tools-for-stm32.13.3.rel1.win32_1.0.100.202509120712/tools/bin/../lib/gcc/arm-none-eabi/13.3.1/thumb/v7e-m+dp/hard/crtbegin.o
 .ARM.attributes
                0x00000052       0x32 ./Drivers/STM32H7xx_HAL_Driver/Src/stm32h7xx_hal.o
 .ARM.attributes
                0x00000084       0x32 ./Drivers/STM32H7xx_HAL_Driver/Src/stm32h7xx_hal_cortex.o
 .ARM.attributes
                0x000000b6       0x32 ./Drivers/STM32H7xx_HAL_Driver/Src/stm32h7xx_hal_dma.o
 .ARM.attributes
                0x000000e8       0x32 ./Drivers/STM32H7xx_HAL_Driver/Src/stm32h7xx_hal_gpio.o
 .ARM.attributes
                0x0000011a       0x32 ./Drivers/STM32H7xx_HAL_Driver/Src/stm32h7xx_hal_i2c.o
 .ARM.attributes
                0x0000014c       0x32 ./Drivers/STM32H7xx_HAL_Driver/Src/stm32h7xx_hal_i2c_ex.o
 .ARM.attributes
                0x0000017e       0x32 ./Drivers/STM32H7xx_HAL_Driver/Src/stm32h7xx_hal_pwr_ex.o
 .ARM.attributes
                0x000001b0       0x32 ./Drivers/STM32H7xx_HAL_Driver/Src/stm32h7xx_hal_rcc.o
 .ARM.attributes
                0x000001e2       0x32 ./Drivers/STM32H7xx_HAL_Driver/Src/stm32h7xx_hal_rcc_ex.o
 .ARM.attributes
                0x00000214       0x32 ./Drivers/STM32H7xx_HAL_Driver/Src/stm32h7xx_hal_sai.o
 .ARM.attributes
                0x00000246       0x32 ./Drivers/STM32H7xx_HAL_Driver/Src/stm32h7xx_hal_sd.o
 .ARM.attributes
                0x00000278       0x32 ./Drivers/STM32H7xx_HAL_Driver/Src/stm32h7xx_hal_sdram.o
 .ARM.attributes
                0x000002aa       0x32 ./Drivers/STM32H7xx_HAL_Driver/Src/stm32h7xx_hal_uart.o
 .ARM.attributes
                0x000002dc       0x32 ./Drivers/STM32H7xx_HAL_Driver/Src/stm32h7xx_hal_uart_ex.o
 .ARM.attributes
                0x0000030e       0x32 ./Drivers/STM32H7xx_HAL_Driver/Src/stm32h7xx_ll_fmc.o
 .ARM.attributes
                0x00000340       0x32 ./Drivers/STM32H7xx_HAL_Driver/Src/stm32h7xx_ll_sdmmc.o
 .ARM.attributes
                0x00000372       0x32 ./Src/audio.o
 .ARM.attributes
                0x000003a4       0x32 ./Src/audio_float.o
 .ARM.attributes
                0x000003d6       0x32 ./Src/brick6_app_init.o
 .ARM.attributes
                0x00000408       0x32 ./Src/brick6_refactor.o
 .ARM.attributes
                0x0000043a       0x32 ./Src/cs42448.o
 .ARM.attributes
                0x0000046c       0x32 ./Src/diagnostics_tasklet.o
 .ARM.attributes
                0x0000049e       0x32 ./Src/dma.o
 .ARM.attributes
                0x000004d0       0x32 ./Src/fmc.o
 .ARM.attributes
                0x00000502       0x32 ./Src/gpio.o
 .ARM.attributes
                0x00000534       0x32 ./Src/i2c.o
 .ARM.attributes
                0x00000566       0x32 ./Src/main.o
 .ARM.attributes
                0x00000598       0x32 ./Src/mixer.o
 .ARM.attributes
                0x000005ca       0x32 ./Src/sai.o
 .ARM.attributes
                0x000005fc       0x32 ./Src/sd_stream.o
 .ARM.attributes
                0x0000062e       0x32 ./Src/sdmmc.o
 .ARM.attributes
                0x00000660       0x32 ./Src/stm32h7xx_hal_msp.o
 .ARM.attributes
                0x00000692       0x32 ./Src/stm32h7xx_it.o
 .ARM.attributes
                0x000006c4       0x32 ./Src/sysmem.o
 .ARM.attributes
                0x000006f6       0x32 ./Src/system_stm32h7xx.o
 .ARM.attributes
                0x00000728       0x32 ./Src/ui_tasklet.o
 .ARM.attributes
                0x0000075a       0x32 ./Src/usart.o
 .ARM.attributes
                0x0000078c       0x21 ./Startup/startup_stm32h743iitx.o
 .ARM.attributes
                0x000007ad       0x32 C:/ST/STM32CubeIDE_2.0.0/STM32CubeIDE/plugins/com.st.stm32cube.ide.mcu.externaltools.gnu-tools-for-stm32.13.3.rel1.win32_1.0.100.202509120712/tools/bin/../lib/gcc/arm-none-eabi/13.3.1/../../../../arm-none-eabi/lib/thumb/v7e-m+dp/hard\libc_nano.a(libc_a-findfp.o)
 .ARM.attributes
                0x000007df       0x32 C:/ST/STM32CubeIDE_2.0.0/STM32CubeIDE/plugins/com.st.stm32cube.ide.mcu.externaltools.gnu-tools-for-stm32.13.3.rel1.win32_1.0.100.202509120712/tools/bin/../lib/gcc/arm-none-eabi/13.3.1/../../../../arm-none-eabi/lib/thumb/v7e-m+dp/hard\libc_nano.a(libc_a-snprintf.o)
 .ARM.attributes
                0x00000811       0x32 C:/ST/STM32CubeIDE_2.0.0/STM32CubeIDE/plugins/com.st.stm32cube.ide.mcu.externaltools.gnu-tools-for-stm32.13.3.rel1.win32_1.0.100.202509120712/tools/bin/../lib/gcc/arm-none-eabi/13.3.1/../../../../arm-none-eabi/lib/thumb/v7e-m+dp/hard\libc_nano.a(libc_a-vsnprintf.o)
 .ARM.attributes
                0x00000843       0x32 C:/ST/STM32CubeIDE_2.0.0/STM32CubeIDE/plugins/com.st.stm32cube.ide.mcu.externaltools.gnu-tools-for-stm32.13.3.rel1.win32_1.0.100.202509120712/tools/bin/../lib/gcc/arm-none-eabi/13.3.1/../../../../arm-none-eabi/lib/thumb/v7e-m+dp/hard\libc_nano.a(libc_a-memset.o)
 .ARM.attributes
                0x00000875       0x32 C:/ST/STM32CubeIDE_2.0.0/STM32CubeIDE/plugins/com.st.stm32cube.ide.mcu.externaltools.gnu-tools-for-stm32.13.3.rel1.win32_1.0.100.202509120712/tools/bin/../lib/gcc/arm-none-eabi/13.3.1/../../../../arm-none-eabi/lib/thumb/v7e-m+dp/hard\libc_nano.a(libc_a-reent.o)
 .ARM.attributes
                0x000008a7       0x32 C:/ST/STM32CubeIDE_2.0.0/STM32CubeIDE/plugins/com.st.stm32cube.ide.mcu.externaltools.gnu-tools-for-stm32.13.3.rel1.win32_1.0.100.202509120712/tools/bin/../lib/gcc/arm-none-eabi/13.3.1/../../../../arm-none-eabi/lib/thumb/v7e-m+dp/hard\libc_nano.a(libc_a-impure.o)
 .ARM.attributes
                0x000008d9       0x32 C:/ST/STM32CubeIDE_2.0.0/STM32CubeIDE/plugins/com.st.stm32cube.ide.mcu.externaltools.gnu-tools-for-stm32.13.3.rel1.win32_1.0.100.202509120712/tools/bin/../lib/gcc/arm-none-eabi/13.3.1/../../../../arm-none-eabi/lib/thumb/v7e-m+dp/hard\libc_nano.a(libc_a-errno.o)
 .ARM.attributes
                0x0000090b       0x32 C:/ST/STM32CubeIDE_2.0.0/STM32CubeIDE/plugins/com.st.stm32cube.ide.mcu.externaltools.gnu-tools-for-stm32.13.3.rel1.win32_1.0.100.202509120712/tools/bin/../lib/gcc/arm-none-eabi/13.3.1/../../../../arm-none-eabi/lib/thumb/v7e-m+dp/hard\libc_nano.a(libc_a-init.o)
 .ARM.attributes
                0x0000093d       0x32 C:/ST/STM32CubeIDE_2.0.0/STM32CubeIDE/plugins/com.st.stm32cube.ide.mcu.externaltools.gnu-tools-for-stm32.13.3.rel1.win32_1.0.100.202509120712/tools/bin/../lib/gcc/arm-none-eabi/13.3.1/../../../../arm-none-eabi/lib/thumb/v7e-m+dp/hard\libc_nano.a(libc_a-lock.o)
 .ARM.attributes
                0x0000096f       0x32 C:/ST/STM32CubeIDE_2.0.0/STM32CubeIDE/plugins/com.st.stm32cube.ide.mcu.externaltools.gnu-tools-for-stm32.13.3.rel1.win32_1.0.100.202509120712/tools/bin/../lib/gcc/arm-none-eabi/13.3.1/../../../../arm-none-eabi/lib/thumb/v7e-m+dp/hard\libc_nano.a(libc_a-memcpy-stub.o)
 .ARM.attributes
                0x000009a1       0x17 C:/ST/STM32CubeIDE_2.0.0/STM32CubeIDE/plugins/com.st.stm32cube.ide.mcu.externaltools.gnu-tools-for-stm32.13.3.rel1.win32_1.0.100.202509120712/tools/bin/../lib/gcc/arm-none-eabi/13.3.1/../../../../arm-none-eabi/lib/thumb/v7e-m+dp/hard\libc_nano.a(libc_a-strlen.o)
 .ARM.attributes
                0x000009b8       0x32 C:/ST/STM32CubeIDE_2.0.0/STM32CubeIDE/plugins/com.st.stm32cube.ide.mcu.externaltools.gnu-tools-for-stm32.13.3.rel1.win32_1.0.100.202509120712/tools/bin/../lib/gcc/arm-none-eabi/13.3.1/../../../../arm-none-eabi/lib/thumb/v7e-m+dp/hard\libc_nano.a(libc_a-freer.o)
 .ARM.attributes
                0x000009ea       0x32 C:/ST/STM32CubeIDE_2.0.0/STM32CubeIDE/plugins/com.st.stm32cube.ide.mcu.externaltools.gnu-tools-for-stm32.13.3.rel1.win32_1.0.100.202509120712/tools/bin/../lib/gcc/arm-none-eabi/13.3.1/../../../../arm-none-eabi/lib/thumb/v7e-m+dp/hard\libc_nano.a(libc_a-mallocr.o)
 .ARM.attributes
                0x00000a1c       0x32 C:/ST/STM32CubeIDE_2.0.0/STM32CubeIDE/plugins/com.st.stm32cube.ide.mcu.externaltools.gnu-tools-for-stm32.13.3.rel1.win32_1.0.100.202509120712/tools/bin/../lib/gcc/arm-none-eabi/13.3.1/../../../../arm-none-eabi/lib/thumb/v7e-m+dp/hard\libc_nano.a(libc_a-mlock.o)
 .ARM.attributes
                0x00000a4e       0x32 C:/ST/STM32CubeIDE_2.0.0/STM32CubeIDE/plugins/com.st.stm32cube.ide.mcu.externaltools.gnu-tools-for-stm32.13.3.rel1.win32_1.0.100.202509120712/tools/bin/../lib/gcc/arm-none-eabi/13.3.1/../../../../arm-none-eabi/lib/thumb/v7e-m+dp/hard\libc_nano.a(libc_a-nano-svfprintf.o)
 .ARM.attributes
                0x00000a80       0x32 C:/ST/STM32CubeIDE_2.0.0/STM32CubeIDE/plugins/com.st.stm32cube.ide.mcu.externaltools.gnu-tools-for-stm32.13.3.rel1.win32_1.0.100.202509120712/tools/bin/../lib/gcc/arm-none-eabi/13.3.1/../../../../arm-none-eabi/lib/thumb/v7e-m+dp/hard\libc_nano.a(libc_a-nano-vfprintf_i.o)
 .ARM.attributes
                0x00000ab2       0x32 C:/ST/STM32CubeIDE_2.0.0/STM32CubeIDE/plugins/com.st.stm32cube.ide.mcu.externaltools.gnu-tools-for-stm32.13.3.rel1.win32_1.0.100.202509120712/tools/bin/../lib/gcc/arm-none-eabi/13.3.1/../../../../arm-none-eabi/lib/thumb/v7e-m+dp/hard\libc_nano.a(libc_a-memmove.o)
 .ARM.attributes
                0x00000ae4       0x32 C:/ST/STM32CubeIDE_2.0.0/STM32CubeIDE/plugins/com.st.stm32cube.ide.mcu.externaltools.gnu-tools-for-stm32.13.3.rel1.win32_1.0.100.202509120712/tools/bin/../lib/gcc/arm-none-eabi/13.3.1/../../../../arm-none-eabi/lib/thumb/v7e-m+dp/hard\libc_nano.a(libc_a-sbrkr.o)
 .ARM.attributes
                0x00000b16       0x1c C:/ST/STM32CubeIDE_2.0.0/STM32CubeIDE/plugins/com.st.stm32cube.ide.mcu.externaltools.gnu-tools-for-stm32.13.3.rel1.win32_1.0.100.202509120712/tools/bin/../lib/gcc/arm-none-eabi/13.3.1/../../../../arm-none-eabi/lib/thumb/v7e-m+dp/hard\libc_nano.a(libc_a-memchr.o)
 .ARM.attributes
                0x00000b32       0x32 C:/ST/STM32CubeIDE_2.0.0/STM32CubeIDE/plugins/com.st.stm32cube.ide.mcu.externaltools.gnu-tools-for-stm32.13.3.rel1.win32_1.0.100.202509120712/tools/bin/../lib/gcc/arm-none-eabi/13.3.1/../../../../arm-none-eabi/lib/thumb/v7e-m+dp/hard\libc_nano.a(libc_a-reallocr.o)
 .ARM.attributes
                0x00000b64       0x32 C:/ST/STM32CubeIDE_2.0.0/STM32CubeIDE/plugins/com.st.stm32cube.ide.mcu.externaltools.gnu-tools-for-stm32.13.3.rel1.win32_1.0.100.202509120712/tools/bin/../lib/gcc/arm-none-eabi/13.3.1/../../../../arm-none-eabi/lib/thumb/v7e-m+dp/hard\libc_nano.a(libc_a-msizer.o)
 .ARM.attributes
                0x00000b96       0x20 C:/ST/STM32CubeIDE_2.0.0/STM32CubeIDE/plugins/com.st.stm32cube.ide.mcu.externaltools.gnu-tools-for-stm32.13.3.rel1.win32_1.0.100.202509120712/tools/bin/../lib/gcc/arm-none-eabi/13.3.1/thumb/v7e-m+dp/hard\libgcc.a(_aeabi_uldivmod.o)
 .ARM.attributes
                0x00000bb6       0x32 C:/ST/STM32CubeIDE_2.0.0/STM32CubeIDE/plugins/com.st.stm32cube.ide.mcu.externaltools.gnu-tools-for-stm32.13.3.rel1.win32_1.0.100.202509120712/tools/bin/../lib/gcc/arm-none-eabi/13.3.1/thumb/v7e-m+dp/hard\libgcc.a(_udivmoddi4.o)
 .ARM.attributes
                0x00000be8       0x20 C:/ST/STM32CubeIDE_2.0.0/STM32CubeIDE/plugins/com.st.stm32cube.ide.mcu.externaltools.gnu-tools-for-stm32.13.3.rel1.win32_1.0.100.202509120712/tools/bin/../lib/gcc/arm-none-eabi/13.3.1/thumb/v7e-m+dp/hard\libgcc.a(_dvmd_tls.o)
 .ARM.attributes
                0x00000c08       0x20 C:/ST/STM32CubeIDE_2.0.0/STM32CubeIDE/plugins/com.st.stm32cube.ide.mcu.externaltools.gnu-tools-for-stm32.13.3.rel1.win32_1.0.100.202509120712/tools/bin/../lib/gcc/arm-none-eabi/13.3.1/thumb/v7e-m+dp/hard/crtn.o
OUTPUT(BRICK6_CUBE.elf elf32-littlearm)
LOAD linker stubs
LOAD C:/ST/STM32CubeIDE_2.0.0/STM32CubeIDE/plugins/com.st.stm32cube.ide.mcu.externaltools.gnu-tools-for-stm32.13.3.rel1.win32_1.0.100.202509120712/tools/bin/../lib/gcc/arm-none-eabi/13.3.1/../../../../arm-none-eabi/lib/thumb/v7e-m+dp/hard\libc.a
LOAD C:/ST/STM32CubeIDE_2.0.0/STM32CubeIDE/plugins/com.st.stm32cube.ide.mcu.externaltools.gnu-tools-for-stm32.13.3.rel1.win32_1.0.100.202509120712/tools/bin/../lib/gcc/arm-none-eabi/13.3.1/../../../../arm-none-eabi/lib/thumb/v7e-m+dp/hard\libm.a
LOAD C:/ST/STM32CubeIDE_2.0.0/STM32CubeIDE/plugins/com.st.stm32cube.ide.mcu.externaltools.gnu-tools-for-stm32.13.3.rel1.win32_1.0.100.202509120712/tools/bin/../lib/gcc/arm-none-eabi/13.3.1/thumb/v7e-m+dp/hard\libgcc.a

.comment        0x00000000       0x43
 .comment       0x00000000       0x43 ./Drivers/STM32H7xx_HAL_Driver/Src/stm32h7xx_hal.o
                                 0x44 (size before relaxing)
 .comment       0x00000043        0x0 ./Drivers/STM32H7xx_HAL_Driver/Src/stm32h7xx_hal_cortex.o
                                 0x44 (size before relaxing)
 .comment       0x00000043        0x0 ./Drivers/STM32H7xx_HAL_Driver/Src/stm32h7xx_hal_dma.o
                                 0x44 (size before relaxing)
 .comment       0x00000043        0x0 ./Drivers/STM32H7xx_HAL_Driver/Src/stm32h7xx_hal_gpio.o
                                 0x44 (size before relaxing)
 .comment       0x00000043        0x0 ./Drivers/STM32H7xx_HAL_Driver/Src/stm32h7xx_hal_i2c.o
                                 0x44 (size before relaxing)
 .comment       0x00000043        0x0 ./Drivers/STM32H7xx_HAL_Driver/Src/stm32h7xx_hal_i2c_ex.o
                                 0x44 (size before relaxing)
 .comment       0x00000043        0x0 ./Drivers/STM32H7xx_HAL_Driver/Src/stm32h7xx_hal_pwr_ex.o
                                 0x44 (size before relaxing)
 .comment       0x00000043        0x0 ./Drivers/STM32H7xx_HAL_Driver/Src/stm32h7xx_hal_rcc.o
                                 0x44 (size before relaxing)
 .comment       0x00000043        0x0 ./Drivers/STM32H7xx_HAL_Driver/Src/stm32h7xx_hal_rcc_ex.o
                                 0x44 (size before relaxing)
 .comment       0x00000043        0x0 ./Drivers/STM32H7xx_HAL_Driver/Src/stm32h7xx_hal_sai.o
                                 0x44 (size before relaxing)
 .comment       0x00000043        0x0 ./Drivers/STM32H7xx_HAL_Driver/Src/stm32h7xx_hal_sd.o
                                 0x44 (size before relaxing)
 .comment       0x00000043        0x0 ./Drivers/STM32H7xx_HAL_Driver/Src/stm32h7xx_hal_sdram.o
                                 0x44 (size before relaxing)
 .comment       0x00000043        0x0 ./Drivers/STM32H7xx_HAL_Driver/Src/stm32h7xx_hal_uart.o
                                 0x44 (size before relaxing)
 .comment       0x00000043        0x0 ./Drivers/STM32H7xx_HAL_Driver/Src/stm32h7xx_hal_uart_ex.o
                                 0x44 (size before relaxing)
 .comment       0x00000043        0x0 ./Drivers/STM32H7xx_HAL_Driver/Src/stm32h7xx_ll_fmc.o
                                 0x44 (size before relaxing)
 .comment       0x00000043        0x0 ./Drivers/STM32H7xx_HAL_Driver/Src/stm32h7xx_ll_sdmmc.o
                                 0x44 (size before relaxing)
 .comment       0x00000043        0x0 ./Src/audio.o
                                 0x44 (size before relaxing)
 .comment       0x00000043        0x0 ./Src/audio_float.o
                                 0x44 (size before relaxing)
 .comment       0x00000043        0x0 ./Src/brick6_app_init.o
                                 0x44 (size before relaxing)
 .comment       0x00000043        0x0 ./Src/brick6_refactor.o
                                 0x44 (size before relaxing)
 .comment       0x00000043        0x0 ./Src/cs42448.o
                                 0x44 (size before relaxing)
 .comment       0x00000043        0x0 ./Src/diagnostics_tasklet.o
                                 0x44 (size before relaxing)
 .comment       0x00000043        0x0 ./Src/dma.o
                                 0x44 (size before relaxing)
 .comment       0x00000043        0x0 ./Src/fmc.o
                                 0x44 (size before relaxing)
 .comment       0x00000043        0x0 ./Src/gpio.o
                                 0x44 (size before relaxing)
 .comment       0x00000043        0x0 ./Src/i2c.o
                                 0x44 (size before relaxing)
 .comment       0x00000043        0x0 ./Src/main.o
                                 0x44 (size before relaxing)
 .comment       0x00000043        0x0 ./Src/mixer.o
                                 0x44 (size before relaxing)
 .comment       0x00000043        0x0 ./Src/sai.o
                                 0x44 (size before relaxing)
 .comment       0x00000043        0x0 ./Src/sd_stream.o
                                 0x44 (size before relaxing)
 .comment       0x00000043        0x0 ./Src/sdmmc.o
                                 0x44 (size before relaxing)
 .comment       0x00000043        0x0 ./Src/stm32h7xx_hal_msp.o
                                 0x44 (size before relaxing)
 .comment       0x00000043        0x0 ./Src/stm32h7xx_it.o
                                 0x44 (size before relaxing)
 .comment       0x00000043        0x0 ./Src/sysmem.o
                                 0x44 (size before relaxing)
 .comment       0x00000043        0x0 ./Src/system_stm32h7xx.o
                                 0x44 (size before relaxing)
 .comment       0x00000043        0x0 ./Src/ui_tasklet.o
                                 0x44 (size before relaxing)
 .comment       0x00000043        0x0 ./Src/usart.o
                                 0x44 (size before relaxing)

.debug_frame    0x00000000      0x640
 .debug_frame   0x00000000      0x144 C:/ST/STM32CubeIDE_2.0.0/STM32CubeIDE/plugins/com.st.stm32cube.ide.mcu.externaltools.gnu-tools-for-stm32.13.3.rel1.win32_1.0.100.202509120712/tools/bin/../lib/gcc/arm-none-eabi/13.3.1/../../../../arm-none-eabi/lib/thumb/v7e-m+dp/hard\libc_nano.a(libc_a-findfp.o)
 .debug_frame   0x00000144       0x7c C:/ST/STM32CubeIDE_2.0.0/STM32CubeIDE/plugins/com.st.stm32cube.ide.mcu.externaltools.gnu-tools-for-stm32.13.3.rel1.win32_1.0.100.202509120712/tools/bin/../lib/gcc/arm-none-eabi/13.3.1/../../../../arm-none-eabi/lib/thumb/v7e-m+dp/hard\libc_nano.a(libc_a-snprintf.o)
 .debug_frame   0x000001c0       0x4c C:/ST/STM32CubeIDE_2.0.0/STM32CubeIDE/plugins/com.st.stm32cube.ide.mcu.externaltools.gnu-tools-for-stm32.13.3.rel1.win32_1.0.100.202509120712/tools/bin/../lib/gcc/arm-none-eabi/13.3.1/../../../../arm-none-eabi/lib/thumb/v7e-m+dp/hard\libc_nano.a(libc_a-vsnprintf.o)
 .debug_frame   0x0000020c       0x20 C:/ST/STM32CubeIDE_2.0.0/STM32CubeIDE/plugins/com.st.stm32cube.ide.mcu.externaltools.gnu-tools-for-stm32.13.3.rel1.win32_1.0.100.202509120712/tools/bin/../lib/gcc/arm-none-eabi/13.3.1/../../../../arm-none-eabi/lib/thumb/v7e-m+dp/hard\libc_nano.a(libc_a-memset.o)
 .debug_frame   0x0000022c       0x38 C:/ST/STM32CubeIDE_2.0.0/STM32CubeIDE/plugins/com.st.stm32cube.ide.mcu.externaltools.gnu-tools-for-stm32.13.3.rel1.win32_1.0.100.202509120712/tools/bin/../lib/gcc/arm-none-eabi/13.3.1/../../../../arm-none-eabi/lib/thumb/v7e-m+dp/hard\libc_nano.a(libc_a-reent.o)
 .debug_frame   0x00000264       0x20 C:/ST/STM32CubeIDE_2.0.0/STM32CubeIDE/plugins/com.st.stm32cube.ide.mcu.externaltools.gnu-tools-for-stm32.13.3.rel1.win32_1.0.100.202509120712/tools/bin/../lib/gcc/arm-none-eabi/13.3.1/../../../../arm-none-eabi/lib/thumb/v7e-m+dp/hard\libc_nano.a(libc_a-errno.o)
 .debug_frame   0x00000284       0x2c C:/ST/STM32CubeIDE_2.0.0/STM32CubeIDE/plugins/com.st.stm32cube.ide.mcu.externaltools.gnu-tools-for-stm32.13.3.rel1.win32_1.0.100.202509120712/tools/bin/../lib/gcc/arm-none-eabi/13.3.1/../../../../arm-none-eabi/lib/thumb/v7e-m+dp/hard\libc_nano.a(libc_a-init.o)
 .debug_frame   0x000002b0       0xb0 C:/ST/STM32CubeIDE_2.0.0/STM32CubeIDE/plugins/com.st.stm32cube.ide.mcu.externaltools.gnu-tools-for-stm32.13.3.rel1.win32_1.0.100.202509120712/tools/bin/../lib/gcc/arm-none-eabi/13.3.1/../../../../arm-none-eabi/lib/thumb/v7e-m+dp/hard\libc_nano.a(libc_a-lock.o)
 .debug_frame   0x00000360       0x28 C:/ST/STM32CubeIDE_2.0.0/STM32CubeIDE/plugins/com.st.stm32cube.ide.mcu.externaltools.gnu-tools-for-stm32.13.3.rel1.win32_1.0.100.202509120712/tools/bin/../lib/gcc/arm-none-eabi/13.3.1/../../../../arm-none-eabi/lib/thumb/v7e-m+dp/hard\libc_nano.a(libc_a-memcpy-stub.o)
 .debug_frame   0x00000388       0x38 C:/ST/STM32CubeIDE_2.0.0/STM32CubeIDE/plugins/com.st.stm32cube.ide.mcu.externaltools.gnu-tools-for-stm32.13.3.rel1.win32_1.0.100.202509120712/tools/bin/../lib/gcc/arm-none-eabi/13.3.1/../../../../arm-none-eabi/lib/thumb/v7e-m+dp/hard\libc_nano.a(libc_a-freer.o)
 .debug_frame   0x000003c0       0x50 C:/ST/STM32CubeIDE_2.0.0/STM32CubeIDE/plugins/com.st.stm32cube.ide.mcu.externaltools.gnu-tools-for-stm32.13.3.rel1.win32_1.0.100.202509120712/tools/bin/../lib/gcc/arm-none-eabi/13.3.1/../../../../arm-none-eabi/lib/thumb/v7e-m+dp/hard\libc_nano.a(libc_a-mallocr.o)
 .debug_frame   0x00000410       0x30 C:/ST/STM32CubeIDE_2.0.0/STM32CubeIDE/plugins/com.st.stm32cube.ide.mcu.externaltools.gnu-tools-for-stm32.13.3.rel1.win32_1.0.100.202509120712/tools/bin/../lib/gcc/arm-none-eabi/13.3.1/../../../../arm-none-eabi/lib/thumb/v7e-m+dp/hard\libc_nano.a(libc_a-mlock.o)
 .debug_frame   0x00000440       0x90 C:/ST/STM32CubeIDE_2.0.0/STM32CubeIDE/plugins/com.st.stm32cube.ide.mcu.externaltools.gnu-tools-for-stm32.13.3.rel1.win32_1.0.100.202509120712/tools/bin/../lib/gcc/arm-none-eabi/13.3.1/../../../../arm-none-eabi/lib/thumb/v7e-m+dp/hard\libc_nano.a(libc_a-nano-svfprintf.o)
 .debug_frame   0x000004d0       0x60 C:/ST/STM32CubeIDE_2.0.0/STM32CubeIDE/plugins/com.st.stm32cube.ide.mcu.externaltools.gnu-tools-for-stm32.13.3.rel1.win32_1.0.100.202509120712/tools/bin/../lib/gcc/arm-none-eabi/13.3.1/../../../../arm-none-eabi/lib/thumb/v7e-m+dp/hard\libc_nano.a(libc_a-nano-vfprintf_i.o)
 .debug_frame   0x00000530       0x28 C:/ST/STM32CubeIDE_2.0.0/STM32CubeIDE/plugins/com.st.stm32cube.ide.mcu.externaltools.gnu-tools-for-stm32.13.3.rel1.win32_1.0.100.202509120712/tools/bin/../lib/gcc/arm-none-eabi/13.3.1/../../../../arm-none-eabi/lib/thumb/v7e-m+dp/hard\libc_nano.a(libc_a-memmove.o)
 .debug_frame   0x00000558       0x2c C:/ST/STM32CubeIDE_2.0.0/STM32CubeIDE/plugins/com.st.stm32cube.ide.mcu.externaltools.gnu-tools-for-stm32.13.3.rel1.win32_1.0.100.202509120712/tools/bin/../lib/gcc/arm-none-eabi/13.3.1/../../../../arm-none-eabi/lib/thumb/v7e-m+dp/hard\libc_nano.a(libc_a-sbrkr.o)
 .debug_frame   0x00000584       0x3c C:/ST/STM32CubeIDE_2.0.0/STM32CubeIDE/plugins/com.st.stm32cube.ide.mcu.externaltools.gnu-tools-for-stm32.13.3.rel1.win32_1.0.100.202509120712/tools/bin/../lib/gcc/arm-none-eabi/13.3.1/../../../../arm-none-eabi/lib/thumb/v7e-m+dp/hard\libc_nano.a(libc_a-reallocr.o)
 .debug_frame   0x000005c0       0x20 C:/ST/STM32CubeIDE_2.0.0/STM32CubeIDE/plugins/com.st.stm32cube.ide.mcu.externaltools.gnu-tools-for-stm32.13.3.rel1.win32_1.0.100.202509120712/tools/bin/../lib/gcc/arm-none-eabi/13.3.1/../../../../arm-none-eabi/lib/thumb/v7e-m+dp/hard\libc_nano.a(libc_a-msizer.o)
 .debug_frame   0x000005e0       0x2c C:/ST/STM32CubeIDE_2.0.0/STM32CubeIDE/plugins/com.st.stm32cube.ide.mcu.externaltools.gnu-tools-for-stm32.13.3.rel1.win32_1.0.100.202509120712/tools/bin/../lib/gcc/arm-none-eabi/13.3.1/thumb/v7e-m+dp/hard\libgcc.a(_aeabi_uldivmod.o)
 .debug_frame   0x0000060c       0x34 C:/ST/STM32CubeIDE_2.0.0/STM32CubeIDE/plugins/com.st.stm32cube.ide.mcu.externaltools.gnu-tools-for-stm32.13.3.rel1.win32_1.0.100.202509120712/tools/bin/../lib/gcc/arm-none-eabi/13.3.1/thumb/v7e-m+dp/hard\libgcc.a(_udivmoddi4.o)