Archive member included to satisfy reference by file (symbol)

C:/ST/STM32CubeIDE_2.0.0/STM32CubeIDE/plugins/com.st.stm32cube.ide.mcu.externaltools.gnu-tools-for-stm32.13.3.rel1.win32_1.0.100.202509120712/tools/bin/../lib/gcc/arm-none-eabi/13.3.1/../../../../arm-none-eabi/lib/thumb/v7e-m+dp/hard\libstdc++_nano.a(guard.o)
                              ./Src/Audio/fx_daisy_comp.o (__cxa_guard_acquire)
C:/ST/STM32CubeIDE_2.0.0/STM32CubeIDE/plugins/com.st.stm32cube.ide.mcu.externaltools.gnu-tools-for-stm32.13.3.rel1.win32_1.0.100.202509120712/tools/bin/../lib/gcc/arm-none-eabi/13.3.1/../../../../arm-none-eabi/lib/thumb/v7e-m+dp/hard\libm.a(libm_a-sf_frexp.o)
                              ./Src/Audio/fx_Daisy_comp_core.o (frexpf)
C:/ST/STM32CubeIDE_2.0.0/STM32CubeIDE/plugins/com.st.stm32cube.ide.mcu.externaltools.gnu-tools-for-stm32.13.3.rel1.win32_1.0.100.202509120712/tools/bin/../lib/gcc/arm-none-eabi/13.3.1/../../../../arm-none-eabi/lib/thumb/v7e-m+dp/hard\libm.a(libm_a-sf_tan.o)
                              ./Src/Audio/fx_onepole.o (tanf)
C:/ST/STM32CubeIDE_2.0.0/STM32CubeIDE/plugins/com.st.stm32cube.ide.mcu.externaltools.gnu-tools-for-stm32.13.3.rel1.win32_1.0.100.202509120712/tools/bin/../lib/gcc/arm-none-eabi/13.3.1/../../../../arm-none-eabi/lib/thumb/v7e-m+dp/hard\libm.a(libm_a-sf_tanh.o)
                              ./Src/Audio/fx_BusCompressorCore.o (tanhf)
C:/ST/STM32CubeIDE_2.0.0/STM32CubeIDE/plugins/com.st.stm32cube.ide.mcu.externaltools.gnu-tools-for-stm32.13.3.rel1.win32_1.0.100.202509120712/tools/bin/../lib/gcc/arm-none-eabi/13.3.1/../../../../arm-none-eabi/lib/thumb/v7e-m+dp/hard\libm.a(libm_a-exp.o)
                              ./Drivers/CMSIS_DSP/Source/FastMathFunctions/arm_vexp_f64.o (exp)
C:/ST/STM32CubeIDE_2.0.0/STM32CubeIDE/plugins/com.st.stm32cube.ide.mcu.externaltools.gnu-tools-for-stm32.13.3.rel1.win32_1.0.100.202509120712/tools/bin/../lib/gcc/arm-none-eabi/13.3.1/../../../../arm-none-eabi/lib/thumb/v7e-m+dp/hard\libm.a(libm_a-exp_data.o)
                              C:/ST/STM32CubeIDE_2.0.0/STM32CubeIDE/plugins/com.st.stm32cube.ide.mcu.externaltools.gnu-tools-for-stm32.13.3.rel1.win32_1.0.100.202509120712/tools/bin/../lib/gcc/arm-none-eabi/13.3.1/../../../../arm-none-eabi/lib/thumb/v7e-m+dp/hard\libm.a(libm_a-exp.o) (__exp_data)
C:/ST/STM32CubeIDE_2.0.0/STM32CubeIDE/plugins/com.st.stm32cube.ide.mcu.externaltools.gnu-tools-for-stm32.13.3.rel1.win32_1.0.100.202509120712/tools/bin/../lib/gcc/arm-none-eabi/13.3.1/../../../../arm-none-eabi/lib/thumb/v7e-m+dp/hard\libm.a(libm_a-math_err.o)
                              C:/ST/STM32CubeIDE_2.0.0/STM32CubeIDE/plugins/com.st.stm32cube.ide.mcu.externaltools.gnu-tools-for-stm32.13.3.rel1.win32_1.0.100.202509120712/tools/bin/../lib/gcc/arm-none-eabi/13.3.1/../../../../arm-none-eabi/lib/thumb/v7e-m+dp/hard\libm.a(libm_a-exp.o) (__math_uflow)
C:/ST/STM32CubeIDE_2.0.0/STM32CubeIDE/plugins/com.st.stm32cube.ide.mcu.externaltools.gnu-tools-for-stm32.13.3.rel1.win32_1.0.100.202509120712/tools/bin/../lib/gcc/arm-none-eabi/13.3.1/../../../../arm-none-eabi/lib/thumb/v7e-m+dp/hard\libm.a(libm_a-log.o)
                              ./Drivers/CMSIS_DSP/Source/FastMathFunctions/arm_vlog_f64.o (log)
C:/ST/STM32CubeIDE_2.0.0/STM32CubeIDE/plugins/com.st.stm32cube.ide.mcu.externaltools.gnu-tools-for-stm32.13.3.rel1.win32_1.0.100.202509120712/tools/bin/../lib/gcc/arm-none-eabi/13.3.1/../../../../arm-none-eabi/lib/thumb/v7e-m+dp/hard\libm.a(libm_a-log_data.o)
                              C:/ST/STM32CubeIDE_2.0.0/STM32CubeIDE/plugins/com.st.stm32cube.ide.mcu.externaltools.gnu-tools-for-stm32.13.3.rel1.win32_1.0.100.202509120712/tools/bin/../lib/gcc/arm-none-eabi/13.3.1/../../../../arm-none-eabi/lib/thumb/v7e-m+dp/hard\libm.a(libm_a-log.o) (__log_data)
C:/ST/STM32CubeIDE_2.0.0/STM32CubeIDE/plugins/com.st.stm32cube.ide.mcu.externaltools.gnu-tools-for-stm32.13.3.rel1.win32_1.0.100.202509120712/tools/bin/../lib/gcc/arm-none-eabi/13.3.1/../../../../arm-none-eabi/lib/thumb/v7e-m+dp/hard\libm.a(libm_a-sf_expm1.o)
                              C:/ST/STM32CubeIDE_2.0.0/STM32CubeIDE/plugins/com.st.stm32cube.ide.mcu.externaltools.gnu-tools-for-stm32.13.3.rel1.win32_1.0.100.202509120712/tools/bin/../lib/gcc/arm-none-eabi/13.3.1/../../../../arm-none-eabi/lib/thumb/v7e-m+dp/hard\libm.a(libm_a-sf_tanh.o) (expm1f)
C:/ST/STM32CubeIDE_2.0.0/STM32CubeIDE/plugins/com.st.stm32cube.ide.mcu.externaltools.gnu-tools-for-stm32.13.3.rel1.win32_1.0.100.202509120712/tools/bin/../lib/gcc/arm-none-eabi/13.3.1/../../../../arm-none-eabi/lib/thumb/v7e-m+dp/hard\libm.a(libm_a-sf_exp.o)
                              ./Drivers/CMSIS_DSP/Source/FastMathFunctions/arm_vexp_f32.o (expf)
C:/ST/STM32CubeIDE_2.0.0/STM32CubeIDE/plugins/com.st.stm32cube.ide.mcu.externaltools.gnu-tools-for-stm32.13.3.rel1.win32_1.0.100.202509120712/tools/bin/../lib/gcc/arm-none-eabi/13.3.1/../../../../arm-none-eabi/lib/thumb/v7e-m+dp/hard\libm.a(libm_a-sf_exp2_data.o)
[...]
Memory Configuration

Name             Origin             Length             Attributes
FLASH            0x08000000         0x00200000         xr
DTCMRAM          0x20000000         0x00020000         xrw
RAM_D1           0x24000000         0x00080000         xrw
RAM_D2           0x30000000         0x00048000         xrw
RAM_D3           0x38000000         0x00010000         xrw
SDRAM            0xc0000000         0x02000000         xrw
ITCMRAM          0x00000000         0x00010000         xrw
*default*        0x00000000         0xffffffff

Linker script and memory map

LOAD C:/ST/STM32CubeIDE_2.0.0/STM32CubeIDE/plugins/com.st.stm32cube.ide.mcu.externaltools.gnu-tools-for-stm32.13.3.rel1.win32_1.0.100.202509120712/tools/bin/../lib/gcc/arm-none-eabi/13.3.1/thumb/v7e-m+dp/hard/crti.o
LOAD C:/ST/STM32CubeIDE_2.0.0/STM32CubeIDE/plugins/com.st.stm32cube.ide.mcu.externaltools.gnu-tools-for-stm32.13.3.rel1.win32_1.0.100.202509120712/tools/bin/../lib/gcc/arm-none-eabi/13.3.1/thumb/v7e-m+dp/hard/crtbegin.o
LOAD C:/ST/STM32CubeIDE_2.0.0/STM32CubeIDE/plugins/com.st.stm32cube.ide.mcu.externaltools.gnu-tools-for-stm32.13.3.rel1.win32_1.0.100.202509120712/tools/bin/../lib/gcc/arm-none-eabi/13.3.1/../../../../arm-none-eabi/lib/thumb/v7e-m+dp/hard/crt0.o
LOAD ./App/Middlewares/ST/STM32_USB_Device_Library/Class/MIDI/Src/usbd_midi.o
LOAD ./App/Middlewares/ST/STM32_USB_Device_Library/Core/Src/usbd_core.o
LOAD ./App/Middlewares/ST/STM32_USB_Device_Library/Core/Src/usbd_ctlreq.o
LOAD ./App/Middlewares/ST/STM32_USB_Device_Library/Core/Src/usbd_ioreq.o
LOAD ./App/Middlewares/ST/STM32_USB_Host_Library/Core/Src/usbh_core.o
LOAD ./App/Middlewares/ST/STM32_USB_Host_Library/Core/Src/usbh_ctlreq.o
LOAD ./App/Middlewares/ST/STM32_USB_Host_Library/Core/Src/usbh_ioreq.o
LOAD ./App/Middlewares/ST/STM32_USB_Host_Library/Core/Src/usbh_pipes.o
LOAD ./App/Middlewares/Third_Party/FatFs/src/diskio.o
LOAD ./App/Middlewares/Third_Party/FatFs/src/ff.o
LOAD ./App/Middlewares/Third_Party/FatFs/src/ff_gen_drv.o
LOAD ./App/Middlewares/Third_Party/FatFs/src/option/ccsbcs.o
LOAD ./App/Middlewares/Third_Party/FatFs/src/option/syscall.o
LOAD ./App/usb_stack/usb_device.o
LOAD ./App/usb_stack/usb_host.o
LOAD ./App/usb_stack/usbd_conf.o
LOAD ./App/usb_stack/usbd_desc.o
LOAD ./App/usb_stack/usbh_conf.o
LOAD ./Drivers/CMSIS_DSP/Source/BasicMathFunctions/arm_abs_f16.o
LOAD ./Drivers/CMSIS_DSP/Source/BasicMathFunctions/arm_abs_f32.o
LOAD ./Drivers/CMSIS_DSP/Source/BasicMathFunctions/arm_abs_f64.o
LOAD ./Drivers/CMSIS_DSP/Source/BasicMathFunctions/arm_abs_q15.o
LOAD ./Drivers/CMSIS_DSP/Source/BasicMathFunctions/arm_abs_q31.o
LOAD ./Drivers/CMSIS_DSP/Source/BasicMathFunctions/arm_abs_q7.o
LOAD ./Drivers/CMSIS_DSP/Source/BasicMathFunctions/arm_add_f16.o
LOAD ./Drivers/CMSIS_DSP/Source/BasicMathFunctions/arm_add_f32.o
LOAD ./Drivers/CMSIS_DSP/Source/BasicMathFunctions/arm_add_f64.o
LOAD ./Drivers/CMSIS_DSP/Source/BasicMathFunctions/arm_add_q15.o
LOAD ./Drivers/CMSIS_DSP/Source/BasicMathFunctions/arm_add_q31.o
LOAD ./Drivers/CMSIS_DSP/Source/BasicMathFunctions/arm_add_q7.o
LOAD ./Drivers/CMSIS_DSP/Source/BasicMathFunctions/arm_and_u16.o
LOAD ./Drivers/CMSIS_DSP/Source/BasicMathFunctions/arm_and_u32.o
LOAD ./Drivers/CMSIS_DSP/Source/BasicMathFunctions/arm_and_u8.o
LOAD ./Drivers/CMSIS_DSP/Source/BasicMathFunctions/arm_clip_f16.o
LOAD ./Drivers/CMSIS_DSP/Source/BasicMathFunctions/arm_clip_f32.o
LOAD ./Drivers/CMSIS_DSP/Source/BasicMathFunctions/arm_clip_q15.o
LOAD ./Drivers/CMSIS_DSP/Source/BasicMathFunctions/arm_clip_q31.o
LOAD ./Drivers/CMSIS_DSP/Source/BasicMathFunctions/arm_clip_q7.o
LOAD ./Drivers/CMSIS_DSP/Source/BasicMathFunctions/arm_dot_prod_f16.o
LOAD ./Drivers/CMSIS_DSP/Source/BasicMathFunctions/arm_dot_prod_f32.o
LOAD ./Drivers/CMSIS_DSP/Source/BasicMathFunctions/arm_dot_prod_f64.o
LOAD ./Drivers/CMSIS_DSP/Source/BasicMathFunctions/arm_dot_prod_q15.o
LOAD ./Drivers/CMSIS_DSP/Source/BasicMathFunctions/arm_dot_prod_q31.o
LOAD ./Drivers/CMSIS_DSP/Source/BasicMathFunctions/arm_dot_prod_q7.o
LOAD ./Drivers/CMSIS_DSP/Source/BasicMathFunctions/arm_mult_f16.o
LOAD ./Drivers/CMSIS_DSP/Source/BasicMathFunctions/arm_mult_f32.o
LOAD ./Drivers/CMSIS_DSP/Source/BasicMathFunctions/arm_mult_f64.o
LOAD ./Drivers/CMSIS_DSP/Source/BasicMathFunctions/arm_mult_q15.o
LOAD ./Drivers/CMSIS_DSP/Source/BasicMathFunctions/arm_mult_q31.o
LOAD ./Drivers/CMSIS_DSP/Source/BasicMathFunctions/arm_mult_q7.o
LOAD ./Drivers/CMSIS_DSP/Source/BasicMathFunctions/arm_negate_f16.o
LOAD ./Drivers/CMSIS_DSP/Source/BasicMathFunctions/arm_negate_f32.o
LOAD ./Drivers/CMSIS_DSP/Source/BasicMathFunctions/arm_negate_f64.o
LOAD ./Drivers/CMSIS_DSP/Source/BasicMathFunctions/arm_negate_q15.o
LOAD ./Drivers/CMSIS_DSP/Source/BasicMathFunctions/arm_negate_q31.o
LOAD ./Drivers/CMSIS_DSP/Source/BasicMathFunctions/arm_negate_q7.o
LOAD ./Drivers/CMSIS_DSP/Source/BasicMathFunctions/arm_not_u16.o
LOAD ./Drivers/CMSIS_DSP/Source/BasicMathFunctions/arm_not_u32.o
LOAD ./Drivers/CMSIS_DSP/Source/BasicMathFunctions/arm_not_u8.o
LOAD ./Drivers/CMSIS_DSP/Source/BasicMathFunctions/arm_offset_f16.o
LOAD ./Drivers/CMSIS_DSP/Source/BasicMathFunctions/arm_offset_f32.o
LOAD ./Drivers/CMSIS_DSP/Source/BasicMathFunctions/arm_offset_f64.o
LOAD ./Drivers/CMSIS_DSP/Source/BasicMathFunctions/arm_offset_q15.o
LOAD ./Drivers/CMSIS_DSP/Source/BasicMathFunctions/arm_offset_q31.o
LOAD ./Drivers/CMSIS_DSP/Source/BasicMathFunctions/arm_offset_q7.o
LOAD ./Drivers/CMSIS_DSP/Source/BasicMathFunctions/arm_or_u16.o
LOAD ./Drivers/CMSIS_DSP/Source/BasicMathFunctions/arm_or_u32.o
LOAD ./Drivers/CMSIS_DSP/Source/BasicMathFunctions/arm_or_u8.o
LOAD ./Drivers/CMSIS_DSP/Source/BasicMathFunctions/arm_scale_f16.o
LOAD ./Drivers/CMSIS_DSP/Source/BasicMathFunctions/arm_scale_f32.o
LOAD ./Drivers/CMSIS_DSP/Source/BasicMathFunctions/arm_scale_f64.o
LOAD ./Drivers/CMSIS_DSP/Source/BasicMathFunctions/arm_scale_q15.o
LOAD ./Drivers/CMSIS_DSP/Source/BasicMathFunctions/arm_scale_q31.o
LOAD ./Drivers/CMSIS_DSP/Source/BasicMathFunctions/arm_scale_q7.o
LOAD ./Drivers/CMSIS_DSP/Source/BasicMathFunctions/arm_shift_q15.o
LOAD ./Drivers/CMSIS_DSP/Source/BasicMathFunctions/arm_shift_q31.o
LOAD ./Drivers/CMSIS_DSP/Source/BasicMathFunctions/arm_shift_q7.o
LOAD ./Drivers/CMSIS_DSP/Source/BasicMathFunctions/arm_sub_f16.o
LOAD ./Drivers/CMSIS_DSP/Source/BasicMathFunctions/arm_sub_f32.o
LOAD ./Drivers/CMSIS_DSP/Source/BasicMathFunctions/arm_sub_f64.o
LOAD ./Drivers/CMSIS_DSP/Source/BasicMathFunctions/arm_sub_q15.o
LOAD ./Drivers/CMSIS_DSP/Source/BasicMathFunctions/arm_sub_q31.o
LOAD ./Drivers/CMSIS_DSP/Source/BasicMathFunctions/arm_sub_q7.o
LOAD ./Drivers/CMSIS_DSP/Source/BasicMathFunctions/arm_xor_u16.o
LOAD ./Drivers/CMSIS_DSP/Source/BasicMathFunctions/arm_xor_u32.o
LOAD ./Drivers/CMSIS_DSP/Source/BasicMathFunctions/arm_xor_u8.o
LOAD ./Drivers/CMSIS_DSP/Source/CommonTables/arm_common_tables.o
LOAD ./Drivers/CMSIS_DSP/Source/CommonTables/arm_common_tables_f16.o
LOAD ./Drivers/CMSIS_DSP/Source/CommonTables/arm_const_structs.o
LOAD ./Drivers/CMSIS_DSP/Source/CommonTables/arm_const_structs_f16.o
LOAD ./Drivers/CMSIS_DSP/Source/CommonTables/arm_mve_tables.o
LOAD ./Drivers/CMSIS_DSP/Source/CommonTables/arm_mve_tables_f16.o
LOAD ./Drivers/CMSIS_DSP/Source/ComplexMathFunctions/arm_cmplx_conj_f16.o
LOAD ./Drivers/CMSIS_DSP/Source/ComplexMathFunctions/arm_cmplx_conj_f32.o
LOAD ./Drivers/CMSIS_DSP/Source/ComplexMathFunctions/arm_cmplx_conj_q15.o
LOAD ./Drivers/CMSIS_DSP/Source/ComplexMathFunctions/arm_cmplx_conj_q31.o
LOAD ./Drivers/CMSIS_DSP/Source/ComplexMathFunctions/arm_cmplx_dot_prod_f16.o
LOAD ./Drivers/CMSIS_DSP/Source/ComplexMathFunctions/arm_cmplx_dot_prod_f32.o
LOAD ./Drivers/CMSIS_DSP/Source/ComplexMathFunctions/arm_cmplx_dot_prod_q15.o
LOAD ./Drivers/CMSIS_DSP/Source/ComplexMathFunctions/arm_cmplx_dot_prod_q31.o
LOAD ./Drivers/CMSIS_DSP/Source/ComplexMathFunctions/arm_cmplx_mag_f16.o
LOAD ./Drivers/CMSIS_DSP/Source/ComplexMathFunctions/arm_cmplx_mag_f32.o
LOAD ./Drivers/CMSIS_DSP/Source/ComplexMathFunctions/arm_cmplx_mag_f64.o
LOAD ./Drivers/CMSIS_DSP/Source/ComplexMathFunctions/arm_cmplx_mag_fast_q15.o
LOAD ./Drivers/CMSIS_DSP/Source/ComplexMathFunctions/arm_cmplx_mag_q15.o
LOAD ./Drivers/CMSIS_DSP/Source/ComplexMathFunctions/arm_cmplx_mag_q31.o
LOAD ./Drivers/CMSIS_DSP/Source/ComplexMathFunctions/arm_cmplx_mag_squared_f16.o
LOAD ./Drivers/CMSIS_DSP/Source/ComplexMathFunctions/arm_cmplx_mag_squared_f32.o
LOAD ./Drivers/CMSIS_DSP/Source/ComplexMathFunctions/arm_cmplx_mag_squared_f64.o
LOAD ./Drivers/CMSIS_DSP/Source/ComplexMathFunctions/arm_cmplx_mag_squared_q15.o
LOAD ./Drivers/CMSIS_DSP/Source/ComplexMathFunctions/arm_cmplx_mag_squared_q31.o
LOAD ./Drivers/CMSIS_DSP/Source/ComplexMathFunctions/arm_cmplx_mult_cmplx_f16.o
LOAD ./Drivers/CMSIS_DSP/Source/ComplexMathFunctions/arm_cmplx_mult_cmplx_f32.o
LOAD ./Drivers/CMSIS_DSP/Source/ComplexMathFunctions/arm_cmplx_mult_cmplx_f64.o
LOAD ./Drivers/CMSIS_DSP/Source/ComplexMathFunctions/arm_cmplx_mult_cmplx_q15.o
LOAD ./Drivers/CMSIS_DSP/Source/ComplexMathFunctions/arm_cmplx_mult_cmplx_q31.o
LOAD ./Drivers/CMSIS_DSP/Source/ComplexMathFunctions/arm_cmplx_mult_real_f16.o
LOAD ./Drivers/CMSIS_DSP/Source/ComplexMathFunctions/arm_cmplx_mult_real_f32.o
LOAD ./Drivers/CMSIS_DSP/Source/ComplexMathFunctions/arm_cmplx_mult_real_q15.o
LOAD ./Drivers/CMSIS_DSP/Source/ComplexMathFunctions/arm_cmplx_mult_real_q31.o
LOAD ./Drivers/CMSIS_DSP/Source/ControllerFunctions/arm_pid_init_f32.o
LOAD ./Drivers/CMSIS_DSP/Source/ControllerFunctions/arm_pid_init_q15.o
LOAD ./Drivers/CMSIS_DSP/Source/ControllerFunctions/arm_pid_init_q31.o
LOAD ./Drivers/CMSIS_DSP/Source/ControllerFunctions/arm_pid_reset_f32.o
LOAD ./Drivers/CMSIS_DSP/Source/ControllerFunctions/arm_pid_reset_q15.o
LOAD ./Drivers/CMSIS_DSP/Source/ControllerFunctions/arm_pid_reset_q31.o
LOAD ./Drivers/CMSIS_DSP/Source/ControllerFunctions/arm_sin_cos_f32.o
LOAD ./Drivers/CMSIS_DSP/Source/ControllerFunctions/arm_sin_cos_q31.o
LOAD ./Drivers/CMSIS_DSP/Source/FastMathFunctions/arm_atan2_f16.o
LOAD ./Drivers/CMSIS_DSP/Source/FastMathFunctions/arm_atan2_f32.o
LOAD ./Drivers/CMSIS_DSP/Source/FastMathFunctions/arm_atan2_q15.o
LOAD ./Drivers/CMSIS_DSP/Source/FastMathFunctions/arm_atan2_q31.o
LOAD ./Drivers/CMSIS_DSP/Source/FastMathFunctions/arm_cos_f32.o
LOAD ./Drivers/CMSIS_DSP/Source/FastMathFunctions/arm_cos_q15.o
LOAD ./Drivers/CMSIS_DSP/Source/FastMathFunctions/arm_cos_q31.o
LOAD ./Drivers/CMSIS_DSP/Source/FastMathFunctions/arm_divide_q15.o
LOAD ./Drivers/CMSIS_DSP/Source/FastMathFunctions/arm_divide_q31.o
LOAD ./Drivers/CMSIS_DSP/Source/FastMathFunctions/arm_sin_f32.o
LOAD ./Drivers/CMSIS_DSP/Source/FastMathFunctions/arm_sin_q15.o
LOAD ./Drivers/CMSIS_DSP/Source/FastMathFunctions/arm_sin_q31.o
LOAD ./Drivers/CMSIS_DSP/Source/FastMathFunctions/arm_sqrt_q15.o
LOAD ./Drivers/CMSIS_DSP/Source/FastMathFunctions/arm_sqrt_q31.o
LOAD ./Drivers/CMSIS_DSP/Source/FastMathFunctions/arm_vexp_f16.o
LOAD ./Drivers/CMSIS_DSP/Source/FastMathFunctions/arm_vexp_f32.o
LOAD ./Drivers/CMSIS_DSP/Source/FastMathFunctions/arm_vexp_f64.o
LOAD ./Drivers/CMSIS_DSP/Source/FastMathFunctions/arm_vinverse_f16.o
LOAD ./Drivers/CMSIS_DSP/Source/FastMathFunctions/arm_vlog_f16.o
LOAD ./Drivers/CMSIS_DSP/Source/FastMathFunctions/arm_vlog_f32.o
LOAD ./Drivers/CMSIS_DSP/Source/FastMathFunctions/arm_vlog_f64.o
LOAD ./Drivers/CMSIS_DSP/Source/FastMathFunctions/arm_vlog_q15.o
LOAD ./Drivers/CMSIS_DSP/Source/FastMathFunctions/arm_vlog_q31.o
LOAD ./Drivers/CMSIS_DSP/Source/FilteringFunctions/arm_biquad_cascade_df1_32x64_init_q31.o
LOAD ./Drivers/CMSIS_DSP/Source/FilteringFunctions/arm_biquad_cascade_df1_32x64_q31.o
LOAD ./Drivers/CMSIS_DSP/Source/FilteringFunctions/arm_biquad_cascade_df1_f16.o
LOAD ./Drivers/CMSIS_DSP/Source/FilteringFunctions/arm_biquad_cascade_df1_f32.o
LOAD ./Drivers/CMSIS_DSP/Source/FilteringFunctions/arm_biquad_cascade_df1_fast_q15.o
LOAD ./Drivers/CMSIS_DSP/Source/FilteringFunctions/arm_biquad_cascade_df1_fast_q31.o
LOAD ./Drivers/CMSIS_DSP/Source/FilteringFunctions/arm_biquad_cascade_df1_init_f16.o
LOAD ./Drivers/CMSIS_DSP/Source/FilteringFunctions/arm_biquad_cascade_df1_init_f32.o
LOAD ./Drivers/CMSIS_DSP/Source/FilteringFunctions/arm_biquad_cascade_df1_init_q15.o
LOAD ./Drivers/CMSIS_DSP/Source/FilteringFunctions/arm_biquad_cascade_df1_init_q31.o
LOAD ./Drivers/CMSIS_DSP/Source/FilteringFunctions/arm_biquad_cascade_df1_q15.o
LOAD ./Drivers/CMSIS_DSP/Source/FilteringFunctions/arm_biquad_cascade_df1_q31.o
LOAD ./Drivers/CMSIS_DSP/Source/FilteringFunctions/arm_biquad_cascade_df2T_f16.o
LOAD ./Drivers/CMSIS_DSP/Source/FilteringFunctions/arm_biquad_cascade_df2T_f32.o
LOAD ./Drivers/CMSIS_DSP/Source/FilteringFunctions/arm_biquad_cascade_df2T_f64.o
LOAD ./Drivers/CMSIS_DSP/Source/FilteringFunctions/arm_biquad_cascade_df2T_init_f16.o
LOAD ./Drivers/CMSIS_DSP/Source/FilteringFunctions/arm_biquad_cascade_df2T_init_f32.o
LOAD ./Drivers/CMSIS_DSP/Source/FilteringFunctions/arm_biquad_cascade_df2T_init_f64.o
LOAD ./Drivers/CMSIS_DSP/Source/FilteringFunctions/arm_biquad_cascade_stereo_df2T_f16.o
LOAD ./Drivers/CMSIS_DSP/Source/FilteringFunctions/arm_biquad_cascade_stereo_df2T_f32.o
LOAD ./Drivers/CMSIS_DSP/Source/FilteringFunctions/arm_biquad_cascade_stereo_df2T_init_f16.o
LOAD ./Drivers/CMSIS_DSP/Source/FilteringFunctions/arm_biquad_cascade_stereo_df2T_init_f32.o
LOAD ./Drivers/CMSIS_DSP/Source/FilteringFunctions/arm_conv_f32.o
LOAD ./Drivers/CMSIS_DSP/Source/FilteringFunctions/arm_conv_fast_opt_q15.o
LOAD ./Drivers/CMSIS_DSP/Source/FilteringFunctions/arm_conv_fast_q15.o
LOAD ./Drivers/CMSIS_DSP/Source/FilteringFunctions/arm_conv_fast_q31.o
LOAD ./Drivers/CMSIS_DSP/Source/FilteringFunctions/arm_conv_opt_q15.o
LOAD ./Drivers/CMSIS_DSP/Source/FilteringFunctions/arm_conv_opt_q7.o
LOAD ./Drivers/CMSIS_DSP/Source/FilteringFunctions/arm_conv_partial_f32.o
LOAD ./Drivers/CMSIS_DSP/Source/FilteringFunctions/arm_conv_partial_fast_opt_q15.o
LOAD ./Drivers/CMSIS_DSP/Source/FilteringFunctions/arm_conv_partial_fast_q15.o
LOAD ./Drivers/CMSIS_DSP/Source/FilteringFunctions/arm_conv_partial_fast_q31.o
LOAD ./Drivers/CMSIS_DSP/Source/FilteringFunctions/arm_conv_partial_opt_q15.o
LOAD ./Drivers/CMSIS_DSP/Source/FilteringFunctions/arm_conv_partial_opt_q7.o
LOAD ./Drivers/CMSIS_DSP/Source/FilteringFunctions/arm_conv_partial_q15.o
LOAD ./Drivers/CMSIS_DSP/Source/FilteringFunctions/arm_conv_partial_q31.o
LOAD ./Drivers/CMSIS_DSP/Source/FilteringFunctions/arm_conv_partial_q7.o
LOAD ./Drivers/CMSIS_DSP/Source/FilteringFunctions/arm_conv_q15.o
LOAD ./Drivers/CMSIS_DSP/Source/FilteringFunctions/arm_conv_q31.o
LOAD ./Drivers/CMSIS_DSP/Source/FilteringFunctions/arm_conv_q7.o
LOAD ./Drivers/CMSIS_DSP/Source/FilteringFunctions/arm_correlate_f16.o
LOAD ./Drivers/CMSIS_DSP/Source/FilteringFunctions/arm_correlate_f32.o
LOAD ./Drivers/CMSIS_DSP/Source/FilteringFunctions/arm_correlate_f64.o
LOAD ./Drivers/CMSIS_DSP/Source/FilteringFunctions/arm_correlate_fast_opt_q15.o
LOAD ./Drivers/CMSIS_DSP/Source/FilteringFunctions/arm_correlate_fast_q15.o
LOAD ./Drivers/CMSIS_DSP/Source/FilteringFunctions/arm_correlate_fast_q31.o
LOAD ./Drivers/CMSIS_DSP/Source/FilteringFunctions/arm_correlate_opt_q15.o
LOAD ./Drivers/CMSIS_DSP/Source/FilteringFunctions/arm_correlate_opt_q7.o
LOAD ./Drivers/CMSIS_DSP/Source/FilteringFunctions/arm_correlate_q15.o
LOAD ./Drivers/CMSIS_DSP/Source/FilteringFunctions/arm_correlate_q31.o
LOAD ./Drivers/CMSIS_DSP/Source/FilteringFunctions/arm_correlate_q7.o
LOAD ./Drivers/CMSIS_DSP/Source/FilteringFunctions/arm_fir_decimate_f32.o
LOAD ./Drivers/CMSIS_DSP/Source/FilteringFunctions/arm_fir_decimate_fast_q15.o
LOAD ./Drivers/CMSIS_DSP/Source/FilteringFunctions/arm_fir_decimate_fast_q31.o
LOAD ./Drivers/CMSIS_DSP/Source/FilteringFunctions/arm_fir_decimate_init_f32.o
LOAD ./Drivers/CMSIS_DSP/Source/FilteringFunctions/arm_fir_decimate_init_q15.o
LOAD ./Drivers/CMSIS_DSP/Source/FilteringFunctions/arm_fir_decimate_init_q31.o
LOAD ./Drivers/CMSIS_DSP/Source/FilteringFunctions/arm_fir_decimate_q15.o
LOAD ./Drivers/CMSIS_DSP/Source/FilteringFunctions/arm_fir_decimate_q31.o
LOAD ./Drivers/CMSIS_DSP/Source/FilteringFunctions/arm_fir_f16.o
LOAD ./Drivers/CMSIS_DSP/Source/FilteringFunctions/arm_fir_f32.o
LOAD ./Drivers/CMSIS_DSP/Source/FilteringFunctions/arm_fir_f64.o
LOAD ./Drivers/CMSIS_DSP/Source/FilteringFunctions/arm_fir_fast_q15.o
LOAD ./Drivers/CMSIS_DSP/Source/FilteringFunctions/arm_fir_fast_q31.o
LOAD ./Drivers/CMSIS_DSP/Source/FilteringFunctions/arm_fir_init_f16.o
LOAD ./Drivers/CMSIS_DSP/Source/FilteringFunctions/arm_fir_init_f32.o
LOAD ./Drivers/CMSIS_DSP/Source/FilteringFunctions/arm_fir_init_f64.o
LOAD ./Drivers/CMSIS_DSP/Source/FilteringFunctions/arm_fir_init_q15.o
LOAD ./Drivers/CMSIS_DSP/Source/FilteringFunctions/arm_fir_init_q31.o
LOAD ./Drivers/CMSIS_DSP/Source/FilteringFunctions/arm_fir_init_q7.o
LOAD ./Drivers/CMSIS_DSP/Source/FilteringFunctions/arm_fir_interpolate_f32.o
LOAD ./Drivers/CMSIS_DSP/Source/FilteringFunctions/arm_fir_interpolate_init_f32.o
LOAD ./Drivers/CMSIS_DSP/Source/FilteringFunctions/arm_fir_interpolate_init_q15.o
LOAD ./Drivers/CMSIS_DSP/Source/FilteringFunctions/arm_fir_interpolate_init_q31.o
LOAD ./Drivers/CMSIS_DSP/Source/FilteringFunctions/arm_fir_interpolate_q15.o
LOAD ./Drivers/CMSIS_DSP/Source/FilteringFunctions/arm_fir_interpolate_q31.o
LOAD ./Drivers/CMSIS_DSP/Source/FilteringFunctions/arm_fir_lattice_f32.o
LOAD ./Drivers/CMSIS_DSP/Source/FilteringFunctions/arm_fir_lattice_init_f32.o
LOAD ./Drivers/CMSIS_DSP/Source/FilteringFunctions/arm_fir_lattice_init_q15.o
LOAD ./Drivers/CMSIS_DSP/Source/FilteringFunctions/arm_fir_lattice_init_q31.o
LOAD ./Drivers/CMSIS_DSP/Source/FilteringFunctions/arm_fir_lattice_q15.o
LOAD ./Drivers/CMSIS_DSP/Source/FilteringFunctions/arm_fir_lattice_q31.o
LOAD ./Drivers/CMSIS_DSP/Source/FilteringFunctions/arm_fir_q15.o
LOAD ./Drivers/CMSIS_DSP/Source/FilteringFunctions/arm_fir_q31.o
LOAD ./Drivers/CMSIS_DSP/Source/FilteringFunctions/arm_fir_q7.o
LOAD ./Drivers/CMSIS_DSP/Source/FilteringFunctions/arm_fir_sparse_f32.o
LOAD ./Drivers/CMSIS_DSP/Source/FilteringFunctions/arm_fir_sparse_init_f32.o
LOAD ./Drivers/CMSIS_DSP/Source/FilteringFunctions/arm_fir_sparse_init_q15.o
LOAD ./Drivers/CMSIS_DSP/Source/FilteringFunctions/arm_fir_sparse_init_q31.o
LOAD ./Drivers/CMSIS_DSP/Source/FilteringFunctions/arm_fir_sparse_init_q7.o
LOAD ./Drivers/CMSIS_DSP/Source/FilteringFunctions/arm_fir_sparse_q15.o
LOAD ./Drivers/CMSIS_DSP/Source/FilteringFunctions/arm_fir_sparse_q31.o
LOAD ./Drivers/CMSIS_DSP/Source/FilteringFunctions/arm_fir_sparse_q7.o
LOAD ./Drivers/CMSIS_DSP/Source/FilteringFunctions/arm_iir_lattice_f32.o
LOAD ./Drivers/CMSIS_DSP/Source/FilteringFunctions/arm_iir_lattice_init_f32.o
LOAD ./Drivers/CMSIS_DSP/Source/FilteringFunctions/arm_iir_lattice_init_q15.o
LOAD ./Drivers/CMSIS_DSP/Source/FilteringFunctions/arm_iir_lattice_init_q31.o
LOAD ./Drivers/CMSIS_DSP/Source/FilteringFunctions/arm_iir_lattice_q15.o
LOAD ./Drivers/CMSIS_DSP/Source/FilteringFunctions/arm_iir_lattice_q31.o
LOAD ./Drivers/CMSIS_DSP/Source/FilteringFunctions/arm_levinson_durbin_f16.o
LOAD ./Drivers/CMSIS_DSP/Source/FilteringFunctions/arm_levinson_durbin_f32.o
LOAD ./Drivers/CMSIS_DSP/Source/FilteringFunctions/arm_levinson_durbin_q31.o
LOAD ./Drivers/CMSIS_DSP/Source/FilteringFunctions/arm_lms_f32.o
LOAD ./Drivers/CMSIS_DSP/Source/FilteringFunctions/arm_lms_init_f32.o
LOAD ./Drivers/CMSIS_DSP/Source/FilteringFunctions/arm_lms_init_q15.o
LOAD ./Drivers/CMSIS_DSP/Source/FilteringFunctions/arm_lms_init_q31.o
LOAD ./Drivers/CMSIS_DSP/Source/FilteringFunctions/arm_lms_norm_f32.o
LOAD ./Drivers/CMSIS_DSP/Source/FilteringFunctions/arm_lms_norm_init_f32.o
LOAD ./Drivers/CMSIS_DSP/Source/FilteringFunctions/arm_lms_norm_init_q15.o
LOAD ./Drivers/CMSIS_DSP/Source/FilteringFunctions/arm_lms_norm_init_q31.o
LOAD ./Drivers/CMSIS_DSP/Source/FilteringFunctions/arm_lms_norm_q15.o
LOAD ./Drivers/CMSIS_DSP/Source/FilteringFunctions/arm_lms_norm_q31.o
LOAD ./Drivers/CMSIS_DSP/Source/FilteringFunctions/arm_lms_q15.o
LOAD ./Drivers/CMSIS_DSP/Source/FilteringFunctions/arm_lms_q31.o
LOAD ./Drivers/CMSIS_DSP/Source/QuaternionMathFunctions/arm_quaternion2rotation_f32.o
LOAD ./Drivers/CMSIS_DSP/Source/QuaternionMathFunctions/arm_quaternion_conjugate_f32.o
LOAD ./Drivers/CMSIS_DSP/Source/QuaternionMathFunctions/arm_quaternion_inverse_f32.o
LOAD ./Drivers/CMSIS_DSP/Source/QuaternionMathFunctions/arm_quaternion_norm_f32.o
LOAD ./Drivers/CMSIS_DSP/Source/QuaternionMathFunctions/arm_quaternion_normalize_f32.o
LOAD ./Drivers/CMSIS_DSP/Source/QuaternionMathFunctions/arm_quaternion_product_f32.o
LOAD ./Drivers/CMSIS_DSP/Source/QuaternionMathFunctions/arm_quaternion_product_single_f32.o
LOAD ./Drivers/CMSIS_DSP/Source/QuaternionMathFunctions/arm_rotation2quaternion_f32.o
LOAD ./Drivers/CMSIS_DSP/Source/TransformFunctions/arm_bitreversal.o
LOAD ./Drivers/CMSIS_DSP/Source/TransformFunctions/arm_bitreversal2.o
LOAD ./Drivers/CMSIS_DSP/Source/TransformFunctions/arm_bitreversal_f16.o
LOAD ./Drivers/CMSIS_DSP/Source/TransformFunctions/arm_cfft_f16.o
LOAD ./Drivers/CMSIS_DSP/Source/TransformFunctions/arm_cfft_f32.o
LOAD ./Drivers/CMSIS_DSP/Source/TransformFunctions/arm_cfft_f64.o
LOAD ./Drivers/CMSIS_DSP/Source/TransformFunctions/arm_cfft_init_f16.o
LOAD ./Drivers/CMSIS_DSP/Source/TransformFunctions/arm_cfft_init_f32.o
LOAD ./Drivers/CMSIS_DSP/Source/TransformFunctions/arm_cfft_init_f64.o
LOAD ./Drivers/CMSIS_DSP/Source/TransformFunctions/arm_cfft_init_q15.o
LOAD ./Drivers/CMSIS_DSP/Source/TransformFunctions/arm_cfft_init_q31.o
LOAD ./Drivers/CMSIS_DSP/Source/TransformFunctions/arm_cfft_q15.o
LOAD ./Drivers/CMSIS_DSP/Source/TransformFunctions/arm_cfft_q31.o
LOAD ./Drivers/CMSIS_DSP/Source/TransformFunctions/arm_cfft_radix2_f16.o
LOAD ./Drivers/CMSIS_DSP/Source/TransformFunctions/arm_cfft_radix2_f32.o
LOAD ./Drivers/CMSIS_DSP/Source/TransformFunctions/arm_cfft_radix2_init_f16.o
LOAD ./Drivers/CMSIS_DSP/Source/TransformFunctions/arm_cfft_radix2_init_f32.o
LOAD ./Drivers/CMSIS_DSP/Source/TransformFunctions/arm_cfft_radix2_init_q15.o
LOAD ./Drivers/CMSIS_DSP/Source/TransformFunctions/arm_cfft_radix2_init_q31.o
LOAD ./Drivers/CMSIS_DSP/Source/TransformFunctions/arm_cfft_radix2_q15.o
LOAD ./Drivers/CMSIS_DSP/Source/TransformFunctions/arm_cfft_radix2_q31.o
LOAD ./Drivers/CMSIS_DSP/Source/TransformFunctions/arm_cfft_radix4_f16.o
LOAD ./Drivers/CMSIS_DSP/Source/TransformFunctions/arm_cfft_radix4_f32.o
LOAD ./Drivers/CMSIS_DSP/Source/TransformFunctions/arm_cfft_radix4_init_f16.o
LOAD ./Drivers/CMSIS_DSP/Source/TransformFunctions/arm_cfft_radix4_init_f32.o
LOAD ./Drivers/CMSIS_DSP/Source/TransformFunctions/arm_cfft_radix4_init_q15.o
LOAD ./Drivers/CMSIS_DSP/Source/TransformFunctions/arm_cfft_radix4_init_q31.o
LOAD ./Drivers/CMSIS_DSP/Source/TransformFunctions/arm_cfft_radix4_q15.o
LOAD ./Drivers/CMSIS_DSP/Source/TransformFunctions/arm_cfft_radix4_q31.o
LOAD ./Drivers/CMSIS_DSP/Source/TransformFunctions/arm_cfft_radix8_f16.o
LOAD ./Drivers/CMSIS_DSP/Source/TransformFunctions/arm_cfft_radix8_f32.o
LOAD ./Drivers/CMSIS_DSP/Source/TransformFunctions/arm_dct4_f32.o
LOAD ./Drivers/CMSIS_DSP/Source/TransformFunctions/arm_dct4_init_f32.o
LOAD ./Drivers/CMSIS_DSP/Source/TransformFunctions/arm_dct4_init_q15.o
LOAD ./Drivers/CMSIS_DSP/Source/TransformFunctions/arm_dct4_init_q31.o
LOAD ./Drivers/CMSIS_DSP/Source/TransformFunctions/arm_dct4_q15.o
LOAD ./Drivers/CMSIS_DSP/Source/TransformFunctions/arm_dct4_q31.o
LOAD ./Drivers/CMSIS_DSP/Source/TransformFunctions/arm_mfcc_f16.o
LOAD ./Drivers/CMSIS_DSP/Source/TransformFunctions/arm_mfcc_f32.o
LOAD ./Drivers/CMSIS_DSP/Source/TransformFunctions/arm_mfcc_init_f16.o
LOAD ./Drivers/CMSIS_DSP/Source/TransformFunctions/arm_mfcc_init_f32.o
LOAD ./Drivers/CMSIS_DSP/Source/TransformFunctions/arm_mfcc_init_q15.o
LOAD ./Drivers/CMSIS_DSP/Source/TransformFunctions/arm_mfcc_init_q31.o
LOAD ./Drivers/CMSIS_DSP/Source/TransformFunctions/arm_mfcc_q15.o
LOAD ./Drivers/CMSIS_DSP/Source/TransformFunctions/arm_mfcc_q31.o
LOAD ./Drivers/CMSIS_DSP/Source/TransformFunctions/arm_rfft_f32.o
LOAD ./Drivers/CMSIS_DSP/Source/TransformFunctions/arm_rfft_fast_f16.o
LOAD ./Drivers/CMSIS_DSP/Source/TransformFunctions/arm_rfft_fast_f32.o
LOAD ./Drivers/CMSIS_DSP/Source/TransformFunctions/arm_rfft_fast_f64.o
LOAD ./Drivers/CMSIS_DSP/Source/TransformFunctions/arm_rfft_fast_init_f16.o
LOAD ./Drivers/CMSIS_DSP/Source/TransformFunctions/arm_rfft_fast_init_f32.o
LOAD ./Drivers/CMSIS_DSP/Source/TransformFunctions/arm_rfft_fast_init_f64.o
LOAD ./Drivers/CMSIS_DSP/Source/TransformFunctions/arm_rfft_init_f32.o
LOAD ./Drivers/CMSIS_DSP/Source/TransformFunctions/arm_rfft_init_q15.o
LOAD ./Drivers/CMSIS_DSP/Source/TransformFunctions/arm_rfft_init_q31.o
LOAD ./Drivers/CMSIS_DSP/Source/TransformFunctions/arm_rfft_q15.o
LOAD ./Drivers/CMSIS_DSP/Source/TransformFunctions/arm_rfft_q31.o
LOAD ./Drivers/Drv_app/Src/buttons.o
LOAD ./Drivers/Drv_app/Src/buttons_hw.o
LOAD ./Drivers/Drv_app/Src/cs42448.o
LOAD ./Drivers/Drv_app/Src/drv_display.o
LOAD ./Drivers/Drv_app/Src/drv_encoders.o
LOAD ./Drivers/Drv_app/Src/encoders.o
LOAD ./Drivers/Drv_app/Src/encoders_hw.o
LOAD ./Drivers/Drv_app/Src/led_anim.o
LOAD ./Drivers/Drv_app/Src/led_framebuffer.o
LOAD ./Drivers/Drv_app/Src/led_hw.o
LOAD ./Drivers/Drv_app/Src/led_layer.o
LOAD ./Drivers/Drv_app/Src/led_rgb.o
LOAD ./Drivers/Drv_app/Src/sdram.o
LOAD ./Drivers/Drv_app/Src/sdram_alloc.o
LOAD ./Drivers/Drv_app/Src/w9825g6kh.o
LOAD ./Drivers/STM32H7xx_HAL_Driver/Src/stm32h7xx_hal.o
LOAD ./Drivers/STM32H7xx_HAL_Driver/Src/stm32h7xx_hal_adc.o
LOAD ./Drivers/STM32H7xx_HAL_Driver/Src/stm32h7xx_hal_adc_ex.o
LOAD ./Drivers/STM32H7xx_HAL_Driver/Src/stm32h7xx_hal_cortex.o
LOAD ./Drivers/STM32H7xx_HAL_Driver/Src/stm32h7xx_hal_dma.o
LOAD ./Drivers/STM32H7xx_HAL_Driver/Src/stm32h7xx_hal_dma_ex.o
LOAD ./Drivers/STM32H7xx_HAL_Driver/Src/stm32h7xx_hal_exti.o
LOAD ./Drivers/STM32H7xx_HAL_Driver/Src/stm32h7xx_hal_flash.o
LOAD ./Drivers/STM32H7xx_HAL_Driver/Src/stm32h7xx_hal_flash_ex.o
LOAD ./Drivers/STM32H7xx_HAL_Driver/Src/stm32h7xx_hal_gpio.o
LOAD ./Drivers/STM32H7xx_HAL_Driver/Src/stm32h7xx_hal_hcd.o
LOAD ./Drivers/STM32H7xx_HAL_Driver/Src/stm32h7xx_hal_hsem.o
LOAD ./Drivers/STM32H7xx_HAL_Driver/Src/stm32h7xx_hal_i2c.o
LOAD ./Drivers/STM32H7xx_HAL_Driver/Src/stm32h7xx_hal_i2c_ex.o
LOAD ./Drivers/STM32H7xx_HAL_Driver/Src/stm32h7xx_hal_mdma.o
LOAD ./Drivers/STM32H7xx_HAL_Driver/Src/stm32h7xx_hal_mmc.o
LOAD ./Drivers/STM32H7xx_HAL_Driver/Src/stm32h7xx_hal_mmc_ex.o
LOAD ./Drivers/STM32H7xx_HAL_Driver/Src/stm32h7xx_hal_nand.o
LOAD ./Drivers/STM32H7xx_HAL_Driver/Src/stm32h7xx_hal_nor.o
LOAD ./Drivers/STM32H7xx_HAL_Driver/Src/stm32h7xx_hal_pcd.o
LOAD ./Drivers/STM32H7xx_HAL_Driver/Src/stm32h7xx_hal_pcd_ex.o
LOAD ./Drivers/STM32H7xx_HAL_Driver/Src/stm32h7xx_hal_pwr.o
LOAD ./Drivers/STM32H7xx_HAL_Driver/Src/stm32h7xx_hal_pwr_ex.o
LOAD ./Drivers/STM32H7xx_HAL_Driver/Src/stm32h7xx_hal_rcc.o
LOAD ./Drivers/STM32H7xx_HAL_Driver/Src/stm32h7xx_hal_rcc_ex.o
LOAD ./Drivers/STM32H7xx_HAL_Driver/Src/stm32h7xx_hal_sai.o
LOAD ./Drivers/STM32H7xx_HAL_Driver/Src/stm32h7xx_hal_sai_ex.o
LOAD ./Drivers/STM32H7xx_HAL_Driver/Src/stm32h7xx_hal_sd.o
LOAD ./Drivers/STM32H7xx_HAL_Driver/Src/stm32h7xx_hal_sd_ex.o
LOAD ./Drivers/STM32H7xx_HAL_Driver/Src/stm32h7xx_hal_sdram.o
LOAD ./Drivers/STM32H7xx_HAL_Driver/Src/stm32h7xx_hal_spi.o
LOAD ./Drivers/STM32H7xx_HAL_Driver/Src/stm32h7xx_hal_spi_ex.o
LOAD ./Drivers/STM32H7xx_HAL_Driver/Src/stm32h7xx_hal_sram.o
LOAD ./Drivers/STM32H7xx_HAL_Driver/Src/stm32h7xx_hal_tim.o
LOAD ./Drivers/STM32H7xx_HAL_Driver/Src/stm32h7xx_hal_tim_ex.o
LOAD ./Drivers/STM32H7xx_HAL_Driver/Src/stm32h7xx_hal_uart.o
LOAD ./Drivers/STM32H7xx_HAL_Driver/Src/stm32h7xx_hal_uart_ex.o
LOAD ./Drivers/STM32H7xx_HAL_Driver/Src/stm32h7xx_ll_delayblock.o
LOAD ./Drivers/STM32H7xx_HAL_Driver/Src/stm32h7xx_ll_fmc.o
LOAD ./Drivers/STM32H7xx_HAL_Driver/Src/stm32h7xx_ll_sdmmc.o
LOAD ./Drivers/STM32H7xx_HAL_Driver/Src/stm32h7xx_ll_usb.o
LOAD ./Src/App/Hall/hall_adc.o
LOAD ./Src/App/Hall/hall_calibration.o
LOAD ./Src/App/Hall/hall_engine.o
LOAD ./Src/App/Hall/hall_filter.o
LOAD ./Src/App/app_sample_boot.o
LOAD ./Src/App/mux_pots.o
LOAD ./Src/Audio/audio.o
LOAD ./Src/Audio/audio_float.o
LOAD ./Src/Audio/audio_io.o
LOAD ./Src/Audio/dsp_engine.o
LOAD ./Src/Audio/fx_BusCompressorCore.o
LOAD ./Src/Audio/fx_Daisy_comp_core.o
LOAD ./Src/Audio/fx_bus_compressor.o
LOAD ./Src/Audio/fx_chain.o
LOAD ./Src/Audio/fx_clouds.o
LOAD ./Src/Audio/fx_daisy_comp.o
LOAD ./Src/Audio/fx_dj_eq3_cmsis.o
LOAD ./Src/Audio/fx_granular.o
LOAD ./Src/Audio/fx_onepole.o
LOAD ./Src/Audio/fx_pool.o
LOAD ./Src/Audio/fx_reverb.o
LOAD ./Src/Audio/fx_saturation.o
LOAD ./Src/Audio/live_recorder.o
LOAD ./Src/Audio/mixer.o
LOAD ./Src/Audio/recorder_transport.o
LOAD ./Src/Audio/sampler.o
LOAD ./Src/Audio/sd_multitrack_recorder.o
LOAD ./Src/Core/brick6_app_init.o
LOAD ./Src/Core/cpu_load.o
LOAD ./Src/Core/engine_tasklet.o
LOAD ./Src/MIDI/midi.o
LOAD ./Src/MIDI/midi_host.o
LOAD ./Src/MIDI/usbh_midi.o
LOAD ./Src/Param/control_events.o
LOAD ./Src/Param/control_router.o
LOAD ./Src/Param/param_registry.o
LOAD ./Src/Param/param_store.o
LOAD ./Src/SD/bsp_driver_sd.o
LOAD ./Src/SD/fatfs.o
LOAD ./Src/SD/sd_diskio.o
LOAD ./Src/Sampler/sample_pool.o
LOAD ./Src/Sampler/voice_manager.o
LOAD ./Src/Storage/wav_loader.o
LOAD ./Src/Storage/wav_parser.o
LOAD ./Src/UI/font.o
LOAD ./Src/UI/font4x6.o
LOAD ./Src/UI/font5x7.o
LOAD ./Src/UI/font5x8_elektron.o
LOAD ./Src/UI/ui_core.o
LOAD ./Src/UI/ui_event.o
LOAD ./Src/UI/ui_navigation.o
LOAD ./Src/UI/ui_page_manager.o
LOAD ./Src/UI/ui_param.o
LOAD ./Src/UI/ui_renderer_oled.o
LOAD ./Src/UI/ui_tasklet.o
LOAD ./Src/UI/pages/ui_page_calibration.o
LOAD ./Src/UI/pages/ui_page_debug_hall.o
LOAD ./Src/UI/pages/ui_page_main.o
LOAD ./Src/UI/pages/ui_page_param_test.o
LOAD ./Src/adc.o
LOAD ./Src/dma.o
LOAD ./Src/fmc.o
LOAD ./Src/gpio.o
LOAD ./Src/i2c.o
LOAD ./Src/main.o
LOAD ./Src/sai.o
LOAD ./Src/sdmmc.o
LOAD ./Src/spi.o
LOAD ./Src/stm32h7xx_hal_msp.o
LOAD ./Src/stm32h7xx_it.o
LOAD ./Src/syscalls.o
LOAD ./Src/sysmem.o
LOAD ./Src/system_stm32h7xx.o
LOAD ./Src/tim.o
LOAD ./Src/usart.o
LOAD ./Startup/startup_stm32h743iitx.o
LOAD ./mutable_instruments/clouds/clouds_resources.o
LOAD ./mutable_instruments/clouds/dsp/correlator.o
LOAD ./mutable_instruments/clouds/dsp/granular_processor.o
LOAD ./mutable_instruments/clouds/dsp/mu_law.o
LOAD ./mutable_instruments/clouds/dsp/pvoc/frame_transformation.o
LOAD ./mutable_instruments/clouds/dsp/pvoc/phase_vocoder.o
LOAD ./mutable_instruments/clouds/dsp/pvoc/stft.o
LOAD ./mutable_instruments/stmlib/dsp/atan.o
LOAD ./mutable_instruments/stmlib/dsp/units.o
LOAD ./mutable_instruments/stmlib/utils/random.o
START GROUP
LOAD C:/ST/STM32CubeIDE_2.0.0/STM32CubeIDE/plugins/com.st.stm32cube.ide.mcu.externaltools.gnu-tools-for-stm32.13.3.rel1.win32_1.0.100.202509120712/tools/bin/../lib/gcc/arm-none-eabi/13.3.1/../../../../arm-none-eabi/lib/thumb/v7e-m+dp/hard\libstdc++_nano.a
LOAD C:/ST/STM32CubeIDE_2.0.0/STM32CubeIDE/plugins/com.st.stm32cube.ide.mcu.externaltools.gnu-tools-for-stm32.13.3.rel1.win32_1.0.100.202509120712/tools/bin/../lib/gcc/arm-none-eabi/13.3.1/../../../../arm-none-eabi/lib/thumb/v7e-m+dp/hard\libsupc++_nano.a
END GROUP
LOAD C:/ST/STM32CubeIDE_2.0.0/STM32CubeIDE/plugins/com.st.stm32cube.ide.mcu.externaltools.gnu-tools-for-stm32.13.3.rel1.win32_1.0.100.202509120712/tools/bin/../lib/gcc/arm-none-eabi/13.3.1/../../../../arm-none-eabi/lib/thumb/v7e-m+dp/hard\libstdc++_nano.a
LOAD C:/ST/STM32CubeIDE_2.0.0/STM32CubeIDE/plugins/com.st.stm32cube.ide.mcu.externaltools.gnu-tools-for-stm32.13.3.rel1.win32_1.0.100.202509120712/tools/bin/../lib/gcc/arm-none-eabi/13.3.1/../../../../arm-none-eabi/lib/thumb/v7e-m+dp/hard\libm.a
LOAD C:/ST/STM32CubeIDE_2.0.0/STM32CubeIDE/plugins/com.st.stm32cube.ide.mcu.externaltools.gnu-tools-for-stm32.13.3.rel1.win32_1.0.100.202509120712/tools/bin/../lib/gcc/arm-none-eabi/13.3.1/../../../../arm-none-eabi/lib/thumb/v7e-m+dp/hard\libc_nano.a
START GROUP
LOAD C:/ST/STM32CubeIDE_2.0.0/STM32CubeIDE/plugins/com.st.stm32cube.ide.mcu.externaltools.gnu-tools-for-stm32.13.3.rel1.win32_1.0.100.202509120712/tools/bin/../lib/gcc/arm-none-eabi/13.3.1/thumb/v7e-m+dp/hard\libgcc.a
LOAD C:/ST/STM32CubeIDE_2.0.0/STM32CubeIDE/plugins/com.st.stm32cube.ide.mcu.externaltools.gnu-tools-for-stm32.13.3.rel1.win32_1.0.100.202509120712/tools/bin/../lib/gcc/arm-none-eabi/13.3.1/../../../../arm-none-eabi/lib/thumb/v7e-m+dp/hard\libc_nano.a
END GROUP
START GROUP
LOAD C:/ST/STM32CubeIDE_2.0.0/STM32CubeIDE/plugins/com.st.stm32cube.ide.mcu.externaltools.gnu-tools-for-stm32.13.3.rel1.win32_1.0.100.202509120712/tools/bin/../lib/gcc/arm-none-eabi/13.3.1/thumb/v7e-m+dp/hard\libgcc.a
LOAD C:/ST/STM32CubeIDE_2.0.0/STM32CubeIDE/plugins/com.st.stm32cube.ide.mcu.externaltools.gnu-tools-for-stm32.13.3.rel1.win32_1.0.100.202509120712/tools/bin/../lib/gcc/arm-none-eabi/13.3.1/../../../../arm-none-eabi/lib/thumb/v7e-m+dp/hard\libc_nano.a
LOAD C:/ST/STM32CubeIDE_2.0.0/STM32CubeIDE/plugins/com.st.stm32cube.ide.mcu.externaltools.gnu-tools-for-stm32.13.3.rel1.win32_1.0.100.202509120712/tools/bin/../lib/gcc/arm-none-eabi/13.3.1/../../../../arm-none-eabi/lib/thumb/v7e-m+dp/hard\libnosys.a
END GROUP
START GROUP
LOAD C:/ST/STM32CubeIDE_2.0.0/STM32CubeIDE/plugins/com.st.stm32cube.ide.mcu.externaltools.gnu-tools-for-stm32.13.3.rel1.win32_1.0.100.202509120712/tools/bin/../lib/gcc/arm-none-eabi/13.3.1/thumb/v7e-m+dp/hard\libgcc.a
LOAD C:/ST/STM32CubeIDE_2.0.0/STM32CubeIDE/plugins/com.st.stm32cube.ide.mcu.externaltools.gnu-tools-for-stm32.13.3.rel1.win32_1.0.100.202509120712/tools/bin/../lib/gcc/arm-none-eabi/13.3.1/../../../../arm-none-eabi/lib/thumb/v7e-m+dp/hard\libc_nano.a
LOAD C:/ST/STM32CubeIDE_2.0.0/STM32CubeIDE/plugins/com.st.stm32cube.ide.mcu.externaltools.gnu-tools-for-stm32.13.3.rel1.win32_1.0.100.202509120712/tools/bin/../lib/gcc/arm-none-eabi/13.3.1/../../../../arm-none-eabi/lib/thumb/v7e-m+dp/hard\libnosys.a
END GROUP
LOAD C:/ST/STM32CubeIDE_2.0.0/STM32CubeIDE/plugins/com.st.stm32cube.ide.mcu.externaltools.gnu-tools-for-stm32.13.3.rel1.win32_1.0.100.202509120712/tools/bin/../lib/gcc/arm-none-eabi/13.3.1/thumb/v7e-m+dp/hard/crtend.o
LOAD C:/ST/STM32CubeIDE_2.0.0/STM32CubeIDE/plugins/com.st.stm32cube.ide.mcu.externaltools.gnu-tools-for-stm32.13.3.rel1.win32_1.0.100.202509120712/tools/bin/../lib/gcc/arm-none-eabi/13.3.1/thumb/v7e-m+dp/hard/crtn.o
                0x24080000                        _estack = (ORIGIN (RAM_D1) + LENGTH (RAM_D1))
                0x00000200                        _Min_Heap_Size = 0x200
                0x00000400                        _Min_Stack_Size = 0x400

.isr_vector     0x08000000      0x298
                0x08000000                        . = ALIGN (0x4)
 *(.isr_vector)
 .isr_vector    0x08000000      0x298 ./Startup/startup_stm32h743iitx.o
                0x08000000                g_pfnVectors
                0x08000298                        . = ALIGN (0x4)

.text           0x080002a0    0x21dc8
                0x080002a0                        . = ALIGN (0x4)
 *(.text)
 .text          0x080002a0       0x40 C:/ST/STM32CubeIDE_2.0.0/STM32CubeIDE/plugins/com.st.stm32cube.ide.mcu.externaltools.gnu-tools-for-stm32.13.3.rel1.win32_1.0.100.202509120712/tools/bin/../lib/gcc/arm-none-eabi/13.3.1/thumb/v7e-m+dp/hard/crtbegin.o
 .text          0x080002e0       0xa0 C:/ST/STM32CubeIDE_2.0.0/STM32CubeIDE/plugins/com.st.stm32cube.ide.mcu.externaltools.gnu-tools-for-stm32.13.3.rel1.win32_1.0.100.202509120712/tools/bin/../lib/gcc/arm-none-eabi/13.3.1/../../../../arm-none-eabi/lib/thumb/v7e-m+dp/hard\libc_nano.a(libc_a-memchr.o)
                0x080002e0                memchr
 .text          0x08000380       0x10 C:/ST/STM32CubeIDE_2.0.0/STM32CubeIDE/plugins/com.st.stm32cube.ide.mcu.externaltools.gnu-tools-for-stm32.13.3.rel1.win32_1.0.100.202509120712/tools/bin/../lib/gcc/arm-none-eabi/13.3.1/../../../../arm-none-eabi/lib/thumb/v7e-m+dp/hard\libc_nano.a(libc_a-strlen.o)
                0x08000380                strlen
 .text          0x08000390      0x378 C:/ST/STM32CubeIDE_2.0.0/STM32CubeIDE/plugins/com.st.stm32cube.ide.mcu.externaltools.gnu-tools-for-stm32.13.3.rel1.win32_1.0.100.202509120712/tools/bin/../lib/gcc/arm-none-eabi/13.3.1/thumb/v7e-m+dp/hard\libgcc.a(_arm_addsubdf3.o)
                0x08000390                __aeabi_drsub
                0x08000398                __aeabi_dsub
                0x08000398                __subdf3
                0x0800039c                __aeabi_dadd
                0x0800039c                __adddf3
                0x08000614                __floatunsidf
                0x08000614                __aeabi_ui2d
                0x08000634                __floatsidf
                0x08000634                __aeabi_i2d
                0x08000658                __aeabi_f2d
                0x08000658                __extendsfdf2
                0x0800069c                __floatundidf
                0x0800069c                __aeabi_ul2d
                0x080006ac                __floatdidf
                0x080006ac                __aeabi_l2d
 .text          0x08000708       0x30 C:/ST/STM32CubeIDE_2.0.0/STM32CubeIDE/plugins/com.st.stm32cube.ide.mcu.externaltools.gnu-tools-for-stm32.13.3.rel1.win32_1.0.100.202509120712/tools/bin/../lib/gcc/arm-none-eabi/13.3.1/thumb/v7e-m+dp/hard\libgcc.a(_aeabi_uldivmod.o)
                0x08000708                __aeabi_uldivmod
 .text          0x08000738      0x2f8 C:/ST/STM32CubeIDE_2.0.0/STM32CubeIDE/plugins/com.st.stm32cube.ide.mcu.externaltools.gnu-tools-for-stm32.13.3.rel1.win32_1.0.100.202509120712/tools/bin/../lib/gcc/arm-none-eabi/13.3.1/thumb/v7e-m+dp/hard\libgcc.a(_udivmoddi4.o)
                0x08000738                __udivmoddi4
 .text          0x08000a30        0x4 C:/ST/STM32CubeIDE_2.0.0/STM32CubeIDE/plugins/com.st.stm32cube.ide.mcu.externaltools.gnu-tools-for-stm32.13.3.rel1.win32_1.0.100.202509120712/tools/bin/../lib/gcc/arm-none-eabi/13.3.1/thumb/v7e-m+dp/hard\libgcc.a(_dvmd_tls.o)
                0x08000a30                __aeabi_idiv0
                0x08000a30                __aeabi_ldiv0
 *(.text*)
 .text.USBD_MIDI_GetCfgDesc
                0x08000a34       0x10 ./App/Middlewares/ST/STM32_USB_Device_Library/Class/MIDI/Src/usbd_midi.o
 .text.USBD_MIDI_Setup
                0x08000a44       0xa8 ./App/Middlewares/ST/STM32_USB_Device_Library/Class/MIDI/Src/usbd_midi.o
 .text.USBD_MIDI_DeInit
                0x08000aec       0x20 ./App/Middlewares/ST/STM32_USB_Device_Library/Class/MIDI/Src/usbd_midi.o
 .text.USBD_MIDI_Init
                0x08000b0c       0x44 ./App/Middlewares/ST/STM32_USB_Device_Library/Class/MIDI/Src/usbd_midi.o
 .text.USBD_MIDI_GetDeviceQualifierDesc
                0x08000b50       0x10 ./App/Middlewares/ST/STM32_USB_Device_Library/Class/MIDI/Src/usbd_midi.o
 .text.USBD_MIDI_GetState
                0x08000b60        0x8 ./App/Middlewares/ST/STM32_USB_Device_Library/Class/MIDI/Src/usbd_midi.o
                0x08000b60                USBD_MIDI_GetState
 .text.USBD_MIDI_SendPackets
                0x08000b68       0x30 ./App/Middlewares/ST/STM32_USB_Device_Library/Class/MIDI/Src/usbd_midi.o
                0x08000b68                USBD_MIDI_SendPackets
 .text.USBD_MIDI_DataIn
                0x08000b98       0x14 ./App/Middlewares/ST/STM32_USB_Device_Library/Class/MIDI/Src/usbd_midi.o
 .text.USBD_MIDI_DataOut
                0x08000bac       0x34 ./App/Middlewares/ST/STM32_USB_Device_Library/Class/MIDI/Src/usbd_midi.o
 .text.USBD_Init
                0x08000be0       0x28 ./App/Middlewares/ST/STM32_USB_Device_Library/Core/Src/usbd_core.o
                0x08000be0                USBD_Init
 .text.USBD_RegisterClass
                0x08000c08       0x38 ./App/Middlewares/ST/STM32_USB_Device_Library/Core/Src/usbd_core.o
                0x08000c08                USBD_RegisterClass
 .text.USBD_Start
                0x08000c40        0x4 ./App/Middlewares/ST/STM32_USB_Device_Library/Core/Src/usbd_core.o
                0x08000c40                USBD_Start
 .text.USBD_SetClassConfig
                0x08000c44       0x10 ./App/Middlewares/ST/STM32_USB_Device_Library/Core/Src/usbd_core.o
                0x08000c44                USBD_SetClassConfig
 .text.USBD_ClrClassConfig
                0x08000c54       0x14 ./App/Middlewares/ST/STM32_USB_Device_Library/Core/Src/usbd_core.o
                0x08000c54                USBD_ClrClassConfig
 .text.USBD_LL_SetupStage
                0x08000c68       0x60 ./App/Middlewares/ST/STM32_USB_Device_Library/Core/Src/usbd_core.o
                0x08000c68                USBD_LL_SetupStage
 .text.USBD_LL_DataOutStage
                0x08000cc8       0x74 ./App/Middlewares/ST/STM32_USB_Device_Library/Core/Src/usbd_core.o
                0x08000cc8                USBD_LL_DataOutStage
 .text.USBD_LL_DataInStage
                0x08000d3c       0xc0 ./App/Middlewares/ST/STM32_USB_Device_Library/Core/Src/usbd_core.o
                0x08000d3c                USBD_LL_DataInStage
 .text.USBD_LL_Reset
                0x08000dfc       0x5c ./App/Middlewares/ST/STM32_USB_Device_Library/Core/Src/usbd_core.o
                0x08000dfc                USBD_LL_Reset
 .text.USBD_LL_SetSpeed
                0x08000e58        0x8 ./App/Middlewares/ST/STM32_USB_Device_Library/Core/Src/usbd_core.o
                0x08000e58                USBD_LL_SetSpeed
 .text.USBD_LL_Suspend
                0x08000e60       0x20 ./App/Middlewares/ST/STM32_USB_Device_Library/Core/Src/usbd_core.o
                0x08000e60                USBD_LL_Suspend
 .text.USBD_LL_Resume
                0x08000e80       0x18 ./App/Middlewares/ST/STM32_USB_Device_Library/Core/Src/usbd_core.o
                0x08000e80                USBD_LL_Resume
 .text.USBD_LL_SOF
                0x08000e98       0x20 ./App/Middlewares/ST/STM32_USB_Device_Library/Core/Src/usbd_core.o
                0x08000e98                USBD_LL_SOF
 .text.USBD_LL_IsoINIncomplete
                0x08000eb8       0x2c ./App/Middlewares/ST/STM32_USB_Device_Library/Core/Src/usbd_core.o
                0x08000eb8                USBD_LL_IsoINIncomplete
 .text.USBD_LL_IsoOUTIncomplete
                0x08000ee4       0x2c ./App/Middlewares/ST/STM32_USB_Device_Library/Core/Src/usbd_core.o
                0x08000ee4                USBD_LL_IsoOUTIncomplete
 .text.USBD_LL_DevConnected
                0x08000f10        0x4 ./App/Middlewares/ST/STM32_USB_Device_Library/Core/Src/usbd_core.o
                0x08000f10                USBD_LL_DevConnected
 .text.USBD_LL_DevDisconnected
                0x08000f14       0x24 ./App/Middlewares/ST/STM32_USB_Device_Library/Core/Src/usbd_core.o
                0x08000f14                USBD_LL_DevDisconnected
 .text.USBD_CoreFindIF
                0x08000f38        0x4 ./App/Middlewares/ST/STM32_USB_Device_Library/Core/Src/usbd_core.o
                0x08000f38                USBD_CoreFindIF
 .text.USBD_CoreFindEP
                0x08000f3c        0x4 ./App/Middlewares/ST/STM32_USB_Device_Library/Core/Src/usbd_core.o
                0x08000f3c                USBD_CoreFindEP
 .text.USBD_StdDevReq
                0x08000f40      0x37c ./App/Middlewares/ST/STM32_USB_Device_Library/Core/Src/usbd_ctlreq.o
                0x08000f40                USBD_StdDevReq
 .text.USBD_StdItfReq
                0x080012bc       0x80 ./App/Middlewares/ST/STM32_USB_Device_Library/Core/Src/usbd_ctlreq.o
                0x080012bc                USBD_StdItfReq
 .text.USBD_StdEPReq
                0x0800133c      0x15c ./App/Middlewares/ST/STM32_USB_Device_Library/Core/Src/usbd_ctlreq.o
                0x0800133c                USBD_StdEPReq
 .text.USBD_ParseSetupRequest
                0x08001498       0x18 ./App/Middlewares/ST/STM32_USB_Device_Library/Core/Src/usbd_ctlreq.o
                0x08001498                USBD_ParseSetupRequest
 .text.USBD_CtlError
                0x080014b0       0x18 ./App/Middlewares/ST/STM32_USB_Device_Library/Core/Src/usbd_ctlreq.o
                0x080014b0                USBD_CtlError
 .text.USBD_GetString
                0x080014c8       0x58 ./App/Middlewares/ST/STM32_USB_Device_Library/Core/Src/usbd_ctlreq.o
                0x080014c8                USBD_GetString
 .text.USBD_CtlSendData
                0x08001520       0x1c ./App/Middlewares/ST/STM32_USB_Device_Library/Core/Src/usbd_ioreq.o
                0x08001520                USBD_CtlSendData
 .text.USBD_CtlContinueSendData
                0x0800153c       0x14 ./App/Middlewares/ST/STM32_USB_Device_Library/Core/Src/usbd_ioreq.o
                0x0800153c                USBD_CtlContinueSendData
 .text.USBD_CtlContinueRx
                0x08001550       0x14 ./App/Middlewares/ST/STM32_USB_Device_Library/Core/Src/usbd_ioreq.o
                0x08001550                USBD_CtlContinueRx
 .text.USBD_CtlSendStatus
                0x08001564       0x18 ./App/Middlewares/ST/STM32_USB_Device_Library/Core/Src/usbd_ioreq.o
                0x08001564                USBD_CtlSendStatus
 .text.USBD_CtlReceiveStatus
                0x0800157c       0x18 ./App/Middlewares/ST/STM32_USB_Device_Library/Core/Src/usbd_ioreq.o
                0x0800157c                USBD_CtlReceiveStatus
 .text.USBH_Init
                0x08001594       0x9c ./App/Middlewares/ST/STM32_USB_Host_Library/Core/Src/usbh_core.o
                0x08001594                USBH_Init
 .text.USBH_RegisterClass
                0x08001630       0x28 ./App/Middlewares/ST/STM32_USB_Host_Library/Core/Src/usbh_core.o
                0x08001630                USBH_RegisterClass
 .text.USBH_SelectInterface
                0x08001658       0x18 ./App/Middlewares/ST/STM32_USB_Host_Library/Core/Src/usbh_core.o
                0x08001658                USBH_SelectInterface
 .text.USBH_Start
                0x08001670       0x14 ./App/Middlewares/ST/STM32_USB_Host_Library/Core/Src/usbh_core.o
                0x08001670                USBH_Start
 .text.USBH_Process
                0x08001684      0x4a8 ./App/Middlewares/ST/STM32_USB_Host_Library/Core/Src/usbh_core.o
                0x08001684                USBH_Process
 .text.USBH_LL_SetTimer
                0x08001b2c        0x8 ./App/Middlewares/ST/STM32_USB_Host_Library/Core/Src/usbh_core.o
                0x08001b2c                USBH_LL_SetTimer
 .text.USBH_LL_IncTimer
                0x08001b34       0x20 ./App/Middlewares/ST/STM32_USB_Host_Library/Core/Src/usbh_core.o
                0x08001b34                USBH_LL_IncTimer
 .text.USBH_LL_PortEnabled
                0x08001b54        0x8 ./App/Middlewares/ST/STM32_USB_Host_Library/Core/Src/usbh_core.o
                0x08001b54                USBH_LL_PortEnabled
 .text.USBH_LL_PortDisabled
                0x08001b5c       0x10 ./App/Middlewares/ST/STM32_USB_Host_Library/Core/Src/usbh_core.o
                0x08001b5c                USBH_LL_PortDisabled
 .text.USBH_LL_Connect
                0x08001b6c       0x18 ./App/Middlewares/ST/STM32_USB_Host_Library/Core/Src/usbh_core.o
                0x08001b6c                USBH_LL_Connect
 .text.USBH_LL_Disconnect
                0x08001b84       0x2c ./App/Middlewares/ST/STM32_USB_Host_Library/Core/Src/usbh_core.o
                0x08001b84                USBH_LL_Disconnect
 .text.USBH_CtlReq.part.0
                0x08001bb0      0x18c ./App/Middlewares/ST/STM32_USB_Host_Library/Core/Src/usbh_ctlreq.o
 .text.USBH_Get_DevDesc
                0x08001d3c       0xb8 ./App/Middlewares/ST/STM32_USB_Host_Library/Core/Src/usbh_ctlreq.o
                0x08001d3c                USBH_Get_DevDesc
 .text.USBH_Get_CfgDesc
                0x08001df4      0x3e8 ./App/Middlewares/ST/STM32_USB_Host_Library/Core/Src/usbh_ctlreq.o
                0x08001df4                USBH_Get_CfgDesc
 .text.USBH_Get_StringDesc
                0x080021dc       0x84 ./App/Middlewares/ST/STM32_USB_Host_Library/Core/Src/usbh_ctlreq.o
                0x080021dc                USBH_Get_StringDesc
 .text.USBH_SetAddress
                0x08002260      0x1b4 ./App/Middlewares/ST/STM32_USB_Host_Library/Core/Src/usbh_ctlreq.o
                0x08002260                USBH_SetAddress
 .text.USBH_SetCfg
                0x08002414      0x1b4 ./App/Middlewares/ST/STM32_USB_Host_Library/Core/Src/usbh_ctlreq.o
                0x08002414                USBH_SetCfg
 .text.USBH_SetFeature
                0x080025c8      0x1b4 ./App/Middlewares/ST/STM32_USB_Host_Library/Core/Src/usbh_ctlreq.o
                0x080025c8                USBH_SetFeature
 .text.USBH_ClrFeature
                0x0800277c      0x1b4 ./App/Middlewares/ST/STM32_USB_Host_Library/Core/Src/usbh_ctlreq.o
                0x0800277c                USBH_ClrFeature
 .text.USBH_CtlSendSetup
                0x08002930       0x20 ./App/Middlewares/ST/STM32_USB_Host_Library/Core/Src/usbh_ioreq.o
                0x08002930                USBH_CtlSendSetup
 .text.USBH_CtlSendData
                0x08002950       0x34 ./App/Middlewares/ST/STM32_USB_Host_Library/Core/Src/usbh_ioreq.o
                0x08002950                USBH_CtlSendData
 .text.USBH_CtlReceiveData
                0x08002984       0x20 ./App/Middlewares/ST/STM32_USB_Host_Library/Core/Src/usbh_ioreq.o
                0x08002984                USBH_CtlReceiveData
 .text.USBH_BulkSendData
                0x080029a4       0x34 ./App/Middlewares/ST/STM32_USB_Host_Library/Core/Src/usbh_ioreq.o
                0x080029a4                USBH_BulkSendData
 .text.USBH_BulkReceiveData
                0x080029d8       0x20 ./App/Middlewares/ST/STM32_USB_Host_Library/Core/Src/usbh_ioreq.o
                0x080029d8                USBH_BulkReceiveData
 .text.USBH_OpenPipe
                0x080029f8       0x20 ./App/Middlewares/ST/STM32_USB_Host_Library/Core/Src/usbh_pipes.o
                0x080029f8                USBH_OpenPipe
 .text.USBH_ClosePipe
                0x08002a18        0xc ./App/Middlewares/ST/STM32_USB_Host_Library/Core/Src/usbh_pipes.o
                0x08002a18                USBH_ClosePipe
 .text.USBH_AllocPipe
                0x08002a24       0xd0 ./App/Middlewares/ST/STM32_USB_Host_Library/Core/Src/usbh_pipes.o
                0x08002a24                USBH_AllocPipe
 .text.USBH_FreePipe
                0x08002af4       0x18 ./App/Middlewares/ST/STM32_USB_Host_Library/Core/Src/usbh_pipes.o
                0x08002af4                USBH_FreePipe
 .text.disk_status
                0x08002b0c       0x14 ./App/Middlewares/Third_Party/FatFs/src/diskio.o
                0x08002b0c                disk_status
 .text.disk_initialize
                0x08002b20       0x28 ./App/Middlewares/Third_Party/FatFs/src/diskio.o
                0x08002b20                disk_initialize
 .text.disk_read
                0x08002b48       0x1c ./App/Middlewares/Third_Party/FatFs/src/diskio.o
                0x08002b48                disk_read
 .text.disk_write
                0x08002b64       0x1c ./App/Middlewares/Third_Party/FatFs/src/diskio.o
                0x08002b64                disk_write
 .text.disk_ioctl
                0x08002b80       0x18 ./App/Middlewares/Third_Party/FatFs/src/diskio.o
                0x08002b80                disk_ioctl
 .text.inc_lock
                0x08002b98      0x188 ./App/Middlewares/Third_Party/FatFs/src/ff.o
 .text.sync_fs  0x08002d20       0xb8 ./App/Middlewares/Third_Party/FatFs/src/ff.o
 .text.move_window
                0x08002dd8       0x7c ./App/Middlewares/Third_Party/FatFs/src/ff.o
 .text.find_bitmap
                0x08002e54       0xb0 ./App/Middlewares/Third_Party/FatFs/src/ff.o
 .text.put_fat.part.0
                0x08002f04      0x108 ./App/Middlewares/Third_Party/FatFs/src/ff.o
 .text.get_fat  0x0800300c      0x118 ./App/Middlewares/Third_Party/FatFs/src/ff.o
 .text.dir_next.constprop.0
                0x08003124       0x8c ./App/Middlewares/Third_Party/FatFs/src/ff.o
 .text.check_fs
                0x080031b0       0xd8 ./App/Middlewares/Third_Party/FatFs/src/ff.o
 .text.find_volume
                0x08003288      0x588 ./App/Middlewares/Third_Party/FatFs/src/ff.o
 .text.load_xdir
                0x08003810      0x204 ./App/Middlewares/Third_Party/FatFs/src/ff.o
 .text.dir_read.constprop.0
                0x08003a14      0x458 ./App/Middlewares/Third_Party/FatFs/src/ff.o
 .text.create_chain
                0x08003e6c      0x2f0 ./App/Middlewares/Third_Party/FatFs/src/ff.o
 .text.dir_sdi  0x0800415c      0x1d4 ./App/Middlewares/Third_Party/FatFs/src/ff.o
 .text.store_xdir
                0x08004330      0x204 ./App/Middlewares/Third_Party/FatFs/src/ff.o
 .text.dir_find
                0x08004534      0x434 ./App/Middlewares/Third_Party/FatFs/src/ff.o
 .text.follow_path
                0x08004968      0x338 ./App/Middlewares/Third_Party/FatFs/src/ff.o
 .text.remove_chain
                0x08004ca0      0x29c ./App/Middlewares/Third_Party/FatFs/src/ff.o
 .text.dir_alloc
                0x08004f3c      0x2d0 ./App/Middlewares/Third_Party/FatFs/src/ff.o
 .text.dir_register
                0x0800520c      0xa84 ./App/Middlewares/Third_Party/FatFs/src/ff.o
 .text.f_mount  0x08005c90       0xe0 ./App/Middlewares/Third_Party/FatFs/src/ff.o
                0x08005c90                f_mount
 .text.f_open   0x08005d70      0x4c4 ./App/Middlewares/Third_Party/FatFs/src/ff.o
                0x08005d70                f_open
 .text.f_read   0x08006234      0x298 ./App/Middlewares/Third_Party/FatFs/src/ff.o
                0x08006234                f_read
 .text.f_write  0x080064cc      0x320 ./App/Middlewares/Third_Party/FatFs/src/ff.o
                0x080064cc                f_write
 .text.f_sync   0x080067ec      0x21c ./App/Middlewares/Third_Party/FatFs/src/ff.o
                0x080067ec                f_sync
 .text.f_close  0x08006a08       0x6c ./App/Middlewares/Third_Party/FatFs/src/ff.o
                0x08006a08                f_close
 .text.f_lseek  0x08006a74      0x4bc ./App/Middlewares/Third_Party/FatFs/src/ff.o
                0x08006a74                f_lseek
 .text.f_getfree
                0x08006f30      0x13c ./App/Middlewares/Third_Party/FatFs/src/ff.o
                0x08006f30                f_getfree
 .text.f_expand
                0x0800706c      0x404 ./App/Middlewares/Third_Party/FatFs/src/ff.o
                0x0800706c                f_expand
 .text.FATFS_LinkDriver
                0x08007470       0x48 ./App/Middlewares/Third_Party/FatFs/src/ff_gen_drv.o
                0x08007470                FATFS_LinkDriver
 .text.ff_convert
                0x080074b8       0x34 ./App/Middlewares/Third_Party/FatFs/src/option/ccsbcs.o
                0x080074b8                ff_convert
 .text.ff_wtoupper
                0x080074ec       0x98 ./App/Middlewares/Third_Party/FatFs/src/option/ccsbcs.o
                0x080074ec                ff_wtoupper
 .text.MX_USB_DEVICE_Init
                0x08007584       0x60 ./App/usb_stack/usb_device.o
                0x08007584                MX_USB_DEVICE_Init
 .text.USBH_UserProcess
                0x080075e4       0xac ./App/usb_stack/usb_host.o
 .text.MX_USB_HOST_Init
                0x08007690      0x114 ./App/usb_stack/usb_host.o
                0x08007690                MX_USB_HOST_Init
 .text.MX_USB_HOST_Process
                0x080077a4        0xc ./App/usb_stack/usb_host.o
                0x080077a4                MX_USB_HOST_Process
 .text.usb_host_tasklet_poll_bounded
                0x080077b0       0x30 ./App/usb_stack/usb_host.o
                0x080077b0                usb_host_tasklet_poll_bounded
 .text.HAL_PCD_MspInit
                0x080077e0       0xc4 ./App/usb_stack/usbd_conf.o
                0x080077e0                HAL_PCD_MspInit
 .text.HAL_PCD_SetupStageCallback
                0x080078a4        0xc ./App/usb_stack/usbd_conf.o
                0x080078a4                HAL_PCD_SetupStageCallback
 .text.HAL_PCD_DataOutStageCallback
                0x080078b0       0x14 ./App/usb_stack/usbd_conf.o
                0x080078b0                HAL_PCD_DataOutStageCallback
 .text.HAL_PCD_DataInStageCallback
                0x080078c4       0x14 ./App/usb_stack/usbd_conf.o
                0x080078c4                HAL_PCD_DataInStageCallback
 .text.HAL_PCD_SOFCallback
                0x080078d8        0x8 ./App/usb_stack/usbd_conf.o
                0x080078d8                HAL_PCD_SOFCallback
 .text.HAL_PCD_ResetCallback
                0x080078e0       0x2c ./App/usb_stack/usbd_conf.o
                0x080078e0                HAL_PCD_ResetCallback
 .text.HAL_PCD_SuspendCallback
                0x0800790c       0x30 ./App/usb_stack/usbd_conf.o
                0x0800790c                HAL_PCD_SuspendCallback
 .text.HAL_PCD_ResumeCallback
                0x0800793c        0x8 ./App/usb_stack/usbd_conf.o
                0x0800793c                HAL_PCD_ResumeCallback
 .text.HAL_PCD_ISOOUTIncompleteCallback
                0x08007944        0x8 ./App/usb_stack/usbd_conf.o
                0x08007944                HAL_PCD_ISOOUTIncompleteCallback
 .text.HAL_PCD_ISOINIncompleteCallback
                0x0800794c        0x8 ./App/usb_stack/usbd_conf.o
                0x0800794c                HAL_PCD_ISOINIncompleteCallback
 .text.HAL_PCD_ConnectCallback
                0x08007954        0x8 ./App/usb_stack/usbd_conf.o
                0x08007954                HAL_PCD_ConnectCallback
 .text.HAL_PCD_DisconnectCallback
                0x0800795c        0x8 ./App/usb_stack/usbd_conf.o
                0x0800795c                HAL_PCD_DisconnectCallback
 .text.USBD_LL_Init
                0x08007964       0x68 ./App/usb_stack/usbd_conf.o
                0x08007964                USBD_LL_Init
 .text.USBD_LL_Start
                0x080079cc       0x18 ./App/usb_stack/usbd_conf.o
                0x080079cc                USBD_LL_Start
 .text.USBD_LL_OpenEP
                0x080079e4       0x1c ./App/usb_stack/usbd_conf.o
                0x080079e4                USBD_LL_OpenEP
 .text.USBD_LL_CloseEP
                0x08007a00       0x18 ./App/usb_stack/usbd_conf.o
                0x08007a00                USBD_LL_CloseEP
 .text.USBD_LL_StallEP
                0x08007a18       0x18 ./App/usb_stack/usbd_conf.o
                0x08007a18                USBD_LL_StallEP
 .text.USBD_LL_ClearStallEP
                0x08007a30       0x18 ./App/usb_stack/usbd_conf.o
                0x08007a30                USBD_LL_ClearStallEP
 .text.USBD_LL_IsStallEP
                0x08007a48       0x28 ./App/usb_stack/usbd_conf.o
                0x08007a48                USBD_LL_IsStallEP
 .text.USBD_LL_SetUSBAddress
                0x08007a70       0x18 ./App/usb_stack/usbd_conf.o
                0x08007a70                USBD_LL_SetUSBAddress
 .text.USBD_LL_Transmit
                0x08007a88       0x18 ./App/usb_stack/usbd_conf.o
                0x08007a88                USBD_LL_Transmit
 .text.USBD_LL_PrepareReceive
                0x08007aa0       0x18 ./App/usb_stack/usbd_conf.o
                0x08007aa0                USBD_LL_PrepareReceive
 .text.USBD_static_malloc
                0x08007ab8        0x8 ./App/usb_stack/usbd_conf.o
                0x08007ab8                USBD_static_malloc
 .text.USBD_static_free
                0x08007ac0        0x4 ./App/usb_stack/usbd_conf.o
                0x08007ac0                USBD_static_free
 .text.USBD_FS_DeviceDescriptor
                0x08007ac4        0xc ./App/usb_stack/usbd_desc.o
                0x08007ac4                USBD_FS_DeviceDescriptor
 .text.USBD_FS_LangIDStrDescriptor
                0x08007ad0        0xc ./App/usb_stack/usbd_desc.o
                0x08007ad0                USBD_FS_LangIDStrDescriptor
 .text.USBD_FS_ManufacturerStrDescriptor
                0x08007adc       0x1c ./App/usb_stack/usbd_desc.o
                0x08007adc                USBD_FS_ManufacturerStrDescriptor
 .text.USBD_FS_ProductStrDescriptor
                0x08007af8       0x1c ./App/usb_stack/usbd_desc.o
                0x08007af8                USBD_FS_ProductStrDescriptor
 .text.USBD_FS_ConfigStrDescriptor
                0x08007b14       0x1c ./App/usb_stack/usbd_desc.o
                0x08007b14                USBD_FS_ConfigStrDescriptor
 .text.USBD_FS_InterfaceStrDescriptor
                0x08007b30       0x1c ./App/usb_stack/usbd_desc.o
                0x08007b30                USBD_FS_InterfaceStrDescriptor
 .text.USBD_FS_SerialStrDescriptor
                0x08007b4c      0x154 ./App/usb_stack/usbd_desc.o
                0x08007b4c                USBD_FS_SerialStrDescriptor
 .text.HAL_HCD_MspInit
                0x08007ca0       0xc4 ./App/usb_stack/usbh_conf.o
                0x08007ca0                HAL_HCD_MspInit
 .text.HAL_HCD_SOF_Callback
                0x08007d64        0x8 ./App/usb_stack/usbh_conf.o
                0x08007d64                HAL_HCD_SOF_Callback
 .text.HAL_HCD_Connect_Callback
                0x08007d6c        0x8 ./App/usb_stack/usbh_conf.o
                0x08007d6c                HAL_HCD_Connect_Callback
 .text.HAL_HCD_Disconnect_Callback
                0x08007d74        0x8 ./App/usb_stack/usbh_conf.o
                0x08007d74                HAL_HCD_Disconnect_Callback
 .text.HAL_HCD_HC_NotifyURBChange_Callback
                0x08007d7c        0x4 ./App/usb_stack/usbh_conf.o
                0x08007d7c                HAL_HCD_HC_NotifyURBChange_Callback
 .text.HAL_HCD_PortEnabled_Callback
                0x08007d80        0x8 ./App/usb_stack/usbh_conf.o
                0x08007d80                HAL_HCD_PortEnabled_Callback
 .text.HAL_HCD_PortDisabled_Callback
                0x08007d88        0x8 ./App/usb_stack/usbh_conf.o
                0x08007d88                HAL_HCD_PortDisabled_Callback
 .text.USBH_LL_Init
                0x08007d90       0x58 ./App/usb_stack/usbh_conf.o
                0x08007d90                USBH_LL_Init
 .text.USBH_LL_Start
                0x08007de8       0x18 ./App/usb_stack/usbh_conf.o
                0x08007de8                USBH_LL_Start
 .text.USBH_LL_Stop
                0x08007e00       0x18 ./App/usb_stack/usbh_conf.o
                0x08007e00                USBH_LL_Stop
 .text.USBH_LL_GetSpeed
                0x08007e18       0x18 ./App/usb_stack/usbh_conf.o
                0x08007e18                USBH_LL_GetSpeed
 .text.USBH_LL_ResetPort
                0x08007e30       0x18 ./App/usb_stack/usbh_conf.o
                0x08007e30                USBH_LL_ResetPort
 .text.USBH_LL_GetLastXferSize
                0x08007e48        0x8 ./App/usb_stack/usbh_conf.o
                0x08007e48                USBH_LL_GetLastXferSize
 .text.USBH_LL_OpenPipe
                0x08007e50       0x2c ./App/usb_stack/usbh_conf.o
                0x08007e50                USBH_LL_OpenPipe
 .text.USBH_LL_ClosePipe
                0x08007e7c       0x18 ./App/usb_stack/usbh_conf.o
                0x08007e7c                USBH_LL_ClosePipe
 .text.USBH_LL_SubmitURB
                0x08007e94       0x30 ./App/usb_stack/usbh_conf.o
                0x08007e94                USBH_LL_SubmitURB
 .text.USBH_LL_GetURBState
                0x08007ec4        0x8 ./App/usb_stack/usbh_conf.o
                0x08007ec4                USBH_LL_GetURBState
 .text.USBH_LL_DriverVBUS
                0x08007ecc        0xc ./App/usb_stack/usbh_conf.o
                0x08007ecc                USBH_LL_DriverVBUS
 .text.USBH_LL_SetToggle
                0x08007ed8       0x20 ./App/usb_stack/usbh_conf.o
                0x08007ed8                USBH_LL_SetToggle
 .text.USBH_Delay
                0x08007ef8        0x4 ./App/usb_stack/usbh_conf.o
                0x08007ef8                USBH_Delay
 .text.arm_biquad_cascade_df1_f32
                0x08007efc       0xa4 ./Drivers/CMSIS_DSP/Source/FilteringFunctions/arm_biquad_cascade_df1_f32.o
                0x08007efc                arm_biquad_cascade_df1_f32
 .text.arm_biquad_cascade_df1_init_f32
                0x08007fa0       0x1c ./Drivers/CMSIS_DSP/Source/FilteringFunctions/arm_biquad_cascade_df1_init_f32.o
                0x08007fa0                arm_biquad_cascade_df1_init_f32
 .text.buttons_init
                0x08007fbc       0x40 ./Drivers/Drv_app/Src/buttons.o
                0x08007fbc                buttons_init
 .text.buttons_update
                0x08007ffc       0xf0 ./Drivers/Drv_app/Src/buttons.o
                0x08007ffc                buttons_update
 .text.button_pressed
                0x080080ec       0x20 ./Drivers/Drv_app/Src/buttons.o
                0x080080ec                button_pressed
 .text.button_released
                0x0800810c       0x20 ./Drivers/Drv_app/Src/buttons.o
                0x0800810c                button_released
 .text.buttons_hw_init
                0x0800812c       0x34 ./Drivers/Drv_app/Src/buttons_hw.o
                0x0800812c                buttons_hw_init
 .text.buttons_hw_read
                0x08008160       0x80 ./Drivers/Drv_app/Src/buttons_hw.o
                0x08008160                buttons_hw_read
 .text.buttons_hw_get
                0x080081e0       0x14 ./Drivers/Drv_app/Src/buttons_hw.o
                0x080081e0                buttons_hw_get
 .text.CS42448_Init
                0x080081f4       0xb8 ./Drivers/Drv_app/Src/cs42448.o
                0x080081f4                CS42448_Init
 .text.drv_display_update.part.0
                0x080082ac      0x11c ./Drivers/Drv_app/Src/drv_display.o
 .text.drv_display_draw_char
                0x080083c8       0xf4 ./Drivers/Drv_app/Src/drv_display.o
                0x080083c8                drv_display_draw_char
 .text.drv_display_draw_text
                0x080084bc       0x3c ./Drivers/Drv_app/Src/drv_display.o
                0x080084bc                drv_display_draw_text
 .text.drv_display_clear
                0x080084f8       0x28 ./Drivers/Drv_app/Src/drv_display.o
                0x080084f8                drv_display_clear
 .text.drv_display_update
                0x08008520       0x10 ./Drivers/Drv_app/Src/drv_display.o
                0x08008520                drv_display_update
 .text.drv_display_init
                0x08008530      0x37c ./Drivers/Drv_app/Src/drv_display.o
                0x08008530                drv_display_init
 .text.encoders_init
                0x080088ac       0x10 ./Drivers/Drv_app/Src/encoders.o
                0x080088ac                encoders_init
 .text.encoders_update
                0x080088bc       0x60 ./Drivers/Drv_app/Src/encoders.o
                0x080088bc                encoders_update
 .text.encoder_consume_delta
                0x0800891c       0x1c ./Drivers/Drv_app/Src/encoders.o
                0x0800891c                encoder_consume_delta
 .text.encoders_hw_init
                0x08008938       0x7c ./Drivers/Drv_app/Src/encoders_hw.o
                0x08008938                encoders_hw_init
 .text.encoders_hw_read
                0x080089b4       0xdc ./Drivers/Drv_app/Src/encoders_hw.o
                0x080089b4                encoders_hw_read
 .text.encoders_hw_get_delta
                0x08008a90       0x18 ./Drivers/Drv_app/Src/encoders_hw.o
                0x08008a90                encoders_hw_get_delta
 .text.led_anim_init
                0x08008aa8       0x78 ./Drivers/Drv_app/Src/led_anim.o
                0x08008aa8                led_anim_init
 .text.led_anim_blink
                0x08008b20      0x248 ./Drivers/Drv_app/Src/led_anim.o
                0x08008b20                led_anim_blink
 .text.led_anim_tick
                0x08008d68       0x6c ./Drivers/Drv_app/Src/led_anim.o
                0x08008d68                led_anim_tick
 .text.led_fb_init
                0x08008dd4       0x18 ./Drivers/Drv_app/Src/led_framebuffer.o
                0x08008dd4                led_fb_init
 .text.led_fb_clear
                0x08008dec       0x10 ./Drivers/Drv_app/Src/led_framebuffer.o
                0x08008dec                led_fb_clear
 .text.led_fb_set
                0x08008dfc       0x20 ./Drivers/Drv_app/Src/led_framebuffer.o
                0x08008dfc                led_fb_set
 .text.led_fb_commit
                0x08008e1c       0x1c ./Drivers/Drv_app/Src/led_framebuffer.o
                0x08008e1c                led_fb_commit
 .text.HAL_TIM_PWM_PulseFinishedCallback
                0x08008e38       0x24 ./Drivers/Drv_app/Src/led_hw.o
                0x08008e38                HAL_TIM_PWM_PulseFinishedCallback
 .text.led_hw_init
                0x08008e5c       0x2c ./Drivers/Drv_app/Src/led_hw.o
                0x08008e5c                led_hw_init
 .text.led_hw_busy
                0x08008e88       0x10 ./Drivers/Drv_app/Src/led_hw.o
                0x08008e88                led_hw_busy
 .text.led_hw_send
                0x08008e98      0x210 ./Drivers/Drv_app/Src/led_hw.o
                0x08008e98                led_hw_send
 .text.led_layer_init
                0x080090a8       0x10 ./Drivers/Drv_app/Src/led_layer.o
                0x080090a8                led_layer_init
 .text.led_layer_clear
                0x080090b8       0x20 ./Drivers/Drv_app/Src/led_layer.o
                0x080090b8                led_layer_clear
 .text.led_layer_set
                0x080090d8       0x34 ./Drivers/Drv_app/Src/led_layer.o
                0x080090d8                led_layer_set
 .text.led_layer_compose
                0x0800910c      0x140 ./Drivers/Drv_app/Src/led_layer.o
                0x0800910c                led_layer_compose
 .text.led_layer_commit
                0x0800924c       0x10 ./Drivers/Drv_app/Src/led_layer.o
                0x0800924c                led_layer_commit
 .text.led_init
                0x0800925c       0x14 ./Drivers/Drv_app/Src/led_rgb.o
                0x0800925c                led_init
 .text.led_service
                0x08009270       0x10 ./Drivers/Drv_app/Src/led_rgb.o
                0x08009270                led_service
 .text.SDRAM_Init
                0x08009280       0xc0 ./Drivers/Drv_app/Src/sdram.o
                0x08009280                SDRAM_Init
 .text.HAL_InitTick
                0x08009340       0x4c ./Drivers/STM32H7xx_HAL_Driver/Src/stm32h7xx_hal.o
                0x08009340                HAL_InitTick
 .text.HAL_Init
                0x0800938c       0x60 ./Drivers/STM32H7xx_HAL_Driver/Src/stm32h7xx_hal.o
                0x0800938c                HAL_Init
 .text.HAL_IncTick
                0x080093ec       0x18 ./Drivers/STM32H7xx_HAL_Driver/Src/stm32h7xx_hal.o
                0x080093ec                HAL_IncTick
 .text.HAL_GetTick
                0x08009404        0xc ./Drivers/STM32H7xx_HAL_Driver/Src/stm32h7xx_hal.o
                0x08009404                HAL_GetTick
 .text.HAL_Delay
                0x08009410       0x24 ./Drivers/STM32H7xx_HAL_Driver/Src/stm32h7xx_hal.o
                0x08009410                HAL_Delay
 .text.HAL_GetREVID
                0x08009434        0xc ./Drivers/STM32H7xx_HAL_Driver/Src/stm32h7xx_hal.o
                0x08009434                HAL_GetREVID
 .text.HAL_SYSCFG_AnalogSwitchConfig
                0x08009440       0x14 ./Drivers/STM32H7xx_HAL_Driver/Src/stm32h7xx_hal.o
                0x08009440                HAL_SYSCFG_AnalogSwitchConfig
 .text.HAL_ADC_PollForConversion
                0x08009454      0x104 ./Drivers/STM32H7xx_HAL_Driver/Src/stm32h7xx_hal_adc.o
                0x08009454                HAL_ADC_PollForConversion
 .text.HAL_ADC_GetValue
                0x08009558        0x8 ./Drivers/STM32H7xx_HAL_Driver/Src/stm32h7xx_hal_adc.o
                0x08009558                HAL_ADC_GetValue
 .text.HAL_ADC_ConvCpltCallback
                0x08009560        0x4 ./Drivers/STM32H7xx_HAL_Driver/Src/stm32h7xx_hal_adc.o
                0x08009560                HAL_ADC_ConvCpltCallback
 .text.HAL_ADC_ConvHalfCpltCallback
                0x08009564        0x4 ./Drivers/STM32H7xx_HAL_Driver/Src/stm32h7xx_hal_adc.o
                0x08009564                HAL_ADC_ConvHalfCpltCallback
 .text.ADC_DMAHalfConvCplt
                0x08009568        0xc ./Drivers/STM32H7xx_HAL_Driver/Src/stm32h7xx_hal_adc.o
                0x08009568                ADC_DMAHalfConvCplt
 .text.HAL_ADC_ErrorCallback
                0x08009574        0x4 ./Drivers/STM32H7xx_HAL_Driver/Src/stm32h7xx_hal_adc.o
                0x08009574                HAL_ADC_ErrorCallback
 .text.ADC_DMAConvCplt
                0x08009578       0x6c ./Drivers/STM32H7xx_HAL_Driver/Src/stm32h7xx_hal_adc.o
                0x08009578                ADC_DMAConvCplt
 .text.ADC_DMAError
                0x080095e4       0x1c ./Drivers/STM32H7xx_HAL_Driver/Src/stm32h7xx_hal_adc.o
                0x080095e4                ADC_DMAError
 .text.HAL_ADC_ConfigChannel
                0x08009600      0x420 ./Drivers/STM32H7xx_HAL_Driver/Src/stm32h7xx_hal_adc.o
                0x08009600                HAL_ADC_ConfigChannel
 .text.ADC_ConversionStop
                0x08009a20       0xf4 ./Drivers/STM32H7xx_HAL_Driver/Src/stm32h7xx_hal_adc.o
                0x08009a20                ADC_ConversionStop
 .text.ADC_Enable
                0x08009b14       0xb0 ./Drivers/STM32H7xx_HAL_Driver/Src/stm32h7xx_hal_adc.o
                0x08009b14                ADC_Enable
 .text.HAL_ADC_Start
                0x08009bc4       0xfc ./Drivers/STM32H7xx_HAL_Driver/Src/stm32h7xx_hal_adc.o
                0x08009bc4                HAL_ADC_Start
 .text.HAL_ADC_Start_DMA
                0x08009cc0      0x118 ./Drivers/STM32H7xx_HAL_Driver/Src/stm32h7xx_hal_adc.o
                0x08009cc0                HAL_ADC_Start_DMA
 .text.ADC_Disable
                0x08009dd8       0x74 ./Drivers/STM32H7xx_HAL_Driver/Src/stm32h7xx_hal_adc.o
                0x08009dd8                ADC_Disable
 .text.HAL_ADC_Stop
                0x08009e4c       0x48 ./Drivers/STM32H7xx_HAL_Driver/Src/stm32h7xx_hal_adc.o
                0x08009e4c                HAL_ADC_Stop
 .text.ADC_ConfigureBoostMode
                0x08009e94      0x15c ./Drivers/STM32H7xx_HAL_Driver/Src/stm32h7xx_hal_adc.o
                0x08009e94                ADC_ConfigureBoostMode
 .text.HAL_ADC_Init
                0x08009ff0      0x218 ./Drivers/STM32H7xx_HAL_Driver/Src/stm32h7xx_hal_adc.o
                0x08009ff0                HAL_ADC_Init
 .text.HAL_ADCEx_MultiModeConfigChannel
                0x0800a208       0xc4 ./Drivers/STM32H7xx_HAL_Driver/Src/stm32h7xx_hal_adc_ex.o
                0x0800a208                HAL_ADCEx_MultiModeConfigChannel
 .text.HAL_NVIC_SetPriorityGrouping
                0x0800a2cc       0x24 ./Drivers/STM32H7xx_HAL_Driver/Src/stm32h7xx_hal_cortex.o
                0x0800a2cc                HAL_NVIC_SetPriorityGrouping
 .text.HAL_NVIC_SetPriority
                0x0800a2f0       0x78 ./Drivers/STM32H7xx_HAL_Driver/Src/stm32h7xx_hal_cortex.o
                0x0800a2f0                HAL_NVIC_SetPriority
 .text.HAL_NVIC_EnableIRQ
                0x0800a368       0x1c ./Drivers/STM32H7xx_HAL_Driver/Src/stm32h7xx_hal_cortex.o
                0x0800a368                HAL_NVIC_EnableIRQ
 .text.HAL_SYSTICK_Config
                0x0800a384       0x2c ./Drivers/STM32H7xx_HAL_Driver/Src/stm32h7xx_hal_cortex.o
                0x0800a384                HAL_SYSTICK_Config
 .text.DMA_CalcBaseAndBitshift
                0x0800a3b0      0x100 ./Drivers/STM32H7xx_HAL_Driver/Src/stm32h7xx_hal_dma.o
 .text.DMA_CalcDMAMUXChannelBaseAndMask
                0x0800a4b0       0xd4 ./Drivers/STM32H7xx_HAL_Driver/Src/stm32h7xx_hal_dma.o
 .text.HAL_DMA_Init
                0x0800a584      0x520 ./Drivers/STM32H7xx_HAL_Driver/Src/stm32h7xx_hal_dma.o
                0x0800a584                HAL_DMA_Init
 .text.HAL_DMA_Start_IT
                0x0800aaa4      0x668 ./Drivers/STM32H7xx_HAL_Driver/Src/stm32h7xx_hal_dma.o
                0x0800aaa4                HAL_DMA_Start_IT
 .text.HAL_DMA_Abort
                0x0800b10c      0x36c ./Drivers/STM32H7xx_HAL_Driver/Src/stm32h7xx_hal_dma.o
                0x0800b10c                HAL_DMA_Abort
 .text.HAL_DMA_Abort_IT
                0x0800b478      0x194 ./Drivers/STM32H7xx_HAL_Driver/Src/stm32h7xx_hal_dma.o
                0x0800b478                HAL_DMA_Abort_IT
 .text.HAL_DMA_IRQHandler
                0x0800b60c      0x424 ./Drivers/STM32H7xx_HAL_Driver/Src/stm32h7xx_hal_dma.o
                0x0800b60c                HAL_DMA_IRQHandler
 .text.HAL_DMA_GetError
                0x0800ba30        0x4 ./Drivers/STM32H7xx_HAL_Driver/Src/stm32h7xx_hal_dma.o
                0x0800ba30                HAL_DMA_GetError
 .text.HAL_GPIO_Init
                0x0800ba34      0x40c ./Drivers/STM32H7xx_HAL_Driver/Src/stm32h7xx_hal_gpio.o
                0x0800ba34                HAL_GPIO_Init
 .text.HAL_GPIO_WritePin
                0x0800be40        0x8 ./Drivers/STM32H7xx_HAL_Driver/Src/stm32h7xx_hal_gpio.o
                0x0800be40                HAL_GPIO_WritePin
 .text.HAL_HCD_HC_Init
                0x0800be48       0xbc ./Drivers/STM32H7xx_HAL_Driver/Src/stm32h7xx_hal_hcd.o
                0x0800be48                HAL_HCD_HC_Init
 .text.HAL_HCD_HC_Halt
                0x0800bf04       0x28 ./Drivers/STM32H7xx_HAL_Driver/Src/stm32h7xx_hal_hcd.o
                0x0800bf04                HAL_HCD_HC_Halt
 .text.HAL_HCD_Init
                0x0800bf2c       0x78 ./Drivers/STM32H7xx_HAL_Driver/Src/stm32h7xx_hal_hcd.o
                0x0800bf2c                HAL_HCD_Init
 .text.HAL_HCD_HC_SubmitRequest
                0x0800bfa4       0xe0 ./Drivers/STM32H7xx_HAL_Driver/Src/stm32h7xx_hal_hcd.o
                0x0800bfa4                HAL_HCD_HC_SubmitRequest
 .text.HAL_HCD_IRQHandler
                0x0800c084      0x998 ./Drivers/STM32H7xx_HAL_Driver/Src/stm32h7xx_hal_hcd.o
                0x0800c084                HAL_HCD_IRQHandler
 .text.HAL_HCD_Start
                0x0800ca1c       0x2c ./Drivers/STM32H7xx_HAL_Driver/Src/stm32h7xx_hal_hcd.o
                0x0800ca1c                HAL_HCD_Start
 .text.HAL_HCD_Stop
                0x0800ca48       0x28 ./Drivers/STM32H7xx_HAL_Driver/Src/stm32h7xx_hal_hcd.o
                0x0800ca48                HAL_HCD_Stop
 .text.HAL_HCD_ResetPort
                0x0800ca70        0x8 ./Drivers/STM32H7xx_HAL_Driver/Src/stm32h7xx_hal_hcd.o
                0x0800ca70                HAL_HCD_ResetPort
 .text.HAL_HCD_HC_GetURBState
                0x0800ca78       0x10 ./Drivers/STM32H7xx_HAL_Driver/Src/stm32h7xx_hal_hcd.o
                0x0800ca78                HAL_HCD_HC_GetURBState
 .text.HAL_HCD_HC_GetXferCount
                0x0800ca88        0xc ./Drivers/STM32H7xx_HAL_Driver/Src/stm32h7xx_hal_hcd.o
                0x0800ca88                HAL_HCD_HC_GetXferCount
 .text.HAL_HCD_GetCurrentFrame
                0x0800ca94        0x8 ./Drivers/STM32H7xx_HAL_Driver/Src/stm32h7xx_hal_hcd.o
                0x0800ca94                HAL_HCD_GetCurrentFrame
 .text.HAL_HCD_GetCurrentSpeed
                0x0800ca9c        0x8 ./Drivers/STM32H7xx_HAL_Driver/Src/stm32h7xx_hal_hcd.o
                0x0800ca9c                HAL_HCD_GetCurrentSpeed
 .text.I2C_WaitOnFlagUntilTimeout.constprop.0
                0x0800caa4      0x140 ./Drivers/STM32H7xx_HAL_Driver/Src/stm32h7xx_hal_i2c.o
 .text.I2C_WaitOnTXISFlagUntilTimeout
                0x0800cbe4      0x16c ./Drivers/STM32H7xx_HAL_Driver/Src/stm32h7xx_hal_i2c.o
 .text.I2C_WaitOnFlagUntilTimeout
                0x0800cd50      0x198 ./Drivers/STM32H7xx_HAL_Driver/Src/stm32h7xx_hal_i2c.o
 .text.I2C_WaitOnSTOPFlagUntilTimeout
                0x0800cee8      0x16c ./Drivers/STM32H7xx_HAL_Driver/Src/stm32h7xx_hal_i2c.o
 .text.HAL_I2C_Init
                0x0800d054       0xb4 ./Drivers/STM32H7xx_HAL_Driver/Src/stm32h7xx_hal_i2c.o
                0x0800d054                HAL_I2C_Init
 .text.HAL_I2C_Mem_Write
                0x0800d108      0x1fc ./Drivers/STM32H7xx_HAL_Driver/Src/stm32h7xx_hal_i2c.o
                0x0800d108                HAL_I2C_Mem_Write
 .text.HAL_I2C_IsDeviceReady
                0x0800d304      0x1d0 ./Drivers/STM32H7xx_HAL_Driver/Src/stm32h7xx_hal_i2c.o
                0x0800d304                HAL_I2C_IsDeviceReady
 .text.HAL_I2CEx_ConfigAnalogFilter
                0x0800d4d4       0x54 ./Drivers/STM32H7xx_HAL_Driver/Src/stm32h7xx_hal_i2c_ex.o
                0x0800d4d4                HAL_I2CEx_ConfigAnalogFilter
 .text.HAL_I2CEx_ConfigDigitalFilter
                0x0800d528       0x58 ./Drivers/STM32H7xx_HAL_Driver/Src/stm32h7xx_hal_i2c_ex.o
                0x0800d528                HAL_I2CEx_ConfigDigitalFilter
 .text.HAL_PCD_Init
                0x0800d580      0x410 ./Drivers/STM32H7xx_HAL_Driver/Src/stm32h7xx_hal_pcd.o
                0x0800d580                HAL_PCD_Init
 .text.HAL_PCD_Start
                0x0800d990       0x44 ./Drivers/STM32H7xx_HAL_Driver/Src/stm32h7xx_hal_pcd.o
                0x0800d990                HAL_PCD_Start
 .text.HAL_PCD_IRQHandler
                0x0800d9d4      0xb3c ./Drivers/STM32H7xx_HAL_Driver/Src/stm32h7xx_hal_pcd.o
                0x0800d9d4                HAL_PCD_IRQHandler
 .text.HAL_PCD_SetAddress
                0x0800e510       0x28 ./Drivers/STM32H7xx_HAL_Driver/Src/stm32h7xx_hal_pcd.o
                0x0800e510                HAL_PCD_SetAddress
 .text.HAL_PCD_EP_Open
                0x0800e538       0x80 ./Drivers/STM32H7xx_HAL_Driver/Src/stm32h7xx_hal_pcd.o
                0x0800e538                HAL_PCD_EP_Open
 .text.HAL_PCD_EP_Close
                0x0800e5b8       0x70 ./Drivers/STM32H7xx_HAL_Driver/Src/stm32h7xx_hal_pcd.o
                0x0800e5b8                HAL_PCD_EP_Close
 .text.HAL_PCD_EP_Receive
                0x0800e628       0x44 ./Drivers/STM32H7xx_HAL_Driver/Src/stm32h7xx_hal_pcd.o
                0x0800e628                HAL_PCD_EP_Receive
 .text.HAL_PCD_EP_GetRxCount
                0x0800e66c       0x14 ./Drivers/STM32H7xx_HAL_Driver/Src/stm32h7xx_hal_pcd.o
                0x0800e66c                HAL_PCD_EP_GetRxCount
 .text.HAL_PCD_EP_Transmit
                0x0800e680       0x44 ./Drivers/STM32H7xx_HAL_Driver/Src/stm32h7xx_hal_pcd.o
                0x0800e680                HAL_PCD_EP_Transmit
 .text.HAL_PCD_EP_SetStall
                0x0800e6c4       0x88 ./Drivers/STM32H7xx_HAL_Driver/Src/stm32h7xx_hal_pcd.o
                0x0800e6c4                HAL_PCD_EP_SetStall
 .text.HAL_PCD_EP_ClrStall
                0x0800e74c       0x78 ./Drivers/STM32H7xx_HAL_Driver/Src/stm32h7xx_hal_pcd.o
                0x0800e74c                HAL_PCD_EP_ClrStall
 .text.HAL_PCDEx_SetTxFiFo
                0x0800e7c4      0x104 ./Drivers/STM32H7xx_HAL_Driver/Src/stm32h7xx_hal_pcd_ex.o
                0x0800e7c4                HAL_PCDEx_SetTxFiFo
 .text.HAL_PCDEx_SetRxFiFo
                0x0800e8c8        0xc ./Drivers/STM32H7xx_HAL_Driver/Src/stm32h7xx_hal_pcd_ex.o
                0x0800e8c8                HAL_PCDEx_SetRxFiFo
 .text.HAL_PCDEx_ActivateLPM
                0x0800e8d4       0x30 ./Drivers/STM32H7xx_HAL_Driver/Src/stm32h7xx_hal_pcd_ex.o
                0x0800e8d4                HAL_PCDEx_ActivateLPM
 .text.HAL_PCDEx_LPM_Callback
                0x0800e904        0x4 ./Drivers/STM32H7xx_HAL_Driver/Src/stm32h7xx_hal_pcd_ex.o
                0x0800e904                HAL_PCDEx_LPM_Callback
 .text.HAL_PWREx_ConfigSupply
                0x0800e908       0x48 ./Drivers/STM32H7xx_HAL_Driver/Src/stm32h7xx_hal_pwr_ex.o
                0x0800e908                HAL_PWREx_ConfigSupply
 .text.HAL_PWREx_EnableUSBVoltageDetector
                0x0800e950       0x10 ./Drivers/STM32H7xx_HAL_Driver/Src/stm32h7xx_hal_pwr_ex.o
                0x0800e950                HAL_PWREx_EnableUSBVoltageDetector
 .text.HAL_RCC_GetSysClockFreq.part.0
                0x0800e960       0xe4 ./Drivers/STM32H7xx_HAL_Driver/Src/stm32h7xx_hal_rcc.o
 .text.HAL_RCC_OscConfig
                0x0800ea44      0x5dc ./Drivers/STM32H7xx_HAL_Driver/Src/stm32h7xx_hal_rcc.o
                0x0800ea44                HAL_RCC_OscConfig
 .text.HAL_RCC_GetSysClockFreq
                0x0800f020      0x11c ./Drivers/STM32H7xx_HAL_Driver/Src/stm32h7xx_hal_rcc.o
                0x0800f020                HAL_RCC_GetSysClockFreq
 .text.HAL_RCC_ClockConfig
                0x0800f13c      0x254 ./Drivers/STM32H7xx_HAL_Driver/Src/stm32h7xx_hal_rcc.o
                0x0800f13c                HAL_RCC_ClockConfig
 .text.HAL_RCC_GetHCLKFreq
                0x0800f390       0x80 ./Drivers/STM32H7xx_HAL_Driver/Src/stm32h7xx_hal_rcc.o
                0x0800f390                HAL_RCC_GetHCLKFreq
 .text.HAL_RCC_GetPCLK1Freq
                0x0800f410       0x90 ./Drivers/STM32H7xx_HAL_Driver/Src/stm32h7xx_hal_rcc.o
                0x0800f410                HAL_RCC_GetPCLK1Freq
 .text.HAL_RCC_GetPCLK2Freq
                0x0800f4a0       0x90 ./Drivers/STM32H7xx_HAL_Driver/Src/stm32h7xx_hal_rcc.o
                0x0800f4a0                HAL_RCC_GetPCLK2Freq
 .text.RCCEx_PLL2_Config.part.0
                0x0800f530       0xe0 ./Drivers/STM32H7xx_HAL_Driver/Src/stm32h7xx_hal_rcc_ex.o
 .text.RCCEx_PLL3_Config.part.0
                0x0800f610       0xe0 ./Drivers/STM32H7xx_HAL_Driver/Src/stm32h7xx_hal_rcc_ex.o
 .text.HAL_RCCEx_PeriphCLKConfig
                0x0800f6f0      0xe88 ./Drivers/STM32H7xx_HAL_Driver/Src/stm32h7xx_hal_rcc_ex.o
                0x0800f6f0                HAL_RCCEx_PeriphCLKConfig
 .text.HAL_RCCEx_GetD3PCLK1Freq
                0x08010578       0x24 ./Drivers/STM32H7xx_HAL_Driver/Src/stm32h7xx_hal_rcc_ex.o
                0x08010578                HAL_RCCEx_GetD3PCLK1Freq
 .text.HAL_RCCEx_GetPLL2ClockFreq
                0x0801059c      0x134 ./Drivers/STM32H7xx_HAL_Driver/Src/stm32h7xx_hal_rcc_ex.o
                0x0801059c                HAL_RCCEx_GetPLL2ClockFreq
 .text.HAL_RCCEx_GetPLL3ClockFreq
                0x080106d0      0x134 ./Drivers/STM32H7xx_HAL_Driver/Src/stm32h7xx_hal_rcc_ex.o
                0x080106d0                HAL_RCCEx_GetPLL3ClockFreq
 .text.HAL_RCCEx_GetPLL1ClockFreq
                0x08010804      0x134 ./Drivers/STM32H7xx_HAL_Driver/Src/stm32h7xx_hal_rcc_ex.o
                0x08010804                HAL_RCCEx_GetPLL1ClockFreq
 .text.HAL_RCCEx_GetPeriphCLKFreq
                0x08010938      0x340 ./Drivers/STM32H7xx_HAL_Driver/Src/stm32h7xx_hal_rcc_ex.o
                0x08010938                HAL_RCCEx_GetPeriphCLKFreq
 .text.HAL_SAI_Init
                0x08010c78      0x3b8 ./Drivers/STM32H7xx_HAL_Driver/Src/stm32h7xx_hal_sai.o
                0x08010c78                HAL_SAI_Init
 .text.HAL_SAI_Abort
                0x08011030       0xec ./Drivers/STM32H7xx_HAL_Driver/Src/stm32h7xx_hal_sai.o
                0x08011030                HAL_SAI_Abort
 .text.HAL_SAI_Transmit_DMA
                0x0801111c      0x114 ./Drivers/STM32H7xx_HAL_Driver/Src/stm32h7xx_hal_sai.o
                0x0801111c                HAL_SAI_Transmit_DMA
 .text.HAL_SAI_Receive_DMA
                0x08011230       0xc8 ./Drivers/STM32H7xx_HAL_Driver/Src/stm32h7xx_hal_sai.o
                0x08011230                HAL_SAI_Receive_DMA
 .text.HAL_SAI_TxCpltCallback
                0x080112f8        0x4 ./Drivers/STM32H7xx_HAL_Driver/Src/stm32h7xx_hal_sai.o
                0x080112f8                HAL_SAI_TxCpltCallback
 .text.SAI_DMATxCplt
                0x080112fc       0x64 ./Drivers/STM32H7xx_HAL_Driver/Src/stm32h7xx_hal_sai.o
 .text.HAL_SAI_TxHalfCpltCallback
                0x08011360        0x4 ./Drivers/STM32H7xx_HAL_Driver/Src/stm32h7xx_hal_sai.o
                0x08011360                HAL_SAI_TxHalfCpltCallback
 .text.SAI_DMATxHalfCplt
                0x08011364        0xc ./Drivers/STM32H7xx_HAL_Driver/Src/stm32h7xx_hal_sai.o
 .text.SAI_DMARxCplt
                0x08011370       0x64 ./Drivers/STM32H7xx_HAL_Driver/Src/stm32h7xx_hal_sai.o
 .text.SAI_DMARxHalfCplt
                0x080113d4        0xc ./Drivers/STM32H7xx_HAL_Driver/Src/stm32h7xx_hal_sai.o
 .text.HAL_SAI_ErrorCallback
                0x080113e0        0x4 ./Drivers/STM32H7xx_HAL_Driver/Src/stm32h7xx_hal_sai.o
                0x080113e0                HAL_SAI_ErrorCallback
 .text.SAI_DMAError
                0x080113e4       0x6c ./Drivers/STM32H7xx_HAL_Driver/Src/stm32h7xx_hal_sai.o
 .text.HAL_SAI_IRQHandler
                0x08011450      0x158 ./Drivers/STM32H7xx_HAL_Driver/Src/stm32h7xx_hal_sai.o
                0x08011450                HAL_SAI_IRQHandler
 .text.SAI_DMAAbort
                0x080115a8       0x70 ./Drivers/STM32H7xx_HAL_Driver/Src/stm32h7xx_hal_sai.o
 .text.SD_FindSCR.constprop.0
                0x08011618       0xe4 ./Drivers/STM32H7xx_HAL_Driver/Src/stm32h7xx_hal_sd.o
 .text.HAL_SD_ReadBlocks_DMA
                0x080116fc       0xcc ./Drivers/STM32H7xx_HAL_Driver/Src/stm32h7xx_hal_sd.o
                0x080116fc                HAL_SD_ReadBlocks_DMA
 .text.HAL_SD_WriteBlocks_DMA
                0x080117c8       0xd4 ./Drivers/STM32H7xx_HAL_Driver/Src/stm32h7xx_hal_sd.o
                0x080117c8                HAL_SD_WriteBlocks_DMA
 .text.HAL_SD_ErrorCallback
                0x0801189c        0x4 ./Drivers/STM32H7xx_HAL_Driver/Src/stm32h7xx_hal_sd.o
                0x0801189c                HAL_SD_ErrorCallback
 .text.HAL_SD_GetCardCSD
                0x080118a0      0x178 ./Drivers/STM32H7xx_HAL_Driver/Src/stm32h7xx_hal_sd.o
                0x080118a0                HAL_SD_GetCardCSD
 .text.HAL_SD_InitCard
                0x08011a18      0x274 ./Drivers/STM32H7xx_HAL_Driver/Src/stm32h7xx_hal_sd.o
                0x08011a18                HAL_SD_InitCard
 .text.HAL_SD_GetCardStatus
                0x08011c8c      0x1a8 ./Drivers/STM32H7xx_HAL_Driver/Src/stm32h7xx_hal_sd.o
                0x08011c8c                HAL_SD_GetCardStatus
 .text.HAL_SD_GetCardInfo
                0x08011e34       0x28 ./Drivers/STM32H7xx_HAL_Driver/Src/stm32h7xx_hal_sd.o
                0x08011e34                HAL_SD_GetCardInfo
 .text.HAL_SD_ConfigWideBusOperation
                0x08011e5c      0x194 ./Drivers/STM32H7xx_HAL_Driver/Src/stm32h7xx_hal_sd.o
                0x08011e5c                HAL_SD_ConfigWideBusOperation
 .text.HAL_SD_Init
                0x08011ff0       0xc8 ./Drivers/STM32H7xx_HAL_Driver/Src/stm32h7xx_hal_sd.o
                0x08011ff0                HAL_SD_Init
 .text.HAL_SD_GetCardState
                0x080120b8       0x28 ./Drivers/STM32H7xx_HAL_Driver/Src/stm32h7xx_hal_sd.o
                0x080120b8                HAL_SD_GetCardState
 .text.HAL_SDEx_Read_DMADoubleBuf0CpltCallback
                0x080120e0        0x4 ./Drivers/STM32H7xx_HAL_Driver/Src/stm32h7xx_hal_sd.o
                0x080120e0                HAL_SDEx_Read_DMADoubleBuf0CpltCallback
 .text.HAL_SDEx_Read_DMADoubleBuf1CpltCallback
                0x080120e4        0x4 ./Drivers/STM32H7xx_HAL_Driver/Src/stm32h7xx_hal_sd.o
                0x080120e4                HAL_SDEx_Read_DMADoubleBuf1CpltCallback
 .text.HAL_SDEx_Write_DMADoubleBuf0CpltCallback
                0x080120e8        0x4 ./Drivers/STM32H7xx_HAL_Driver/Src/stm32h7xx_hal_sd.o
                0x080120e8                HAL_SDEx_Write_DMADoubleBuf0CpltCallback
 .text.HAL_SDEx_Write_DMADoubleBuf1CpltCallback
                0x080120ec        0x4 ./Drivers/STM32H7xx_HAL_Driver/Src/stm32h7xx_hal_sd.o
                0x080120ec                HAL_SDEx_Write_DMADoubleBuf1CpltCallback
 .text.HAL_SD_IRQHandler
                0x080120f0      0x27c ./Drivers/STM32H7xx_HAL_Driver/Src/stm32h7xx_hal_sd.o
                0x080120f0                HAL_SD_IRQHandler
 .text.HAL_SDRAM_Init
                0x0801236c       0x54 ./Drivers/STM32H7xx_HAL_Driver/Src/stm32h7xx_hal_sdram.o
                0x0801236c                HAL_SDRAM_Init
 .text.HAL_SDRAM_SendCommand
                0x080123c0       0x40 ./Drivers/STM32H7xx_HAL_Driver/Src/stm32h7xx_hal_sdram.o
                0x080123c0                HAL_SDRAM_SendCommand
 .text.HAL_SDRAM_ProgramRefreshRate
                0x08012400       0x30 ./Drivers/STM32H7xx_HAL_Driver/Src/stm32h7xx_hal_sdram.o
                0x08012400                HAL_SDRAM_ProgramRefreshRate
 .text.SPI_CloseTransfer
                0x08012430       0xb8 ./Drivers/STM32H7xx_HAL_Driver/Src/stm32h7xx_hal_spi.o
 .text.HAL_SPI_Init
                0x080124e8      0x1ac ./Drivers/STM32H7xx_HAL_Driver/Src/stm32h7xx_hal_spi.o
                0x080124e8                HAL_SPI_Init
 .text.HAL_SPI_Transmit
                0x08012694      0x25c ./Drivers/STM32H7xx_HAL_Driver/Src/stm32h7xx_hal_spi.o
                0x08012694                HAL_SPI_Transmit
 .text.TIM_OC1_SetConfig
                0x080128f0       0x7c ./Drivers/STM32H7xx_HAL_Driver/Src/stm32h7xx_hal_tim.o
 .text.TIM_OC3_SetConfig
                0x0801296c       0x80 ./Drivers/STM32H7xx_HAL_Driver/Src/stm32h7xx_hal_tim.o
 .text.HAL_TIM_Base_Init
                0x080129ec      0x14c ./Drivers/STM32H7xx_HAL_Driver/Src/stm32h7xx_hal_tim.o
                0x080129ec                HAL_TIM_Base_Init
 .text.HAL_TIM_Base_Start
                0x08012b38       0x9c ./Drivers/STM32H7xx_HAL_Driver/Src/stm32h7xx_hal_tim.o
                0x08012b38                HAL_TIM_Base_Start
 .text.HAL_TIM_Base_Start_IT
                0x08012bd4       0xa4 ./Drivers/STM32H7xx_HAL_Driver/Src/stm32h7xx_hal_tim.o
                0x08012bd4                HAL_TIM_Base_Start_IT
 .text.HAL_TIM_OC_Start_DMA
                0x08012c78      0x294 ./Drivers/STM32H7xx_HAL_Driver/Src/stm32h7xx_hal_tim.o
                0x08012c78                HAL_TIM_OC_Start_DMA
 .text.HAL_TIM_PWM_MspInit
                0x08012f0c        0x4 ./Drivers/STM32H7xx_HAL_Driver/Src/stm32h7xx_hal_tim.o
                0x08012f0c                HAL_TIM_PWM_MspInit
 .text.HAL_TIM_PWM_Init
                0x08012f10      0x14c ./Drivers/STM32H7xx_HAL_Driver/Src/stm32h7xx_hal_tim.o
                0x08012f10                HAL_TIM_PWM_Init
 .text.HAL_TIM_PWM_Stop
                0x0801305c       0xfc ./Drivers/STM32H7xx_HAL_Driver/Src/stm32h7xx_hal_tim.o
                0x0801305c                HAL_TIM_PWM_Stop
 .text.HAL_TIM_PWM_Start_DMA
                0x08013158        0x4 ./Drivers/STM32H7xx_HAL_Driver/Src/stm32h7xx_hal_tim.o
                0x08013158                HAL_TIM_PWM_Start_DMA
 .text.HAL_TIM_PWM_Stop_DMA
                0x0801315c      0x114 ./Drivers/STM32H7xx_HAL_Driver/Src/stm32h7xx_hal_tim.o
                0x0801315c                HAL_TIM_PWM_Stop_DMA
 .text.HAL_TIM_ConfigClockSource
                0x08013270      0x190 ./Drivers/STM32H7xx_HAL_Driver/Src/stm32h7xx_hal_tim.o
                0x08013270                HAL_TIM_ConfigClockSource
 .text.HAL_TIM_OC_DelayElapsedCallback
                0x08013400        0x4 ./Drivers/STM32H7xx_HAL_Driver/Src/stm32h7xx_hal_tim.o
                0x08013400                HAL_TIM_OC_DelayElapsedCallback
 .text.HAL_TIM_IC_CaptureCallback
                0x08013404        0x4 ./Drivers/STM32H7xx_HAL_Driver/Src/stm32h7xx_hal_tim.o
                0x08013404                HAL_TIM_IC_CaptureCallback
 .text.TIM_DMADelayPulseCplt
                0x08013408       0x84 ./Drivers/STM32H7xx_HAL_Driver/Src/stm32h7xx_hal_tim.o
 .text.HAL_TIM_PWM_PulseFinishedHalfCpltCallback