C:/Users/developpeur/Documents/BRICK5_H743_176/BRICK6/Src/Core/audio_test_runner.c:234:16:prism_is_percussive	0	static
C:/Users/developpeur/Documents/BRICK5_H743_176/BRICK6/Src/Core/audio_test_runner.c:239:16:prism_is_random	0	static
C:/Users/developpeur/Documents/BRICK5_H743_176/BRICK6/Src/Core/audio_test_runner.c:251:17:prism_model_case_count	8	static
C:/Users/developpeur/Documents/BRICK5_H743_176/BRICK6/Src/Core/audio_test_runner.c:256:17:stack_model_case_count	0	static
C:/Users/developpeur/Documents/BRICK5_H743_176/BRICK6/Src/Core/audio_test_runner.c:262:20:oscillator_mode_name	0	static
C:/Users/developpeur/Documents/BRICK5_H743_176/BRICK6/Src/Core/audio_test_runner.c:577:16:engine_family_type	0	static
C:/Users/developpeur/Documents/BRICK5_H743_176/BRICK6/Src/Core/audio_test_runner.c:832:14:global_stage_peak	0	static
C:/Users/developpeur/Documents/BRICK5_H743_176/BRICK6/Src/Core/audio_test_runner.c:876:20:sound_type_name	16	static
C:/Users/developpeur/Documents/BRICK5_H743_176/BRICK6/Src/Core/audio_test_runner.c:892:20:test_engine_name	0	static
C:/Users/developpeur/Documents/BRICK5_H743_176/BRICK6/Src/Core/audio_test_runner.c:907:13:model_identity	16	static
C:/Users/developpeur/Documents/BRICK5_H743_176/BRICK6/Src/Core/audio_test_runner.c:954:17:calibration_clip_count	0	static
C:/Users/developpeur/Documents/BRICK5_H743_176/BRICK6/Src/Core/audio_test_runner.c:1163:14:wet_peak	16	static
C:/Users/developpeur/Documents/BRICK5_H743_176/BRICK6/Src/Core/audio_test_runner.c:1172:13:merge_track_snapshots	16	static
C:/Users/developpeur/Documents/BRICK5_H743_176/BRICK6/Src/Core/audio_test_runner.c:1194:13:merge_global_snapshots	16	static
C:/Users/developpeur/Documents/BRICK5_H743_176/BRICK6/Src/Core/audio_test_runner.c:1238:17:global_nonfinite_count	0	static
C:/Users/developpeur/Documents/BRICK5_H743_176/BRICK6/Src/Core/audio_test_runner.c:1249:17:return_over_full_scale_count	0	static
C:/Users/developpeur/Documents/BRICK5_H743_176/BRICK6/Src/Core/audio_test_runner.c:199:13:set_state	8	static
C:/Users/developpeur/Documents/BRICK5_H743_176/BRICK6/Src/Core/audio_test_runner.c:194:16:elapsed	8	static
C:/Users/developpeur/Documents/BRICK5_H743_176/BRICK6/Src/Core/audio_test_runner.c:824:13:notes_off	8	static
C:/Users/developpeur/Documents/BRICK5_H743_176/BRICK6/Src/Core/audio_test_runner.c:224:13:all_test_notes_off	8	static
C:/Users/developpeur/Documents/BRICK5_H743_176/BRICK6/Src/Core/audio_test_runner.c:840:14:global_stage_rms	8	static
C:/Users/developpeur/Documents/BRICK5_H743_176/BRICK6/Src/Core/audio_test_runner.c:1119:13:evaluate_coherent_sum_progression	16	static
C:/Users/developpeur/Documents/BRICK5_H743_176/BRICK6/Src/Core/audio_test_runner.c:864:14:track_stage_weighted	8	static
C:/Users/developpeur/Documents/BRICK5_H743_176/BRICK6/Src/Core/audio_test_runner.c:853:14:track_stage_rms	8	static
C:/Users/developpeur/Documents/BRICK5_H743_176/BRICK6/Src/Core/audio_test_runner.c:275:13:build_engine_case	48	static
C:/Users/developpeur/Documents/BRICK5_H743_176/BRICK6/Src/Core/audio_test_runner.c:430:13:build_case	24	static
C:/Users/developpeur/Documents/BRICK5_H743_176/BRICK6/Src/Core/audio_test_runner.c:963:13:collect_calibration_observation	24	static
C:/Users/developpeur/Documents/BRICK5_H743_176/BRICK6/Src/Core/audio_test_runner.c:219:13:set_track_param	8	static
C:/Users/developpeur/Documents/BRICK5_H743_176/BRICK6/Src/Core/audio_test_runner.c:610:13:neutralize_track	24	static
C:/Users/developpeur/Documents/BRICK5_H743_176/BRICK6/Src/Core/audio_test_runner.c:633:13:configure_engine_params	24	static
C:/Users/developpeur/Documents/BRICK5_H743_176/BRICK6/Src/Core/audio_test_runner.c:709:16:configure_current	104	static
C:/Users/developpeur/Documents/BRICK5_H743_176/BRICK6/Src/Core/audio_test_runner.c:808:13:notes_on	8	static
C:/Users/developpeur/Documents/BRICK5_H743_176/BRICK6/Src/Core/audio_test_runner.c:205:17:active_measure_ms	8	static
C:/Users/developpeur/Documents/BRICK5_H743_176/BRICK6/Src/Core/audio_test_runner.c:1020:14:sorted_percentile	16	static
C:/Users/developpeur/Documents/BRICK5_H743_176/BRICK6/Src/Core/audio_test_runner.c:1044:14:linear_db	8	static
C:/Users/developpeur/Documents/BRICK5_H743_176/BRICK6/Src/Core/audio_test_runner.c:1049:13:build_calibration_summary	88	static
C:/Users/developpeur/Documents/BRICK5_H743_176/BRICK6/Src/Core/audio_test_runner.c:1256:16:restore_saved_state	8	static
C:/Users/developpeur/Documents/BRICK5_H743_176/BRICK6/Src/Core/audio_test_runner.c:1295:6:audio_test_runner_init	8	static
C:/Users/developpeur/Documents/BRICK5_H743_176/BRICK6/Src/Core/audio_test_runner.c:1343:9:audio_test_runner_is_active	0	static
C:/Users/developpeur/Documents/BRICK5_H743_176/BRICK6/Src/Core/audio_test_runner.c:1305:9:audio_test_runner_start	16	static
C:/Users/developpeur/Documents/BRICK5_H743_176/BRICK6/Src/Core/audio_test_runner.c:1332:6:audio_test_runner_cancel	8	static
C:/Users/developpeur/Documents/BRICK5_H743_176/BRICK6/Src/Core/audio_test_runner.c:1349:6:audio_test_runner_tick	576	static
C:/Users/developpeur/Documents/BRICK5_H743_176/BRICK6/Src/Core/audio_test_runner.c:1872:6:audio_test_runner_get_view	16	static
