C:/Users/developpeur/Documents/BRICK5_H743_176/BRICK6/Src/Core/brick6_stack_waveform.c:3:16:brick6_stack_waveform_sat16	0	static
C:/Users/developpeur/Documents/BRICK5_H743_176/BRICK6/Src/Core/brick6_stack_waveform.c:36:16:brick6_stack_waveform_sine_quarter	0	static
C:/Users/developpeur/Documents/BRICK5_H743_176/BRICK6/Src/Core/brick6_stack_waveform.c:45:16:brick6_stack_waveform_mix_q15	8	static
C:/Users/developpeur/Documents/BRICK5_H743_176/BRICK6/Src/Core/brick6_stack_waveform.c:60:9:brick6_stack_waveform_saw	0	static
C:/Users/developpeur/Documents/BRICK5_H743_176/BRICK6/Src/Core/brick6_stack_waveform.c:65:9:brick6_stack_waveform_triangle	0	static
C:/Users/developpeur/Documents/BRICK5_H743_176/BRICK6/Src/Core/brick6_stack_waveform.c:72:9:brick6_stack_waveform_sine	8	static
C:/Users/developpeur/Documents/BRICK5_H743_176/BRICK6/Src/Core/brick6_stack_waveform.c:92:9:brick6_stack_waveform_pwm	0	static
C:/Users/developpeur/Documents/BRICK5_H743_176/BRICK6/Src/Core/brick6_stack_waveform.c:102:9:brick6_stack_waveform_fold	0	static
C:/Users/developpeur/Documents/BRICK5_H743_176/BRICK6/Src/Core/brick6_stack_waveform.c:125:9:brick6_stack_waveform_soft	24	static
C:/Users/developpeur/Documents/BRICK5_H743_176/BRICK6/Src/Core/brick6_stack_waveform.c:145:9:brick6_stack_waveform_shape	24	static
