C:/Users/developpeur/Documents/BRICK5_H743_176/BRICK6/Src/Core/brick6_looper_runtime.c:133:17:looper_len_mode_to_steps	0	static
C:/Users/developpeur/Documents/BRICK5_H743_176/BRICK6/Src/Core/brick6_looper_runtime.c:161:17:looper_span_frames_to_steps_q16	8	static
C:/Users/developpeur/Documents/BRICK5_H743_176/BRICK6/Src/Core/brick6_looper_runtime.c:175:13:looper_store_take_metadata	0	static
C:/Users/developpeur/Documents/BRICK5_H743_176/BRICK6/Src/Core/brick6_looper_runtime.c:196:16:looper_track_valid	0	static
C:/Users/developpeur/Documents/BRICK5_H743_176/BRICK6/Src/Core/brick6_looper_runtime.c:201:16:looper_copy_path	4	static
C:/Users/developpeur/Documents/BRICK5_H743_176/BRICK6/Src/Core/brick6_looper_runtime.c:217:13:looper_diag_copy_path	0	static
C:/Users/developpeur/Documents/BRICK5_H743_176/BRICK6/Src/Core/brick6_looper_runtime.c:235:13:looper_diag_update_take	8	static
C:/Users/developpeur/Documents/BRICK5_H743_176/BRICK6/Src/Core/brick6_looper_runtime.c:264:17:looper_cache_id	0	static
C:/Users/developpeur/Documents/BRICK5_H743_176/BRICK6/Src/Core/brick6_looper_runtime.c:269:14:looper_pcm24_to_float	0	static
C:/Users/developpeur/Documents/BRICK5_H743_176/BRICK6/Src/Core/brick6_looper_runtime.c:274:14:looper_clampf	0	static
C:/Users/developpeur/Documents/BRICK5_H743_176/BRICK6/Src/Core/brick6_looper_runtime.c:293:14:looper_timing_ratio	8	static
C:/Users/developpeur/Documents/BRICK5_H743_176/BRICK6/Src/Core/brick6_looper_runtime.c:311:16:looper_metadata_valid	0	static
C:/Users/developpeur/Documents/BRICK5_H743_176/BRICK6/Src/Core/brick6_looper_runtime.c:321:15:looper_pitch_to_int	16	static
C:/Users/developpeur/Documents/BRICK5_H743_176/BRICK6/Src/Core/brick6_looper_runtime.c:329:16:looper_pitch_stable_ratio	16	static
C:/Users/developpeur/Documents/BRICK5_H743_176/BRICK6/Src/Core/brick6_looper_runtime.c:362:16:looper_pitch_is_zero	8	static
C:/Users/developpeur/Documents/BRICK5_H743_176/BRICK6/Src/Core/brick6_looper_runtime.c:367:16:looper_timing_is_neutral	0	static
C:/Users/developpeur/Documents/BRICK5_H743_176/BRICK6/Src/Core/brick6_looper_runtime.c:374:16:looper_effective_ratio_is_stable	32	static
C:/Users/developpeur/Documents/BRICK5_H743_176/BRICK6/Src/Core/brick6_looper_runtime.c:408:16:looper_effective_mode	8	static
C:/Users/developpeur/Documents/BRICK5_H743_176/BRICK6/Src/Core/brick6_looper_runtime.c:427:17:looper_ratio_to_increment_q16	8	static
C:/Users/developpeur/Documents/BRICK5_H743_176/BRICK6/Src/Core/brick6_looper_runtime.c:433:38:looper_shifter_get	0	static
C:/Users/developpeur/Documents/BRICK5_H743_176/BRICK6/Src/Core/brick6_looper_runtime.c:499:13:looper_preroll_stop_capture	0	static
C:/Users/developpeur/Documents/BRICK5_H743_176/BRICK6/Src/Core/brick6_looper_runtime.c:504:13:looper_preroll_reset_take_state	0	static
C:/Users/developpeur/Documents/BRICK5_H743_176/BRICK6/Src/Core/brick6_looper_runtime.c:516:13:looper_adopt_preroll_take	24	static
C:/Users/developpeur/Documents/BRICK5_H743_176/BRICK6/Src/Core/brick6_looper_runtime.c:695:16:looper_preroll_can_read	0	static
C:/Users/developpeur/Documents/BRICK5_H743_176/BRICK6/Src/Core/brick6_looper_runtime.c:708:13:looper_advance_playhead	0	static
C:/Users/developpeur/Documents/BRICK5_H743_176/BRICK6/Src/Core/brick6_looper_runtime.c:876:13:looper_record_clear_boundary_state	0	static
C:/Users/developpeur/Documents/BRICK5_H743_176/BRICK6/Src/Core/brick6_looper_runtime.c:1656:13:looper_advance_playhead_q16	16	static
C:/Users/developpeur/Documents/BRICK5_H743_176/BRICK6/Src/Core/brick6_looper_runtime.c:1735:17:looper_render_preroll_bridge	48	static
C:/Users/developpeur/Documents/BRICK5_H743_176/BRICK6/Src/Core/brick6_looper_runtime.c:470:13:looper_shifter_release	8	static
C:/Users/developpeur/Documents/BRICK5_H743_176/BRICK6/Src/Core/brick6_looper_runtime.c:445:38:looper_shifter_acquire	16	static
C:/Users/developpeur/Documents/BRICK5_H743_176/BRICK6/Src/Core/brick6_looper_runtime.c:1850:17:looper_expected_frame_from_timeline	16	static
C:/Users/developpeur/Documents/BRICK5_H743_176/BRICK6/Src/Core/brick6_looper_runtime.c:542:13:looper_release_reader	16	static
C:/Users/developpeur/Documents/BRICK5_H743_176/BRICK6/Src/Core/brick6_looper_runtime.c:558:13:looper_clear_stream	8	static
C:/Users/developpeur/Documents/BRICK5_H743_176/BRICK6/Src/Core/brick6_looper_runtime.c:596:13:looper_fail	48	static
C:/Users/developpeur/Documents/BRICK5_H743_176/BRICK6/Src/Core/brick6_looper_runtime.c:568:13:looper_reset_take_state	48	static
C:/Users/developpeur/Documents/BRICK5_H743_176/BRICK6/Src/Core/brick6_looper_runtime.c:677:13:looper_request_playhead_pages	24	static
C:/Users/developpeur/Documents/BRICK5_H743_176/BRICK6/Src/Core/brick6_looper_runtime.c:615:16:looper_register_raw_stream	8	static
C:/Users/developpeur/Documents/BRICK5_H743_176/BRICK6/Src/Core/brick6_looper_runtime.c:643:16:looper_prepare_stream	8	static
C:/Users/developpeur/Documents/BRICK5_H743_176/BRICK6/Src/Core/brick6_looper_runtime.c:1875:13:looper_try_consume_resync	16	static
C:/Users/developpeur/Documents/BRICK5_H743_176/BRICK6/Src/Core/brick6_looper_runtime.c:839:13:looper_update_ready_state	8	static
C:/Users/developpeur/Documents/BRICK5_H743_176/BRICK6/Src/Core/brick6_looper_runtime.c:722:13:looper_start_playback	40	static
C:/Users/developpeur/Documents/BRICK5_H743_176/BRICK6/Src/Core/brick6_looper_runtime.c:482:13:looper_shifter_reset_if_needed	16	static
C:/Users/developpeur/Documents/BRICK5_H743_176/BRICK6/Src/Core/brick6_looper_runtime.c:771:16:looper_acquire_page_for_frame	40	static
C:/Users/developpeur/Documents/BRICK5_H743_176/BRICK6/Src/Core/brick6_looper_runtime.c:813:16:looper_acquire_current_page	8	static
C:/Users/developpeur/Documents/BRICK5_H743_176/BRICK6/Src/Core/brick6_looper_runtime.c:822:16:looper_try_enter_normal_playback	8	static
C:/Users/developpeur/Documents/BRICK5_H743_176/BRICK6/Src/Core/brick6_looper_runtime.c:1776:13:looper_render_normal_raw	40	static
C:/Users/developpeur/Documents/BRICK5_H743_176/BRICK6/Src/Core/brick6_looper_runtime.c:1582:16:looper_read_frame_normal	24	static
C:/Users/developpeur/Documents/BRICK5_H743_176/BRICK6/Src/Core/brick6_looper_runtime.c:1612:16:looper_read_interp_normal	40	static
C:/Users/developpeur/Documents/BRICK5_H743_176/BRICK6/Src/Core/brick6_looper_runtime.c:1677:13:looper_render_varispeed	48	static
C:/Users/developpeur/Documents/BRICK5_H743_176/BRICK6/Src/Core/brick6_looper_runtime.c:1922:17:looper_render_resync_xfade	64	static
C:/Users/developpeur/Documents/BRICK5_H743_176/BRICK6/Src/Core/brick6_looper_runtime.c:287:14:looper_pitch_ratio	8	static
C:/Users/developpeur/Documents/BRICK5_H743_176/BRICK6/Src/Core/brick6_looper_runtime.c:979:6:brick6_looper_runtime_init	16	static
C:/Users/developpeur/Documents/BRICK5_H743_176/BRICK6/Src/Core/brick6_looper_runtime.c:1001:6:brick6_looper_runtime_service	24	static
C:/Users/developpeur/Documents/BRICK5_H743_176/BRICK6/Src/Core/brick6_looper_runtime.c:1054:9:brick6_looper_runtime_has_pending_sd_work	8	static
C:/Users/developpeur/Documents/BRICK5_H743_176/BRICK6/Src/Core/brick6_looper_runtime.c:1069:6:brick6_looper_runtime_notify_raw_take_ready	64	static
C:/Users/developpeur/Documents/BRICK5_H743_176/BRICK6/Src/Core/brick6_looper_runtime.c:1152:6:brick6_looper_runtime_notify_preroll_take_ready	32	static
C:/Users/developpeur/Documents/BRICK5_H743_176/BRICK6/Src/Core/brick6_looper_runtime.c:895:13:looper_record_stop_at_boundary	104	static
C:/Users/developpeur/Documents/BRICK5_H743_176/BRICK6/Src/Core/brick6_looper_runtime.c:1203:6:brick6_looper_runtime_stop_playback	16	static
C:/Users/developpeur/Documents/BRICK5_H743_176/BRICK6/Src/Core/brick6_looper_runtime.c:1226:6:brick6_looper_runtime_prepare_replace	8	static
C:/Users/developpeur/Documents/BRICK5_H743_176/BRICK6/Src/Core/brick6_looper_runtime.c:1235:6:brick6_looper_runtime_arm_record_start	24	static
C:/Users/developpeur/Documents/BRICK5_H743_176/BRICK6/Src/Core/brick6_looper_runtime.c:1263:6:brick6_looper_runtime_arm_record_stop	8	static
C:/Users/developpeur/Documents/BRICK5_H743_176/BRICK6/Src/Core/brick6_looper_runtime.c:1280:9:brick6_looper_runtime_record_is_active_or_armed	0	static
C:/Users/developpeur/Documents/BRICK5_H743_176/BRICK6/Src/Core/brick6_looper_runtime.c:1286:9:brick6_looper_runtime_get_record_capture_track	56	static
C:/Users/developpeur/Documents/BRICK5_H743_176/BRICK6/Src/Core/brick6_looper_runtime.c:1306:6:brick6_looper_runtime_preroll_begin	16	static
C:/Users/developpeur/Documents/BRICK5_H743_176/BRICK6/Src/Core/brick6_looper_runtime.c:950:13:looper_record_start_at_boundary	16	static
C:/Users/developpeur/Documents/BRICK5_H743_176/BRICK6/Src/Core/brick6_looper_runtime.c:1319:6:brick6_looper_runtime_preroll_capture_from_irq	12	static
C:/Users/developpeur/Documents/BRICK5_H743_176/BRICK6/Src/Core/brick6_looper_runtime.c:1354:6:brick6_looper_runtime_set_play_auto	16	static
C:/Users/developpeur/Documents/BRICK5_H743_176/BRICK6/Src/Core/brick6_looper_runtime.c:1371:6:brick6_looper_runtime_set_stretch	64	static
C:/Users/developpeur/Documents/BRICK5_H743_176/BRICK6/Src/Core/brick6_looper_runtime.c:1443:6:brick6_looper_runtime_on_transport_start	8	static
C:/Users/developpeur/Documents/BRICK5_H743_176/BRICK6/Src/Core/brick6_looper_runtime.c:1453:6:brick6_looper_runtime_on_transport_stop	8	static
C:/Users/developpeur/Documents/BRICK5_H743_176/BRICK6/Src/Core/brick6_looper_runtime.c:1461:6:brick6_looper_runtime_on_boundary_edge	32	static
C:/Users/developpeur/Documents/BRICK5_H743_176/BRICK6/Src/Core/brick6_looper_runtime.c:1490:9:brick6_looper_runtime_next_start_offset	24	static
C:/Users/developpeur/Documents/BRICK5_H743_176/BRICK6/Src/Core/brick6_looper_runtime.c:1530:6:brick6_looper_runtime_on_scheduled_start	32	static
C:/Users/developpeur/Documents/BRICK5_H743_176/BRICK6/Src/Core/brick6_looper_runtime.c:1564:9:brick6_looper_runtime_is_ready	8	static
C:/Users/developpeur/Documents/BRICK5_H743_176/BRICK6/Src/Core/brick6_looper_runtime.c:1574:9:brick6_looper_runtime_is_playing	8	static
C:/Users/developpeur/Documents/BRICK5_H743_176/BRICK6/Src/Core/brick6_looper_runtime.c:1990:6:brick6_looper_runtime_render_track	80	static
C:/Users/developpeur/Documents/BRICK5_H743_176/BRICK6/Src/Core/brick6_looper_runtime.c:2158:6:brick6_looper_runtime_diag_get_snapshot	8	static
