C:/Users/developpeur/Documents/BRICK5_H743_176/BRICK6/Src/Core/live_parameter_audio_runtime.c:24:14:live_parameter_audio_runtime_clamp	0	static
C:/Users/developpeur/Documents/BRICK5_H743_176/BRICK6/Src/Core/live_parameter_audio_runtime.c:35:16:live_parameter_audio_runtime_slot_matches	0	static
C:/Users/developpeur/Documents/BRICK5_H743_176/BRICK6/Src/Core/live_parameter_audio_runtime.c:47:1:live_parameter_audio_runtime_find_slot	40	static
C:/Users/developpeur/Documents/BRICK5_H743_176/BRICK6/Src/Core/live_parameter_audio_runtime.c:69:16:live_parameter_audio_runtime_apply_target	8	static
C:/Users/developpeur/Documents/BRICK5_H743_176/BRICK6/Src/Core/live_parameter_audio_runtime.c:89:16:live_parameter_audio_runtime_apply_event	24	static
C:/Users/developpeur/Documents/BRICK5_H743_176/BRICK6/Src/Core/live_parameter_audio_runtime.c:148:6:live_parameter_audio_runtime_init	4	static
C:/Users/developpeur/Documents/BRICK5_H743_176/BRICK6/Src/Core/live_parameter_audio_runtime.c:159:10:live_parameter_audio_runtime_apply_due	56	static
C:/Users/developpeur/Documents/BRICK5_H743_176/BRICK6/Src/Core/live_parameter_audio_runtime.c:173:6:live_parameter_audio_runtime_process	0	static
C:/Users/developpeur/Documents/BRICK5_H743_176/BRICK6/Src/Core/live_parameter_audio_runtime.c:180:6:live_parameter_audio_runtime_get_diag	4	static
