C:/Users/developpeur/Documents/BRICK5_H743_176/BRICK6/Src/Core/synth_polyphony.c:38:16:synth_polyphony_find_slot	0	static
C:/Users/developpeur/Documents/BRICK5_H743_176/BRICK6/Src/Core/synth_polyphony.c:45:13:synth_polyphony_release_slot	0	static
C:/Users/developpeur/Documents/BRICK5_H743_176/BRICK6/Src/Core/synth_polyphony.c:51:16:synth_polyphony_acquire_slot	0	static
C:/Users/developpeur/Documents/BRICK5_H743_176/BRICK6/Src/Core/synth_polyphony.c:104:16:synth_poly_valid_track	0	static
C:/Users/developpeur/Documents/BRICK5_H743_176/BRICK6/Src/Core/synth_polyphony.c:109:13:synth_polyphony_refresh_voice_pan	0	static
C:/Users/developpeur/Documents/BRICK5_H743_176/BRICK6/Src/Core/synth_polyphony.c:80:13:synth_polyphony_reset_slot	8	static
C:/Users/developpeur/Documents/BRICK5_H743_176/BRICK6/Src/Core/synth_polyphony.c:122:13:synth_polyphony_reset_track_slots	16	static
C:/Users/developpeur/Documents/BRICK5_H743_176/BRICK6/Src/Core/synth_polyphony.c:92:13:synth_polyphony_silence_slot	8	static
C:/Users/developpeur/Documents/BRICK5_H743_176/BRICK6/Src/Core/synth_polyphony.c:135:6:synth_polyphony_init	8	static
C:/Users/developpeur/Documents/BRICK5_H743_176/BRICK6/Src/Core/synth_polyphony.c:247:9:synth_polyphony_validate_ownership	12	static
C:/Users/developpeur/Documents/BRICK5_H743_176/BRICK6/Src/Core/synth_polyphony.c:276:6:synth_polyphony_reset_track	24	static,ignoring_inline_asm
C:/Users/developpeur/Documents/BRICK5_H743_176/BRICK6/Src/Core/synth_polyphony.c:288:6:synth_polyphony_panic	24	static,ignoring_inline_asm
C:/Users/developpeur/Documents/BRICK5_H743_176/BRICK6/Src/Core/synth_polyphony.c:310:9:synth_polyphony_get_track_active	8	static
C:/Users/developpeur/Documents/BRICK5_H743_176/BRICK6/Src/Core/synth_polyphony.c:315:9:synth_polyphony_get_slot	16	static
C:/Users/developpeur/Documents/BRICK5_H743_176/BRICK6/Src/Core/synth_polyphony.c:322:9:synth_polyphony_get_free_count	0	static
C:/Users/developpeur/Documents/BRICK5_H743_176/BRICK6/Src/Core/synth_polyphony.c:330:9:synth_polyphony_get_available_for_track	16	static
C:/Users/developpeur/Documents/BRICK5_H743_176/BRICK6/Src/Core/synth_polyphony.c:204:9:synth_polyphony_set_voice_count	24	static,ignoring_inline_asm
C:/Users/developpeur/Documents/BRICK5_H743_176/BRICK6/Src/Core/synth_polyphony.c:338:9:synth_polyphony_get_render_voice_count	8	static
C:/Users/developpeur/Documents/BRICK5_H743_176/BRICK6/Src/Core/synth_polyphony.c:344:9:synth_polyphony_get_renderable_voice_mask	8	static
C:/Users/developpeur/Documents/BRICK5_H743_176/BRICK6/Src/Core/synth_polyphony.c:353:9:synth_polyphony_get_voice_count	8	static
C:/Users/developpeur/Documents/BRICK5_H743_176/BRICK6/Src/Core/synth_polyphony.c:359:6:synth_polyphony_set_spread	16	static
C:/Users/developpeur/Documents/BRICK5_H743_176/BRICK6/Src/Core/synth_polyphony.c:369:7:synth_polyphony_get_spread	8	static
C:/Users/developpeur/Documents/BRICK5_H743_176/BRICK6/Src/Core/synth_polyphony.c:374:7:synth_polyphony_get_voice_pan	16	static
C:/Users/developpeur/Documents/BRICK5_H743_176/BRICK6/Src/Core/synth_polyphony.c:391:9:synth_polyphony_note_on_occurrence_from	40	static,ignoring_inline_asm
C:/Users/developpeur/Documents/BRICK5_H743_176/BRICK6/Src/Core/synth_polyphony.c:386:9:synth_polyphony_note_on_from	8	static
C:/Users/developpeur/Documents/BRICK5_H743_176/BRICK6/Src/Core/synth_polyphony.c:381:9:synth_polyphony_note_on	8	static
C:/Users/developpeur/Documents/BRICK5_H743_176/BRICK6/Src/Core/synth_polyphony.c:458:9:synth_polyphony_note_off_from	32	static
C:/Users/developpeur/Documents/BRICK5_H743_176/BRICK6/Src/Core/synth_polyphony.c:453:9:synth_polyphony_note_off	8	static
C:/Users/developpeur/Documents/BRICK5_H743_176/BRICK6/Src/Core/synth_polyphony.c:490:9:synth_polyphony_note_off_occurrence_from	24	static
C:/Users/developpeur/Documents/BRICK5_H743_176/BRICK6/Src/Core/synth_polyphony.c:513:9:synth_polyphony_occurrence_is_active	24	static
C:/Users/developpeur/Documents/BRICK5_H743_176/BRICK6/Src/Core/synth_polyphony.c:535:9:synth_polyphony_release_source	32	static
C:/Users/developpeur/Documents/BRICK5_H743_176/BRICK6/Src/Core/synth_polyphony.c:563:9:synth_polyphony_release_all	24	static
C:/Users/developpeur/Documents/BRICK5_H743_176/BRICK6/Src/Core/synth_polyphony.c:589:6:synth_polyphony_all_notes_off	16	static
C:/Users/developpeur/Documents/BRICK5_H743_176/BRICK6/Src/Core/synth_polyphony.c:150:9:synth_polyphony_set_track_active	24	static,ignoring_inline_asm
C:/Users/developpeur/Documents/BRICK5_H743_176/BRICK6/Src/Core/synth_polyphony.c:606:9:synth_polyphony_voice_is_renderable	16	static
C:/Users/developpeur/Documents/BRICK5_H743_176/BRICK6/Src/Core/synth_polyphony.c:614:6:synth_polyphony_voice_release_complete	16	static,ignoring_inline_asm
