C:/Users/developpeur/Documents/BRICK5_H743_176/BRICK6/Src/UI/ui_core_mute.c:84:13:ui_core_mute_exit_to_previous_mode	8	static
C:/Users/developpeur/Documents/BRICK5_H743_176/BRICK6/Src/UI/ui_core_mute.c:36:16:ui_core_get_track_runtime_mute	16	static
C:/Users/developpeur/Documents/BRICK5_H743_176/BRICK6/Src/UI/ui_core_mute.c:61:13:ui_core_mute_capture_current_to_buffer	24	static
C:/Users/developpeur/Documents/BRICK5_H743_176/BRICK6/Src/UI/ui_core_mute.c:184:6:ui_core_mute_init	0	static
C:/Users/developpeur/Documents/BRICK5_H743_176/BRICK6/Src/UI/ui_core_mute.c:195:6:ui_core_mute_reset	8	static
C:/Users/developpeur/Documents/BRICK5_H743_176/BRICK6/Src/UI/ui_core_mute.c:200:6:ui_core_mute_cancel_prepared_if_step_led_owner	8	static
C:/Users/developpeur/Documents/BRICK5_H743_176/BRICK6/Src/UI/ui_core_mute.c:212:9:ui_core_mute_is_active	0	static
C:/Users/developpeur/Documents/BRICK5_H743_176/BRICK6/Src/UI/ui_core_mute.c:217:19:ui_core_mute_get_submode	0	static
C:/Users/developpeur/Documents/BRICK5_H743_176/BRICK6/Src/UI/ui_core_mute.c:222:16:ui_core_mute_get_passthrough_hall_mode	0	static
C:/Users/developpeur/Documents/BRICK5_H743_176/BRICK6/Src/UI/ui_core_mute.c:234:17:ui_core_mute_get_state	8	static
C:/Users/developpeur/Documents/BRICK5_H743_176/BRICK6/Src/UI/ui_core_mute.c:243:9:ui_core_mute_get_hall_led	24	static
C:/Users/developpeur/Documents/BRICK5_H743_176/BRICK6/Src/UI/ui_core_mute.c:293:9:ui_core_mute_handle_event	32	static
