C:/Users/developpeur/Documents/BRICK5_H743_176/BRICK6/Src/UI/ui_hall_mode_projection.c:10:24:ui_hall_mode_resolve_rout_context	8	static
C:/Users/developpeur/Documents/BRICK5_H743_176/BRICK6/Src/UI/ui_hall_mode_projection.c:36:31:ui_hall_mode_resolve_effective_view	8	static
C:/Users/developpeur/Documents/BRICK5_H743_176/BRICK6/Src/UI/ui_hall_mode_projection.c:65:9:ui_hall_allows_injection	8	static
C:/Users/developpeur/Documents/BRICK5_H743_176/BRICK6/Src/UI/ui_hall_mode_projection.c:71:9:ui_hall_uses_arp_engine	8	static
C:/Users/developpeur/Documents/BRICK5_H743_176/BRICK6/Src/UI/ui_hall_mode_projection.c:76:9:ui_hall_is_seq_context	0	static
C:/Users/developpeur/Documents/BRICK5_H743_176/BRICK6/Src/UI/ui_hall_mode_projection.c:81:13:ui_get_hall_mode_short_label	16	static
C:/Users/developpeur/Documents/BRICK5_H743_176/BRICK6/Src/UI/ui_hall_mode_projection.c:101:13:ui_get_hall_mode_suffix_label	16	static
