C:/Users/developpeur/Documents/BRICK5_H743_176/BRICK6/Src/UI/ui_renderer_template.c:1697:12:ui_renderer_template_lerp_i32	0	static
C:/Users/developpeur/Documents/BRICK5_H743_176/BRICK6/Src/UI/ui_renderer_template.c:1869:41:ui_renderer_template_resolve_custom_widget	8	static
C:/Users/developpeur/Documents/BRICK5_H743_176/BRICK6/Src/UI/ui_renderer_template.c:99:13:ui_renderer_template_format_fixed	32	static
C:/Users/developpeur/Documents/BRICK5_H743_176/BRICK6/Src/UI/ui_renderer_template.c:311:12:ui_renderer_template_center_x	16	static
C:/Users/developpeur/Documents/BRICK5_H743_176/BRICK6/Src/UI/ui_renderer_template.c:373:13:ui_renderer_template_draw_brick_frame	48	static
C:/Users/developpeur/Documents/BRICK5_H743_176/BRICK6/Src/UI/ui_renderer_template.c:697:13:ui_renderer_template_draw_point	8	static
C:/Users/developpeur/Documents/BRICK5_H743_176/BRICK6/Src/UI/ui_renderer_template.c:714:13:ui_renderer_template_draw_circle_outline	40	static
C:/Users/developpeur/Documents/BRICK5_H743_176/BRICK6/Src/UI/ui_renderer_template.c:1445:13:ui_renderer_template_draw_filter_curve_segment	8	static
C:/Users/developpeur/Documents/BRICK5_H743_176/BRICK6/Src/UI/ui_renderer_template.c:627:16:ui_renderer_template_draw_filter_text	32	static
C:/Users/developpeur/Documents/BRICK5_H743_176/BRICK6/Src/UI/ui_renderer_template.c:1222:16:ui_renderer_template_draw_cfg_stacked_text	32	static
C:/Users/developpeur/Documents/BRICK5_H743_176/BRICK6/Src/UI/ui_renderer_template.c:332:13:ui_renderer_template_fit_text	32	static
C:/Users/developpeur/Documents/BRICK5_H743_176/BRICK6/Src/UI/ui_renderer_template.c:429:14:ui_renderer_template_get_param_display_value	16	static
C:/Users/developpeur/Documents/BRICK5_H743_176/BRICK6/Src/UI/ui_renderer_template.c:441:16:ui_renderer_template_get_visible_param_value	40	static
C:/Users/developpeur/Documents/BRICK5_H743_176/BRICK6/Src/UI/ui_renderer_template.c:602:16:ui_renderer_template_filter_type_visible	24	static
C:/Users/developpeur/Documents/BRICK5_H743_176/BRICK6/Src/UI/ui_renderer_template.c:2131:13:ui_renderer_template_draw_sampler_ram_marker	24	static
C:/Users/developpeur/Documents/BRICK5_H743_176/BRICK6/Src/UI/ui_renderer_template.c:621:16:ui_renderer_template_filter_param_supported	8	static
C:/Users/developpeur/Documents/BRICK5_H743_176/BRICK6/Src/UI/ui_renderer_template.c:1646:16:ui_renderer_template_prepare_custom_adsr	64	static
C:/Users/developpeur/Documents/BRICK5_H743_176/BRICK6/Src/UI/ui_renderer_template.c:1543:16:ui_renderer_template_draw_custom_filter	104	static
C:/Users/developpeur/Documents/BRICK5_H743_176/BRICK6/Src/UI/ui_renderer_template.c:145:6:ui_format_param_127_00	8	static
C:/Users/developpeur/Documents/BRICK5_H743_176/BRICK6/Src/UI/ui_renderer_template.c:169:13:ui_renderer_template_format_value	40	static
C:/Users/developpeur/Documents/BRICK5_H743_176/BRICK6/Src/UI/ui_renderer_template.c:480:13:ui_renderer_template_build_param_text	48	static
C:/Users/developpeur/Documents/BRICK5_H743_176/BRICK6/Src/UI/ui_renderer_template.c:2969:6:ui_renderer_template_draw	280	static
