C:/Users/developpeur/Documents/BRICK5_H743_176/BRICK6/Src/UI/ui_renderer_template.c:1401:13:ui_renderer_template_matrix_set_bit	0	static
C:/Users/developpeur/Documents/BRICK5_H743_176/BRICK6/Src/UI/ui_renderer_template.c:1412:13:ui_renderer_template_matrix_clear_slot	28	static
C:/Users/developpeur/Documents/BRICK5_H743_176/BRICK6/Src/UI/ui_renderer_template.c:1420:13:ui_renderer_template_matrix_draw_digit	48	static
C:/Users/developpeur/Documents/BRICK5_H743_176/BRICK6/Src/UI/ui_renderer_template.c:1455:13:ui_renderer_template_matrix_draw_digit_at	40	static
C:/Users/developpeur/Documents/BRICK5_H743_176/BRICK6/Src/UI/ui_renderer_template.c:2619:12:ui_renderer_template_lerp_i32	0	static
C:/Users/developpeur/Documents/BRICK5_H743_176/BRICK6/Src/UI/ui_renderer_template.c:2791:41:ui_renderer_template_resolve_custom_widget	8	static
C:/Users/developpeur/Documents/BRICK5_H743_176/BRICK6/Src/UI/ui_renderer_template.c:3234:14:ui_renderer_template_wave_wavetable_sample	0	static
C:/Users/developpeur/Documents/BRICK5_H743_176/BRICK6/Src/UI/ui_renderer_template.c:3318:16:ui_renderer_template_build_wave_wavetable_cache	80	static
C:/Users/developpeur/Documents/BRICK5_H743_176/BRICK6/Src/UI/ui_renderer_template.c:3388:16:ui_renderer_template_wave_wavetable_cache_matches	0	static
C:/Users/developpeur/Documents/BRICK5_H743_176/BRICK6/Src/UI/ui_renderer_template.c:190:13:ui_renderer_template_format_fixed	32	static
C:/Users/developpeur/Documents/BRICK5_H743_176/BRICK6/Src/UI/ui_renderer_template.c:506:12:ui_renderer_template_center_x	16	static
C:/Users/developpeur/Documents/BRICK5_H743_176/BRICK6/Src/UI/ui_renderer_template.c:483:13:ui_renderer_template_format_cpu_avg	24	static
C:/Users/developpeur/Documents/BRICK5_H743_176/BRICK6/Src/UI/ui_renderer_template.c:568:13:ui_renderer_template_draw_brick_frame	48	static
C:/Users/developpeur/Documents/BRICK5_H743_176/BRICK6/Src/UI/ui_renderer_template.c:1866:13:ui_renderer_template_draw_cfg_synth_icon	24	static
C:/Users/developpeur/Documents/BRICK5_H743_176/BRICK6/Src/UI/ui_renderer_template.c:1966:13:ui_renderer_template_draw_cfg_drum_icon	48	static
C:/Users/developpeur/Documents/BRICK5_H743_176/BRICK6/Src/UI/ui_renderer_template.c:1989:13:ui_renderer_template_draw_cfg_sampler_icon	24	static
C:/Users/developpeur/Documents/BRICK5_H743_176/BRICK6/Src/UI/ui_renderer_template.c:1916:13:ui_renderer_template_draw_cfg_wave_icon	24	static
C:/Users/developpeur/Documents/BRICK5_H743_176/BRICK6/Src/UI/ui_renderer_template.c:1816:13:ui_renderer_template_draw_cfg_midi_icon	24	static
C:/Users/developpeur/Documents/BRICK5_H743_176/BRICK6/Src/UI/ui_renderer_template.c:1742:13:ui_renderer_template_draw_cfg_external_icon	24	static
C:/Users/developpeur/Documents/BRICK5_H743_176/BRICK6/Src/UI/ui_renderer_template.c:2089:13:ui_renderer_template_draw_cfg_ram_icon	24	static
C:/Users/developpeur/Documents/BRICK5_H743_176/BRICK6/Src/UI/ui_renderer_template.c:2039:13:ui_renderer_template_draw_cfg_stream_icon	24	static
C:/Users/developpeur/Documents/BRICK5_H743_176/BRICK6/Src/UI/ui_renderer_template.c:1683:13:ui_renderer_template_draw_point	8	static
C:/Users/developpeur/Documents/BRICK5_H743_176/BRICK6/Src/UI/ui_renderer_template.c:1700:13:ui_renderer_template_draw_circle_outline	40	static
C:/Users/developpeur/Documents/BRICK5_H743_176/BRICK6/Src/UI/ui_renderer_template.c:2360:13:ui_renderer_template_draw_filter_curve_segment	8	static
C:/Users/developpeur/Documents/BRICK5_H743_176/BRICK6/Src/UI/ui_renderer_template.c:4633:13:ui_renderer_template_draw_elbow_arrow	16	static
C:/Users/developpeur/Documents/BRICK5_H743_176/BRICK6/Src/UI/ui_renderer_template.c:840:16:ui_renderer_template_draw_filter_text	32	static
C:/Users/developpeur/Documents/BRICK5_H743_176/BRICK6/Src/UI/ui_renderer_template.c:1792:16:ui_renderer_template_draw_cfg_midi_text	32	static
C:/Users/developpeur/Documents/BRICK5_H743_176/BRICK6/Src/UI/ui_renderer_template.c:2158:16:ui_renderer_template_draw_cfg_stacked_text	32	static
C:/Users/developpeur/Documents/BRICK5_H743_176/BRICK6/Src/UI/ui_renderer_template.c:114:13:ui_renderer_template_format_active_pattern_label	32	static
C:/Users/developpeur/Documents/BRICK5_H743_176/BRICK6/Src/UI/ui_renderer_template.c:129:13:ui_renderer_template_format_active_kit_label	56	static
C:/Users/developpeur/Documents/BRICK5_H743_176/BRICK6/Src/UI/ui_renderer_template.c:527:13:ui_renderer_template_fit_text	32	static
C:/Users/developpeur/Documents/BRICK5_H743_176/BRICK6/Src/UI/ui_renderer_template.c:3989:13:ui_renderer_template_draw_bar_value_text	40	static
C:/Users/developpeur/Documents/BRICK5_H743_176/BRICK6/Src/UI/ui_renderer_template.c:3107:16:ui_renderer_template_is_wave_wavetable_subpage	8	static
C:/Users/developpeur/Documents/BRICK5_H743_176/BRICK6/Src/UI/ui_renderer_template.c:642:14:ui_renderer_template_get_param_display_value	16	static
C:/Users/developpeur/Documents/BRICK5_H743_176/BRICK6/Src/UI/ui_renderer_template.c:1722:13:ui_renderer_template_draw_cfg_piano_icon	32	static
C:/Users/developpeur/Documents/BRICK5_H743_176/BRICK6/Src/UI/ui_renderer_template.c:2139:13:ui_renderer_template_draw_cfg_loop_icon	32	static
C:/Users/developpeur/Documents/BRICK5_H743_176/BRICK6/Src/UI/ui_renderer_template.c:654:16:ui_renderer_template_get_visible_param_value	40	static
C:/Users/developpeur/Documents/BRICK5_H743_176/BRICK6/Src/UI/ui_renderer_template.c:815:16:ui_renderer_template_filter_type_visible	24	static
C:/Users/developpeur/Documents/BRICK5_H743_176/BRICK6/Src/UI/ui_renderer_template.c:2183:26:ui_renderer_template_cfg_visible_family	16	static
C:/Users/developpeur/Documents/BRICK5_H743_176/BRICK6/Src/UI/ui_renderer_template.c:834:16:ui_renderer_template_filter_param_supported	8	static
C:/Users/developpeur/Documents/BRICK5_H743_176/BRICK6/Src/UI/ui_renderer_template.c:3455:13:ui_renderer_template_draw_wave_wavetable_cache	48	static
C:/Users/developpeur/Documents/BRICK5_H743_176/BRICK6/Src/UI/ui_renderer_template.c:1104:16:ui_renderer_template_draw_stack_waveform_widget	88	static
C:/Users/developpeur/Documents/BRICK5_H743_176/BRICK6/Src/UI/ui_renderer_template.c:919:15:ui_renderer_template_lfo_wave_q7	4	static
C:/Users/developpeur/Documents/BRICK5_H743_176/BRICK6/Src/UI/ui_renderer_template.c:981:16:ui_renderer_template_draw_lfo_wave_shape	48	static
C:/Users/developpeur/Documents/BRICK5_H743_176/BRICK6/Src/UI/ui_renderer_template.c:1207:16:ui_renderer_template_draw_lfo_phase	48	static
C:/Users/developpeur/Documents/BRICK5_H743_176/BRICK6/Src/UI/ui_renderer_template.c:2568:16:ui_renderer_template_prepare_custom_adsr	64	static
C:/Users/developpeur/Documents/BRICK5_H743_176/BRICK6/Src/UI/ui_renderer_template.c:3406:16:ui_renderer_template_build_wave_wavetable_pos_cache	40	static
C:/Users/developpeur/Documents/BRICK5_H743_176/BRICK6/Src/UI/ui_renderer_template.c:3518:13:ui_renderer_template_draw_wave_wavetable_pos_cache	48	static
C:/Users/developpeur/Documents/BRICK5_H743_176/BRICK6/Src/UI/ui_renderer_template.c:2458:16:ui_renderer_template_draw_custom_filter	104	static
C:/Users/developpeur/Documents/BRICK5_H743_176/BRICK6/Src/UI/ui_renderer_template.c:3213:13:ui_renderer_template_draw_sampler_ram_marker	24	static
C:/Users/developpeur/Documents/BRICK5_H743_176/BRICK6/Src/UI/ui_renderer_template.c:276:6:ui_format_param_127_00	8	static
C:/Users/developpeur/Documents/BRICK5_H743_176/BRICK6/Src/UI/ui_renderer_template.c:300:13:ui_renderer_template_format_value	40	static
C:/Users/developpeur/Documents/BRICK5_H743_176/BRICK6/Src/UI/ui_renderer_template.c:693:13:ui_renderer_template_build_param_text	48	static
C:/Users/developpeur/Documents/BRICK5_H743_176/BRICK6/Src/UI/ui_renderer_template.c:3887:13:ui_renderer_template_draw_sampler_ram_slot_text	152	static
C:/Users/developpeur/Documents/BRICK5_H743_176/BRICK6/Src/UI/ui_renderer_template.c:4690:6:ui_renderer_template_draw	432	static
