../App/usb_stack/usb_clock_select.h:13:24:usb_stack_get_rcc_usb_clock_source	200	static
../App/usb_stack/usb_clock_select.h:29:20:usb_stack_log_clock_diag	440	static
../App/usb_stack/usbd_conf.c:68:6:HAL_PCD_MspInit	240	static
../App/usb_stack/usbd_conf.c:120:6:HAL_PCD_MspDeInit	8	static
../App/usb_stack/usbd_conf.c:153:6:HAL_PCD_SetupStageCallback	8	static
../App/usb_stack/usbd_conf.c:168:6:HAL_PCD_DataOutStageCallback	8	static
../App/usb_stack/usbd_conf.c:183:6:HAL_PCD_DataInStageCallback	8	static
../App/usb_stack/usbd_conf.c:197:6:HAL_PCD_SOFCallback	8	static
../App/usb_stack/usbd_conf.c:211:6:HAL_PCD_ResetCallback	8	static
../App/usb_stack/usbd_conf.c:244:6:HAL_PCD_SuspendCallback	8	static
../App/usb_stack/usbd_conf.c:269:6:HAL_PCD_ResumeCallback	8	static
../App/usb_stack/usbd_conf.c:287:6:HAL_PCD_ISOOUTIncompleteCallback	8	static
../App/usb_stack/usbd_conf.c:302:6:HAL_PCD_ISOINIncompleteCallback	8	static
../App/usb_stack/usbd_conf.c:316:6:HAL_PCD_ConnectCallback	8	static
../App/usb_stack/usbd_conf.c:330:6:HAL_PCD_DisconnectCallback	8	static
../App/usb_stack/usbd_conf.c:345:20:USBD_LL_Init	16	static
../App/usb_stack/usbd_conf.c:544:9:USBD_LL_IsStallEP	0	static
../App/usb_stack/usbd_conf.c:622:10:USBD_LL_GetRxDataSize	8	static
../App/usb_stack/usbd_conf.c:647:7:USBD_static_malloc	0	static
../App/usb_stack/usbd_conf.c:659:6:USBD_static_free	0	static
../App/usb_stack/usbd_conf.c:669:6:USBD_LL_Delay	8	static
../App/usb_stack/usbd_conf.c:679:20:USBD_Get_USB_Status	0	static
../App/usb_stack/usbd_conf.c:400:20:USBD_LL_DeInit	8	static
../App/usb_stack/usbd_conf.c:417:20:USBD_LL_Start	8	static
../App/usb_stack/usbd_conf.c:434:20:USBD_LL_Stop	8	static
../App/usb_stack/usbd_conf.c:454:20:USBD_LL_OpenEP	8	static
../App/usb_stack/usbd_conf.c:472:20:USBD_LL_CloseEP	8	static
../App/usb_stack/usbd_conf.c:490:20:USBD_LL_FlushEP	8	static
../App/usb_stack/usbd_conf.c:508:20:USBD_LL_StallEP	8	static
../App/usb_stack/usbd_conf.c:526:20:USBD_LL_ClearStallEP	8	static
../App/usb_stack/usbd_conf.c:564:20:USBD_LL_SetUSBAddress	8	static
../App/usb_stack/usbd_conf.c:584:20:USBD_LL_Transmit	8	static
../App/usb_stack/usbd_conf.c:604:20:USBD_LL_PrepareReceive	8	static
