C:/Users/developpeur/Documents/BRICK5_H743_176/BRICK6/Src/UI/pages/ui_page_template_tone.c:152:13:ui_page_template_tone_daisy_set_subpage	4	static
C:/Users/developpeur/Documents/BRICK5_H743_176/BRICK6/Src/UI/pages/ui_page_template_tone.c:329:13:ui_page_template_tone_master_fx_macro_labels	4	static
C:/Users/developpeur/Documents/BRICK5_H743_176/BRICK6/Src/UI/pages/ui_page_template_tone.c:361:16:ui_page_template_tone_master_fx_u7	8	static
C:/Users/developpeur/Documents/BRICK5_H743_176/BRICK6/Src/UI/pages/ui_page_template_tone.c:443:17:ui_page_template_tone_prism_u15	0	static
C:/Users/developpeur/Documents/BRICK5_H743_176/BRICK6/Src/UI/pages/ui_page_template_tone.c:549:16:ui_page_template_tone_prism_triple_interval_q7	0	static
C:/Users/developpeur/Documents/BRICK5_H743_176/BRICK6/Src/UI/pages/ui_page_template_tone.c:792:16:ui_page_template_tone_prism_kind_for_param	0	static
C:/Users/developpeur/Documents/BRICK5_H743_176/BRICK6/Src/UI/pages/ui_page_template_tone.c:950:16:ui_page_template_tone_stack_slot_param	4	static
C:/Users/developpeur/Documents/BRICK5_H743_176/BRICK6/Src/UI/pages/ui_page_template_tone.c:976:20:ui_page_template_tone_stack_timbre_label	0	static
C:/Users/developpeur/Documents/BRICK5_H743_176/BRICK6/Src/UI/pages/ui_page_template_tone.c:995:20:ui_page_template_tone_stack_color_label	0	static
C:/Users/developpeur/Documents/BRICK5_H743_176/BRICK6/Src/UI/pages/ui_page_template_tone.c:1014:20:ui_page_template_tone_stack_param3_label	0	static
C:/Users/developpeur/Documents/BRICK5_H743_176/BRICK6/Src/UI/pages/ui_page_template_tone.c:1250:16:ui_page_template_tone_master_fx_index	0	static
C:/Users/developpeur/Documents/BRICK5_H743_176/BRICK6/Src/UI/pages/ui_page_template_tone.c:1473:14:ui_page_template_tone_daisy_ratio	0	static
C:/Users/developpeur/Documents/BRICK5_H743_176/BRICK6/Src/UI/pages/ui_page_template_tone.c:1986:13:ui_page_template_tone_set_subpage	4	static
C:/Users/developpeur/Documents/BRICK5_H743_176/BRICK6/Src/UI/pages/ui_page_template_tone.c:1995:13:ui_page_template_tone_sync_drum_family	24	static
C:/Users/developpeur/Documents/BRICK5_H743_176/BRICK6/Src/UI/pages/ui_page_template_tone.c:476:13:ui_page_template_tone_prism_format_bipolar_float	32	static
C:/Users/developpeur/Documents/BRICK5_H743_176/BRICK6/Src/UI/pages/ui_page_template_tone.c:463:13:ui_page_template_tone_prism_format_bipolar_percent	8	static
C:/Users/developpeur/Documents/BRICK5_H743_176/BRICK6/Src/UI/pages/ui_page_template_tone.c:527:13:ui_page_template_tone_prism_format_q7_interval	8	static
C:/Users/developpeur/Documents/BRICK5_H743_176/BRICK6/Src/UI/pages/ui_page_template_tone.c:674:13:ui_page_template_tone_prism_format_stepped	8	static
C:/Users/developpeur/Documents/BRICK5_H743_176/BRICK6/Src/UI/pages/ui_page_template_tone.c:720:13:ui_page_template_tone_prism_format_enum	8	static
C:/Users/developpeur/Documents/BRICK5_H743_176/BRICK6/Src/UI/pages/ui_page_template_tone.c:607:13:ui_page_template_tone_prism_format_vowel	16	static
C:/Users/developpeur/Documents/BRICK5_H743_176/BRICK6/Src/UI/pages/ui_page_template_tone.c:628:13:ui_page_template_tone_prism_format_noise_mix	8	static
C:/Users/developpeur/Documents/BRICK5_H743_176/BRICK6/Src/UI/pages/ui_page_template_tone.c:1276:13:ui_page_template_tone_master_fx_format_choice	16	static
C:/Users/developpeur/Documents/BRICK5_H743_176/BRICK6/Src/UI/pages/ui_page_template_tone.c:1286:13:ui_page_template_tone_master_fx_format_rate_div	16	static
C:/Users/developpeur/Documents/BRICK5_H743_176/BRICK6/Src/UI/pages/ui_page_template_tone.c:1297:13:ui_page_template_tone_master_fx_format_time_div	16	static
C:/Users/developpeur/Documents/BRICK5_H743_176/BRICK6/Src/UI/pages/ui_page_template_tone.c:1305:13:ui_page_template_tone_master_fx_format_stutter_size	16	static
C:/Users/developpeur/Documents/BRICK5_H743_176/BRICK6/Src/UI/pages/ui_page_template_tone.c:1255:13:ui_page_template_tone_master_fx_format_signed	16	static
C:/Users/developpeur/Documents/BRICK5_H743_176/BRICK6/Src/UI/pages/ui_page_template_tone.c:456:13:ui_page_template_tone_prism_format_percent	8	static
C:/Users/developpeur/Documents/BRICK5_H743_176/BRICK6/Src/UI/pages/ui_page_template_tone.c:570:13:ui_page_template_tone_prism_format_interval	16	static
C:/Users/developpeur/Documents/BRICK5_H743_176/BRICK6/Src/UI/pages/ui_page_template_tone.c:654:13:ui_page_template_tone_prism_format_morph	8	static
C:/Users/developpeur/Documents/BRICK5_H743_176/BRICK6/Src/UI/pages/ui_page_template_tone.c:750:13:ui_page_template_tone_prism_format_value	32	static
C:/Users/developpeur/Documents/BRICK5_H743_176/BRICK6/Src/UI/pages/ui_page_template_tone.c:1267:13:ui_page_template_tone_master_fx_format_percent	8	static
C:/Users/developpeur/Documents/BRICK5_H743_176/BRICK6/Src/UI/pages/ui_page_template_tone.c:1313:13:ui_page_template_tone_master_fx_format_value	24	static
C:/Users/developpeur/Documents/BRICK5_H743_176/BRICK6/Src/UI/pages/ui_page_template_tone.c:167:29:ui_page_template_tone_daisy_active_model	24	static
C:/Users/developpeur/Documents/BRICK5_H743_176/BRICK6/Src/UI/pages/ui_page_template_tone.c:1486:16:ui_page_template_tone_daisy_param_text	56	static
C:/Users/developpeur/Documents/BRICK5_H743_176/BRICK6/Src/UI/pages/ui_page_template_tone.c:183:13:ui_page_template_tone_sync_daisy_family	24	static
C:/Users/developpeur/Documents/BRICK5_H743_176/BRICK6/Src/UI/pages/ui_page_template_tone.c:1024:16:ui_page_template_tone_stack_param_text	40	static
C:/Users/developpeur/Documents/BRICK5_H743_176/BRICK6/Src/UI/pages/ui_page_template_tone.c:1171:41:ui_page_template_tone_pick_custom_widget	32	static
C:/Users/developpeur/Documents/BRICK5_H743_176/BRICK6/Src/UI/pages/ui_page_template_tone.c:1220:16:ui_page_template_tone_master_fx_type_for_param	32	static
C:/Users/developpeur/Documents/BRICK5_H743_176/BRICK6/Src/UI/pages/ui_page_template_tone.c:507:13:ui_page_template_tone_prism_format_model	24	static
C:/Users/developpeur/Documents/BRICK5_H743_176/BRICK6/Src/UI/pages/ui_page_template_tone.c:408:38:ui_page_template_tone_prism_labels_for_param	24	static
C:/Users/developpeur/Documents/BRICK5_H743_176/BRICK6/Src/UI/pages/ui_page_template_tone.c:831:16:ui_page_template_tone_prism_param_text	56	static
C:/Users/developpeur/Documents/BRICK5_H743_176/BRICK6/Src/UI/pages/ui_page_template_tone.c:1605:16:ui_page_template_tone_param_text	64	static
C:/Users/developpeur/Documents/BRICK5_H743_176/BRICK6/Src/UI/pages/ui_page_template_tone.c:1108:26:ui_page_template_tone_pick_widget	24	static
C:/Users/developpeur/Documents/BRICK5_H743_176/BRICK6/Src/UI/pages/ui_page_template_tone.c:279:36:ui_page_template_tone_resolve_family	8	static
C:/Users/developpeur/Documents/BRICK5_H743_176/BRICK6/Src/UI/pages/ui_page_template_tone.c:2147:13:ui_page_template_tone_render	8	static
C:/Users/developpeur/Documents/BRICK5_H743_176/BRICK6/Src/UI/pages/ui_page_template_tone.c:2140:13:ui_page_template_tone_sync_active_context	8	static
C:/Users/developpeur/Documents/BRICK5_H743_176/BRICK6/Src/UI/pages/ui_page_template_tone.c:2133:13:ui_page_template_tone_tick	8	static
C:/Users/developpeur/Documents/BRICK5_H743_176/BRICK6/Src/UI/pages/ui_page_template_tone.c:2125:13:ui_page_template_tone_handle_event	8	static
C:/Users/developpeur/Documents/BRICK5_H743_176/BRICK6/Src/UI/pages/ui_page_template_tone.c:2119:13:ui_page_template_tone_enter	8	static
C:/Users/developpeur/Documents/BRICK5_H743_176/BRICK6/Src/UI/pages/ui_page_template_tone.c:2027:6:ui_page_template_tone_register_families	16	static
C:/Users/developpeur/Documents/BRICK5_H743_176/BRICK6/Src/UI/pages/ui_page_template_tone.c:2096:6:ui_page_template_tone_open_primary	8	static
C:/Users/developpeur/Documents/BRICK5_H743_176/BRICK6/Src/UI/pages/ui_page_template_tone.c:2103:6:ui_page_template_tone_toggle_subset	8	static
