C:/Users/developpeur/Documents/BRICK5_H743_176/BRICK6/Src/UI/pages/ui_page_settings.c:131:20:ui_page_settings_preview_error_label	0	static
C:/Users/developpeur/Documents/BRICK5_H743_176/BRICK6/Src/UI/pages/ui_page_settings.c:163:13:ui_page_settings_refresh_sampler_slots	0	static
C:/Users/developpeur/Documents/BRICK5_H743_176/BRICK6/Src/UI/pages/ui_page_settings.c:172:20:ui_page_settings_view_title	0	static
C:/Users/developpeur/Documents/BRICK5_H743_176/BRICK6/Src/UI/pages/ui_page_settings.c:336:34:ui_page_settings_current_level	0	static
C:/Users/developpeur/Documents/BRICK5_H743_176/BRICK6/Src/UI/pages/ui_page_settings.c:401:13:ui_page_settings_push	0	static
C:/Users/developpeur/Documents/BRICK5_H743_176/BRICK6/Src/UI/pages/ui_page_settings.c:199:16:ui_page_settings_view_item_count	8	static
C:/Users/developpeur/Documents/BRICK5_H743_176/BRICK6/Src/UI/pages/ui_page_settings.c:226:20:ui_page_settings_item_label	24	static
C:/Users/developpeur/Documents/BRICK5_H743_176/BRICK6/Src/UI/pages/ui_page_settings.c:691:13:ui_page_settings_render	72	static
C:/Users/developpeur/Documents/BRICK5_H743_176/BRICK6/Src/UI/pages/ui_page_settings.c:346:13:ui_page_settings_status	8	static
C:/Users/developpeur/Documents/BRICK5_H743_176/BRICK6/Src/UI/pages/ui_page_settings.c:373:13:ui_page_settings_preview_apply_termination_status	8	static
C:/Users/developpeur/Documents/BRICK5_H743_176/BRICK6/Src/UI/pages/ui_page_settings.c:680:13:ui_page_settings_tick	8	static
C:/Users/developpeur/Documents/BRICK5_H743_176/BRICK6/Src/UI/pages/ui_page_settings.c:362:13:ui_page_settings_preview_stop	8	static
C:/Users/developpeur/Documents/BRICK5_H743_176/BRICK6/Src/UI/pages/ui_page_settings.c:649:13:ui_page_settings_leave	8	static
C:/Users/developpeur/Documents/BRICK5_H743_176/BRICK6/Src/UI/pages/ui_page_settings.c:157:13:ui_page_settings_refresh_project_slots	8	static
C:/Users/developpeur/Documents/BRICK5_H743_176/BRICK6/Src/UI/pages/ui_page_settings.c:630:13:ui_page_settings_enter	8	static
C:/Users/developpeur/Documents/BRICK5_H743_176/BRICK6/Src/UI/pages/ui_page_settings.c:396:13:ui_page_settings_close	8	static
C:/Users/developpeur/Documents/BRICK5_H743_176/BRICK6/Src/UI/pages/ui_page_settings.c:413:13:ui_page_settings_back	8	static
C:/Users/developpeur/Documents/BRICK5_H743_176/BRICK6/Src/UI/pages/ui_page_settings.c:92:20:ui_page_settings_sampler_load_error_label	8	static
C:/Users/developpeur/Documents/BRICK5_H743_176/BRICK6/Src/UI/pages/ui_page_settings.c:426:13:ui_page_settings_apply_action	16	static
C:/Users/developpeur/Documents/BRICK5_H743_176/BRICK6/Src/UI/pages/ui_page_settings.c:655:13:ui_page_settings_handle_event_internal	8	static
C:/Users/developpeur/Documents/BRICK5_H743_176/BRICK6/Src/UI/pages/ui_page_settings.c:788:6:ui_page_settings_open	8	static
C:/Users/developpeur/Documents/BRICK5_H743_176/BRICK6/Src/UI/pages/ui_page_settings.c:794:9:ui_page_settings_is_open	8	static
C:/Users/developpeur/Documents/BRICK5_H743_176/BRICK6/Src/UI/pages/ui_page_settings.c:799:6:ui_page_settings_handle_encoder	24	static
C:/Users/developpeur/Documents/BRICK5_H743_176/BRICK6/Src/UI/pages/ui_page_settings.c:842:9:ui_page_settings_handle_event	8	static
C:/Users/developpeur/Documents/BRICK5_H743_176/BRICK6/Src/UI/pages/ui_page_settings.c:675:13:ui_page_settings_handle_event_page	8	static
