C:/Users/developpeur/Documents/BRICK5_H743_176/BRICK6/Src/UI/pages/ui_page_prism_debug.c:5:13:prism_debug_page_enter	0	static
C:/Users/developpeur/Documents/BRICK5_H743_176/BRICK6/Src/UI/pages/ui_page_prism_debug.c:6:13:prism_debug_page_leave	0	static
C:/Users/developpeur/Documents/BRICK5_H743_176/BRICK6/Src/UI/pages/ui_page_prism_debug.c:11:13:prism_debug_page_tick	0	static
C:/Users/developpeur/Documents/BRICK5_H743_176/BRICK6/Src/UI/pages/ui_page_prism_debug.c:12:13:prism_debug_page_render	8	static
C:/Users/developpeur/Documents/BRICK5_H743_176/BRICK6/Src/UI/pages/ui_page_prism_debug.c:7:13:prism_debug_page_event	8	static
