../Src/Audio/drum_synth.cpp:162:14:float drum_synth_map_ui_to_dsp(param_id_t, float, float)	16	static
../Src/Audio/drum_synth.cpp:249:6:void drum_synth_init(float)	24	static
../Src/Audio/drum_synth.cpp:260:9:uint8_t drum_synth_set_model_for_instance(uint8_t, drum_model_id_t)	16	static
../Src/Audio/drum_synth.cpp:300:17:drum_model_id_t drum_synth_get_model_for_instance(uint8_t)	0	static
../Src/Audio/drum_synth.cpp:382:6:void drum_synth_note_off_for_instance(uint8_t, uint8_t)	0	static
../Src/Audio/drum_synth.cpp:388:6:void drum_synth_all_notes_off_for_instance(uint8_t)	16	static
../Src/Audio/drum_synth.cpp:404:6:void drum_synth_process_block_for_instance(uint8_t, float*, uint32_t)	24	static
../Src/Audio/drum_synth.cpp:424:9:uint8_t drum_synth_set_param_for_instance(uint8_t, param_id_t, float)	8	static
../Src/Audio/drum_synth.cpp:310:6:void drum_synth_note_on_for_instance(uint8_t, uint8_t, uint8_t)	24	static
../Src/Audio/drum_synth.cpp:593:6:void drum_synth_all_notes_off_all()	24	static
../Src/Audio/drum_synth.cpp:599:1:cpp)	60	static
