../Src/Audio/drum_synth.cpp:94:6:void drum_synth_init(float)	16	static
../Src/Audio/drum_synth.cpp:105:9:uint8_t drum_synth_set_model_for_instance(uint8_t, drum_model_id_t)	8	static
../Src/Audio/drum_synth.cpp:129:17:drum_model_id_t drum_synth_get_model_for_instance(uint8_t)	0	static
../Src/Audio/drum_synth.cpp:139:6:void drum_synth_note_on_for_instance(uint8_t, uint8_t, uint8_t)	8	static
../Src/Audio/drum_synth.cpp:159:6:void drum_synth_note_off_for_instance(uint8_t, uint8_t)	0	static
../Src/Audio/drum_synth.cpp:165:6:void drum_synth_all_notes_off_for_instance(uint8_t)	16	static
../Src/Audio/drum_synth.cpp:180:6:void drum_synth_process_block_for_instance(uint8_t, float*, uint32_t)	24	static
../Src/Audio/drum_synth.cpp:200:6:void drum_synth_all_notes_off_all()	16	static
../Src/Audio/drum_synth.cpp:206:1:cpp)	68	static
