../Src/Audio/../../md-drum-synth-main/TRXHiHat.h:23:10:virtual bool TRXHiHat::SetParamByIndex(uint8_t, float)	0	static
../Src/Audio/../../md-drum-synth-main/TRXHiHat.cpp:17:6:virtual void TRXHiHat::Trigger()	0	static
../Src/Audio/../../md-drum-synth-main/TRXHiHat.cpp:64:6:virtual void TRXHiHat::RenderControls()	0	static
../Src/Audio/../../md-drum-synth-main/TRXHiHat.h:6:7:TRXHiHat::~TRXHiHat()	0	static
../Src/Audio/../../md-drum-synth-main/TRXHiHat.h:6:7:virtual TRXHiHat::~TRXHiHat()	8	static
../Src/Audio/../../md-drum-synth-main/TRXHiHat.h:19:10:virtual void TRXHiHat::loadParameters(std::istream&)	8	static
../Src/Audio/../../md-drum-synth-main/TRXHiHat.cpp:10:6:virtual void TRXHiHat::Init()	2544	static
../Src/Audio/../../md-drum-synth-main/TRXHiHat.h:14:10:virtual void TRXHiHat::saveParameters(std::ostream&) const	24	static
../Src/Audio/../../md-drum-synth-main/TRXHiHat.cpp:22:7:float TRXHiHat::get_value(float)	0	static
../Src/Audio/../../md-drum-synth-main/TRXHiHat.cpp:80:7:float TRXHiHat::generateMetallicNoise()	4	static
../Src/Audio/../../md-drum-synth-main/TRXHiHat.cpp:26:7:virtual float TRXHiHat::Process()	40	static
