../Src/Audio/drum_synth.cpp:153:14:float drum_synth_map_ui_to_dsp(param_id_t, float, float)	16	static
../Src/Audio/drum_synth.cpp:226:16:0(DrumModel*, uint8_t, uint8_t, float)	1000	static
../Src/Audio/drum_synth.cpp:269:6:void drum_synth_init(float)	24	static
../Src/Audio/drum_synth.cpp:280:9:uint8_t drum_synth_set_model_for_instance(uint8_t, drum_model_id_t)	8	static
../Src/Audio/drum_synth.cpp:306:17:drum_model_id_t drum_synth_get_model_for_instance(uint8_t)	0	static
../Src/Audio/drum_synth.cpp:388:6:void drum_synth_note_off_for_instance(uint8_t, uint8_t)	0	static
../Src/Audio/drum_synth.cpp:394:6:void drum_synth_all_notes_off_for_instance(uint8_t)	16	static
../Src/Audio/drum_synth.cpp:410:6:void drum_synth_process_block_for_instance(uint8_t, float*, uint32_t)	24	static
../Src/Audio/drum_synth.cpp:430:9:uint8_t drum_synth_set_param_for_instance(uint8_t, param_id_t, float)	8	static
../Src/Audio/drum_synth.cpp:316:6:void drum_synth_note_on_for_instance(uint8_t, uint8_t, uint8_t)	24	static
../Src/Audio/drum_synth.cpp:599:6:void drum_synth_all_notes_off_all()	24	static
../Src/Audio/drum_synth.cpp:605:1:cpp)	68	static
