../Src/Audio/fx_granular.cpp:161:19:size_t fx_granular_state_size()	0	static
../Src/Audio/fx_granular.cpp:165:19:size_t fx_granular_buffer_size()	0	static
../Src/Audio/fx_granular.cpp:169:17:void fx_granular_set_density(fx_granular_state_t*, float)	0	static
../Src/Audio/fx_granular.cpp:175:17:void fx_granular_set_pitch(fx_granular_state_t*, float)	0	static
../Src/Audio/fx_granular.cpp:181:17:void fx_granular_set_freeze(fx_granular_state_t*, bool)	0	static
../Src/Audio/fx_granular.cpp:186:17:void fx_granular_set_mix(fx_granular_state_t*, float)	0	static
../Src/Audio/fx_granular.cpp:191:17:void fx_granular_set_spread(fx_granular_state_t*, float)	0	static
../Src/Audio/fx_granular.cpp:196:17:void fx_granular_set_stereo_offset(fx_granular_state_t*, float)	0	static
../Src/Audio/fx_granular.cpp:201:17:void fx_granular_init(fx_granular_state_t*, float, float*, float*, uint32_t)	24	static
../Src/Audio/fx_granular.cpp:239:17:void fx_granular_process_block(fx_granular_state_t*, float*, float*, float*, float*, uint32_t)	88	static
