../Src/Audio/mixer.c:142:13:mixer_track_filter_reset_dsp.part.0	32	static
../Src/Audio/mixer.c:286:6:mixer_init	48	static
../Src/Audio/mixer.c:329:6:mixer_set_master	0	static
../Src/Audio/mixer.c:351:7:mixer_get_master	0	static
../Src/Audio/mixer.c:368:6:mixer_set_track_gain	0	static
../Src/Audio/mixer.c:394:7:mixer_get_track_gain	0	static
../Src/Audio/mixer.c:414:6:mixer_set_track_pan	0	static
../Src/Audio/mixer.c:434:6:mixer_set_track_mute	0	static
../Src/Audio/mixer.c:454:6:mixer_set_track_route	0	static
../Src/Audio/mixer.c:476:6:mixer_set_track_insert_slot	0	static
../Src/Audio/mixer.c:497:6:mixer_set_track_send_level	0	static
../Src/Audio/mixer.c:517:6:mixer_set_send_fx_slot	0	static
../Src/Audio/mixer.c:525:6:mixer_set_track_filter_type	0	static
../Src/Audio/mixer.c:538:6:mixer_set_track_filter_cutoff	16	static
../Src/Audio/mixer.c:550:6:mixer_set_track_filter_resonance	24	static
../Src/Audio/mixer.c:562:6:mixer_set_track_filter_eg_amount	0	static
../Src/Audio/mixer.c:570:6:mixer_set_track_filter_attack	0	static
../Src/Audio/mixer.c:580:6:mixer_set_track_filter_decay	0	static
../Src/Audio/mixer.c:590:6:mixer_set_track_filter_sustain	0	static
../Src/Audio/mixer.c:598:6:mixer_set_track_filter_release	0	static
../Src/Audio/mixer.c:608:6:mixer_set_track_filter_eq_low	0	static
../Src/Audio/mixer.c:618:6:mixer_set_track_filter_eq_mid	0	static
../Src/Audio/mixer.c:628:6:mixer_set_track_filter_eq_high	0	static
../Src/Audio/mixer.c:661:6:mixer_process	80	static
