../Src/Audio/mixer.c:252:13:mixer_track_filter_reset_dsp.part.0	16	static
../Src/Audio/mixer.c:389:6:mixer_init	56	static
../Src/Audio/mixer.c:436:6:mixer_set_master	0	static
../Src/Audio/mixer.c:458:7:mixer_get_master	0	static
../Src/Audio/mixer.c:475:6:mixer_set_track_gain	0	static
../Src/Audio/mixer.c:501:7:mixer_get_track_gain	0	static
../Src/Audio/mixer.c:521:6:mixer_set_track_pan	0	static
../Src/Audio/mixer.c:541:6:mixer_set_track_mute	0	static
../Src/Audio/mixer.c:561:6:mixer_set_track_route	0	static
../Src/Audio/mixer.c:583:6:mixer_set_track_insert_slot	0	static
../Src/Audio/mixer.c:604:6:mixer_set_track_send_level	0	static
../Src/Audio/mixer.c:624:6:mixer_set_send_fx_slot	0	static
../Src/Audio/mixer.c:632:6:mixer_set_track_filter_type	0	static
../Src/Audio/mixer.c:645:6:mixer_set_track_filter_cutoff	0	static
../Src/Audio/mixer.c:655:6:mixer_set_track_filter_resonance	0	static
../Src/Audio/mixer.c:665:6:mixer_set_track_filter_eg_amount	0	static
../Src/Audio/mixer.c:673:6:mixer_set_track_filter_attack	0	static
../Src/Audio/mixer.c:683:6:mixer_set_track_filter_decay	0	static
../Src/Audio/mixer.c:693:6:mixer_set_track_filter_sustain	0	static
../Src/Audio/mixer.c:701:6:mixer_set_track_filter_release	0	static
../Src/Audio/mixer.c:711:6:mixer_set_track_filter_keytrack	0	static
../Src/Audio/mixer.c:719:6:mixer_set_track_filter_env_reset	0	static
../Src/Audio/mixer.c:727:6:mixer_set_track_filter_env_delay	0	static
../Src/Audio/mixer.c:742:6:mixer_set_track_filter_eq_low	0	static
../Src/Audio/mixer.c:752:6:mixer_set_track_filter_eq_mid	0	static
../Src/Audio/mixer.c:762:6:mixer_set_track_filter_eq_high	0	static
../Src/Audio/mixer.c:772:6:mixer_track_filter_note_on	4	static
../Src/Audio/mixer.c:789:6:mixer_track_filter_note_off	0	static
../Src/Audio/mixer.c:802:6:mixer_track_filter_all_notes_off	4	static
../Src/Audio/mixer.c:815:28:mixer_external_inputs_clear	0	static
../Src/Audio/mixer.c:820:28:mixer_submit_external_mono	8	static
../Src/Audio/mixer.c:864:6:mixer_process	120	static
