../Src/Audio/mixer.c:225:13:mixer_track_filter_reset_dsp.part.0	16	static
../Src/Audio/mixer.c:388:6:mixer_init	48	static
../Src/Audio/mixer.c:446:6:mixer_set_master	0	static
../Src/Audio/mixer.c:468:7:mixer_get_master	0	static
../Src/Audio/mixer.c:485:6:mixer_set_track_gain	0	static
../Src/Audio/mixer.c:511:7:mixer_get_track_gain	0	static
../Src/Audio/mixer.c:531:6:mixer_set_track_pan	0	static
../Src/Audio/mixer.c:551:6:mixer_set_track_mute	0	static
../Src/Audio/mixer.c:559:9:mixer_get_track_mute	0	static
../Src/Audio/mixer.c:579:6:mixer_set_track_route	0	static
../Src/Audio/mixer.c:601:6:mixer_set_track_insert_slot	0	static
../Src/Audio/mixer.c:622:6:mixer_set_track_send_level	0	static
../Src/Audio/mixer.c:642:6:mixer_set_send_fx_slot	0	static
../Src/Audio/mixer.c:650:6:mixer_set_reverb_wet	0	static
../Src/Audio/mixer.c:656:6:mixer_set_reverb_size	0	static
../Src/Audio/mixer.c:662:6:mixer_set_reverb_decay	0	static
../Src/Audio/mixer.c:668:6:mixer_set_reverb_pre_delay	0	static
../Src/Audio/mixer.c:674:6:mixer_set_reverb_surround	0	static
../Src/Audio/mixer.c:680:6:mixer_set_reverb_type	0	static
../Src/Audio/mixer.c:686:6:mixer_set_track_filter_type	0	static
../Src/Audio/mixer.c:699:6:mixer_set_track_filter_cutoff	0	static
../Src/Audio/mixer.c:708:6:mixer_set_track_filter_resonance	0	static
../Src/Audio/mixer.c:717:6:mixer_set_track_filter_eg_amount	0	static
../Src/Audio/mixer.c:725:6:mixer_set_track_filter_attack	8	static
../Src/Audio/mixer.c:734:6:mixer_set_track_filter_decay	8	static
../Src/Audio/mixer.c:743:6:mixer_set_track_filter_sustain	0	static
../Src/Audio/mixer.c:752:6:mixer_set_track_filter_release	8	static
../Src/Audio/mixer.c:761:6:mixer_set_track_filter_keytrack	0	static
../Src/Audio/mixer.c:769:6:mixer_set_track_filter_env_reset	0	static
../Src/Audio/mixer.c:777:6:mixer_set_track_filter_env_delay	0	static
../Src/Audio/mixer.c:785:6:mixer_set_track_filter_eq_low	0	static
../Src/Audio/mixer.c:794:6:mixer_set_track_filter_eq_mid	0	static
../Src/Audio/mixer.c:803:6:mixer_set_track_filter_eq_high	0	static
../Src/Audio/mixer.c:812:6:mixer_track_filter_note_on	0	static
../Src/Audio/mixer.c:825:6:mixer_set_track_vca_attack	8	static
../Src/Audio/mixer.c:834:6:mixer_set_track_vca_decay	8	static
../Src/Audio/mixer.c:843:6:mixer_set_track_vca_sustain	0	static
../Src/Audio/mixer.c:852:6:mixer_set_track_vca_release	8	static
../Src/Audio/mixer.c:861:6:mixer_set_track_vca_enabled	0	static
../Src/Audio/mixer.c:869:6:mixer_track_vca_note_on	8	static
../Src/Audio/mixer.c:883:6:mixer_track_vca_note_off	4	static
../Src/Audio/mixer.c:896:6:mixer_track_vca_all_notes_off	0	static
../Src/Audio/mixer.c:907:6:mixer_track_filter_note_off	4	static
../Src/Audio/mixer.c:920:6:mixer_track_filter_all_notes_off	0	static
../Src/Audio/mixer.c:931:28:mixer_external_inputs_clear	0	static
../Src/Audio/mixer.c:936:28:mixer_submit_external_mono	8	static
../Src/Audio/mixer.c:980:6:mixer_process	160	static
