../Src/Audio/mixer.c:225:13:mixer_track_filter_reset_dsp.part.0	16	static
../Src/Audio/mixer.c:388:6:mixer_init	48	static
../Src/Audio/mixer.c:446:6:mixer_set_master	0	static
../Src/Audio/mixer.c:468:7:mixer_get_master	0	static
../Src/Audio/mixer.c:485:6:mixer_set_track_gain	0	static
../Src/Audio/mixer.c:511:7:mixer_get_track_gain	0	static
../Src/Audio/mixer.c:531:6:mixer_set_track_pan	0	static
../Src/Audio/mixer.c:551:6:mixer_set_track_mute	0	static
../Src/Audio/mixer.c:571:6:mixer_set_track_route	0	static
../Src/Audio/mixer.c:593:6:mixer_set_track_insert_slot	0	static
../Src/Audio/mixer.c:614:6:mixer_set_track_send_level	0	static
../Src/Audio/mixer.c:634:6:mixer_set_send_fx_slot	0	static
../Src/Audio/mixer.c:642:6:mixer_set_reverb_wet	0	static
../Src/Audio/mixer.c:648:6:mixer_set_reverb_size	0	static
../Src/Audio/mixer.c:654:6:mixer_set_reverb_decay	0	static
../Src/Audio/mixer.c:660:6:mixer_set_reverb_pre_delay	0	static
../Src/Audio/mixer.c:666:6:mixer_set_reverb_surround	0	static
../Src/Audio/mixer.c:672:6:mixer_set_reverb_type	0	static
../Src/Audio/mixer.c:678:6:mixer_set_track_filter_type	0	static
../Src/Audio/mixer.c:691:6:mixer_set_track_filter_cutoff	0	static
../Src/Audio/mixer.c:700:6:mixer_set_track_filter_resonance	0	static
../Src/Audio/mixer.c:709:6:mixer_set_track_filter_eg_amount	0	static
../Src/Audio/mixer.c:717:6:mixer_set_track_filter_attack	8	static
../Src/Audio/mixer.c:726:6:mixer_set_track_filter_decay	8	static
../Src/Audio/mixer.c:735:6:mixer_set_track_filter_sustain	0	static
../Src/Audio/mixer.c:744:6:mixer_set_track_filter_release	8	static
../Src/Audio/mixer.c:753:6:mixer_set_track_filter_keytrack	0	static
../Src/Audio/mixer.c:761:6:mixer_set_track_filter_env_reset	0	static
../Src/Audio/mixer.c:769:6:mixer_set_track_filter_env_delay	0	static
../Src/Audio/mixer.c:777:6:mixer_set_track_filter_eq_low	0	static
../Src/Audio/mixer.c:786:6:mixer_set_track_filter_eq_mid	0	static
../Src/Audio/mixer.c:795:6:mixer_set_track_filter_eq_high	0	static
../Src/Audio/mixer.c:804:6:mixer_track_filter_note_on	0	static
../Src/Audio/mixer.c:817:6:mixer_set_track_vca_attack	8	static
../Src/Audio/mixer.c:826:6:mixer_set_track_vca_decay	8	static
../Src/Audio/mixer.c:835:6:mixer_set_track_vca_sustain	0	static
../Src/Audio/mixer.c:844:6:mixer_set_track_vca_release	8	static
../Src/Audio/mixer.c:853:6:mixer_set_track_vca_enabled	0	static
../Src/Audio/mixer.c:861:6:mixer_track_vca_note_on	8	static
../Src/Audio/mixer.c:875:6:mixer_track_vca_note_off	4	static
../Src/Audio/mixer.c:888:6:mixer_track_vca_all_notes_off	0	static
../Src/Audio/mixer.c:899:6:mixer_track_filter_note_off	4	static
../Src/Audio/mixer.c:912:6:mixer_track_filter_all_notes_off	0	static
../Src/Audio/mixer.c:923:28:mixer_external_inputs_clear	0	static
../Src/Audio/mixer.c:928:28:mixer_submit_external_mono	8	static
../Src/Audio/mixer.c:972:6:mixer_process	160	static
