../Src/Audio/mixer.c:264:13:mixer_track_filter_reset_dsp.part.0	16	static
../Src/Audio/mixer.c:416:6:mixer_init	56	static
../Src/Audio/mixer.c:466:6:mixer_set_master	0	static
../Src/Audio/mixer.c:488:7:mixer_get_master	0	static
../Src/Audio/mixer.c:505:6:mixer_set_track_gain	0	static
../Src/Audio/mixer.c:531:7:mixer_get_track_gain	0	static
../Src/Audio/mixer.c:551:6:mixer_set_track_pan	0	static
../Src/Audio/mixer.c:571:6:mixer_set_track_mute	0	static
../Src/Audio/mixer.c:591:6:mixer_set_track_route	0	static
../Src/Audio/mixer.c:613:6:mixer_set_track_insert_slot	0	static
../Src/Audio/mixer.c:634:6:mixer_set_track_send_level	0	static
../Src/Audio/mixer.c:654:6:mixer_set_send_fx_slot	0	static
../Src/Audio/mixer.c:662:6:mixer_set_track_filter_type	0	static
../Src/Audio/mixer.c:675:6:mixer_set_track_filter_cutoff	0	static
../Src/Audio/mixer.c:684:6:mixer_set_track_filter_resonance	0	static
../Src/Audio/mixer.c:693:6:mixer_set_track_filter_eg_amount	0	static
../Src/Audio/mixer.c:701:6:mixer_set_track_filter_attack	0	static
../Src/Audio/mixer.c:711:6:mixer_set_track_filter_decay	0	static
../Src/Audio/mixer.c:721:6:mixer_set_track_filter_sustain	0	static
../Src/Audio/mixer.c:729:6:mixer_set_track_filter_release	0	static
../Src/Audio/mixer.c:739:6:mixer_set_track_filter_keytrack	0	static
../Src/Audio/mixer.c:747:6:mixer_set_track_filter_env_reset	0	static
../Src/Audio/mixer.c:755:6:mixer_set_track_filter_env_delay	0	static
../Src/Audio/mixer.c:770:6:mixer_set_track_filter_eq_low	0	static
../Src/Audio/mixer.c:779:6:mixer_set_track_filter_eq_mid	0	static
../Src/Audio/mixer.c:788:6:mixer_set_track_filter_eq_high	0	static
../Src/Audio/mixer.c:797:6:mixer_track_filter_note_on	4	static
../Src/Audio/mixer.c:814:6:mixer_track_filter_note_off	0	static
../Src/Audio/mixer.c:827:6:mixer_track_filter_all_notes_off	4	static
../Src/Audio/mixer.c:840:28:mixer_external_inputs_clear	0	static
../Src/Audio/mixer.c:845:28:mixer_submit_external_mono	8	static
../Src/Audio/mixer.c:889:6:mixer_process	160	static
