../Src/Audio/mixer.c:222:6:mixer_init	56	static
../Src/Audio/mixer.c:265:6:mixer_set_master	0	static
../Src/Audio/mixer.c:287:7:mixer_get_master	0	static
../Src/Audio/mixer.c:304:6:mixer_set_track_gain	0	static
../Src/Audio/mixer.c:330:7:mixer_get_track_gain	0	static
../Src/Audio/mixer.c:350:6:mixer_set_track_pan	0	static
../Src/Audio/mixer.c:370:6:mixer_set_track_mute	0	static
../Src/Audio/mixer.c:390:6:mixer_set_track_route	0	static
../Src/Audio/mixer.c:412:6:mixer_set_track_insert_slot	0	static
../Src/Audio/mixer.c:433:6:mixer_set_track_send_level	0	static
../Src/Audio/mixer.c:453:6:mixer_set_send_fx_slot	0	static
../Src/Audio/mixer.c:461:6:mixer_set_track_filter_type	16	static
../Src/Audio/mixer.c:475:6:mixer_set_track_filter_cutoff	16	static
../Src/Audio/mixer.c:486:6:mixer_set_track_filter_resonance	16	static
../Src/Audio/mixer.c:497:6:mixer_set_track_filter_eg_amount	0	static
../Src/Audio/mixer.c:505:6:mixer_set_track_filter_attack	0	static
../Src/Audio/mixer.c:515:6:mixer_set_track_filter_decay	0	static
../Src/Audio/mixer.c:525:6:mixer_set_track_filter_sustain	0	static
../Src/Audio/mixer.c:533:6:mixer_set_track_filter_release	0	static
../Src/Audio/mixer.c:566:6:mixer_process	80	static
