../Src/Audio/monob_moog_ladder.cpp:40:17:void monob_moog_ladder_init(float)	8	static
../Src/Audio/monob_moog_ladder.cpp:47:17:void monob_moog_ladder_reset()	8	static
../Src/Audio/monob_moog_ladder.cpp:53:17:void monob_moog_ladder_set_cutoff(float)	0	static
../Src/Audio/monob_moog_ladder.cpp:59:17:void monob_moog_ladder_set_resonance(float)	0	static
../Src/Audio/monob_moog_ladder.cpp:65:18:float monob_moog_ladder_process_sample(float)	0	static
../Src/Audio/monob_moog_ladder.cpp:68:1:cpp)	0	static
