../Src/Audio/monob_synth.c:132:6:monob_synth_init	16	static
../Src/Audio/monob_synth.c:146:6:monob_synth_note_on	16	static
../Src/Audio/monob_synth.c:157:6:monob_synth_note_off	0	static
../Src/Audio/monob_synth.c:168:6:monob_synth_all_notes_off	8	static
../Src/Audio/monob_synth.c:179:6:monob_synth_process_block	56	static
../Src/Audio/monob_synth.c:215:6:monob_synth_set_filter_type	0	static
../Src/Audio/monob_synth.c:226:6:monob_synth_set_filter_cutoff	0	static
../Src/Audio/monob_synth.c:232:6:monob_synth_set_filter_resonance	0	static
../Src/Audio/monob_synth.c:238:6:monob_synth_set_filter_eg_amount	0	static
../Src/Audio/monob_synth.c:243:6:monob_synth_set_filter_attack	0	static
../Src/Audio/monob_synth.c:248:6:monob_synth_set_filter_decay	0	static
../Src/Audio/monob_synth.c:253:6:monob_synth_set_filter_sustain	0	static
../Src/Audio/monob_synth.c:258:6:monob_synth_set_filter_release	0	static
../Src/Audio/monob_synth.c:263:6:monob_synth_set_osc_wave	0	static
../Src/Audio/monob_synth.c:268:6:monob_synth_set_osc_range	0	static
../Src/Audio/monob_synth.c:278:6:monob_synth_set_sub_octave	0	static
../Src/Audio/monob_synth.c:283:6:monob_synth_set_osc_detune	0	static
../Src/Audio/monob_synth.c:288:6:monob_synth_set_drift	0	static
../Src/Audio/monob_synth.c:293:6:monob_synth_set_osc_mix	0	static
../Src/Audio/monob_synth.c:303:6:monob_synth_set_sub_mix	0	static
