../Src/Audio/monob_synth.c:143:6:monob_synth_init	16	static
../Src/Audio/monob_synth.c:157:6:monob_synth_note_on	16	static
../Src/Audio/monob_synth.c:168:6:monob_synth_note_off	0	static
../Src/Audio/monob_synth.c:179:6:monob_synth_all_notes_off	8	static
../Src/Audio/monob_synth.c:190:6:monob_synth_process_block	48	static
../Src/Audio/monob_synth.c:237:6:monob_synth_set_filter_type	0	static
../Src/Audio/monob_synth.c:248:6:monob_synth_set_filter_cutoff	0	static
../Src/Audio/monob_synth.c:254:6:monob_synth_set_filter_resonance	0	static
../Src/Audio/monob_synth.c:260:6:monob_synth_set_filter_eg_amount	0	static
../Src/Audio/monob_synth.c:265:6:monob_synth_set_filter_attack	0	static
../Src/Audio/monob_synth.c:270:6:monob_synth_set_filter_decay	0	static
../Src/Audio/monob_synth.c:275:6:monob_synth_set_filter_sustain	0	static
../Src/Audio/monob_synth.c:280:6:monob_synth_set_filter_release	0	static
../Src/Audio/monob_synth.c:285:6:monob_synth_set_osc_wave	0	static
../Src/Audio/monob_synth.c:290:6:monob_synth_set_osc_range	0	static
../Src/Audio/monob_synth.c:300:6:monob_synth_set_sub_octave	0	static
../Src/Audio/monob_synth.c:305:6:monob_synth_set_osc_detune	0	static
../Src/Audio/monob_synth.c:310:6:monob_synth_set_osc_mix	0	static
../Src/Audio/monob_synth.c:320:6:monob_synth_set_sub_mix	0	static
