../Src/Audio/monob_synth.c:186:6:monob_synth_init	16	static
../Src/Audio/monob_synth.c:203:6:monob_synth_note_on	8	static
../Src/Audio/monob_synth.c:218:6:monob_synth_note_off	0	static
../Src/Audio/monob_synth.c:229:6:monob_synth_all_notes_off	8	static
../Src/Audio/monob_synth.c:241:6:monob_synth_process_block	56	static
../Src/Audio/monob_synth.c:302:6:monob_synth_set_filter_type	0	static
../Src/Audio/monob_synth.c:314:6:monob_synth_set_filter_cutoff	0	static
../Src/Audio/monob_synth.c:320:6:monob_synth_set_filter_resonance	0	static
../Src/Audio/monob_synth.c:326:6:monob_synth_set_filter_eg_amount	0	static
../Src/Audio/monob_synth.c:331:6:monob_synth_set_filter_attack	0	static
../Src/Audio/monob_synth.c:336:6:monob_synth_set_filter_decay	0	static
../Src/Audio/monob_synth.c:341:6:monob_synth_set_filter_sustain	0	static
../Src/Audio/monob_synth.c:346:6:monob_synth_set_filter_release	0	static
../Src/Audio/monob_synth.c:351:6:monob_synth_set_filter_keytrack	0	static
../Src/Audio/monob_synth.c:356:6:monob_synth_set_filter_env_reset	0	static
../Src/Audio/monob_synth.c:361:6:monob_synth_set_filter_env_delay	0	static
../Src/Audio/monob_synth.c:376:6:monob_synth_set_osc_wave	0	static
../Src/Audio/monob_synth.c:381:6:monob_synth_set_osc_range	0	static
../Src/Audio/monob_synth.c:391:6:monob_synth_set_sub_octave	0	static
../Src/Audio/monob_synth.c:396:6:monob_synth_set_osc_detune	0	static
../Src/Audio/monob_synth.c:401:6:monob_synth_set_osc_mix	0	static
../Src/Audio/monob_synth.c:411:6:monob_synth_set_sub_mix	0	static
