../Src/Audio/monob_synth.c:201:6:monob_synth_init	56	static
../Src/Audio/monob_synth.c:226:9:monob_synth_instance_count	0	static
../Src/Audio/monob_synth.c:227:6:monob_synth_set_active_instance	4	static
../Src/Audio/monob_synth.c:234:9:monob_synth_get_active_instance	0	static
../Src/Audio/monob_synth.c:236:6:monob_synth_note_on	16	static
../Src/Audio/monob_synth.c:257:6:monob_synth_note_off	0	static
../Src/Audio/monob_synth.c:268:6:monob_synth_all_notes_off	8	static
../Src/Audio/monob_synth.c:280:6:monob_synth_process_block	64	static
../Src/Audio/monob_synth.c:341:6:monob_synth_set_filter_type	0	static
../Src/Audio/monob_synth.c:353:6:monob_synth_set_filter_cutoff	0	static
../Src/Audio/monob_synth.c:359:6:monob_synth_set_filter_resonance	0	static
../Src/Audio/monob_synth.c:365:6:monob_synth_set_filter_eg_amount	0	static
../Src/Audio/monob_synth.c:370:6:monob_synth_set_filter_attack	0	static
../Src/Audio/monob_synth.c:375:6:monob_synth_set_filter_decay	0	static
../Src/Audio/monob_synth.c:380:6:monob_synth_set_filter_sustain	0	static
../Src/Audio/monob_synth.c:385:6:monob_synth_set_filter_release	0	static
../Src/Audio/monob_synth.c:390:6:monob_synth_set_filter_keytrack	0	static
../Src/Audio/monob_synth.c:395:6:monob_synth_set_filter_env_reset	0	static
../Src/Audio/monob_synth.c:400:6:monob_synth_set_filter_env_delay	0	static
../Src/Audio/monob_synth.c:415:6:monob_synth_set_osc_wave	0	static
../Src/Audio/monob_synth.c:420:6:monob_synth_set_osc_range	0	static
../Src/Audio/monob_synth.c:430:6:monob_synth_set_sub_octave	0	static
../Src/Audio/monob_synth.c:435:6:monob_synth_set_osc_detune	0	static
../Src/Audio/monob_synth.c:440:6:monob_synth_set_osc_mix	0	static
../Src/Audio/monob_synth.c:450:6:monob_synth_set_sub_mix	0	static
../Src/Audio/monob_synth.c:455:6:monob_synth_note_on_for_instance	24	static
../Src/Audio/monob_synth.c:463:6:monob_synth_note_off_for_instance	8	static
../Src/Audio/monob_synth.c:471:6:monob_synth_all_notes_off_for_instance	24	static
../Src/Audio/monob_synth.c:479:6:monob_synth_all_notes_off_all	40	static
../Src/Audio/monob_synth.c:490:6:monob_synth_process_block_for_instance	24	static
../Src/Audio/monob_synth.c:502:6:monob_synth_set_filter_type_for_instance	24	static
../Src/Audio/monob_synth.c:503:6:monob_synth_set_filter_cutoff_for_instance	24	static
../Src/Audio/monob_synth.c:504:6:monob_synth_set_filter_resonance_for_instance	24	static
../Src/Audio/monob_synth.c:505:6:monob_synth_set_filter_eg_amount_for_instance	8	static
../Src/Audio/monob_synth.c:506:6:monob_synth_set_filter_attack_for_instance	8	static
../Src/Audio/monob_synth.c:507:6:monob_synth_set_filter_decay_for_instance	8	static
../Src/Audio/monob_synth.c:508:6:monob_synth_set_filter_sustain_for_instance	8	static
../Src/Audio/monob_synth.c:509:6:monob_synth_set_filter_release_for_instance	8	static
../Src/Audio/monob_synth.c:510:6:monob_synth_set_filter_keytrack_for_instance	8	static
../Src/Audio/monob_synth.c:511:6:monob_synth_set_filter_env_reset_for_instance	8	static
../Src/Audio/monob_synth.c:512:6:monob_synth_set_filter_env_delay_for_instance	4	static
../Src/Audio/monob_synth.c:513:6:monob_synth_set_osc_wave_for_instance	24	static
../Src/Audio/monob_synth.c:514:6:monob_synth_set_osc_range_for_instance	24	static
../Src/Audio/monob_synth.c:515:6:monob_synth_set_sub_octave_for_instance	24	static
../Src/Audio/monob_synth.c:516:6:monob_synth_set_osc_detune_for_instance	24	static
../Src/Audio/monob_synth.c:517:6:monob_synth_set_osc_mix_for_instance	24	static
../Src/Audio/monob_synth.c:518:6:monob_synth_set_sub_mix_for_instance	24	static
