../Src/Audio/monob_moog_ladder.cpp:42:17:void monob_moog_ladder_init_for_instance(uint8_t, float)	24	static
../Src/Audio/monob_moog_ladder.cpp:56:17:void monob_moog_ladder_init(float)	16	static
../Src/Audio/monob_moog_ladder.cpp:61:17:void monob_moog_ladder_reset_for_instance(uint8_t)	16	static
../Src/Audio/monob_moog_ladder.cpp:72:17:void monob_moog_ladder_reset()	8	static
../Src/Audio/monob_moog_ladder.cpp:77:17:void monob_moog_ladder_set_cutoff_for_instance(uint8_t, float)	0	static
../Src/Audio/monob_moog_ladder.cpp:90:17:void monob_moog_ladder_set_cutoff(float)	0	static
../Src/Audio/monob_moog_ladder.cpp:95:17:void monob_moog_ladder_set_resonance_for_instance(uint8_t, float)	0	static
../Src/Audio/monob_moog_ladder.cpp:106:17:void monob_moog_ladder_set_resonance(float)	0	static
../Src/Audio/monob_moog_ladder.cpp:111:18:float monob_moog_ladder_process_sample_for_instance(uint8_t, float)	0	static
../Src/Audio/monob_moog_ladder.cpp:121:18:float monob_moog_ladder_process_sample(float)	0	static
../Src/Audio/monob_moog_ladder.cpp:124:1:cpp)	0	static
