C:/Users/developpeur/Documents/BRICK5_H743_176/BRICK6/Src/Param/param_macro.c:20:14:param_macro_clamp_amount	0	static
C:/Users/developpeur/Documents/BRICK5_H743_176/BRICK6/Src/Param/param_macro.c:35:6:param_macro_init	8	static
C:/Users/developpeur/Documents/BRICK5_H743_176/BRICK6/Src/Param/param_macro.c:40:7:param_macro_lerp	0	static
C:/Users/developpeur/Documents/BRICK5_H743_176/BRICK6/Src/Param/param_macro.c:55:9:param_macro_slot_target_is_supported	24	static
C:/Users/developpeur/Documents/BRICK5_H743_176/BRICK6/Src/Param/param_macro.c:77:16:param_macro_apply_preview_value	64	static
C:/Users/developpeur/Documents/BRICK5_H743_176/BRICK6/Src/Param/param_macro.c:142:13:param_macro_release_pot	16	static
C:/Users/developpeur/Documents/BRICK5_H743_176/BRICK6/Src/Param/param_macro.c:209:9:param_macro_resolve_slot	40	static
C:/Users/developpeur/Documents/BRICK5_H743_176/BRICK6/Src/Param/param_macro.c:253:9:param_macro_apply_resolution	8	static
C:/Users/developpeur/Documents/BRICK5_H743_176/BRICK6/Src/Param/param_macro.c:172:16:param_macro_apply_pot	56	static
C:/Users/developpeur/Documents/BRICK5_H743_176/BRICK6/Src/Param/param_macro.c:268:6:param_macro_sync_active_bank	16	static
C:/Users/developpeur/Documents/BRICK5_H743_176/BRICK6/Src/Param/param_macro.c:278:9:param_macro_set_amount	16	static
C:/Users/developpeur/Documents/BRICK5_H743_176/BRICK6/Src/Param/param_macro.c:288:9:param_macro_adjust_amount	16	static
C:/Users/developpeur/Documents/BRICK5_H743_176/BRICK6/Src/Param/param_macro.c:301:7:param_macro_get_amount	0	static
C:/Users/developpeur/Documents/BRICK5_H743_176/BRICK6/Src/Param/param_macro.c:311:9:param_macro_apply_slot	40	static
