C:/Users/developpeur/Documents/BRICK5_H743_176/BRICK6/Src/Param/param_registry_apply_wrappers.c:18:14:clamp_value	0	static
C:/Users/developpeur/Documents/BRICK5_H743_176/BRICK6/Src/Param/param_registry_apply_wrappers.c:27:15:control_float_to_slot	8	static
C:/Users/developpeur/Documents/BRICK5_H743_176/BRICK6/Src/Param/param_registry_apply_wrappers.c:34:16:control_float_to_ui127	8	static
C:/Users/developpeur/Documents/BRICK5_H743_176/BRICK6/Src/Param/param_registry_apply_wrappers.c:64:16:seq_div_ui_to_runtime	16	static
C:/Users/developpeur/Documents/BRICK5_H743_176/BRICK6/Src/Param/param_registry_apply_wrappers.c:43:13:apply_tone_live_track	16	static
C:/Users/developpeur/Documents/BRICK5_H743_176/BRICK6/Src/Param/param_registry_apply_wrappers.c:49:29:get_active_granular_state	8	static
C:/Users/developpeur/Documents/BRICK5_H743_176/BRICK6/Src/Param/param_registry_apply_wrappers.c:79:6:apply_mix_send0_fx	8	static
C:/Users/developpeur/Documents/BRICK5_H743_176/BRICK6/Src/Param/param_registry_apply_wrappers.c:80:6:apply_mix_send1_fx	8	static
C:/Users/developpeur/Documents/BRICK5_H743_176/BRICK6/Src/Param/param_registry_apply_wrappers.c:82:6:apply_mix_reverb_wet	8	static
C:/Users/developpeur/Documents/BRICK5_H743_176/BRICK6/Src/Param/param_registry_apply_wrappers.c:83:6:apply_mix_reverb_size	8	static
C:/Users/developpeur/Documents/BRICK5_H743_176/BRICK6/Src/Param/param_registry_apply_wrappers.c:84:6:apply_mix_reverb_decay	8	static
C:/Users/developpeur/Documents/BRICK5_H743_176/BRICK6/Src/Param/param_registry_apply_wrappers.c:85:6:apply_mix_reverb_pred	8	static
C:/Users/developpeur/Documents/BRICK5_H743_176/BRICK6/Src/Param/param_registry_apply_wrappers.c:86:6:apply_mix_reverb_type	16	static
C:/Users/developpeur/Documents/BRICK5_H743_176/BRICK6/Src/Param/param_registry_apply_wrappers.c:87:6:apply_mix_reverb_surr	8	static
C:/Users/developpeur/Documents/BRICK5_H743_176/BRICK6/Src/Param/param_registry_apply_wrappers.c:89:6:apply_midi_program	8	static
C:/Users/developpeur/Documents/BRICK5_H743_176/BRICK6/Src/Param/param_registry_apply_wrappers.c:90:6:apply_sampler_sample	8	static
C:/Users/developpeur/Documents/BRICK5_H743_176/BRICK6/Src/Param/param_registry_apply_wrappers.c:91:6:apply_sampler_gain	8	static
C:/Users/developpeur/Documents/BRICK5_H743_176/BRICK6/Src/Param/param_registry_apply_wrappers.c:92:6:apply_sampler_clip_source_bpm	8	static
C:/Users/developpeur/Documents/BRICK5_H743_176/BRICK6/Src/Param/param_registry_apply_wrappers.c:93:6:apply_sampler_clip_sync_length	8	static
C:/Users/developpeur/Documents/BRICK5_H743_176/BRICK6/Src/Param/param_registry_apply_wrappers.c:94:6:apply_sampler_clip_pitch	8	static
C:/Users/developpeur/Documents/BRICK5_H743_176/BRICK6/Src/Param/param_registry_apply_wrappers.c:95:6:apply_sampler_clip_play_mode	8	static
C:/Users/developpeur/Documents/BRICK5_H743_176/BRICK6/Src/Param/param_registry_apply_wrappers.c:96:6:apply_sampler_clip_loop	8	static
C:/Users/developpeur/Documents/BRICK5_H743_176/BRICK6/Src/Param/param_registry_apply_wrappers.c:97:6:apply_sampler_clip_stretch_mode	8	static
C:/Users/developpeur/Documents/BRICK5_H743_176/BRICK6/Src/Param/param_registry_apply_wrappers.c:98:6:apply_sampler_clip_grain	8	static
C:/Users/developpeur/Documents/BRICK5_H743_176/BRICK6/Src/Param/param_registry_apply_wrappers.c:99:6:apply_sampler_clip_hop	8	static
C:/Users/developpeur/Documents/BRICK5_H743_176/BRICK6/Src/Param/param_registry_apply_wrappers.c:100:6:apply_sampler_clip_search	8	static
C:/Users/developpeur/Documents/BRICK5_H743_176/BRICK6/Src/Param/param_registry_apply_wrappers.c:101:6:apply_sampler_start	8	static
C:/Users/developpeur/Documents/BRICK5_H743_176/BRICK6/Src/Param/param_registry_apply_wrappers.c:102:6:apply_sampler_end	8	static
C:/Users/developpeur/Documents/BRICK5_H743_176/BRICK6/Src/Param/param_registry_apply_wrappers.c:103:6:apply_sampler_mode	8	static
C:/Users/developpeur/Documents/BRICK5_H743_176/BRICK6/Src/Param/param_registry_apply_wrappers.c:104:6:apply_sampler_tune	8	static
C:/Users/developpeur/Documents/BRICK5_H743_176/BRICK6/Src/Param/param_registry_apply_wrappers.c:105:6:apply_sampler_fade_in	8	static
C:/Users/developpeur/Documents/BRICK5_H743_176/BRICK6/Src/Param/param_registry_apply_wrappers.c:106:6:apply_sampler_fade_out	8	static
C:/Users/developpeur/Documents/BRICK5_H743_176/BRICK6/Src/Param/param_registry_apply_wrappers.c:107:6:apply_sampler_slice_count	8	static
C:/Users/developpeur/Documents/BRICK5_H743_176/BRICK6/Src/Param/param_registry_apply_wrappers.c:108:6:apply_midi_cc1_1	8	static
C:/Users/developpeur/Documents/BRICK5_H743_176/BRICK6/Src/Param/param_registry_apply_wrappers.c:109:6:apply_midi_cc1_2	8	static
C:/Users/developpeur/Documents/BRICK5_H743_176/BRICK6/Src/Param/param_registry_apply_wrappers.c:110:6:apply_midi_cc1_3	8	static
C:/Users/developpeur/Documents/BRICK5_H743_176/BRICK6/Src/Param/param_registry_apply_wrappers.c:111:6:apply_midi_cc1_4	8	static
C:/Users/developpeur/Documents/BRICK5_H743_176/BRICK6/Src/Param/param_registry_apply_wrappers.c:112:6:apply_midi_cc2_1	8	static
C:/Users/developpeur/Documents/BRICK5_H743_176/BRICK6/Src/Param/param_registry_apply_wrappers.c:113:6:apply_midi_cc2_2	8	static
C:/Users/developpeur/Documents/BRICK5_H743_176/BRICK6/Src/Param/param_registry_apply_wrappers.c:114:6:apply_midi_cc2_3	8	static
C:/Users/developpeur/Documents/BRICK5_H743_176/BRICK6/Src/Param/param_registry_apply_wrappers.c:115:6:apply_midi_cc2_4	8	static
C:/Users/developpeur/Documents/BRICK5_H743_176/BRICK6/Src/Param/param_registry_apply_wrappers.c:116:6:apply_midi_cc3_1	8	static
C:/Users/developpeur/Documents/BRICK5_H743_176/BRICK6/Src/Param/param_registry_apply_wrappers.c:117:6:apply_midi_cc3_2	8	static
C:/Users/developpeur/Documents/BRICK5_H743_176/BRICK6/Src/Param/param_registry_apply_wrappers.c:118:6:apply_midi_cc3_3	8	static
C:/Users/developpeur/Documents/BRICK5_H743_176/BRICK6/Src/Param/param_registry_apply_wrappers.c:119:6:apply_midi_cc3_4	8	static
C:/Users/developpeur/Documents/BRICK5_H743_176/BRICK6/Src/Param/param_registry_apply_wrappers.c:121:6:apply_gran_density	16	static
C:/Users/developpeur/Documents/BRICK5_H743_176/BRICK6/Src/Param/param_registry_apply_wrappers.c:127:6:apply_gran_pitch	16	static
C:/Users/developpeur/Documents/BRICK5_H743_176/BRICK6/Src/Param/param_registry_apply_wrappers.c:133:6:apply_gran_mix	16	static
C:/Users/developpeur/Documents/BRICK5_H743_176/BRICK6/Src/Param/param_registry_apply_wrappers.c:139:6:apply_gran_freeze	16	static
C:/Users/developpeur/Documents/BRICK5_H743_176/BRICK6/Src/Param/param_registry_apply_wrappers.c:145:6:apply_gran_spread	16	static
C:/Users/developpeur/Documents/BRICK5_H743_176/BRICK6/Src/Param/param_registry_apply_wrappers.c:151:6:apply_gran_stereo	16	static
C:/Users/developpeur/Documents/BRICK5_H743_176/BRICK6/Src/Param/param_registry_apply_wrappers.c:157:6:apply_eq_low_db	8	static
C:/Users/developpeur/Documents/BRICK5_H743_176/BRICK6/Src/Param/param_registry_apply_wrappers.c:158:6:apply_eq_mid_db	8	static
C:/Users/developpeur/Documents/BRICK5_H743_176/BRICK6/Src/Param/param_registry_apply_wrappers.c:159:6:apply_eq_high_db	8	static
C:/Users/developpeur/Documents/BRICK5_H743_176/BRICK6/Src/Param/param_registry_apply_wrappers.c:161:6:apply_sat_tone	8	static
C:/Users/developpeur/Documents/BRICK5_H743_176/BRICK6/Src/Param/param_registry_apply_wrappers.c:162:6:apply_sat_bias	8	static
C:/Users/developpeur/Documents/BRICK5_H743_176/BRICK6/Src/Param/param_registry_apply_wrappers.c:163:6:apply_sat_drive	8	static
C:/Users/developpeur/Documents/BRICK5_H743_176/BRICK6/Src/Param/param_registry_apply_wrappers.c:164:6:apply_sat_mix	8	static
C:/Users/developpeur/Documents/BRICK5_H743_176/BRICK6/Src/Param/param_registry_apply_wrappers.c:166:6:apply_lfo1_dest	16	static
C:/Users/developpeur/Documents/BRICK5_H743_176/BRICK6/Src/Param/param_registry_apply_wrappers.c:167:6:apply_lfo1_rate	16	static
C:/Users/developpeur/Documents/BRICK5_H743_176/BRICK6/Src/Param/param_registry_apply_wrappers.c:168:6:apply_lfo1_depth	16	static
C:/Users/developpeur/Documents/BRICK5_H743_176/BRICK6/Src/Param/param_registry_apply_wrappers.c:169:6:apply_lfo1_shape	16	static
C:/Users/developpeur/Documents/BRICK5_H743_176/BRICK6/Src/Param/param_registry_apply_wrappers.c:170:6:apply_lfo2_dest	16	static
C:/Users/developpeur/Documents/BRICK5_H743_176/BRICK6/Src/Param/param_registry_apply_wrappers.c:171:6:apply_lfo2_rate	16	static
C:/Users/developpeur/Documents/BRICK5_H743_176/BRICK6/Src/Param/param_registry_apply_wrappers.c:172:6:apply_lfo2_depth	16	static
C:/Users/developpeur/Documents/BRICK5_H743_176/BRICK6/Src/Param/param_registry_apply_wrappers.c:173:6:apply_lfo2_shape	16	static
C:/Users/developpeur/Documents/BRICK5_H743_176/BRICK6/Src/Param/param_registry_apply_wrappers.c:175:6:apply_cfg_track	40	static
C:/Users/developpeur/Documents/BRICK5_H743_176/BRICK6/Src/Param/param_registry_apply_wrappers.c:206:6:apply_cfg_track_type	40	static
C:/Users/developpeur/Documents/BRICK5_H743_176/BRICK6/Src/Param/param_registry_apply_wrappers.c:244:6:apply_cfg_midi_ch	24	static
C:/Users/developpeur/Documents/BRICK5_H743_176/BRICK6/Src/Param/param_registry_apply_wrappers.c:252:6:apply_cfg_midi_src	24	static
C:/Users/developpeur/Documents/BRICK5_H743_176/BRICK6/Src/Param/param_registry_apply_wrappers.c:261:6:apply_cfg_rec	16	static
C:/Users/developpeur/Documents/BRICK5_H743_176/BRICK6/Src/Param/param_registry_apply_wrappers.c:271:6:apply_cfg_tempo	16	static
C:/Users/developpeur/Documents/BRICK5_H743_176/BRICK6/Src/Param/param_registry_apply_wrappers.c:281:6:apply_cfg_sync	16	static
C:/Users/developpeur/Documents/BRICK5_H743_176/BRICK6/Src/Param/param_registry_apply_wrappers.c:315:6:apply_cfg_rec_len	16	static
C:/Users/developpeur/Documents/BRICK5_H743_176/BRICK6/Src/Param/param_registry_apply_wrappers.c:325:6:apply_seq_length	32	static
C:/Users/developpeur/Documents/BRICK5_H743_176/BRICK6/Src/Param/param_registry_apply_wrappers.c:349:6:apply_seq_div	16	static
C:/Users/developpeur/Documents/BRICK5_H743_176/BRICK6/Src/Param/param_registry_apply_wrappers.c:355:6:apply_seq_quant	24	static
C:/Users/developpeur/Documents/BRICK5_H743_176/BRICK6/Src/Param/param_registry_apply_wrappers.c:361:6:apply_seq_swing	24	static
C:/Users/developpeur/Documents/BRICK5_H743_176/BRICK6/Src/Param/param_registry_apply_wrappers.c:367:6:apply_kbd_root	16	static
C:/Users/developpeur/Documents/BRICK5_H743_176/BRICK6/Src/Param/param_registry_apply_wrappers.c:368:6:apply_kbd_scale	16	static
C:/Users/developpeur/Documents/BRICK5_H743_176/BRICK6/Src/Param/param_registry_apply_wrappers.c:369:6:apply_kbd_omnichord	8	static
C:/Users/developpeur/Documents/BRICK5_H743_176/BRICK6/Src/Param/param_registry_apply_wrappers.c:370:6:apply_kbd_note_order	8	static
C:/Users/developpeur/Documents/BRICK5_H743_176/BRICK6/Src/Param/param_registry_apply_wrappers.c:371:6:apply_kbd_chord_override	8	static
C:/Users/developpeur/Documents/BRICK5_H743_176/BRICK6/Src/Param/param_registry_apply_wrappers.c:372:6:apply_kbd_mono_last	8	static
C:/Users/developpeur/Documents/BRICK5_H743_176/BRICK6/Src/Param/param_registry_apply_wrappers.c:373:6:apply_arp_hold	8	static
C:/Users/developpeur/Documents/BRICK5_H743_176/BRICK6/Src/Param/param_registry_apply_wrappers.c:374:6:apply_arp_rate	16	static
C:/Users/developpeur/Documents/BRICK5_H743_176/BRICK6/Src/Param/param_registry_apply_wrappers.c:375:6:apply_arp_oct	16	static
C:/Users/developpeur/Documents/BRICK5_H743_176/BRICK6/Src/Param/param_registry_apply_wrappers.c:376:6:apply_arp_pattern	16	static
C:/Users/developpeur/Documents/BRICK5_H743_176/BRICK6/Src/Param/param_registry_apply_wrappers.c:377:6:apply_arp_gate	16	static
C:/Users/developpeur/Documents/BRICK5_H743_176/BRICK6/Src/Param/param_registry_apply_wrappers.c:378:6:apply_arp_swing	16	static
C:/Users/developpeur/Documents/BRICK5_H743_176/BRICK6/Src/Param/param_registry_apply_wrappers.c:379:6:apply_arp_accent	16	static
C:/Users/developpeur/Documents/BRICK5_H743_176/BRICK6/Src/Param/param_registry_apply_wrappers.c:380:6:apply_arp_vel_acc	16	static
C:/Users/developpeur/Documents/BRICK5_H743_176/BRICK6/Src/Param/param_registry_apply_wrappers.c:381:6:apply_arp_strum	16	static
C:/Users/developpeur/Documents/BRICK5_H743_176/BRICK6/Src/Param/param_registry_apply_wrappers.c:382:6:apply_arp_offset	24	static
C:/Users/developpeur/Documents/BRICK5_H743_176/BRICK6/Src/Param/param_registry_apply_wrappers.c:383:6:apply_arp_trans	24	static
C:/Users/developpeur/Documents/BRICK5_H743_176/BRICK6/Src/Param/param_registry_apply_wrappers.c:384:6:apply_arp_spread	16	static
C:/Users/developpeur/Documents/BRICK5_H743_176/BRICK6/Src/Param/param_registry_apply_wrappers.c:385:6:apply_arp_dir	16	static
C:/Users/developpeur/Documents/BRICK5_H743_176/BRICK6/Src/Param/param_registry_apply_wrappers.c:386:6:apply_arp_sync	16	static
C:/Users/developpeur/Documents/BRICK5_H743_176/BRICK6/Src/Param/param_registry_apply_wrappers.c:388:6:apply_master_gain	0	static
C:/Users/developpeur/Documents/BRICK5_H743_176/BRICK6/Src/Param/param_registry_apply_wrappers.c:389:6:apply_post_gain	8	static
C:/Users/developpeur/Documents/BRICK5_H743_176/BRICK6/Src/Param/param_registry_apply_wrappers.c:390:6:apply_output_comp	8	static
C:/Users/developpeur/Documents/BRICK5_H743_176/BRICK6/Src/Param/param_registry_apply_wrappers.c:392:6:apply_bus_comp_threshold	8	static
C:/Users/developpeur/Documents/BRICK5_H743_176/BRICK6/Src/Param/param_registry_apply_wrappers.c:393:6:apply_bus_comp_ratio	8	static
C:/Users/developpeur/Documents/BRICK5_H743_176/BRICK6/Src/Param/param_registry_apply_wrappers.c:394:6:apply_bus_comp_attack_index	16	static
C:/Users/developpeur/Documents/BRICK5_H743_176/BRICK6/Src/Param/param_registry_apply_wrappers.c:395:6:apply_bus_comp_release_index	16	static
C:/Users/developpeur/Documents/BRICK5_H743_176/BRICK6/Src/Param/param_registry_apply_wrappers.c:396:6:apply_bus_comp_makeup	8	static
C:/Users/developpeur/Documents/BRICK5_H743_176/BRICK6/Src/Param/param_registry_apply_wrappers.c:397:6:apply_bus_comp_auto_makeup	8	static
C:/Users/developpeur/Documents/BRICK5_H743_176/BRICK6/Src/Param/param_registry_apply_wrappers.c:399:6:apply_daisy_threshold	16	static
C:/Users/developpeur/Documents/BRICK5_H743_176/BRICK6/Src/Param/param_registry_apply_wrappers.c:405:6:apply_daisy_ratio	16	static
C:/Users/developpeur/Documents/BRICK5_H743_176/BRICK6/Src/Param/param_registry_apply_wrappers.c:411:6:apply_daisy_attack	16	static
C:/Users/developpeur/Documents/BRICK5_H743_176/BRICK6/Src/Param/param_registry_apply_wrappers.c:417:6:apply_daisy_release	16	static
C:/Users/developpeur/Documents/BRICK5_H743_176/BRICK6/Src/Param/param_registry_apply_wrappers.c:423:6:apply_daisy_makeup	16	static
C:/Users/developpeur/Documents/BRICK5_H743_176/BRICK6/Src/Param/param_registry_apply_wrappers.c:429:6:apply_daisy_auto_makeup	16	static
C:/Users/developpeur/Documents/BRICK5_H743_176/BRICK6/Src/Param/param_registry_apply_wrappers.c:435:6:apply_daisy_mix	16	static
