C:/Users/developpeur/Documents/BRICK5_H743_176/BRICK6_CUBE_fonctionnel/mutable_instruments/stmlib/dsp/filter.h:182:8:void stmlib::Svf::Init()	16	static
C:/Users/developpeur/Documents/BRICK5_H743_176/BRICK6_CUBE_fonctionnel/mutable_instruments/stmlib/dsp/filter.h:187:8:void stmlib::Svf::Reset()	16	static
C:/Users/developpeur/Documents/BRICK5_H743_176/BRICK6_CUBE_fonctionnel/mutable_instruments/stmlib/dsp/units.h:40:14:float stmlib::SemitonesToRatio(float)	32	static
C:/Users/developpeur/Documents/BRICK5_H743_176/BRICK6_CUBE_fonctionnel/mutable_instruments/stmlib/utils/random.h:38:26:static uint32_t stmlib::Random::state()	4	static
C:/Users/developpeur/Documents/BRICK5_H743_176/BRICK6_CUBE_fonctionnel/mutable_instruments/stmlib/utils/random.h:44:26:static uint32_t stmlib::Random::GetWord()	8	static
C:/Users/developpeur/Documents/BRICK5_H743_176/BRICK6_CUBE_fonctionnel/mutable_instruments/stmlib/utils/random.h:53:23:static float stmlib::Random::GetFloat()	8	static
C:/Users/developpeur/Documents/BRICK5_H743_176/BRICK6_CUBE_fonctionnel/mutable_instruments/plaits/dsp/noise/dust.h:36:14:float plaits::Dust(float)	24	static
../mutable_instruments/plaits/dsp/physical_modelling/string_voice.cc:43:6:void plaits::StringVoice::Init(stmlib::BufferAllocator*)	16	static
../mutable_instruments/plaits/dsp/physical_modelling/string_voice.cc:49:6:void plaits::StringVoice::Reset()	16	static
../mutable_instruments/plaits/dsp/physical_modelling/string_voice.cc:53:6:void plaits::StringVoice::Render(bool, bool, float, float, float, float, float, float*, float*, float*, size_t)	104	static
C:/Users/developpeur/Documents/BRICK5_H743_176/BRICK6_CUBE_fonctionnel/mutable_instruments/stmlib/dsp/filter.h:223:15:void stmlib::Svf::set_f_q(float, float) [with stmlib::FrequencyApproximation approximation = stmlib::FREQUENCY_DIRTY]	24	static
C:\ST\STM32CubeIDE_2.0.0\STM32CubeIDE\plugins\com.st.stm32cube.ide.mcu.externaltools.gnu-tools-for-stm32.13.3.rel1.win32_1.0.100.202509120712\tools\arm-none-eabi\include\c++\13.3.1\bits\stl_algobase.h:233:5:constexpr const _Tp& std::min(const _Tp&, const _Tp&) [with _Tp = float]	16	static
C:\ST\STM32CubeIDE_2.0.0\STM32CubeIDE\plugins\com.st.stm32cube.ide.mcu.externaltools.gnu-tools-for-stm32.13.3.rel1.win32_1.0.100.202509120712\tools\arm-none-eabi\include\c++\13.3.1\bits\stl_algobase.h:233:5:constexpr const _Tp& std::min(const _Tp&, const _Tp&) [with _Tp = unsigned int]	16	static
C:\ST\STM32CubeIDE_2.0.0\STM32CubeIDE\plugins\com.st.stm32cube.ide.mcu.externaltools.gnu-tools-for-stm32.13.3.rel1.win32_1.0.100.202509120712\tools\arm-none-eabi\include\c++\13.3.1\bits\stl_algobase.h:1000:5:void std::fill(_ForwardIterator, _ForwardIterator, const _Tp&) [with _ForwardIterator = float*; _Tp = float]	24	static
C:/Users/developpeur/Documents/BRICK5_H743_176/BRICK6_CUBE_fonctionnel/mutable_instruments/stmlib/dsp/filter.h:280:15:void stmlib::Svf::Process(const float*, float*, size_t) [with stmlib::FilterMode mode = stmlib::FILTER_MODE_LOW_PASS]	48	static
C:/Users/developpeur/Documents/BRICK5_H743_176/BRICK6_CUBE_fonctionnel/mutable_instruments/stmlib/dsp/filter.h:107:23:static float stmlib::OnePole::tan(float) [with stmlib::FrequencyApproximation approximation = stmlib::FREQUENCY_DIRTY]	24	static
C:\ST\STM32CubeIDE_2.0.0\STM32CubeIDE\plugins\com.st.stm32cube.ide.mcu.externaltools.gnu-tools-for-stm32.13.3.rel1.win32_1.0.100.202509120712\tools\arm-none-eabi\include\c++\13.3.1\bits\stl_algobase.h:976:5:void std::__fill_a(_FIte, _FIte, const _Tp&) [with _FIte = float*; _Tp = float]	24	static
C:\ST\STM32CubeIDE_2.0.0\STM32CubeIDE\plugins\com.st.stm32cube.ide.mcu.externaltools.gnu-tools-for-stm32.13.3.rel1.win32_1.0.100.202509120712\tools\arm-none-eabi\include\c++\13.3.1\bits\stl_algobase.h:926:5:typename __gnu_cxx::__enable_if<std::__is_scalar<_Tp>::__value, void>::__type std::__fill_a1(_ForwardIterator, _ForwardIterator, const _Tp&) [with _ForwardIterator = float*; _Tp = float]	32	static
