../Src/Storage/audio_streamer.c:34:13:streamer_id_valid	0	static
../Src/Storage/audio_streamer.c:53:17:streamer_ring_snapshot_used_frames	8	static,ignoring_inline_asm
../Src/Storage/audio_streamer.c:82:17:streamer_ring_used_frames	8	static
../Src/Storage/audio_streamer.c:87:17:streamer_ring_space_frames	16	static
../Src/Storage/audio_streamer.c:100:13:streamer_debug_check_ring	16	static
../Src/Storage/audio_streamer.c:133:14:pcm24_to_float	0	static
../Src/Storage/audio_streamer.c:145:14:pcm32_to_float	0	static
../Src/Storage/audio_streamer.c:39:13:streamer_stop_internal	8	static
../Src/Storage/audio_streamer.c:210:13:streamer_seek_to_start_frame	16	static
../Src/Storage/audio_streamer.c:157:13:streamer_read_bytes	32	static
../Src/Storage/audio_streamer.c:236:17:streamer_fill_ring	72	static,ignoring_inline_asm
../Src/Storage/audio_streamer.c:352:13:streamer_prepare_start	144	static
../Src/Storage/audio_streamer.c:444:6:audio_streamer_seek_frame	24	static,ignoring_inline_asm
../Src/Storage/audio_streamer.c:483:6:audio_streamer_start	40	static
../Src/Storage/audio_streamer.c:507:6:audio_streamer_stop	8	static
../Src/Storage/audio_streamer.c:516:6:audio_streamer_process	16	static
../Src/Storage/audio_streamer.c:551:6:audio_streamer_get_frame	40	static,ignoring_inline_asm
../Src/Storage/audio_streamer.c:630:6:audio_streamer_get_stats	16	static
../Src/Storage/audio_streamer.c:659:6:audio_streamer_is_healthy	8	static
../Src/Storage/audio_streamer.c:668:6:audio_streamer_is_running	0	static
