../Src/Storage/sd_stream.c:544:13:sd_tasklet_step	144	static
../Src/Storage/sd_stream.c:320:19:sd_stream_init	16	static
../Src/Storage/sd_stream.c:357:6:sd_stream_set_logger	0	static
../Src/Storage/sd_stream.c:362:6:sd_stream_set_callback_logging	0	static
../Src/Storage/sd_stream.c:367:19:sd_stream_start_read	168	static
../Src/Storage/sd_stream.c:451:19:sd_stream_start_write	24	static
../Src/Storage/sd_stream.c:493:6:sd_stream_is_busy	0	static
../Src/Storage/sd_stream.c:502:6:sd_stream_is_complete	0	static
../Src/Storage/sd_stream.c:507:6:sd_stream_has_error	0	static
../Src/Storage/sd_stream.c:512:26:sd_stream_get_stats	0	static
../Src/Storage/sd_stream.c:517:10:sd_stream_get_read_buf0_count	0	static
../Src/Storage/sd_stream.c:522:10:sd_stream_get_read_buf1_count	0	static
../Src/Storage/sd_stream.c:527:17:sd_stream_get_buffer0	0	static
../Src/Storage/sd_stream.c:532:17:sd_stream_get_buffer1	0	static
../Src/Storage/sd_stream.c:638:6:sd_tasklet_poll	0	static
../Src/Storage/sd_stream.c:643:6:sd_tasklet_poll_bounded	16	static
../Src/Storage/sd_stream.c:663:6:sd_stream_rx_callback	0	static
../Src/Storage/sd_stream.c:674:6:sd_stream_tx_callback	0	static
../Src/Storage/sd_stream.c:685:6:sd_stream_error_callback	0	static
../Src/Storage/sd_stream.c:697:6:HAL_SDEx_Read_DMADoubleBuf0CpltCallback	8	static
../Src/Storage/sd_stream.c:723:6:HAL_SDEx_Read_DMADoubleBuf1CpltCallback	8	static
../Src/Storage/sd_stream.c:749:6:HAL_SDEx_Write_DMADoubleBuf0CpltCallback	8	static
../Src/Storage/sd_stream.c:762:6:HAL_SDEx_Write_DMADoubleBuf1CpltCallback	8	static
