C:/Users/developpeur/Documents/BRICK5_H743_176/BRICK6/Src/App/Hall/hall_adc.c:47:13:hall_adc_queue_sample	24	static,ignoring_inline_asm
C:/Users/developpeur/Documents/BRICK5_H743_176/BRICK6/Src/App/Hall/hall_adc.c:143:6:hall_adc_init	8	static
C:/Users/developpeur/Documents/BRICK5_H743_176/BRICK6/Src/App/Hall/hall_adc.c:185:9:hall_adc_pop_sample	0	static,ignoring_inline_asm
C:/Users/developpeur/Documents/BRICK5_H743_176/BRICK6/Src/App/Hall/hall_adc.c:207:10:hall_adc_get_raw	0	static
C:/Users/developpeur/Documents/BRICK5_H743_176/BRICK6/Src/App/Hall/hall_adc.c:217:9:hall_adc_get_mux_index	0	static
C:/Users/developpeur/Documents/BRICK5_H743_176/BRICK6/Src/App/Hall/hall_adc.c:234:10:hall_adc_get_sample_count	0	static
C:/Users/developpeur/Documents/BRICK5_H743_176/BRICK6/Src/App/Hall/hall_adc.c:244:10:hall_adc_get_fifo_push_count	0	static
C:/Users/developpeur/Documents/BRICK5_H743_176/BRICK6/Src/App/Hall/hall_adc.c:249:10:hall_adc_get_fifo_drop_count	0	static
C:/Users/developpeur/Documents/BRICK5_H743_176/BRICK6/Src/App/Hall/hall_adc.c:254:10:hall_adc_get_fifo_depth	0	static
C:/Users/developpeur/Documents/BRICK5_H743_176/BRICK6/Src/App/Hall/hall_adc.c:266:10:hall_adc_get_fifo_max_depth	0	static
C:/Users/developpeur/Documents/BRICK5_H743_176/BRICK6/Src/App/Hall/hall_adc.c:271:6:HAL_ADC_ConvCpltCallback	24	static
