../Src/MIDI/midi.c:115:13:usb_tx_queue_push	4	static,ignoring_inline_asm
../Src/MIDI/midi.c:141:13:usb_tx_queue_pop	4	static,ignoring_inline_asm
../Src/MIDI/midi.c:155:13:usb_rx_queue_push	4	static,ignoring_inline_asm
../Src/MIDI/midi.c:176:13:usb_rx_queue_pop	4	static,ignoring_inline_asm
../Src/MIDI/midi.c:226:13:usb_midi_decode_packet	0	static
../Src/MIDI/midi.c:319:13:usb_device_enqueue_packet	8	static
../Src/MIDI/midi.c:102:13:usb_device_ready	8	static
../Src/MIDI/midi.c:106:13:usb_device_send_packets	16	static
../Src/MIDI/midi.c:190:13:midi_usb_try_flush	80	static,ignoring_inline_asm
../Src/MIDI/midi.c:325:13:backend_usb_device_send	16	static,ignoring_inline_asm
../Src/MIDI/midi.c:530:13:midi_send	8	static
../Src/MIDI/midi.c:645:13:midi_channel_mode_cc	16	static
../Src/MIDI/midi.c:425:28:midi_internal_receive	0	static
../Src/MIDI/midi.c:288:13:midi_dispatch_rx_message	8	static
../Src/MIDI/midi.c:296:13:midi_process_usb_rx	16	static
../Src/MIDI/midi.c:453:6:midi_is_initialized	0	static
../Src/MIDI/midi.c:457:6:midi_set_rx_destination	0	static
../Src/MIDI/midi.c:470:13:midi_get_rx_destination	0	static
../Src/MIDI/midi.c:474:6:midi_poll	8	static
../Src/MIDI/midi.c:487:6:midi_send_raw	8	static
../Src/MIDI/midi.c:495:6:midi_clock_set_mode	0	static
../Src/MIDI/midi.c:499:19:midi_clock_get_mode	0	static
../Src/MIDI/midi.c:503:6:midi_clock_set_running	0	static
../Src/MIDI/midi.c:507:6:midi_clock_is_running	0	static
../Src/MIDI/midi.c:511:6:midi_clock_set_destination	0	static
../Src/MIDI/midi.c:515:13:midi_clock_get_destination	0	static
../Src/MIDI/midi.c:560:6:midi_note_off	16	static
../Src/MIDI/midi.c:551:6:midi_note_on	16	static
../Src/MIDI/midi.c:565:6:midi_poly_aftertouch	16	static
../Src/MIDI/midi.c:570:6:midi_cc	16	static
../Src/MIDI/midi.c:575:6:midi_program_change	16	static
../Src/MIDI/midi.c:580:6:midi_channel_pressure	16	static
../Src/MIDI/midi.c:585:6:midi_pitchbend	16	static
../Src/MIDI/midi.c:593:6:midi_mtc_quarter_frame	16	static
../Src/MIDI/midi.c:598:6:midi_song_position	16	static
../Src/MIDI/midi.c:605:6:midi_song_select	16	static
../Src/MIDI/midi.c:610:6:midi_tune_request	16	static
../Src/MIDI/midi.c:615:6:midi_clock	16	static
../Src/MIDI/midi.c:519:6:midi_clock_on_timer_tick	8	static
../Src/MIDI/midi.c:620:6:midi_start	16	static
../Src/MIDI/midi.c:625:6:midi_continue	16	static
../Src/MIDI/midi.c:630:6:midi_stop	16	static
../Src/MIDI/midi.c:635:6:midi_active_sensing	16	static
../Src/MIDI/midi.c:640:6:midi_system_reset	16	static
../Src/MIDI/midi.c:654:6:midi_all_sound_off	8	static
../Src/MIDI/midi.c:658:6:midi_reset_all_controllers	8	static
../Src/MIDI/midi.c:662:6:midi_local_control	8	static
../Src/MIDI/midi.c:666:6:midi_all_notes_off	8	static
../Src/MIDI/midi.c:670:6:midi_omni_mode_off	8	static
../Src/MIDI/midi.c:674:6:midi_omni_mode_on	8	static
../Src/MIDI/midi.c:678:6:midi_mono_mode_on	8	static
../Src/MIDI/midi.c:682:6:midi_poly_mode_on	8	static
../Src/MIDI/midi.c:686:10:midi_usb_queue_high_watermark	0	static
../Src/MIDI/midi.c:690:10:midi_usb_rx_high_watermark	0	static
../Src/MIDI/midi.c:694:6:midi_stats_reset	0	static
../Src/MIDI/midi.c:430:6:midi_init	8	static
../Src/MIDI/midi.c:704:6:midi_usb_rx_submit_from_isr	16	static
../Src/MIDI/midi.c:721:6:USBD_MIDI_OnPacketsReceived	8	static
../Src/MIDI/midi.c:725:6:USBD_MIDI_OnPacketsSent	0	static
