../Src/MIDI/midi.c:87:24:midi_clock_probe_count_f8_in_usb_packets	4	static
../Src/MIDI/midi.c:133:24:midi_clock_compute_next_delta_ticks	0	static
../Src/MIDI/midi.c:178:13:midi_clock_hw_start	16	static
../Src/MIDI/midi.c:192:13:midi_clock_hw_stop	0	static
../Src/MIDI/midi.c:283:20:midi_is_realtime_clock_transport_status	0	static
../Src/MIDI/midi.c:287:20:usb_packet_is_realtime_clock_transport	8	static
../Src/MIDI/midi.c:359:13:usb_tx_queue_push	4	static,ignoring_inline_asm
../Src/MIDI/midi.c:398:13:usb_tx_queue_pop	4	static,ignoring_inline_asm
../Src/MIDI/midi.c:412:13:usb_tx_queue_push_front	0	static,ignoring_inline_asm
../Src/MIDI/midi.c:446:13:usb_rx_queue_push	4	static,ignoring_inline_asm
../Src/MIDI/midi.c:480:13:usb_rx_queue_pop	4	static,ignoring_inline_asm
../Src/MIDI/midi.c:584:13:usb_midi_decode_packet	0	static
../Src/MIDI/midi.c:709:13:usb_device_enqueue_packet	8	static
../Src/MIDI/midi.c:144:17:midi_clock_get_tim5_counter_hz	8	static
../Src/MIDI/midi.c:161:13:midi_clock_recompute_period	24	static
../Src/MIDI/midi.c:306:13:usb_device_ready	8	static
../Src/MIDI/midi.c:324:13:usb_device_send_packets	24	static
../Src/MIDI/midi.c:504:13:midi_usb_try_flush_internal	88	static,ignoring_inline_asm
../Src/MIDI/midi.c:562:13:midi_usb_try_flush	8	static
../Src/MIDI/midi.c:727:13:backend_usb_device_send	32	static,ignoring_inline_asm
../Src/MIDI/midi.c:1216:13:midi_send	8	static
../Src/MIDI/midi.c:1569:13:midi_channel_mode_cc	16	static
../Src/MIDI/midi.c:883:6:midi_internal_receive_with_source	8	static
../Src/MIDI/midi.c:907:28:midi_internal_receive	8	static
../Src/MIDI/midi.c:657:13:midi_dispatch_rx_message	8	static
../Src/MIDI/midi.c:675:13:midi_process_usb_rx	16	static
../Src/MIDI/midi.c:964:6:midi_is_initialized	0	static
../Src/MIDI/midi.c:979:6:midi_set_rx_destination	0	static
../Src/MIDI/midi.c:1004:13:midi_get_rx_destination	0	static
../Src/MIDI/midi.c:1047:6:midi_send_raw	8	static
../Src/MIDI/midi.c:1066:6:midi_clock_set_mode	8	static
../Src/MIDI/midi.c:1087:19:midi_clock_get_mode	0	static
../Src/MIDI/midi.c:1091:6:midi_clock_set_bpm_milli	8	static,ignoring_inline_asm
../Src/MIDI/midi.c:1097:10:midi_clock_get_bpm_milli	0	static
../Src/MIDI/midi.c:1112:6:midi_clock_set_running	8	static,ignoring_inline_asm
../Src/MIDI/midi.c:1135:6:midi_clock_is_running	0	static
../Src/MIDI/midi.c:1150:6:midi_clock_set_destination	0	static
../Src/MIDI/midi.c:1166:13:midi_clock_get_destination	0	static
../Src/MIDI/midi.c:1274:6:midi_note_off	16	static
../Src/MIDI/midi.c:1251:6:midi_note_on	16	static
../Src/MIDI/midi.c:1293:6:midi_poly_aftertouch	16	static
../Src/MIDI/midi.c:1312:6:midi_cc	16	static
../Src/MIDI/midi.c:1330:6:midi_program_change	16	static
../Src/MIDI/midi.c:1348:6:midi_channel_pressure	16	static
../Src/MIDI/midi.c:1366:6:midi_pitchbend	16	static
../Src/MIDI/midi.c:1386:6:midi_mtc_quarter_frame	16	static
../Src/MIDI/midi.c:1403:6:midi_song_position	16	static
../Src/MIDI/midi.c:1422:6:midi_song_select	16	static
../Src/MIDI/midi.c:1438:6:midi_tune_request	16	static
../Src/MIDI/midi.c:1454:6:midi_clock	16	static
../Src/MIDI/midi.c:1180:6:midi_clock_on_timer_tick	8	static
../Src/MIDI/midi.c:946:6:HAL_TIM_OC_DelayElapsedCallback	8	static
../Src/MIDI/midi.c:1494:6:midi_continue	16	static
../Src/MIDI/midi.c:1514:6:midi_stop	16	static
../Src/MIDI/midi.c:1534:6:midi_active_sensing	16	static
../Src/MIDI/midi.c:1550:6:midi_system_reset	16	static
../Src/MIDI/midi.c:1590:6:midi_all_sound_off	8	static
../Src/MIDI/midi.c:1606:6:midi_reset_all_controllers	8	static
../Src/MIDI/midi.c:1623:6:midi_local_control	8	static
../Src/MIDI/midi.c:1639:6:midi_all_notes_off	8	static
../Src/MIDI/midi.c:1655:6:midi_omni_mode_off	8	static
../Src/MIDI/midi.c:1671:6:midi_omni_mode_on	8	static
../Src/MIDI/midi.c:1688:6:midi_mono_mode_on	8	static
../Src/MIDI/midi.c:1704:6:midi_poly_mode_on	8	static
../Src/MIDI/midi.c:1720:10:midi_usb_queue_high_watermark	0	static
../Src/MIDI/midi.c:1736:10:midi_usb_rx_high_watermark	0	static
../Src/MIDI/midi.c:1757:6:midi_clock_tx_probe_reset	8	static
../Src/MIDI/midi.c:1470:6:midi_start	16	static
../Src/MIDI/midi.c:1750:6:midi_stats_reset	8	static
../Src/MIDI/midi.c:921:6:midi_init	8	static
../Src/MIDI/midi.c:1764:6:midi_clock_tx_probe_snapshot	8	static,ignoring_inline_asm
../Src/MIDI/midi.c:106:13:midi_clock_probe_uart_dump_if_due	288	static
../Src/MIDI/midi.c:1018:6:midi_poll	8	static
../Src/MIDI/midi.c:1790:6:midi_usb_rx_submit_from_isr	16	static
../Src/MIDI/midi.c:1819:6:USBD_MIDI_OnPacketsReceived	8	static
../Src/MIDI/midi.c:1833:6:USBD_MIDI_OnPacketsSent	16	static
