C:/Users/developpeur/Documents/BRICK5_H743_176/BRICK6/Src/UI/pages/ui_page_template_tone.c:223:13:ui_page_template_tone_master_fx_format_percent	8	static
C:/Users/developpeur/Documents/BRICK5_H743_176/BRICK6/Src/UI/pages/ui_page_template_tone.c:234:13:ui_page_template_tone_master_fx_format_choice	8	static
C:/Users/developpeur/Documents/BRICK5_H743_176/BRICK6/Src/UI/pages/ui_page_template_tone.c:133:36:ui_page_template_tone_resolve_family	8	static
C:/Users/developpeur/Documents/BRICK5_H743_176/BRICK6/Src/UI/pages/ui_page_template_tone.c:631:13:ui_page_template_tone_sync_drum_family	8	static
C:/Users/developpeur/Documents/BRICK5_H743_176/BRICK6/Src/UI/pages/ui_page_template_tone.c:751:13:ui_page_template_tone_render	8	static
C:/Users/developpeur/Documents/BRICK5_H743_176/BRICK6/Src/UI/pages/ui_page_template_tone.c:744:13:ui_page_template_tone_sync_active_context	8	static
C:/Users/developpeur/Documents/BRICK5_H743_176/BRICK6/Src/UI/pages/ui_page_template_tone.c:737:13:ui_page_template_tone_tick	8	static
C:/Users/developpeur/Documents/BRICK5_H743_176/BRICK6/Src/UI/pages/ui_page_template_tone.c:729:13:ui_page_template_tone_handle_event	8	static
C:/Users/developpeur/Documents/BRICK5_H743_176/BRICK6/Src/UI/pages/ui_page_template_tone.c:723:13:ui_page_template_tone_enter	8	static
C:/Users/developpeur/Documents/BRICK5_H743_176/BRICK6/Src/UI/pages/ui_page_template_tone.c:446:16:ui_page_template_tone_param_text	56	static
C:/Users/developpeur/Documents/BRICK5_H743_176/BRICK6/Src/UI/pages/ui_page_template_tone.c:663:6:ui_page_template_tone_register_families	32	static
