C:/Users/developpeur/Documents/BRICK5_H743_176/BRICK6/Src/UI/pages/ui_page_template_tone.c:300:17:ui_page_template_tone_wave_u15	0	static
C:/Users/developpeur/Documents/BRICK5_H743_176/BRICK6/Src/UI/pages/ui_page_template_tone.c:333:13:ui_page_template_tone_wave_format_bipolar_float	16	static
C:/Users/developpeur/Documents/BRICK5_H743_176/BRICK6/Src/UI/pages/ui_page_template_tone.c:374:13:ui_page_template_tone_wave_format_q7_interval	8	static
C:/Users/developpeur/Documents/BRICK5_H743_176/BRICK6/Src/UI/pages/ui_page_template_tone.c:1062:13:ui_page_template_tone_master_fx_format_choice	8	static
C:/Users/developpeur/Documents/BRICK5_H743_176/BRICK6/Src/UI/pages/ui_page_template_tone.c:313:13:ui_page_template_tone_wave_format_percent	8	static
C:/Users/developpeur/Documents/BRICK5_H743_176/BRICK6/Src/UI/pages/ui_page_template_tone.c:280:37:ui_page_template_tone_wave_labels_for_active_track	24	static
C:/Users/developpeur/Documents/BRICK5_H743_176/BRICK6/Src/UI/pages/ui_page_template_tone.c:915:26:ui_page_template_tone_pick_widget	40	static
C:/Users/developpeur/Documents/BRICK5_H743_176/BRICK6/Src/UI/pages/ui_page_template_tone.c:163:36:ui_page_template_tone_resolve_family	8	static
C:/Users/developpeur/Documents/BRICK5_H743_176/BRICK6/Src/UI/pages/ui_page_template_tone.c:1529:13:ui_page_template_tone_sync_drum_family	8	static
C:/Users/developpeur/Documents/BRICK5_H743_176/BRICK6/Src/UI/pages/ui_page_template_tone.c:1672:13:ui_page_template_tone_render	8	static
C:/Users/developpeur/Documents/BRICK5_H743_176/BRICK6/Src/UI/pages/ui_page_template_tone.c:1665:13:ui_page_template_tone_sync_active_context	8	static
C:/Users/developpeur/Documents/BRICK5_H743_176/BRICK6/Src/UI/pages/ui_page_template_tone.c:1658:13:ui_page_template_tone_tick	8	static
C:/Users/developpeur/Documents/BRICK5_H743_176/BRICK6/Src/UI/pages/ui_page_template_tone.c:1650:13:ui_page_template_tone_handle_event	8	static
C:/Users/developpeur/Documents/BRICK5_H743_176/BRICK6/Src/UI/pages/ui_page_template_tone.c:1644:13:ui_page_template_tone_enter	8	static
C:/Users/developpeur/Documents/BRICK5_H743_176/BRICK6/Src/UI/pages/ui_page_template_tone.c:968:41:ui_page_template_tone_pick_custom_widget	24	static
C:/Users/developpeur/Documents/BRICK5_H743_176/BRICK6/Src/UI/pages/ui_page_template_tone.c:1259:16:ui_page_template_tone_param_text	64	static
C:/Users/developpeur/Documents/BRICK5_H743_176/BRICK6/Src/UI/pages/ui_page_template_tone.c:1561:6:ui_page_template_tone_register_families	32	static
C:/Users/developpeur/Documents/BRICK5_H743_176/BRICK6/Src/UI/pages/ui_page_template_tone.c:1622:6:ui_page_template_tone_open_primary	8	static
C:/Users/developpeur/Documents/BRICK5_H743_176/BRICK6/Src/UI/pages/ui_page_template_tone.c:1629:6:ui_page_template_tone_toggle_subset	8	static
