C:/Users/developpeur/Documents/BRICK5_H743_176/BRICK6/Src/Storage/audio_test_csv.c:146:13:copy_text	32	static
C:/Users/developpeur/Documents/BRICK5_H743_176/BRICK6/Src/Storage/audio_test_csv.c:161:14:track_rms	16	static
C:/Users/developpeur/Documents/BRICK5_H743_176/BRICK6/Src/Storage/audio_test_csv.c:172:14:track_k_weighted_mean	16	static
C:/Users/developpeur/Documents/BRICK5_H743_176/BRICK6/Src/Storage/audio_test_csv.c:185:14:track_dc	16	static
C:/Users/developpeur/Documents/BRICK5_H743_176/BRICK6/Src/Storage/audio_test_csv.c:196:14:dbfs	16	static
C:/Users/developpeur/Documents/BRICK5_H743_176/BRICK6/Src/Storage/audio_test_csv.c:201:14:global_rms	24	static
C:/Users/developpeur/Documents/BRICK5_H743_176/BRICK6/Src/Storage/audio_test_csv.c:215:20:engine_name	16	static
C:/Users/developpeur/Documents/BRICK5_H743_176/BRICK6/Src/Storage/audio_test_csv.c:234:16:track_param_raw	24	static
C:/Users/developpeur/Documents/BRICK5_H743_176/BRICK6/Src/Storage/audio_test_csv.c:241:14:track_param	24	static
C:/Users/developpeur/Documents/BRICK5_H743_176/BRICK6/Src/Storage/audio_test_csv.c:248:13:capture_models	40	static
C:/Users/developpeur/Documents/BRICK5_H743_176/BRICK6/Src/Storage/audio_test_csv.c:283:6:audio_test_csv_init	8	static
C:/Users/developpeur/Documents/BRICK5_H743_176/BRICK6/Src/Storage/audio_test_csv.c:294:6:audio_test_csv_begin_session	4	static
C:/Users/developpeur/Documents/BRICK5_H743_176/BRICK6/Src/Storage/audio_test_csv.c:303:9:audio_test_csv_enqueue_auto	40	static
C:/Users/developpeur/Documents/BRICK5_H743_176/BRICK6/Src/Storage/audio_test_csv.c:391:9:audio_test_csv_enqueue_summary	16	static
C:/Users/developpeur/Documents/BRICK5_H743_176/BRICK6/Src/Storage/audio_test_csv.c:431:16:write_all	32	static
C:/Users/developpeur/Documents/BRICK5_H743_176/BRICK6/Src/Storage/audio_test_csv.c:439:16:file_header_matches	3200	static
C:/Users/developpeur/Documents/BRICK5_H743_176/BRICK6/Src/Storage/audio_test_csv.c:456:17:read_last_sequence	64	static
C:/Users/developpeur/Documents/BRICK5_H743_176/BRICK6/Src/Storage/audio_test_csv.c:487:16:prepare_path	624	static
C:/Users/developpeur/Documents/BRICK5_H743_176/BRICK6/Src/Storage/audio_test_csv.c:526:16:appendf	28	static
C:/Users/developpeur/Documents/BRICK5_H743_176/BRICK6/Src/Storage/audio_test_csv.c:544:16:format_request	664	static
C:/Users/developpeur/Documents/BRICK5_H743_176/BRICK6/Src/Storage/audio_test_csv.c:678:16:append_request	624	static
C:/Users/developpeur/Documents/BRICK5_H743_176/BRICK6/Src/Storage/audio_test_csv.c:705:6:audio_test_csv_service	16	static
C:/Users/developpeur/Documents/BRICK5_H743_176/BRICK6/Src/Storage/audio_test_csv.c:741:25:audio_test_csv_take_result	16	static
C:/Users/developpeur/Documents/BRICK5_H743_176/BRICK6/Src/Storage/audio_test_csv.c:748:9:audio_test_csv_is_busy	4	static
