../Src/App/hall_kbd.c:338:13:hall_process_key_sample	40	static,ignoring_inline_asm
../Src/App/hall_kbd.c:575:6:hall_kbd_init	56	static
../Src/App/hall_kbd.c:639:6:hall_kbd_start	16	static
../Src/App/hall_kbd.c:655:6:hall_kbd_poll	104	static,ignoring_inline_asm
../Src/App/hall_kbd.c:705:9:hall_kbd_is_pressed	0	static
../Src/App/hall_kbd.c:715:9:hall_kbd_get_velocity	0	static
../Src/App/hall_kbd.c:725:9:hall_kbd_get_value	0	static
../Src/App/hall_kbd.c:735:10:hall_kbd_get_raw	0	static
../Src/App/hall_kbd.c:745:10:hall_kbd_get_filtered	0	static
../Src/App/hall_kbd.c:755:10:hall_kbd_get_min	0	static
../Src/App/hall_kbd.c:765:10:hall_kbd_get_max	0	static
../Src/App/hall_kbd.c:775:10:hall_kbd_get_threshold	0	static
../Src/App/hall_kbd.c:785:10:hall_kbd_get_hysteresis	0	static
../Src/App/hall_kbd.c:795:10:hall_kbd_get_scan_overrun_count	0	static
../Src/App/hall_kbd.c:800:10:hall_kbd_get_event_overflow_count	0	static
../Src/App/hall_kbd.c:805:10:hall_kbd_get_isr_max_cycles	0	static
../Src/App/hall_kbd.c:810:10:hall_kbd_get_isr_max_time_us	0	static
../Src/App/hall_kbd.c:815:10:hall_kbd_get_adc_error_count	0	static
../Src/App/hall_kbd.c:820:10:hall_kbd_get_last_raw_adc1	0	static
../Src/App/hall_kbd.c:825:10:hall_kbd_get_last_raw_adc2	0	static
../Src/App/hall_kbd.c:830:6:TIM6_DAC_IRQHandler	56	static,ignoring_inline_asm
