../Src/App/hall_kbd.c:335:13:hall_process_key_sample	48	static,ignoring_inline_asm
../Src/App/hall_kbd.c:544:6:hall_kbd_init	56	static
../Src/App/hall_kbd.c:608:6:hall_kbd_start	16	static
../Src/App/hall_kbd.c:623:6:hall_kbd_poll	104	static,ignoring_inline_asm
../Src/App/hall_kbd.c:673:9:hall_kbd_is_pressed	0	static
../Src/App/hall_kbd.c:683:9:hall_kbd_get_velocity	0	static
../Src/App/hall_kbd.c:693:9:hall_kbd_get_value	0	static
../Src/App/hall_kbd.c:703:10:hall_kbd_get_raw	0	static
../Src/App/hall_kbd.c:713:10:hall_kbd_get_filtered	0	static
../Src/App/hall_kbd.c:723:10:hall_kbd_get_min	0	static
../Src/App/hall_kbd.c:733:10:hall_kbd_get_max	0	static
../Src/App/hall_kbd.c:743:10:hall_kbd_get_threshold	0	static
../Src/App/hall_kbd.c:753:10:hall_kbd_get_hysteresis	0	static
../Src/App/hall_kbd.c:763:10:hall_kbd_get_scan_overrun_count	0	static
../Src/App/hall_kbd.c:768:10:hall_kbd_get_event_overflow_count	0	static
../Src/App/hall_kbd.c:773:10:hall_kbd_get_isr_max_cycles	0	static
../Src/App/hall_kbd.c:778:10:hall_kbd_get_isr_max_time_us	0	static
../Src/App/hall_kbd.c:783:10:hall_kbd_get_adc_error_count	0	static
../Src/App/hall_kbd.c:788:10:hall_kbd_get_last_raw_adc1	0	static
../Src/App/hall_kbd.c:793:10:hall_kbd_get_last_raw_adc2	0	static
../Src/App/hall_kbd.c:798:6:TIM6_DAC_IRQHandler	56	static,ignoring_inline_asm
