C:/Users/developpeur/Documents/BRICK5_H743_176/BRICK6/Src/Storage/patch_v1.c:64:16:patch_v1_text_equal	4	static
C:/Users/developpeur/Documents/BRICK5_H743_176/BRICK6/Src/Storage/patch_v1.c:128:16:patch_v1_track_uses_sampler_asset	0	static
C:/Users/developpeur/Documents/BRICK5_H743_176/BRICK6/Src/Storage/patch_v1.c:141:16:patch_v1_sampler_asset_kind_matches_type	0	static
C:/Users/developpeur/Documents/BRICK5_H743_176/BRICK6/Src/Storage/patch_v1.c:16:13:patch_v1_copy_text	16	static
C:/Users/developpeur/Documents/BRICK5_H743_176/BRICK6/Src/Storage/patch_v1.c:220:26:patch_v1_resolve_capture_group	24	static
C:/Users/developpeur/Documents/BRICK5_H743_176/BRICK6/Src/Storage/patch_v1.c:413:26:patch_v1_resolve_apply_targets	24	static
C:/Users/developpeur/Documents/BRICK5_H743_176/BRICK6/Src/Storage/patch_v1.c:30:13:patch_v1_capture_sampler_asset	16	static
C:/Users/developpeur/Documents/BRICK5_H743_176/BRICK6/Src/Storage/patch_v1.c:192:26:patch_v1_capture_member	32	static
C:/Users/developpeur/Documents/BRICK5_H743_176/BRICK6/Src/Storage/patch_v1.c:86:16:patch_v1_resolve_loaded_asset	24	static
C:/Users/developpeur/Documents/BRICK5_H743_176/BRICK6/Src/Storage/patch_v1.c:157:16:patch_v1_family_type_is_valid	8	static
C:/Users/developpeur/Documents/BRICK5_H743_176/BRICK6/Src/Storage/patch_v1.c:354:26:patch_v1_validate_loaded_patch	32	static
C:/Users/developpeur/Documents/BRICK5_H743_176/BRICK6/Src/Storage/patch_v1.c:172:13:patch_v1_reapply_track_params	24	static
C:/Users/developpeur/Documents/BRICK5_H743_176/BRICK6/Src/Storage/patch_v1.c:456:26:patch_v1_apply_loaded_patch_to_targets	96	static
C:/Users/developpeur/Documents/BRICK5_H743_176/BRICK6/Src/Storage/patch_v1.c:266:6:patch_v1_init	8	static
C:/Users/developpeur/Documents/BRICK5_H743_176/BRICK6/Src/Storage/patch_v1.c:272:19:patch_v1_capture_track	40	static
C:/Users/developpeur/Documents/BRICK5_H743_176/BRICK6/Src/Storage/patch_v1.c:319:19:patch_v1_save_track_direct	3032	static
C:/Users/developpeur/Documents/BRICK5_H743_176/BRICK6/Src/Storage/patch_v1.c:527:19:patch_v1_apply_slot_to_track	3040	static
C:/Users/developpeur/Documents/BRICK5_H743_176/BRICK6/Src/Storage/patch_v1.c:577:19:patch_v1_rename_slot	16	static
C:/Users/developpeur/Documents/BRICK5_H743_176/BRICK6/Src/Storage/patch_v1.c:610:19:patch_v1_delete_slot	24	static
C:/Users/developpeur/Documents/BRICK5_H743_176/BRICK6/Src/Storage/patch_v1.c:654:6:patch_v1_set_current_slot	0	static
C:/Users/developpeur/Documents/BRICK5_H743_176/BRICK6/Src/Storage/patch_v1.c:662:10:patch_v1_get_current_slot	0	static
C:/Users/developpeur/Documents/BRICK5_H743_176/BRICK6/Src/Storage/patch_v1.c:667:13:patch_v1_result_label	0	static
