C:/Users/developpeur/Documents/BRICK5_H743_176/BRICK6/Src/Storage/sd_preview.c:82:13:sd_preview_ring_reset	0	static
C:/Users/developpeur/Documents/BRICK5_H743_176/BRICK6/Src/Storage/sd_preview.c:89:16:sd_preview_ring_push	8	static,ignoring_inline_asm
C:/Users/developpeur/Documents/BRICK5_H743_176/BRICK6/Src/Storage/sd_preview.c:112:16:sd_preview_ring_pop	16	static,ignoring_inline_asm
C:/Users/developpeur/Documents/BRICK5_H743_176/BRICK6/Src/Storage/sd_preview.c:135:13:sd_preview_reset_source_state	0	static
C:/Users/developpeur/Documents/BRICK5_H743_176/BRICK6/Src/Storage/sd_preview.c:187:13:sd_preview_set_error	0	static
C:/Users/developpeur/Documents/BRICK5_H743_176/BRICK6/Src/Storage/sd_preview.c:156:13:sd_preview_clear_session	16	static
C:/Users/developpeur/Documents/BRICK5_H743_176/BRICK6/Src/Storage/sd_preview.c:193:16:sd_preview_refill_io_buffer	16	static
C:/Users/developpeur/Documents/BRICK5_H743_176/BRICK6/Src/Storage/sd_preview.c:252:16:sd_preview_decode_next_source_frame	32	static
C:/Users/developpeur/Documents/BRICK5_H743_176/BRICK6/Src/Storage/sd_preview.c:278:16:sd_preview_prepare_stream	16	static
C:/Users/developpeur/Documents/BRICK5_H743_176/BRICK6/Src/Storage/sd_preview.c:347:16:sd_preview_ensure_source_window	16	static
C:/Users/developpeur/Documents/BRICK5_H743_176/BRICK6/Src/Storage/sd_preview.c:380:16:sd_preview_generate_one	24	static
C:/Users/developpeur/Documents/BRICK5_H743_176/BRICK6/Src/Storage/sd_preview.c:418:13:sd_preview_fill_ring	16	static
C:/Users/developpeur/Documents/BRICK5_H743_176/BRICK6/Src/Storage/sd_preview.c:448:6:sd_preview_init	8	static
C:/Users/developpeur/Documents/BRICK5_H743_176/BRICK6/Src/Storage/sd_preview.c:458:9:sd_preview_is_active	0	static
C:/Users/developpeur/Documents/BRICK5_H743_176/BRICK6/Src/Storage/sd_preview.c:464:20:sd_preview_get_state	0	static
C:/Users/developpeur/Documents/BRICK5_H743_176/BRICK6/Src/Storage/sd_preview.c:469:20:sd_preview_get_last_error	0	static
C:/Users/developpeur/Documents/BRICK5_H743_176/BRICK6/Src/Storage/sd_preview.c:474:13:sd_preview_get_path	0	static
C:/Users/developpeur/Documents/BRICK5_H743_176/BRICK6/Src/Storage/sd_preview.c:479:19:sd_preview_get_source_info	0	static
C:/Users/developpeur/Documents/BRICK5_H743_176/BRICK6/Src/Storage/sd_preview.c:484:6:sd_preview_set_gain	0	static
C:/Users/developpeur/Documents/BRICK5_H743_176/BRICK6/Src/Storage/sd_preview.c:498:7:sd_preview_get_gain	0	static
C:/Users/developpeur/Documents/BRICK5_H743_176/BRICK6/Src/Storage/sd_preview.c:631:6:sd_preview_stop	8	static
C:/Users/developpeur/Documents/BRICK5_H743_176/BRICK6/Src/Storage/sd_preview.c:503:9:sd_preview_begin_range	24	static
C:/Users/developpeur/Documents/BRICK5_H743_176/BRICK6/Src/Storage/sd_preview.c:626:9:sd_preview_begin	8	static
C:/Users/developpeur/Documents/BRICK5_H743_176/BRICK6/Src/Storage/sd_preview.c:637:6:sd_preview_process	8	static
C:/Users/developpeur/Documents/BRICK5_H743_176/BRICK6/Src/Storage/sd_preview.c:672:9:sd_preview_render_main	32	static
