C:/Users/developpeur/Documents/BRICK5_H743_176/BRICK6/Src/Seq/seq_live_rec_session.c:424:16:seq_live_rec_session_find_pending_for_note	20	static
C:/Users/developpeur/Documents/BRICK5_H743_176/BRICK6/Src/Seq/seq_live_rec_session.c:472:16:seq_live_rec_session_find_pending_for_voice	8	static
C:/Users/developpeur/Documents/BRICK5_H743_176/BRICK6/Src/Seq/seq_live_rec_session.c:630:13:seq_live_rec_session_pattern_rec_cancel	0	static
C:/Users/developpeur/Documents/BRICK5_H743_176/BRICK6/Src/Seq/seq_live_rec_session.c:182:13:seq_live_rec_session_compute_step_and_mictim	32	static
C:/Users/developpeur/Documents/BRICK5_H743_176/BRICK6/Src/Seq/seq_live_rec_session.c:606:13:seq_live_rec_session_pattern_rec_start_now	88	static
C:/Users/developpeur/Documents/BRICK5_H743_176/BRICK6/Src/Seq/seq_live_rec_session.c:83:16:seq_live_rec_session_is_live_rec_active	8	static
C:/Users/developpeur/Documents/BRICK5_H743_176/BRICK6/Src/Seq/seq_live_rec_session.c:96:16:seq_live_rec_session_track_accepts_source	16	static
C:/Users/developpeur/Documents/BRICK5_H743_176/BRICK6/Src/Seq/seq_live_rec_session.c:287:16:seq_live_rec_session_read_play_param	16	static
C:/Users/developpeur/Documents/BRICK5_H743_176/BRICK6/Src/Seq/seq_live_rec_session.c:144:15:seq_live_rec_session_apply_track_quant	16	static
C:/Users/developpeur/Documents/BRICK5_H743_176/BRICK6/Src/Seq/seq_live_rec_session.c:268:16:seq_live_rec_session_delete_play_param	16	static
C:/Users/developpeur/Documents/BRICK5_H743_176/BRICK6/Src/Seq/seq_live_rec_session.c:253:16:seq_live_rec_session_upsert_play_param	24	static
C:/Users/developpeur/Documents/BRICK5_H743_176/BRICK6/Src/Seq/seq_live_rec_session.c:311:16:seq_live_rec_session_restore_play_param	24	static
C:/Users/developpeur/Documents/BRICK5_H743_176/BRICK6/Src/Seq/seq_live_rec_session.c:363:13:seq_live_rec_session_finalize_pending	24	static
C:/Users/developpeur/Documents/BRICK5_H743_176/BRICK6/Src/Seq/seq_live_rec_session.c:331:13:seq_live_rec_session_clear_voice_play_params	24	static
C:/Users/developpeur/Documents/BRICK5_H743_176/BRICK6/Src/Seq/seq_live_rec_session.c:677:6:seq_live_rec_session_init	8	static
C:/Users/developpeur/Documents/BRICK5_H743_176/BRICK6/Src/Seq/seq_live_rec_session.c:693:6:seq_live_rec_session_reset_capture	8	static
C:/Users/developpeur/Documents/BRICK5_H743_176/BRICK6/Src/Seq/seq_live_rec_session.c:698:6:seq_live_rec_session_on_transport_start	8	static
C:/Users/developpeur/Documents/BRICK5_H743_176/BRICK6/Src/Seq/seq_live_rec_session.c:709:6:seq_live_rec_session_on_transport_stop	8	static
C:/Users/developpeur/Documents/BRICK5_H743_176/BRICK6/Src/Seq/seq_live_rec_session.c:716:6:seq_live_rec_session_on_step_advanced	16	static
C:/Users/developpeur/Documents/BRICK5_H743_176/BRICK6/Src/Seq/seq_live_rec_session.c:726:6:seq_live_rec_session_toggle_arm	24	static
C:/Users/developpeur/Documents/BRICK5_H743_176/BRICK6/Src/Seq/seq_live_rec_session.c:769:9:seq_live_rec_session_rec_is_armed	0	static
C:/Users/developpeur/Documents/BRICK5_H743_176/BRICK6/Src/Seq/seq_live_rec_session.c:774:6:seq_live_rec_session_set_rec_start_mode	8	static
C:/Users/developpeur/Documents/BRICK5_H743_176/BRICK6/Src/Seq/seq_live_rec_session.c:792:9:seq_live_rec_session_get_rec_start_mode	0	static
C:/Users/developpeur/Documents/BRICK5_H743_176/BRICK6/Src/Seq/seq_live_rec_session.c:797:9:seq_live_rec_session_rec_should_wait_trigger_start	8	static
C:/Users/developpeur/Documents/BRICK5_H743_176/BRICK6/Src/Seq/seq_live_rec_session.c:810:9:seq_live_rec_session_consume_trigger_start_note_on	0	static
C:/Users/developpeur/Documents/BRICK5_H743_176/BRICK6/Src/Seq/seq_live_rec_session.c:823:6:seq_live_rec_session_clear_trigger_start_wait	0	static
C:/Users/developpeur/Documents/BRICK5_H743_176/BRICK6/Src/Seq/seq_live_rec_session.c:828:9:seq_live_rec_session_rec_is_waiting_trigger_start	0	static
C:/Users/developpeur/Documents/BRICK5_H743_176/BRICK6/Src/Seq/seq_live_rec_session.c:833:6:seq_live_rec_session_set_rec_len_mode	8	static
C:/Users/developpeur/Documents/BRICK5_H743_176/BRICK6/Src/Seq/seq_live_rec_session.c:847:9:seq_live_rec_session_get_rec_len_mode	0	static
C:/Users/developpeur/Documents/BRICK5_H743_176/BRICK6/Src/Seq/seq_live_rec_session.c:852:9:seq_live_rec_session_rec_is_pattern_pending_start	0	static
C:/Users/developpeur/Documents/BRICK5_H743_176/BRICK6/Src/Seq/seq_live_rec_session.c:858:6:seq_live_rec_session_set_pattern_rec_target_track	0	static
C:/Users/developpeur/Documents/BRICK5_H743_176/BRICK6/Src/Seq/seq_live_rec_session.c:874:9:seq_live_rec_session_live_rec_param_can_write	16	static
C:/Users/developpeur/Documents/BRICK5_H743_176/BRICK6/Src/Seq/seq_live_rec_session.c:895:9:seq_live_rec_session_live_rec_param_write	32	static
C:/Users/developpeur/Documents/BRICK5_H743_176/BRICK6/Src/Seq/seq_live_rec_session.c:929:6:seq_live_rec_session_live_rec_note_on	136	static
C:/Users/developpeur/Documents/BRICK5_H743_176/BRICK6/Src/Seq/seq_live_rec_session.c:1085:6:seq_live_rec_session_live_rec_note_off	88	static
