C:\ST\STM32CubeIDE_2.0.0\STM32CubeIDE\plugins\com.st.stm32cube.ide.mcu.externaltools.gnu-tools-for-stm32.13.3.rel1.win32_1.0.100.202509120712\tools\bin/../lib/gcc/arm-none-eabi/13.3.1/../../../../arm-none-eabi/include/c++/13.3.1/cmath:2326:3:constexpr float std::log2(float)	16	static
C:\ST\STM32CubeIDE_2.0.0\STM32CubeIDE\plugins\com.st.stm32cube.ide.mcu.externaltools.gnu-tools-for-stm32.13.3.rel1.win32_1.0.100.202509120712\tools\bin/../lib/gcc/arm-none-eabi/13.3.1/../../../../arm-none-eabi/include/c++/13.3.1/cmath:2482:3:constexpr float std::round(float)	16	static
../Micro_Dexed/fm_core.h:50:13:FmCore::~FmCore()	16	static
../Micro_Dexed/fm_core.h:50:13:virtual FmCore::~FmCore()	16	static
../Micro_Dexed/EngineMkI.cpp:68:24:uint16_t sinLog(uint16_t)	24	static
../Micro_Dexed/fm_core.h:48:7:FmCore::FmCore()	16	static
../Micro_Dexed/EngineMkI.cpp:84:1:EngineMkI::EngineMkI()	40	static
../Micro_Dexed/EngineMkI.cpp:122:16:int32_t mkiSin(int32_t, uint16_t)	24	static
../Micro_Dexed/EngineMkI.cpp:149:6:void EngineMkI::compute(int32_t*, const int32_t*, int32_t, int32_t, int32_t, int32_t, bool)	48	static
../Micro_Dexed/EngineMkI.cpp:166:6:void EngineMkI::compute_pure(int32_t*, int32_t, int32_t, int32_t, int32_t, bool)	48	static
../Micro_Dexed/EngineMkI.cpp:181:6:void EngineMkI::compute_fb(int32_t*, int32_t, int32_t, int32_t, int32_t, int32_t*, int, bool)	56	static
../Micro_Dexed/EngineMkI.cpp:205:6:void EngineMkI::compute_fb2(int32_t*, FmOpParams*, int32_t, int32_t, int32_t*, int)	64	static
../Micro_Dexed/EngineMkI.cpp:244:6:void EngineMkI::compute_fb3(int32_t*, FmOpParams*, int32_t, int32_t, int32_t*, int)	80	static
../Micro_Dexed/EngineMkI.cpp:292:6:void EngineMkI::render(int32_t*, FmOpParams*, int, int32_t*, int32_t)	144	static
C:\ST\STM32CubeIDE_2.0.0\STM32CubeIDE\plugins\com.st.stm32cube.ide.mcu.externaltools.gnu-tools-for-stm32.13.3.rel1.win32_1.0.100.202509120712\tools\bin/../lib/gcc/arm-none-eabi/13.3.1/../../../../arm-none-eabi/include/c++/13.3.1/cmath:1070:5:constexpr typename __gnu_cxx::__promote_2<_Tp, _Up>::__type std::pow(_Tp, _Up) [with _Tp = int; _Up = float]	16	static
../Micro_Dexed/aligned_buf.h:29:8:T* AlignedBuf<T, size, alignment>::get() [with T = long int; unsigned int size = 64; unsigned int alignment = 16]	16	static
../Micro_Dexed/synth.h:55:17:T min(const T&, const T&) [with T = long int]	16	static
../Micro_Dexed/EngineMkI.h:29:7:EngineMkI::~EngineMkI()	16	static
../Micro_Dexed/EngineMkI.h:29:7:virtual EngineMkI::~EngineMkI()	16	static
