C:\ST\STM32CubeIDE_2.0.0\STM32CubeIDE\plugins\com.st.stm32cube.ide.mcu.externaltools.gnu-tools-for-stm32.13.3.rel1.win32_1.0.100.202509120712\tools\bin/../lib/gcc/arm-none-eabi/13.3.1/../../../../arm-none-eabi/include/c++/13.3.1/new:174:33:void* operator new(std::size_t, void*)	16	static
../Micro_Dexed/microdexed_marki_minimal.cpp:7:1:MicroDexedMarkIMinimal::MicroDexedMarkIMinimal()	16	static
../Micro_Dexed/microdexed_marki_minimal.cpp:9:1:MicroDexedMarkIMinimal::~MicroDexedMarkIMinimal()	16	static
../Micro_Dexed/microdexed_marki_minimal.cpp:15:6:bool MicroDexedMarkIMinimal::init(int)	24	static
../Micro_Dexed/microdexed_marki_minimal.cpp:32:6:bool MicroDexedMarkIMinimal::loadPatchFromMemory(const uint8_t*)	16	static
../Micro_Dexed/microdexed_marki_minimal.cpp:40:6:void MicroDexedMarkIMinimal::loadDefaultPatch()	176	static
../Micro_Dexed/microdexed_marki_minimal.cpp:50:6:void MicroDexedMarkIMinimal::noteOn(uint8_t, uint8_t)	16	static
../Micro_Dexed/microdexed_marki_minimal.cpp:56:6:void MicroDexedMarkIMinimal::noteOff(uint8_t)	16	static
../Micro_Dexed/microdexed_marki_minimal.cpp:62:6:void MicroDexedMarkIMinimal::allNotesOff()	16	static
../Micro_Dexed/microdexed_marki_minimal.cpp:68:6:void MicroDexedMarkIMinimal::render(int16_t*, int)	40	static
../Micro_Dexed/microdexed_marki_minimal.cpp:83:6:bool MicroDexedMarkIMinimal::getPatchData(uint8_t*) const	16	static
../Micro_Dexed/microdexed_marki_minimal.cpp:91:6:bool MicroDexedMarkIMinimal::setVoiceParameter(uint8_t, uint8_t)	16	static
../Micro_Dexed/microdexed_marki_minimal.cpp:101:9:uint8_t MicroDexedMarkIMinimal::getVoiceParameter(uint8_t) const	16	static
../Micro_Dexed/microdexed_marki_minimal.cpp:109:6:void MicroDexedMarkIMinimal::setMonoMode(bool)	16	static
../Micro_Dexed/microdexed_marki_minimal.cpp:115:6:bool MicroDexedMarkIMinimal::isMonoMode() const	16	static
../Micro_Dexed/microdexed_marki_minimal.cpp:120:6:void MicroDexedMarkIMinimal::setPitchBendRange(uint8_t, uint8_t)	16	static
../Micro_Dexed/microdexed_marki_minimal.cpp:126:6:void MicroDexedMarkIMinimal::setPortamento(uint8_t, uint8_t, uint8_t)	16	static
../Micro_Dexed/microdexed_marki_minimal.cpp:132:6:void MicroDexedMarkIMinimal::setOperatorMask(uint8_t)	16	static
C:\ST\STM32CubeIDE_2.0.0\STM32CubeIDE\plugins\com.st.stm32cube.ide.mcu.externaltools.gnu-tools-for-stm32.13.3.rel1.win32_1.0.100.202509120712\tools\arm-none-eabi\include\c++\13.3.1\bits\stl_algobase.h:233:5:constexpr const _Tp& std::min(const _Tp&, const _Tp&) [with _Tp = int]	16	static
