C:/Users/developpeur/Documents/BRICK5_H743_176/BRICK6/Src/UI/pages/ui_page_settings.c:353:20:ui_page_settings_preview_error_label	0	static
C:/Users/developpeur/Documents/BRICK5_H743_176/BRICK6/Src/UI/pages/ui_page_settings.c:381:20:ui_page_settings_convert_error_label	0	static
C:/Users/developpeur/Documents/BRICK5_H743_176/BRICK6/Src/UI/pages/ui_page_settings.c:501:17:ui_page_settings_filtered_index_for_global	0	static
C:/Users/developpeur/Documents/BRICK5_H743_176/BRICK6/Src/UI/pages/ui_page_settings.c:722:13:ui_page_settings_copy_bytes	4	static
C:/Users/developpeur/Documents/BRICK5_H743_176/BRICK6/Src/UI/pages/ui_page_settings.c:1175:16:ui_page_settings_multi_entry_is_folder_like	0	static
C:/Users/developpeur/Documents/BRICK5_H743_176/BRICK6/Src/UI/pages/ui_page_settings.c:1180:13:ui_page_settings_multi_sort_folders_first	256	static
C:/Users/developpeur/Documents/BRICK5_H743_176/BRICK6/Src/UI/pages/ui_page_settings.c:1547:42:ui_page_settings_sample_selected_entry	0	static
C:/Users/developpeur/Documents/BRICK5_H743_176/BRICK6/Src/UI/pages/ui_page_settings.c:2249:41:ui_page_settings_multi_selected_entry	0	static
C:/Users/developpeur/Documents/BRICK5_H743_176/BRICK6/Src/UI/pages/ui_page_settings.c:2274:17:ui_page_settings_multi_required_slots	0	static
C:/Users/developpeur/Documents/BRICK5_H743_176/BRICK6/Src/UI/pages/ui_page_settings.c:2283:17:ui_page_settings_multi_required_cost_bytes	8	static
C:/Users/developpeur/Documents/BRICK5_H743_176/BRICK6/Src/UI/pages/ui_page_settings.c:2402:17:ui_page_settings_frames_to_prep_bytes	0	static
C:/Users/developpeur/Documents/BRICK5_H743_176/BRICK6/Src/UI/pages/ui_page_settings.c:2634:20:ui_page_settings_multi_load_error_label	0	static
C:/Users/developpeur/Documents/BRICK5_H743_176/BRICK6/Src/UI/pages/ui_page_settings.c:2988:20:ui_page_settings_view_title	0	static
C:/Users/developpeur/Documents/BRICK5_H743_176/BRICK6/Src/UI/pages/ui_page_settings.c:3251:34:ui_page_settings_current_level	0	static
C:/Users/developpeur/Documents/BRICK5_H743_176/BRICK6/Src/UI/pages/ui_page_settings.c:3316:13:ui_page_settings_push	0	static
C:/Users/developpeur/Documents/BRICK5_H743_176/BRICK6/Src/UI/pages/ui_page_settings.c:4467:17:ui_page_settings_clamp_scroll	4	static
C:/Users/developpeur/Documents/BRICK5_H743_176/BRICK6/Src/UI/pages/ui_page_settings.c:4646:20:ui_page_settings_multi_prepare_phase_label	0	static
C:/Users/developpeur/Documents/BRICK5_H743_176/BRICK6/Src/UI/pages/ui_page_settings.c:2435:13:ui_page_settings_format_mb	16	static
C:/Users/developpeur/Documents/BRICK5_H743_176/BRICK6/Src/UI/pages/ui_page_settings.c:594:16:ui_page_settings_stream_find_free_backend_slot	8	static
C:/Users/developpeur/Documents/BRICK5_H743_176/BRICK6/Src/UI/pages/ui_page_settings.c:3037:16:ui_page_settings_view_item_count	8	static
C:/Users/developpeur/Documents/BRICK5_H743_176/BRICK6/Src/UI/pages/ui_page_settings.c:2421:17:ui_page_settings_global_slot_count_used	8	static
C:/Users/developpeur/Documents/BRICK5_H743_176/BRICK6/Src/UI/pages/ui_page_settings.c:2416:17:ui_page_settings_global_memory_used_bytes	8	static
C:/Users/developpeur/Documents/BRICK5_H743_176/BRICK6/Src/UI/pages/ui_page_settings.c:4494:13:ui_page_settings_draw_centered_label	24	static
C:/Users/developpeur/Documents/BRICK5_H743_176/BRICK6/Src/UI/pages/ui_page_settings.c:4536:13:ui_page_settings_draw_page_footer_ex	16	static
C:/Users/developpeur/Documents/BRICK5_H743_176/BRICK6/Src/UI/pages/ui_page_settings.c:4546:13:ui_page_settings_draw_page_footer	8	static
C:/Users/developpeur/Documents/BRICK5_H743_176/BRICK6/Src/UI/pages/ui_page_settings.c:2452:13:ui_page_settings_draw_sample_header	80	static
C:/Users/developpeur/Documents/BRICK5_H743_176/BRICK6/Src/UI/pages/ui_page_settings.c:2426:13:ui_page_settings_draw_global_sample_header	24	static
C:/Users/developpeur/Documents/BRICK5_H743_176/BRICK6/Src/UI/pages/ui_page_settings.c:3261:13:ui_page_settings_status	8	static
C:/Users/developpeur/Documents/BRICK5_H743_176/BRICK6/Src/UI/pages/ui_page_settings.c:2336:13:ui_page_settings_multi_prepare_finish	8	static
C:/Users/developpeur/Documents/BRICK5_H743_176/BRICK6/Src/UI/pages/ui_page_settings.c:1558:13:ui_page_settings_sample_confirm_convert	8	static
C:/Users/developpeur/Documents/BRICK5_H743_176/BRICK6/Src/UI/pages/ui_page_settings.c:1984:13:ui_page_settings_sample_confirm_cancel	8	static
C:/Users/developpeur/Documents/BRICK5_H743_176/BRICK6/Src/UI/pages/ui_page_settings.c:1737:13:ui_page_settings_sample_confirm_replace	8	static
C:/Users/developpeur/Documents/BRICK5_H743_176/BRICK6/Src/UI/pages/ui_page_settings.c:2297:13:ui_page_settings_flash_sample_header_slots	8	static
C:/Users/developpeur/Documents/BRICK5_H743_176/BRICK6/Src/UI/pages/ui_page_settings.c:2303:13:ui_page_settings_flash_sample_header_memory	8	static
C:/Users/developpeur/Documents/BRICK5_H743_176/BRICK6/Src/UI/pages/ui_page_settings.c:4556:20:ui_page_settings_basename	8	static
C:/Users/developpeur/Documents/BRICK5_H743_176/BRICK6/Src/UI/pages/ui_page_settings.c:418:13:ui_page_settings_refresh_global_kind_slots	24	static
C:/Users/developpeur/Documents/BRICK5_H743_176/BRICK6/Src/UI/pages/ui_page_settings.c:452:13:ui_page_settings_refresh_sampler_slots	8	static
C:/Users/developpeur/Documents/BRICK5_H743_176/BRICK6/Src/UI/pages/ui_page_settings.c:3689:13:ui_page_settings_enter	8	static
C:/Users/developpeur/Documents/BRICK5_H743_176/BRICK6/Src/UI/pages/ui_page_settings.c:457:13:ui_page_settings_refresh_ram_slots	8	static
C:/Users/developpeur/Documents/BRICK5_H743_176/BRICK6/Src/UI/pages/ui_page_settings.c:462:13:ui_page_settings_refresh_wavetable_slots	8	static
C:/Users/developpeur/Documents/BRICK5_H743_176/BRICK6/Src/UI/pages/ui_page_settings.c:474:16:ui_page_settings_stream_backend_from_global	24	static
C:/Users/developpeur/Documents/BRICK5_H743_176/BRICK6/Src/UI/pages/ui_page_settings.c:1745:13:ui_page_settings_sample_request_replace	16	static
C:/Users/developpeur/Documents/BRICK5_H743_176/BRICK6/Src/UI/pages/ui_page_settings.c:1762:13:ui_page_settings_sample_confirm_clear	16	static
C:/Users/developpeur/Documents/BRICK5_H743_176/BRICK6/Src/UI/pages/ui_page_settings.c:2039:13:ui_page_settings_sample_copy_right	8	static
C:/Users/developpeur/Documents/BRICK5_H743_176/BRICK6/Src/UI/pages/ui_page_settings.c:513:16:ui_page_settings_multi_backend_from_global	24	static
C:/Users/developpeur/Documents/BRICK5_H743_176/BRICK6/Src/UI/pages/ui_page_settings.c:540:16:ui_page_settings_ram_backend_from_global	24	static
C:/Users/developpeur/Documents/BRICK5_H743_176/BRICK6/Src/UI/pages/ui_page_settings.c:567:16:ui_page_settings_wavetable_backend_from_global	24	static
C:/Users/developpeur/Documents/BRICK5_H743_176/BRICK6/Src/UI/pages/ui_page_settings.c:618:16:ui_page_settings_wav_ext_is_wav	8	static
C:/Users/developpeur/Documents/BRICK5_H743_176/BRICK6/Src/UI/pages/ui_page_settings.c:706:16:ui_page_settings_join_path	32	static
C:/Users/developpeur/Documents/BRICK5_H743_176/BRICK6/Src/UI/pages/ui_page_settings.c:736:16:ui_page_settings_multi_index_name	160	static
C:/Users/developpeur/Documents/BRICK5_H743_176/BRICK6/Src/UI/pages/ui_page_settings.c:634:16:ui_page_settings_wavetable_ext_is_wav	8	static
C:/Users/developpeur/Documents/BRICK5_H743_176/BRICK6/Src/UI/pages/ui_page_settings.c:2520:13:ui_page_settings_append_u16	24	static
C:/Users/developpeur/Documents/BRICK5_H743_176/BRICK6/Src/UI/pages/ui_page_settings.c:650:13:ui_page_settings_make_sample_label	24	static
C:/Users/developpeur/Documents/BRICK5_H743_176/BRICK6/Src/UI/pages/ui_page_settings.c:4077:13:ui_page_settings_copy_bounded	24	static
C:/Users/developpeur/Documents/BRICK5_H743_176/BRICK6/Src/UI/pages/ui_page_settings.c:2734:13:ui_page_settings_multi_confirm_clear_indexes	8	static
C:/Users/developpeur/Documents/BRICK5_H743_176/BRICK6/Src/UI/pages/ui_page_settings.c:2685:13:ui_page_settings_multi_confirm_prepare	16	static
C:/Users/developpeur/Documents/BRICK5_H743_176/BRICK6/Src/UI/pages/ui_page_settings.c:4100:13:ui_page_settings_build_middle_ellipsis	32	static
C:/Users/developpeur/Documents/BRICK5_H743_176/BRICK6/Src/UI/pages/ui_page_settings.c:4152:13:ui_page_settings_fit_label	24	static
C:/Users/developpeur/Documents/BRICK5_H743_176/BRICK6/Src/UI/pages/ui_page_settings.c:4567:13:ui_page_settings_draw_browser_context_label	56	static
C:/Users/developpeur/Documents/BRICK5_H743_176/BRICK6/Src/UI/pages/ui_page_settings.c:4585:13:ui_page_settings_draw_stream_name_label	40	static
C:/Users/developpeur/Documents/BRICK5_H743_176/BRICK6/Src/UI/pages/ui_page_settings.c:4195:13:ui_page_settings_sample_slot_label	192	static
C:/Users/developpeur/Documents/BRICK5_H743_176/BRICK6/Src/UI/pages/ui_page_settings.c:4245:13:ui_page_settings_multi_left_label	72	static
C:/Users/developpeur/Documents/BRICK5_H743_176/BRICK6/Src/UI/pages/ui_page_settings.c:678:13:ui_page_settings_make_wavetable_label	24	static
C:/Users/developpeur/Documents/BRICK5_H743_176/BRICK6/Src/UI/pages/ui_page_settings.c:4663:13:ui_page_settings_draw_sample_split_position	24	static
C:/Users/developpeur/Documents/BRICK5_H743_176/BRICK6/Src/UI/pages/ui_page_settings.c:4551:13:ui_page_settings_draw_sample_footer	8	static
C:/Users/developpeur/Documents/BRICK5_H743_176/BRICK6/Src/UI/pages/ui_page_settings.c:4875:13:ui_page_settings_render_sample_browser	64	static
C:/Users/developpeur/Documents/BRICK5_H743_176/BRICK6/Src/UI/pages/ui_page_settings.c:2545:16:ui_page_settings_multi_find_free_slot	8	static
C:/Users/developpeur/Documents/BRICK5_H743_176/BRICK6/Src/UI/pages/ui_page_settings.c:2721:13:ui_page_settings_multi_confirm_unload	8	static
C:/Users/developpeur/Documents/BRICK5_H743_176/BRICK6/Src/UI/pages/ui_page_settings.c:983:16:ui_page_settings_wavetable_append_entry	56	static
C:/Users/developpeur/Documents/BRICK5_H743_176/BRICK6/Src/UI/pages/ui_page_settings.c:1032:16:ui_page_settings_wavetable_scan_pass	304	static
C:/Users/developpeur/Documents/BRICK5_H743_176/BRICK6/Src/UI/pages/ui_page_settings.c:787:39:ui_page_settings_multi_classify_folder	392	static
C:/Users/developpeur/Documents/BRICK5_H743_176/BRICK6/Src/UI/pages/ui_page_settings.c:467:13:ui_page_settings_sd_busy_status	24	static
C:/Users/developpeur/Documents/BRICK5_H743_176/BRICK6/Src/UI/pages/ui_page_settings.c:1134:13:ui_page_settings_multi_load_metadata	80	static
C:/Users/developpeur/Documents/BRICK5_H743_176/BRICK6/Src/UI/pages/ui_page_settings.c:1201:16:ui_page_settings_multi_browser_refresh	440	static
C:/Users/developpeur/Documents/BRICK5_H743_176/BRICK6/Src/UI/pages/ui_page_settings.c:2349:13:ui_page_settings_multi_prepare_poll	32	static
C:/Users/developpeur/Documents/BRICK5_H743_176/BRICK6/Src/UI/pages/ui_page_settings.c:2873:16:ui_page_settings_multi_enter_selected_folder	176	static
C:/Users/developpeur/Documents/BRICK5_H743_176/BRICK6/Src/UI/pages/ui_page_settings.c:4617:13:ui_page_settings_draw_multi_name_label	16	static
C:/Users/developpeur/Documents/BRICK5_H743_176/BRICK6/Src/UI/pages/ui_page_settings.c:4275:13:ui_page_settings_multi_slot_label	88	static
C:/Users/developpeur/Documents/BRICK5_H743_176/BRICK6/Src/UI/pages/ui_page_settings.c:4506:13:ui_page_settings_draw_progress_bar	32	static
C:/Users/developpeur/Documents/BRICK5_H743_176/BRICK6/Src/UI/pages/ui_page_settings.c:4743:13:ui_page_settings_render_multi_browser	64	static
C:/Users/developpeur/Documents/BRICK5_H743_176/BRICK6/Src/UI/pages/ui_page_settings.c:4391:13:ui_page_settings_draw_ram_name_label	40	static
C:/Users/developpeur/Documents/BRICK5_H743_176/BRICK6/Src/UI/pages/ui_page_settings.c:4306:13:ui_page_settings_ram_slot_label	112	static
C:/Users/developpeur/Documents/BRICK5_H743_176/BRICK6/Src/UI/pages/ui_page_settings.c:4968:13:ui_page_settings_render_ram_browser	56	static
C:/Users/developpeur/Documents/BRICK5_H743_176/BRICK6/Src/UI/pages/ui_page_settings.c:4429:13:ui_page_settings_draw_wavetable_name_label	40	static
C:/Users/developpeur/Documents/BRICK5_H743_176/BRICK6/Src/UI/pages/ui_page_settings.c:4347:13:ui_page_settings_wavetable_slot_label	112	static
C:/Users/developpeur/Documents/BRICK5_H743_176/BRICK6/Src/UI/pages/ui_page_settings.c:5055:13:ui_page_settings_render_wavetable_browser	56	static
C:/Users/developpeur/Documents/BRICK5_H743_176/BRICK6/Src/UI/pages/ui_page_settings.c:5209:13:ui_page_settings_render_test_audio	120	static
C:/Users/developpeur/Documents/BRICK5_H743_176/BRICK6/Src/UI/pages/ui_page_settings.c:5237:13:ui_page_settings_render_test_audio2	104	static
C:/Users/developpeur/Documents/BRICK5_H743_176/BRICK6/Src/UI/pages/ui_page_settings.c:5297:13:ui_page_settings_render_test_monkey	104	static
C:/Users/developpeur/Documents/BRICK5_H743_176/BRICK6/Src/UI/pages/ui_page_settings.c:3090:20:ui_page_settings_item_label	32	static
C:/Users/developpeur/Documents/BRICK5_H743_176/BRICK6/Src/UI/pages/ui_page_settings.c:5360:13:ui_page_settings_render	72	static
C:/Users/developpeur/Documents/BRICK5_H743_176/BRICK6/Src/UI/pages/ui_page_settings.c:308:20:ui_page_settings_sampler_load_error_label	8	static
C:/Users/developpeur/Documents/BRICK5_H743_176/BRICK6/Src/UI/pages/ui_page_settings.c:3277:13:ui_page_settings_preview_stop	8	static
C:/Users/developpeur/Documents/BRICK5_H743_176/BRICK6/Src/UI/pages/ui_page_settings.c:1566:13:ui_page_settings_sample_load_to_slot	24	static
C:/Users/developpeur/Documents/BRICK5_H743_176/BRICK6/Src/UI/pages/ui_page_settings.c:1305:13:ui_page_settings_multi_browser_enter_root	8	static
C:/Users/developpeur/Documents/BRICK5_H743_176/BRICK6/Src/UI/pages/ui_page_settings.c:3288:13:ui_page_settings_preview_apply_termination_status	8	static
C:/Users/developpeur/Documents/BRICK5_H743_176/BRICK6/Src/UI/pages/ui_page_settings.c:4029:13:ui_page_settings_tick	176	static
C:/Users/developpeur/Documents/BRICK5_H743_176/BRICK6/Src/UI/pages/ui_page_settings.c:3716:13:ui_page_settings_leave	8	static
C:/Users/developpeur/Documents/BRICK5_H743_176/BRICK6/Src/UI/pages/ui_page_settings.c:3311:13:ui_page_settings_close	8	static
C:/Users/developpeur/Documents/BRICK5_H743_176/BRICK6/Src/UI/pages/ui_page_settings.c:3328:13:ui_page_settings_back	8	static
C:/Users/developpeur/Documents/BRICK5_H743_176/BRICK6/Src/UI/pages/ui_page_settings.c:853:16:ui_page_settings_sample_browser_refresh	72	static
C:/Users/developpeur/Documents/BRICK5_H743_176/BRICK6/Src/UI/pages/ui_page_settings.c:1287:13:ui_page_settings_sample_browser_enter_root	8	static
C:/Users/developpeur/Documents/BRICK5_H743_176/BRICK6/Src/UI/pages/ui_page_settings.c:2258:41:ui_page_settings_multi_find_entry_by_path	16	static
C:/Users/developpeur/Documents/BRICK5_H743_176/BRICK6/Src/UI/pages/ui_page_settings.c:2557:16:ui_page_settings_multi_find_loaded_path	16	static
C:/Users/developpeur/Documents/BRICK5_H743_176/BRICK6/Src/UI/pages/ui_page_settings.c:1053:16:ui_page_settings_wavetable_browser_refresh	88	static
C:/Users/developpeur/Documents/BRICK5_H743_176/BRICK6/Src/UI/pages/ui_page_settings.c:1325:13:ui_page_settings_wavetable_browser_enter_root	8	static
C:/Users/developpeur/Documents/BRICK5_H743_176/BRICK6/Src/UI/pages/ui_page_settings.c:1366:13:ui_page_settings_wavetable_browser_parent_or_exit	8	static
C:/Users/developpeur/Documents/BRICK5_H743_176/BRICK6/Src/UI/pages/ui_page_settings.c:1390:13:ui_page_settings_sample_browser_parent_or_exit	8	static
C:/Users/developpeur/Documents/BRICK5_H743_176/BRICK6/Src/UI/pages/ui_page_settings.c:1342:13:ui_page_settings_multi_browser_parent_or_exit	8	static
C:/Users/developpeur/Documents/BRICK5_H743_176/BRICK6/Src/UI/pages/ui_page_settings.c:1651:13:ui_page_settings_sample_preview_left	8	static
C:/Users/developpeur/Documents/BRICK5_H743_176/BRICK6/Src/UI/pages/ui_page_settings.c:1678:13:ui_page_settings_sample_preview_right	16	static
C:/Users/developpeur/Documents/BRICK5_H743_176/BRICK6/Src/UI/pages/ui_page_settings.c:1721:13:ui_page_settings_sample_preview_current	8	static
C:/Users/developpeur/Documents/BRICK5_H743_176/BRICK6/Src/UI/pages/ui_page_settings.c:4868:13:ui_page_settings_multi_prepare_flush_progress	8	static
C:/Users/developpeur/Documents/BRICK5_H743_176/BRICK6/Src/UI/pages/ui_page_settings.c:2317:13:ui_page_settings_multi_prepare_begin	8	static
C:/Users/developpeur/Documents/BRICK5_H743_176/BRICK6/Src/UI/pages/ui_page_settings.c:2309:13:ui_page_settings_multi_prepare_progress_cb	8	static
C:/Users/developpeur/Documents/BRICK5_H743_176/BRICK6/Src/UI/pages/ui_page_settings.c:2598:20:ui_page_settings_multi_import_error_label	8	static
C:/Users/developpeur/Documents/BRICK5_H743_176/BRICK6/Src/UI/pages/ui_page_settings.c:2659:16:ui_page_settings_multi_prepare_entry	8	static
C:/Users/developpeur/Documents/BRICK5_H743_176/BRICK6/Src/UI/pages/ui_page_settings.c:2289:16:ui_page_settings_multi_has_slot_capacity	8	static
C:/Users/developpeur/Documents/BRICK5_H743_176/BRICK6/Src/UI/pages/ui_page_settings.c:2700:13:ui_page_settings_multi_confirm_replace	16	static
C:/Users/developpeur/Documents/BRICK5_H743_176/BRICK6/Src/UI/pages/ui_page_settings.c:2576:16:ui_page_settings_multi_assign_active_track	16	static
C:/Users/developpeur/Documents/BRICK5_H743_176/BRICK6/Src/UI/pages/ui_page_settings.c:2768:13:ui_page_settings_multi_load_entry_to_slot	48	static
C:/Users/developpeur/Documents/BRICK5_H743_176/BRICK6/Src/UI/pages/ui_page_settings.c:1778:13:ui_page_settings_sample_confirm_accept	176	static
C:/Users/developpeur/Documents/BRICK5_H743_176/BRICK6/Src/UI/pages/ui_page_settings.c:2845:13:ui_page_settings_multi_load_selected_to_slot	8	static
C:/Users/developpeur/Documents/BRICK5_H743_176/BRICK6/Src/UI/pages/ui_page_settings.c:2958:13:ui_page_settings_multi_copy_right	16	static
C:/Users/developpeur/Documents/BRICK5_H743_176/BRICK6/Src/UI/pages/ui_page_settings.c:2901:13:ui_page_settings_multi_copy_left	24	static
C:/Users/developpeur/Documents/BRICK5_H743_176/BRICK6/Src/UI/pages/ui_page_settings.c:1538:16:ui_page_settings_sample_find_free_slot	8	static
C:/Users/developpeur/Documents/BRICK5_H743_176/BRICK6/Src/UI/pages/ui_page_settings.c:1991:13:ui_page_settings_sample_copy_left	184	static
C:/Users/developpeur/Documents/BRICK5_H743_176/BRICK6/Src/UI/pages/ui_page_settings.c:1732:13:ui_page_settings_sample_ok_action	8	static
C:/Users/developpeur/Documents/BRICK5_H743_176/BRICK6/Src/UI/pages/ui_page_settings.c:1425:16:ui_page_settings_sample_restore_dir_after_refresh	624	static
C:/Users/developpeur/Documents/BRICK5_H743_176/BRICK6/Src/UI/pages/ui_page_settings.c:1498:13:ui_page_settings_sample_catalog_refresh_action	328	static
C:/Users/developpeur/Documents/BRICK5_H743_176/BRICK6/Src/UI/pages/ui_page_settings.c:412:13:ui_page_settings_refresh_project_slots	8	static
C:/Users/developpeur/Documents/BRICK5_H743_176/BRICK6/Src/UI/pages/ui_page_settings.c:606:16:ui_page_settings_ram_find_free_backend_slot	8	static
C:/Users/developpeur/Documents/BRICK5_H743_176/BRICK6/Src/UI/pages/ui_page_settings.c:1594:13:ui_page_settings_ram_load_to_slot	24	static
C:/Users/developpeur/Documents/BRICK5_H743_176/BRICK6/Src/UI/pages/ui_page_settings.c:2056:13:ui_page_settings_ram_request_replace	16	static
C:/Users/developpeur/Documents/BRICK5_H743_176/BRICK6/Src/UI/pages/ui_page_settings.c:2071:13:ui_page_settings_ram_copy_left	184	static
C:/Users/developpeur/Documents/BRICK5_H743_176/BRICK6/Src/UI/pages/ui_page_settings.c:2126:13:ui_page_settings_ram_copy_right	16	static
C:/Users/developpeur/Documents/BRICK5_H743_176/BRICK6/Src/UI/pages/ui_page_settings.c:612:16:ui_page_settings_wavetable_find_free_backend_slot	8	static
C:/Users/developpeur/Documents/BRICK5_H743_176/BRICK6/Src/UI/pages/ui_page_settings.c:1623:13:ui_page_settings_wavetable_load_to_slot	16	static
C:/Users/developpeur/Documents/BRICK5_H743_176/BRICK6/Src/UI/pages/ui_page_settings.c:2152:13:ui_page_settings_wavetable_request_replace	16	static
C:/Users/developpeur/Documents/BRICK5_H743_176/BRICK6/Src/UI/pages/ui_page_settings.c:2167:13:ui_page_settings_wavetable_copy_left	176	static
C:/Users/developpeur/Documents/BRICK5_H743_176/BRICK6/Src/UI/pages/ui_page_settings.c:2223:13:ui_page_settings_wavetable_copy_right	16	static
C:/Users/developpeur/Documents/BRICK5_H743_176/BRICK6/Src/UI/pages/ui_page_settings.c:3356:13:ui_page_settings_apply_action	16	static
C:/Users/developpeur/Documents/BRICK5_H743_176/BRICK6/Src/UI/pages/ui_page_settings.c:3727:13:ui_page_settings_handle_event_internal	72	static
C:/Users/developpeur/Documents/BRICK5_H743_176/BRICK6/Src/UI/pages/ui_page_settings.c:5505:6:ui_page_settings_open	8	static
C:/Users/developpeur/Documents/BRICK5_H743_176/BRICK6/Src/UI/pages/ui_page_settings.c:5511:6:ui_page_settings_open_sample_browser	8	static
C:/Users/developpeur/Documents/BRICK5_H743_176/BRICK6/Src/UI/pages/ui_page_settings.c:5519:9:ui_page_settings_is_open	8	static
C:/Users/developpeur/Documents/BRICK5_H743_176/BRICK6/Src/UI/pages/ui_page_settings.c:5524:6:ui_page_settings_handle_encoder	48	static
C:/Users/developpeur/Documents/BRICK5_H743_176/BRICK6/Src/UI/pages/ui_page_settings.c:5764:9:ui_page_settings_handle_event	8	static
C:/Users/developpeur/Documents/BRICK5_H743_176/BRICK6/Src/UI/pages/ui_page_settings.c:4024:13:ui_page_settings_handle_event_page	8	static
