C:/Users/developpeur/Documents/BRICK5_H743_176/BRICK6/Src/Sampler/sample_stream_needs.c:27:16:sample_stream_needs_slot_index	0	static
C:/Users/developpeur/Documents/BRICK5_H743_176/BRICK6/Src/Sampler/sample_stream_needs.c:57:17:sample_stream_needs_frames_per_page	0	static
C:/Users/developpeur/Documents/BRICK5_H743_176/BRICK6/Src/Sampler/sample_stream_needs.c:116:16:sample_stream_needs_contains	12	static
C:/Users/developpeur/Documents/BRICK5_H743_176/BRICK6/Src/Sampler/sample_stream_needs.c:165:9:sample_stream_needs_build	128	static
C:/Users/developpeur/Documents/BRICK5_H743_176/BRICK6/Src/Sampler/sample_stream_needs.c:278:6:sample_stream_needs_registry_reset	8	static
C:/Users/developpeur/Documents/BRICK5_H743_176/BRICK6/Src/Sampler/sample_stream_needs.c:283:9:sample_stream_needs_registry_update	456	static
C:/Users/developpeur/Documents/BRICK5_H743_176/BRICK6/Src/Sampler/sample_stream_needs.c:349:9:sample_stream_needs_registry_read	432	static
C:/Users/developpeur/Documents/BRICK5_H743_176/BRICK6/Src/Sampler/sample_stream_needs.c:380:6:sample_stream_needs_registry_drop	472	static
C:/Users/developpeur/Documents/BRICK5_H743_176/BRICK6/Src/Sampler/sample_stream_needs.c:416:9:sample_stream_needs_registry_drop_generation	408	static
C:/Users/developpeur/Documents/BRICK5_H743_176/BRICK6/Src/Sampler/sample_stream_needs.c:432:9:sample_stream_needs_registry_contains	416	static
C:/Users/developpeur/Documents/BRICK5_H743_176/BRICK6/Src/Sampler/sample_stream_needs.c:451:9:sample_stream_needs_registry_contains_any	424	static
C:/Users/developpeur/Documents/BRICK5_H743_176/BRICK6/Src/Sampler/sample_stream_needs.c:485:9:sample_stream_needs_registry_contains_key	424	static
C:/Users/developpeur/Documents/BRICK5_H743_176/BRICK6/Src/Sampler/sample_stream_needs.c:519:9:sample_stream_needs_registry_has_active	408	static
C:/Users/developpeur/Documents/BRICK5_H743_176/BRICK6/Src/Sampler/sample_stream_needs.c:543:10:sample_stream_needs_registry_count_active	408	static
C:/Users/developpeur/Documents/BRICK5_H743_176/BRICK6/Src/Sampler/sample_stream_needs.c:563:6:sample_stream_needs_calibration_set_depth	0	static
