../Src/MIDI/midi.c:324:13:usb_device_send_packets	24	static
../Src/MIDI/midi.c:1786:6:midi_usb_rx_submit_from_isr.part.0	36	static,ignoring_inline_asm
../Src/MIDI/midi.c:504:13:midi_usb_try_flush_internal	112	static,ignoring_inline_asm
../Src/MIDI/midi.c:727:13:backend_usb_device_send	40	static,ignoring_inline_asm
../Src/MIDI/midi.c:883:28:midi_internal_receive	0	static
../Src/MIDI/midi.c:917:6:midi_init	16	static
../Src/MIDI/midi.c:960:6:midi_is_initialized	0	static
../Src/MIDI/midi.c:975:6:midi_set_rx_destination	0	static
../Src/MIDI/midi.c:1000:13:midi_get_rx_destination	0	static
../Src/MIDI/midi.c:1014:6:midi_poll	288	static,ignoring_inline_asm
../Src/MIDI/midi.c:1043:6:midi_send_raw	0	static
../Src/MIDI/midi.c:1062:6:midi_clock_set_mode	16	static
../Src/MIDI/midi.c:1083:19:midi_clock_get_mode	0	static
../Src/MIDI/midi.c:1087:6:midi_clock_set_bpm_milli	24	static,ignoring_inline_asm
../Src/MIDI/midi.c:1093:10:midi_clock_get_bpm_milli	0	static
../Src/MIDI/midi.c:1108:6:midi_clock_set_running	16	static,ignoring_inline_asm
../Src/MIDI/midi.c:1131:6:midi_clock_is_running	0	static
../Src/MIDI/midi.c:1146:6:midi_clock_set_destination	0	static
../Src/MIDI/midi.c:1162:13:midi_clock_get_destination	0	static
../Src/MIDI/midi.c:1176:6:midi_clock_on_timer_tick	16	static
../Src/MIDI/midi.c:942:6:HAL_TIM_OC_DelayElapsedCallback	0	static
../Src/MIDI/midi.c:1247:6:midi_note_on	16	static
../Src/MIDI/midi.c:1270:6:midi_note_off	16	static
../Src/MIDI/midi.c:1289:6:midi_poly_aftertouch	16	static
../Src/MIDI/midi.c:1308:6:midi_cc	16	static
../Src/MIDI/midi.c:1326:6:midi_program_change	16	static
../Src/MIDI/midi.c:1344:6:midi_channel_pressure	16	static
../Src/MIDI/midi.c:1362:6:midi_pitchbend	16	static
../Src/MIDI/midi.c:1382:6:midi_mtc_quarter_frame	24	static,ignoring_inline_asm
../Src/MIDI/midi.c:1399:6:midi_song_position	24	static,ignoring_inline_asm
../Src/MIDI/midi.c:1418:6:midi_song_select	24	static,ignoring_inline_asm
../Src/MIDI/midi.c:1434:6:midi_tune_request	16	static
../Src/MIDI/midi.c:1450:6:midi_clock	16	static
../Src/MIDI/midi.c:1466:6:midi_start	32	static,ignoring_inline_asm
../Src/MIDI/midi.c:1490:6:midi_continue	32	static,ignoring_inline_asm
../Src/MIDI/midi.c:1510:6:midi_stop	16	static,ignoring_inline_asm
../Src/MIDI/midi.c:1530:6:midi_active_sensing	16	static
../Src/MIDI/midi.c:1546:6:midi_system_reset	16	static
../Src/MIDI/midi.c:1586:6:midi_all_sound_off	16	static
../Src/MIDI/midi.c:1602:6:midi_reset_all_controllers	16	static
../Src/MIDI/midi.c:1619:6:midi_local_control	16	static
../Src/MIDI/midi.c:1635:6:midi_all_notes_off	16	static
../Src/MIDI/midi.c:1651:6:midi_omni_mode_off	16	static
../Src/MIDI/midi.c:1667:6:midi_omni_mode_on	16	static
../Src/MIDI/midi.c:1684:6:midi_mono_mode_on	16	static
../Src/MIDI/midi.c:1700:6:midi_poly_mode_on	16	static
../Src/MIDI/midi.c:1716:10:midi_usb_queue_high_watermark	0	static
../Src/MIDI/midi.c:1732:10:midi_usb_rx_high_watermark	0	static
../Src/MIDI/midi.c:1746:6:midi_stats_reset	16	static
../Src/MIDI/midi.c:1753:6:midi_clock_tx_probe_reset	8	static
../Src/MIDI/midi.c:1760:6:midi_clock_tx_probe_snapshot	8	static,ignoring_inline_asm
../Src/MIDI/midi.c:1786:6:midi_usb_rx_submit_from_isr	0	static
../Src/MIDI/midi.c:1815:6:USBD_MIDI_OnPacketsReceived	0	static
../Src/MIDI/midi.c:1829:6:USBD_MIDI_OnPacketsSent	16	static
