../Src/MIDI/midi.c:1435:6:midi_usb_rx_submit_from_isr.part.0	36	static,ignoring_inline_asm
../Src/MIDI/midi.c:313:13:midi_usb_try_flush	80	static,ignoring_inline_asm
../Src/MIDI/midi.c:506:13:backend_usb_device_send	24	static,ignoring_inline_asm
../Src/MIDI/midi.c:630:28:midi_internal_receive	0	static
../Src/MIDI/midi.c:645:6:midi_init	4	static
../Src/MIDI/midi.c:680:6:midi_is_initialized	0	static
../Src/MIDI/midi.c:695:6:midi_set_rx_destination	0	static
../Src/MIDI/midi.c:720:13:midi_get_rx_destination	0	static
../Src/MIDI/midi.c:734:6:midi_poll	32	static,ignoring_inline_asm
../Src/MIDI/midi.c:760:6:midi_send_raw	0	static
../Src/MIDI/midi.c:779:6:midi_clock_set_mode	0	static
../Src/MIDI/midi.c:795:19:midi_clock_get_mode	0	static
../Src/MIDI/midi.c:810:6:midi_clock_set_running	0	static
../Src/MIDI/midi.c:826:6:midi_clock_is_running	0	static
../Src/MIDI/midi.c:841:6:midi_clock_set_destination	0	static
../Src/MIDI/midi.c:857:13:midi_clock_get_destination	0	static
../Src/MIDI/midi.c:871:6:midi_clock_on_timer_tick	16	static
../Src/MIDI/midi.c:930:6:midi_note_on	24	static,ignoring_inline_asm
../Src/MIDI/midi.c:953:6:midi_note_off	24	static,ignoring_inline_asm
../Src/MIDI/midi.c:972:6:midi_poly_aftertouch	24	static,ignoring_inline_asm
../Src/MIDI/midi.c:991:6:midi_cc	24	static,ignoring_inline_asm
../Src/MIDI/midi.c:1009:6:midi_program_change	24	static,ignoring_inline_asm
../Src/MIDI/midi.c:1027:6:midi_channel_pressure	24	static,ignoring_inline_asm
../Src/MIDI/midi.c:1045:6:midi_pitchbend	24	static,ignoring_inline_asm
../Src/MIDI/midi.c:1065:6:midi_mtc_quarter_frame	24	static,ignoring_inline_asm
../Src/MIDI/midi.c:1082:6:midi_song_position	24	static,ignoring_inline_asm
../Src/MIDI/midi.c:1101:6:midi_song_select	24	static,ignoring_inline_asm
../Src/MIDI/midi.c:1117:6:midi_tune_request	24	static,ignoring_inline_asm
../Src/MIDI/midi.c:1133:6:midi_clock	24	static,ignoring_inline_asm
../Src/MIDI/midi.c:1149:6:midi_start	24	static,ignoring_inline_asm
../Src/MIDI/midi.c:1165:6:midi_continue	24	static,ignoring_inline_asm
../Src/MIDI/midi.c:1181:6:midi_stop	24	static,ignoring_inline_asm
../Src/MIDI/midi.c:1197:6:midi_active_sensing	24	static,ignoring_inline_asm
../Src/MIDI/midi.c:1213:6:midi_system_reset	24	static,ignoring_inline_asm
../Src/MIDI/midi.c:1253:6:midi_all_sound_off	24	static,ignoring_inline_asm
../Src/MIDI/midi.c:1269:6:midi_reset_all_controllers	24	static,ignoring_inline_asm
../Src/MIDI/midi.c:1286:6:midi_local_control	24	static,ignoring_inline_asm
../Src/MIDI/midi.c:1302:6:midi_all_notes_off	24	static,ignoring_inline_asm
../Src/MIDI/midi.c:1318:6:midi_omni_mode_off	24	static,ignoring_inline_asm
../Src/MIDI/midi.c:1334:6:midi_omni_mode_on	24	static,ignoring_inline_asm
../Src/MIDI/midi.c:1351:6:midi_mono_mode_on	24	static,ignoring_inline_asm
../Src/MIDI/midi.c:1367:6:midi_poly_mode_on	24	static,ignoring_inline_asm
../Src/MIDI/midi.c:1383:10:midi_usb_queue_high_watermark	0	static
../Src/MIDI/midi.c:1399:10:midi_usb_rx_high_watermark	0	static
../Src/MIDI/midi.c:1413:6:midi_stats_reset	0	static
../Src/MIDI/midi.c:1435:6:midi_usb_rx_submit_from_isr	0	static
../Src/MIDI/midi.c:1464:6:USBD_MIDI_OnPacketsReceived	0	static
../Src/MIDI/midi.c:1478:6:USBD_MIDI_OnPacketsSent	0	static
