C:/Users/developpeur/Documents/BRICK5_H743_176/BRICK6/Src/Param/param_registry.c:88:16:param_registry_prism_param_slot	0	static
C:/Users/developpeur/Documents/BRICK5_H743_176/BRICK6/Src/Param/param_registry.c:236:16:param_lfo_map	12	static
C:/Users/developpeur/Documents/BRICK5_H743_176/BRICK6/Src/Param/param_registry.c:259:16:param_env3_map	0	static
C:/Users/developpeur/Documents/BRICK5_H743_176/BRICK6/Src/Param/param_registry.c:57:16:param_registry_submit_audio_value	800	static
C:/Users/developpeur/Documents/BRICK5_H743_176/BRICK6/Src/Param/param_registry.c:1167:16:param_track_exec_authorize	8	static
C:/Users/developpeur/Documents/BRICK5_H743_176/BRICK6/Src/Param/param_registry.c:119:13:param_registry_sync_active_cfg_mirror_for_track	16	static
C:/Users/developpeur/Documents/BRICK5_H743_176/BRICK6/Src/Param/param_registry.c:759:16:param_registry_set_track_tone_value	40	static
C:/Users/developpeur/Documents/BRICK5_H743_176/BRICK6/Src/Param/param_registry.c:1195:16:param_track_exec_apply_backend	16	static
C:/Users/developpeur/Documents/BRICK5_H743_176/BRICK6/Src/Param/param_registry.c:79:9:param_registry_project_track_mute	8	static
C:/Users/developpeur/Documents/BRICK5_H743_176/BRICK6/Src/Param/param_registry.c:220:6:param_registry_batch_begin	0	static
C:/Users/developpeur/Documents/BRICK5_H743_176/BRICK6/Src/Param/param_registry.c:228:6:param_registry_batch_end	0	static
C:/Users/developpeur/Documents/BRICK5_H743_176/BRICK6/Src/Param/param_registry.c:1332:9:param_registry_get_track_value	40	static
C:/Users/developpeur/Documents/BRICK5_H743_176/BRICK6/Src/Param/param_registry.c:1500:9:param_registry_apply_track_value_audio	88	static
C:/Users/developpeur/Documents/BRICK5_H743_176/BRICK6/Src/Param/param_registry.c:1556:9:param_registry_apply_global_value_rt_fast	24	static
C:/Users/developpeur/Documents/BRICK5_H743_176/BRICK6/Src/Param/param_registry.c:1583:9:param_registry_apply_track_value_runtime_temp	800	static
C:/Users/developpeur/Documents/BRICK5_H743_176/BRICK6/Src/Param/param_registry.c:1643:6:param_registry_release_track_value_runtime_temp	24	static
C:/Users/developpeur/Documents/BRICK5_H743_176/BRICK6/Src/Param/param_registry.c:1662:6:param_registry_clear_track_runtime_state	16	static
C:/Users/developpeur/Documents/BRICK5_H743_176/BRICK6/Src/Param/param_registry.c:1861:6:param_registry_sync_filter_ui_for_active_track	8	static
C:/Users/developpeur/Documents/BRICK5_H743_176/BRICK6/Src/Param/param_registry.c:1878:6:param_registry_init	8	static
C:/Users/developpeur/Documents/BRICK5_H743_176/BRICK6/Src/Param/param_registry.c:1902:7:param_get	8	static
C:/Users/developpeur/Documents/BRICK5_H743_176/BRICK6/Src/Param/param_registry.c:1920:6:param_set	24	static
C:/Users/developpeur/Documents/BRICK5_H743_176/BRICK6/Src/Param/param_registry.c:1259:16:param_apply_non_filter_track_value_core	88	static
C:/Users/developpeur/Documents/BRICK5_H743_176/BRICK6/Src/Param/param_registry.c:1476:9:param_registry_apply_track_value_rt_fast	24	static
C:/Users/developpeur/Documents/BRICK5_H743_176/BRICK6/Src/Param/param_registry.c:1677:9:param_registry_apply_track_value	64	static
C:/Users/developpeur/Documents/BRICK5_H743_176/BRICK6/Src/Param/param_registry.c:1850:9:param_registry_apply_track_edit	8	static
C:/Users/developpeur/Documents/BRICK5_H743_176/BRICK6/Src/Param/param_registry.c:1608:9:param_registry_apply_track_value_runtime_temp_audio	32	static
C:/Users/developpeur/Documents/BRICK5_H743_176/BRICK6/Src/Param/param_registry.c:1969:6:param_reset	8	static
