C:/Users/developpeur/Documents/BRICK5_H743_176/BRICK6/Src/Seq/seq_param_iface.c:246:16:seq_param_get_flag	4	static
C:/Users/developpeur/Documents/BRICK5_H743_176/BRICK6/Src/Seq/seq_param_iface.c:515:16:seq_param_iface_resolve_runtime_tone_type	40	static
C:/Users/developpeur/Documents/BRICK5_H743_176/BRICK6/Src/Seq/seq_param_iface.c:353:32:seq_param_iface_state_at	24	static
C:/Users/developpeur/Documents/BRICK5_H743_176/BRICK6/Src/Seq/seq_param_iface.c:257:13:seq_param_set_flag	8	static
C:/Users/developpeur/Documents/BRICK5_H743_176/BRICK6/Src/Seq/seq_param_iface.c:415:9:seq_param_iface_is_param_plockable	16	static
C:/Users/developpeur/Documents/BRICK5_H743_176/BRICK6/Src/Seq/seq_param_iface.c:453:16:seq_param_iface_param_matches_set_domain	40	static
C:/Users/developpeur/Documents/BRICK5_H743_176/BRICK6/Src/Seq/seq_param_iface.c:652:9:seq_param_iface_is_set_plockable	0	static
C:/Users/developpeur/Documents/BRICK5_H743_176/BRICK6/Src/Seq/seq_param_iface.c:657:9:seq_param_iface_set_to_mask	0	static
C:/Users/developpeur/Documents/BRICK5_H743_176/BRICK6/Src/Seq/seq_param_iface.c:667:9:seq_param_iface_address_to_key	0	static
C:/Users/developpeur/Documents/BRICK5_H743_176/BRICK6/Src/Seq/seq_param_iface.c:682:9:seq_param_iface_key_to_address	12	static
C:/Users/developpeur/Documents/BRICK5_H743_176/BRICK6/Src/Seq/seq_param_iface.c:712:9:seq_param_iface_slot_to_param	32	static
C:/Users/developpeur/Documents/BRICK5_H743_176/BRICK6/Src/Seq/seq_param_iface.c:594:16:seq_param_iface_slot_is_supported_internal	48	static
C:/Users/developpeur/Documents/BRICK5_H743_176/BRICK6/Src/Seq/seq_param_iface.c:540:16:seq_param_iface_is_slot_addressable	24	static
C:/Users/developpeur/Documents/BRICK5_H743_176/BRICK6/Src/Seq/seq_param_iface.c:777:9:seq_param_iface_param_to_slot	32	static
C:/Users/developpeur/Documents/BRICK5_H743_176/BRICK6/Src/Seq/seq_param_iface.c:835:9:seq_param_iface_slot_is_supported	8	static
C:/Users/developpeur/Documents/BRICK5_H743_176/BRICK6/Src/Seq/seq_param_iface.c:707:9:seq_param_iface_is_param_supported	8	static
C:/Users/developpeur/Documents/BRICK5_H743_176/BRICK6/Src/Seq/seq_param_iface.c:841:9:seq_param_iface_slot_is_storable	24	static
C:/Users/developpeur/Documents/BRICK5_H743_176/BRICK6/Src/Seq/seq_param_iface.c:848:9:seq_param_iface_slot_is_storable_for_type	24	static
C:/Users/developpeur/Documents/BRICK5_H743_176/BRICK6/Src/Seq/seq_param_iface.c:900:9:seq_param_iface_param_is_supported	24	static
C:/Users/developpeur/Documents/BRICK5_H743_176/BRICK6/Src/Seq/seq_param_iface.c:974:9:seq_param_iface_set_base_value	32	static
C:/Users/developpeur/Documents/BRICK5_H743_176/BRICK6/Src/Seq/seq_param_iface.c:1000:9:seq_param_iface_get_play_base_param	24	static
C:/Users/developpeur/Documents/BRICK5_H743_176/BRICK6/Src/Seq/seq_param_iface.c:1016:9:seq_param_iface_set_play_base_param	24	static
C:/Users/developpeur/Documents/BRICK5_H743_176/BRICK6/Src/Seq/seq_param_iface.c:1033:9:seq_param_iface_commit_base_after_authoritative_apply	32	static
C:/Users/developpeur/Documents/BRICK5_H743_176/BRICK6/Src/Seq/seq_param_iface.c:1188:15:seq_param_iface_encode_param_value	8	static
C:/Users/developpeur/Documents/BRICK5_H743_176/BRICK6/Src/Seq/seq_param_iface.c:644:6:seq_param_iface_init	32	static
C:/Users/developpeur/Documents/BRICK5_H743_176/BRICK6/Src/Seq/seq_param_iface.c:913:9:seq_param_iface_get_base_value	48	static
C:/Users/developpeur/Documents/BRICK5_H743_176/BRICK6/Src/Seq/seq_param_iface.c:947:9:seq_param_iface_get_runtime_value	24	static
C:/Users/developpeur/Documents/BRICK5_H743_176/BRICK6/Src/Seq/seq_param_iface.c:1198:7:seq_param_iface_decode_param_value	8	static
C:/Users/developpeur/Documents/BRICK5_H743_176/BRICK6/Src/Seq/seq_param_iface.c:1076:9:seq_param_iface_apply_lock	64	static
C:/Users/developpeur/Documents/BRICK5_H743_176/BRICK6/Src/Seq/seq_param_iface.c:1135:9:seq_param_iface_restore_base	48	static
