C:/Users/developpeur/Documents/BRICK5_H743_176/BRICK6/Src/Seq/seq_play_scheduler.c:157:13:seq_play_scheduler_output_died	8	static
C:/Users/developpeur/Documents/BRICK5_H743_176/BRICK6/Src/Seq/seq_play_scheduler.c:365:13:seq_play_scheduler_deactivate_source_at	4	static
C:/Users/developpeur/Documents/BRICK5_H743_176/BRICK6/Src/Seq/seq_play_scheduler.c:426:19:seq_play_scheduler_param_by_voice	0	static
C:/Users/developpeur/Documents/BRICK5_H743_176/BRICK6/Src/Seq/seq_play_scheduler.c:551:16:seq_play_scheduler_remove_sources	600	static
C:/Users/developpeur/Documents/BRICK5_H743_176/BRICK6/Src/Seq/seq_play_scheduler.c:252:13:seq_play_scheduler_emit_midi_program	16	static
C:/Users/developpeur/Documents/BRICK5_H743_176/BRICK6/Src/Seq/seq_play_scheduler.c:453:19:seq_play_scheduler_param_for_play_kind	8	static
C:/Users/developpeur/Documents/BRICK5_H743_176/BRICK6/Src/Seq/seq_play_scheduler.c:491:22:seq_play_scheduler_get_play_locked_or_default	40	static
C:/Users/developpeur/Documents/BRICK5_H743_176/BRICK6/Src/Seq/seq_play_scheduler.c:750:13:seq_play_scheduler_schedule_step_filtered	120	static
C:/Users/developpeur/Documents/BRICK5_H743_176/BRICK6/Src/Seq/seq_play_scheduler.c:526:6:seq_play_scheduler_init	8	static
C:/Users/developpeur/Documents/BRICK5_H743_176/BRICK6/Src/Seq/seq_play_scheduler.c:632:6:seq_play_scheduler_clear	24	static
C:/Users/developpeur/Documents/BRICK5_H743_176/BRICK6/Src/Seq/seq_play_scheduler.c:642:6:seq_play_scheduler_clear_tracks	8	static
C:/Users/developpeur/Documents/BRICK5_H743_176/BRICK6/Src/Seq/seq_play_scheduler.c:649:6:seq_play_scheduler_suspend_tracks	8	static,ignoring_inline_asm
C:/Users/developpeur/Documents/BRICK5_H743_176/BRICK6/Src/Seq/seq_play_scheduler.c:668:6:seq_play_scheduler_resume_tracks	8	static,ignoring_inline_asm
C:/Users/developpeur/Documents/BRICK5_H743_176/BRICK6/Src/Seq/seq_play_scheduler.c:830:6:seq_play_scheduler_schedule_step	16	static
C:/Users/developpeur/Documents/BRICK5_H743_176/BRICK6/Src/Seq/seq_play_scheduler.c:848:6:seq_play_scheduler_schedule_step_lookahead_negative	16	static
C:/Users/developpeur/Documents/BRICK5_H743_176/BRICK6/Src/Seq/seq_play_scheduler.c:860:10:seq_play_scheduler_collect_due_events	184	static
C:/Users/developpeur/Documents/BRICK5_H743_176/BRICK6/Src/Seq/seq_play_scheduler.c:1195:9:seq_play_scheduler_control_apply_event	40	static
C:/Users/developpeur/Documents/BRICK5_H743_176/BRICK6/Src/Seq/seq_play_scheduler.c:1216:6:seq_play_scheduler_live_midi_program_changed	32	static
C:/Users/developpeur/Documents/BRICK5_H743_176/BRICK6/Src/Seq/seq_play_scheduler.c:1228:6:seq_play_scheduler_emit_midi_program_on_transport_start	32	static
C:/Users/developpeur/Documents/BRICK5_H743_176/BRICK6/Src/Seq/seq_play_scheduler.c:1249:6:seq_play_scheduler_notify_track_pattern_change	16	static
C:/Users/developpeur/Documents/BRICK5_H743_176/BRICK6/Src/Seq/seq_play_scheduler.c:1257:6:seq_play_scheduler_notify_play_changed	56	static
C:/Users/developpeur/Documents/BRICK5_H743_176/BRICK6/Src/Seq/seq_play_scheduler.c:1297:6:seq_play_scheduler_remove_play	40	static
C:/Users/developpeur/Documents/BRICK5_H743_176/BRICK6/Src/Seq/seq_play_scheduler.c:1334:6:seq_play_scheduler_notify_roll_changed	0	static
