C:/Users/developpeur/Documents/BRICK5_H743_176/BRICK6/Src/Seq/seq_output_guard.c:31:6:seq_output_guard_init	8	static
C:/Users/developpeur/Documents/BRICK5_H743_176/BRICK6/Src/Seq/seq_output_guard.c:36:6:seq_output_guard_reset	8	static
C:/Users/developpeur/Documents/BRICK5_H743_176/BRICK6/Src/Seq/seq_output_guard.c:41:6:seq_output_guard_note_on_seen	0	static
C:/Users/developpeur/Documents/BRICK5_H743_176/BRICK6/Src/Seq/seq_output_guard.c:54:6:seq_output_guard_note_off_seen	0	static
C:/Users/developpeur/Documents/BRICK5_H743_176/BRICK6/Src/Seq/seq_output_guard.c:67:9:seq_output_guard_is_note_active_on_track	0	static
C:/Users/developpeur/Documents/BRICK5_H743_176/BRICK6/Src/Seq/seq_output_guard.c:77:9:seq_output_guard_is_note_active_on_channel	16	static
C:/Users/developpeur/Documents/BRICK5_H743_176/BRICK6/Src/Seq/seq_output_guard.c:101:6:seq_output_guard_panic	120	static
