C:/Users/developpeur/Documents/BRICK5_H743_176/BRICK6/Src/Seq/seq_play_scheduler.c:156:13:seq_play_scheduler_exit_critical	0	static,ignoring_inline_asm
C:/Users/developpeur/Documents/BRICK5_H743_176/BRICK6/Src/Seq/seq_play_scheduler.c:173:13:seq_play_scheduler_next_track_generation	0	static
C:/Users/developpeur/Documents/BRICK5_H743_176/BRICK6/Src/Seq/seq_play_scheduler.c:187:17:seq_play_scheduler_alloc_event_token	0	static
C:/Users/developpeur/Documents/BRICK5_H743_176/BRICK6/Src/Seq/seq_play_scheduler.c:280:16:seq_play_scheduler_track_supports_program_change	0	static
C:/Users/developpeur/Documents/BRICK5_H743_176/BRICK6/Src/Seq/seq_play_scheduler.c:319:13:seq_play_scheduler_push	16	static,ignoring_inline_asm
C:/Users/developpeur/Documents/BRICK5_H743_176/BRICK6/Src/Seq/seq_play_scheduler.c:425:19:seq_play_scheduler_param_by_voice	0	static
C:/Users/developpeur/Documents/BRICK5_H743_176/BRICK6/Src/Seq/seq_play_scheduler.c:663:13:seq_play_scheduler_emit_midi_note_raw	8	static
C:/Users/developpeur/Documents/BRICK5_H743_176/BRICK6/Src/Seq/seq_play_scheduler.c:508:13:seq_play_scheduler_emit_engine_note	56	static
C:/Users/developpeur/Documents/BRICK5_H743_176/BRICK6/Src/Seq/seq_play_scheduler.c:945:17:seq_play_scheduler_track_step_span_samples_q16	16	static
C:/Users/developpeur/Documents/BRICK5_H743_176/BRICK6/Src/Seq/seq_play_scheduler.c:472:16:seq_play_scheduler_resolve_note_target_track	40	static
C:/Users/developpeur/Documents/BRICK5_H743_176/BRICK6/Src/Seq/seq_play_scheduler.c:1007:13:seq_play_scheduler_schedule_arp_window_slice	856	static
C:/Users/developpeur/Documents/BRICK5_H743_176/BRICK6/Src/Seq/seq_play_scheduler.c:231:13:seq_play_scheduler_emit_midi_program	16	static
C:/Users/developpeur/Documents/BRICK5_H743_176/BRICK6/Src/Seq/seq_play_scheduler.c:452:19:seq_play_scheduler_param_for_play_kind	8	static
C:/Users/developpeur/Documents/BRICK5_H743_176/BRICK6/Src/Seq/seq_play_scheduler.c:724:22:seq_play_scheduler_get_play_locked_or_default	40	static
C:/Users/developpeur/Documents/BRICK5_H743_176/BRICK6/Src/Seq/seq_play_scheduler.c:1213:13:seq_play_scheduler_schedule_step_filtered	328	static
C:/Users/developpeur/Documents/BRICK5_H743_176/BRICK6/Src/Seq/seq_play_scheduler.c:243:13:seq_play_scheduler_send_program_if_needed	8	static
C:/Users/developpeur/Documents/BRICK5_H743_176/BRICK6/Src/Seq/seq_play_scheduler.c:771:6:seq_play_scheduler_init	8	static
C:/Users/developpeur/Documents/BRICK5_H743_176/BRICK6/Src/Seq/seq_play_scheduler.c:793:6:seq_play_scheduler_clear	16	static,ignoring_inline_asm
C:/Users/developpeur/Documents/BRICK5_H743_176/BRICK6/Src/Seq/seq_play_scheduler.c:810:6:seq_play_scheduler_clear_tracks	96	static,ignoring_inline_asm
C:/Users/developpeur/Documents/BRICK5_H743_176/BRICK6/Src/Seq/seq_play_scheduler.c:903:6:seq_play_scheduler_suspend_tracks	32	static,ignoring_inline_asm
C:/Users/developpeur/Documents/BRICK5_H743_176/BRICK6/Src/Seq/seq_play_scheduler.c:924:6:seq_play_scheduler_resume_tracks	32	static,ignoring_inline_asm
C:/Users/developpeur/Documents/BRICK5_H743_176/BRICK6/Src/Seq/seq_play_scheduler.c:1439:6:seq_play_scheduler_schedule_step	16	static
C:/Users/developpeur/Documents/BRICK5_H743_176/BRICK6/Src/Seq/seq_play_scheduler.c:1456:6:seq_play_scheduler_schedule_step_lookahead_negative	16	static
C:/Users/developpeur/Documents/BRICK5_H743_176/BRICK6/Src/Seq/seq_play_scheduler.c:1467:10:seq_play_scheduler_audio_collect_block_events	112	static,ignoring_inline_asm
C:/Users/developpeur/Documents/BRICK5_H743_176/BRICK6/Src/Seq/seq_play_scheduler.c:1592:6:seq_play_scheduler_diag_reset	8	static,ignoring_inline_asm
C:/Users/developpeur/Documents/BRICK5_H743_176/BRICK6/Src/Seq/seq_play_scheduler.c:1601:6:seq_play_scheduler_diag_snapshot	8	static,ignoring_inline_asm
C:/Users/developpeur/Documents/BRICK5_H743_176/BRICK6/Src/Seq/seq_play_scheduler.c:1614:6:seq_play_scheduler_audio_apply_event	32	static
C:/Users/developpeur/Documents/BRICK5_H743_176/BRICK6/Src/Seq/seq_play_scheduler.c:1690:6:seq_play_scheduler_live_midi_program_changed	32	static
C:/Users/developpeur/Documents/BRICK5_H743_176/BRICK6/Src/Seq/seq_play_scheduler.c:1705:6:seq_play_scheduler_emit_midi_program_on_transport_start	32	static
C:/Users/developpeur/Documents/BRICK5_H743_176/BRICK6/Src/Seq/seq_play_scheduler.c:1729:6:seq_play_scheduler_notify_track_pattern_change	24	static
