C:/Users/developpeur/Documents/BRICK5_H743_176/BRICK6/Src/SD/sd_diskio.c:192:9:SD_initialize	8	static
C:/Users/developpeur/Documents/BRICK5_H743_176/BRICK6/Src/SD/sd_diskio.c:134:12:SD_CheckStatusWithTimeout	16	static
C:/Users/developpeur/Documents/BRICK5_H743_176/BRICK6/Src/SD/sd_diskio.c:595:9:SD_ioctl	56	static
C:/Users/developpeur/Documents/BRICK5_H743_176/BRICK6/Src/SD/sd_diskio.c:438:9:SD_write	72	static,ignoring_inline_asm
C:/Users/developpeur/Documents/BRICK5_H743_176/BRICK6/Src/SD/sd_diskio.c:260:9:SD_read	64	static,ignoring_inline_asm
C:/Users/developpeur/Documents/BRICK5_H743_176/BRICK6/Src/SD/sd_diskio.c:227:9:SD_status	8	static
C:/Users/developpeur/Documents/BRICK5_H743_176/BRICK6/Src/SD/sd_diskio.c:660:6:BSP_SD_WriteCpltCallback	0	static
C:/Users/developpeur/Documents/BRICK5_H743_176/BRICK6/Src/SD/sd_diskio.c:681:6:BSP_SD_ReadCpltCallback	0	static
C:/Users/developpeur/Documents/BRICK5_H743_176/BRICK6/Src/SD/sd_diskio.c:703:6:BSP_SD_AbortCallback	0	static
C:/Users/developpeur/Documents/BRICK5_H743_176/BRICK6/Src/SD/sd_diskio.c:717:6:BSP_SD_ErrorCallback	0	static
