C:/Users/developpeur/Documents/BRICK5_H743_176/BRICK6/Src/Mod/mod_destination_catalog.c:1064:13:mod_destination_copy_short_label	4	static
C:/Users/developpeur/Documents/BRICK5_H743_176/BRICK6/Src/Mod/mod_destination_catalog.c:631:9:mod_destination_catalog_apply_rt	40	static
C:/Users/developpeur/Documents/BRICK5_H743_176/BRICK6/Src/Mod/mod_destination_catalog.c:826:9:mod_destination_catalog_supported_fast	24	static
C:/Users/developpeur/Documents/BRICK5_H743_176/BRICK6/Src/Mod/mod_destination_catalog.c:879:33:mod_destination_cache_resolve	56	static
C:/Users/developpeur/Documents/BRICK5_H743_176/BRICK6/Src/Mod/mod_destination_catalog.c:932:6:mod_destination_catalog_invalidate_track	0	static
C:/Users/developpeur/Documents/BRICK5_H743_176/BRICK6/Src/Mod/mod_destination_catalog.c:940:6:mod_destination_catalog_invalidate_all	8	static
C:/Users/developpeur/Documents/BRICK5_H743_176/BRICK6/Src/Mod/mod_destination_catalog.c:948:10:mod_destination_catalog_count	8	static
C:/Users/developpeur/Documents/BRICK5_H743_176/BRICK6/Src/Mod/mod_destination_catalog.c:954:12:mod_destination_catalog_param_from_index	8	static
C:/Users/developpeur/Documents/BRICK5_H743_176/BRICK6/Src/Mod/mod_destination_catalog.c:970:10:mod_destination_catalog_index_from_param	8	static
C:/Users/developpeur/Documents/BRICK5_H743_176/BRICK6/Src/Mod/mod_destination_catalog.c:981:9:mod_destination_catalog_label	32	static
C:/Users/developpeur/Documents/BRICK5_H743_176/BRICK6/Src/Mod/mod_destination_catalog.c:1085:9:mod_destination_catalog_short_label	32	static
C:/Users/developpeur/Documents/BRICK5_H743_176/BRICK6/Src/Mod/mod_destination_catalog.c:1128:6:mod_destination_catalog_reset_runtime	0	static
C:/Users/developpeur/Documents/BRICK5_H743_176/BRICK6/Src/Mod/mod_destination_catalog.c:1122:6:mod_destination_catalog_init	8	static
C:/Users/developpeur/Documents/BRICK5_H743_176/BRICK6/Src/Mod/mod_destination_catalog.c:1140:6:mod_destination_catalog_invalidate_runtime_value	0	static
