C:/Users/developpeur/Documents/BRICK5_H743_176/BRICK6/Src/Mod/mod_matrix.c:77:16:mod_matrix_slot_is_configured	0	static
C:/Users/developpeur/Documents/BRICK5_H743_176/BRICK6/Src/Mod/mod_matrix.c:780:16:mod_matrix_get_operator_source_value	8	static
C:/Users/developpeur/Documents/BRICK5_H743_176/BRICK6/Src/Mod/mod_matrix.c:825:16:mod_matrix_slew_direct_cycle	0	static
C:/Users/developpeur/Documents/BRICK5_H743_176/BRICK6/Src/Mod/mod_matrix.c:710:16:mod_matrix_source_depends_on	24	static
C:/Users/developpeur/Documents/BRICK5_H743_176/BRICK6/Src/Mod/mod_matrix.c:67:39:mod_matrix_track_slot_const	8	static
C:/Users/developpeur/Documents/BRICK5_H743_176/BRICK6/Src/Mod/mod_matrix.c:168:16:mod_matrix_track_selected_slot	8	static
C:/Users/developpeur/Documents/BRICK5_H743_176/BRICK6/Src/Mod/mod_matrix.c:57:33:mod_matrix_track_slot_mut	8	static
C:/Users/developpeur/Documents/BRICK5_H743_176/BRICK6/Src/Mod/mod_matrix.c:180:16:mod_matrix_slot_is_effective	32	static
C:/Users/developpeur/Documents/BRICK5_H743_176/BRICK6/Src/Mod/mod_matrix.c:231:13:mod_matrix_release_destination	24	static
C:/Users/developpeur/Documents/BRICK5_H743_176/BRICK6/Src/Mod/mod_matrix.c:333:6:mod_matrix_set_defaults	8	static
C:/Users/developpeur/Documents/BRICK5_H743_176/BRICK6/Src/Mod/mod_matrix.c:376:6:mod_matrix_rebuild_route_cache_track	24	static
C:/Users/developpeur/Documents/BRICK5_H743_176/BRICK6/Src/Mod/mod_matrix.c:398:6:mod_matrix_rebuild_route_cache_all	32	static
C:/Users/developpeur/Documents/BRICK5_H743_176/BRICK6/Src/Mod/mod_matrix.c:361:6:mod_matrix_reset_runtime	8	static
C:/Users/developpeur/Documents/BRICK5_H743_176/BRICK6/Src/Mod/mod_matrix.c:356:6:mod_matrix_init	8	static
C:/Users/developpeur/Documents/BRICK5_H743_176/BRICK6/Src/Mod/mod_matrix.c:421:9:mod_matrix_set_selected_slot	16	static
C:/Users/developpeur/Documents/BRICK5_H743_176/BRICK6/Src/Mod/mod_matrix.c:433:9:mod_matrix_get_selected_slot	16	static
C:/Users/developpeur/Documents/BRICK5_H743_176/BRICK6/Src/Mod/mod_matrix.c:545:9:mod_matrix_get_slot_destination_index	16	static
C:/Users/developpeur/Documents/BRICK5_H743_176/BRICK6/Src/Mod/mod_matrix.c:469:9:mod_matrix_get_selected_slot_destination_index	24	static
C:/Users/developpeur/Documents/BRICK5_H743_176/BRICK6/Src/Mod/mod_matrix.c:557:9:mod_matrix_get_slot_depth	8	static
C:/Users/developpeur/Documents/BRICK5_H743_176/BRICK6/Src/Mod/mod_matrix.c:477:9:mod_matrix_get_selected_slot_depth	24	static
C:/Users/developpeur/Documents/BRICK5_H743_176/BRICK6/Src/Mod/mod_matrix.c:569:9:mod_matrix_get_slot_source	8	static
C:/Users/developpeur/Documents/BRICK5_H743_176/BRICK6/Src/Mod/mod_matrix.c:485:9:mod_matrix_get_selected_slot_source	24	static
C:/Users/developpeur/Documents/BRICK5_H743_176/BRICK6/Src/Mod/mod_matrix.c:581:9:mod_matrix_set_multi_source	32	static
C:/Users/developpeur/Documents/BRICK5_H743_176/BRICK6/Src/Mod/mod_matrix.c:601:9:mod_matrix_get_multi_source	16	static
C:/Users/developpeur/Documents/BRICK5_H743_176/BRICK6/Src/Mod/mod_matrix.c:624:9:mod_matrix_set_slew_source	32	static
C:/Users/developpeur/Documents/BRICK5_H743_176/BRICK6/Src/Mod/mod_matrix.c:641:9:mod_matrix_get_slew_source	16	static
C:/Users/developpeur/Documents/BRICK5_H743_176/BRICK6/Src/Mod/mod_matrix.c:653:9:mod_matrix_set_slew_amount	16	static
C:/Users/developpeur/Documents/BRICK5_H743_176/BRICK6/Src/Mod/mod_matrix.c:669:9:mod_matrix_get_slew_amount	16	static
C:/Users/developpeur/Documents/BRICK5_H743_176/BRICK6/Src/Mod/mod_matrix.c:681:9:mod_matrix_has_any_configured_route	0	static
C:/Users/developpeur/Documents/BRICK5_H743_176/BRICK6/Src/Mod/mod_matrix.c:686:9:mod_matrix_track_has_configured_route	0	static
C:/Users/developpeur/Documents/BRICK5_H743_176/BRICK6/Src/Mod/mod_matrix.c:696:9:mod_matrix_track_has_configured_source	0	static
C:/Users/developpeur/Documents/BRICK5_H743_176/BRICK6/Src/Mod/mod_matrix.c:850:6:mod_matrix_process_operators	88	static
C:/Users/developpeur/Documents/BRICK5_H743_176/BRICK6/Src/Mod/mod_matrix.c:927:9:mod_matrix_source_has_active_route	48	static
C:/Users/developpeur/Documents/BRICK5_H743_176/BRICK6/Src/Mod/mod_matrix.c:974:6:mod_matrix_process_track	96	static
C:/Users/developpeur/Documents/BRICK5_H743_176/BRICK6/Src/Mod/mod_matrix.c:1042:6:mod_matrix_release_track	40	static
C:/Users/developpeur/Documents/BRICK5_H743_176/BRICK6/Src/Mod/mod_matrix.c:493:9:mod_matrix_set_slot_destination_index	24	static
C:/Users/developpeur/Documents/BRICK5_H743_176/BRICK6/Src/Mod/mod_matrix.c:445:9:mod_matrix_set_selected_slot_destination_index	24	static
C:/Users/developpeur/Documents/BRICK5_H743_176/BRICK6/Src/Mod/mod_matrix.c:512:9:mod_matrix_set_slot_depth	24	static
C:/Users/developpeur/Documents/BRICK5_H743_176/BRICK6/Src/Mod/mod_matrix.c:453:9:mod_matrix_set_selected_slot_depth	24	static
C:/Users/developpeur/Documents/BRICK5_H743_176/BRICK6/Src/Mod/mod_matrix.c:529:9:mod_matrix_set_slot_source	32	static
C:/Users/developpeur/Documents/BRICK5_H743_176/BRICK6/Src/Mod/mod_matrix.c:461:9:mod_matrix_set_selected_slot_source	24	static
C:/Users/developpeur/Documents/BRICK5_H743_176/BRICK6/Src/Mod/mod_matrix.c:1058:6:mod_matrix_resync_base_on_authoritative_write	4	static
