C:/Users/developpeur/Documents/BRICK5_H743_176/BRICK6/Src/Seq/seq_edit.c:132:13:seq_edit_clear_auto_note_pending	4	static
C:/Users/developpeur/Documents/BRICK5_H743_176/BRICK6/Src/Seq/seq_edit.c:145:13:seq_edit_mark_step_edited	8	static
C:/Users/developpeur/Documents/BRICK5_H743_176/BRICK6/Src/Seq/seq_edit.c:512:13:seq_edit_reset_hall_press_state	0	static
C:/Users/developpeur/Documents/BRICK5_H743_176/BRICK6/Src/Seq/seq_edit.c:277:16:seq_edit_lowcost_find_range_length_source	48	static
C:/Users/developpeur/Documents/BRICK5_H743_176/BRICK6/Src/Seq/seq_edit.c:84:16:seq_edit_begin_snapshot_undo	8	static
C:/Users/developpeur/Documents/BRICK5_H743_176/BRICK6/Src/Seq/seq_edit.c:99:13:seq_edit_finish_snapshot_undo	8	static
C:/Users/developpeur/Documents/BRICK5_H743_176/BRICK6/Src/Seq/seq_edit.c:227:16:seq_edit_lowcost_step_has_play_param	40	static
C:/Users/developpeur/Documents/BRICK5_H743_176/BRICK6/Src/Seq/seq_edit.c:996:13:seq_edit_clear_steps_impl	24	static
C:/Users/developpeur/Documents/BRICK5_H743_176/BRICK6/Src/Seq/seq_edit.c:329:16:seq_edit_lowcost_apply_length_to_voice	40	static
C:/Users/developpeur/Documents/BRICK5_H743_176/BRICK6/Src/Seq/seq_edit.c:438:13:seq_edit_apply_short_action	40	static
C:/Users/developpeur/Documents/BRICK5_H743_176/BRICK6/Src/Seq/seq_edit.c:74:9:seq_edit_track_sequence_is_locked	0	static
C:/Users/developpeur/Documents/BRICK5_H743_176/BRICK6/Src/Seq/seq_edit.c:169:9:seq_edit_lowcost_length_flash_step_visible	0	static
C:/Users/developpeur/Documents/BRICK5_H743_176/BRICK6/Src/Seq/seq_edit.c:525:6:seq_edit_init	8	static
C:/Users/developpeur/Documents/BRICK5_H743_176/BRICK6/Src/Seq/seq_edit.c:560:6:seq_edit_change_page	16	static
C:/Users/developpeur/Documents/BRICK5_H743_176/BRICK6/Src/Seq/seq_edit.c:582:9:seq_edit_get_page	8	static
C:/Users/developpeur/Documents/BRICK5_H743_176/BRICK6/Src/Seq/seq_edit.c:587:9:seq_edit_map_hall_to_step	16	static
C:/Users/developpeur/Documents/BRICK5_H743_176/BRICK6/Src/Seq/seq_edit.c:312:9:seq_edit_lowcost_range_length_candidate	24	static
C:/Users/developpeur/Documents/BRICK5_H743_176/BRICK6/Src/Seq/seq_edit.c:534:9:seq_edit_toggle_hall_step	24	static
C:/Users/developpeur/Documents/BRICK5_H743_176/BRICK6/Src/Seq/seq_edit.c:611:6:seq_edit_step_press	56	static
C:/Users/developpeur/Documents/BRICK5_H743_176/BRICK6/Src/Seq/seq_edit.c:647:6:seq_edit_step_release	8	static
C:/Users/developpeur/Documents/BRICK5_H743_176/BRICK6/Src/Seq/seq_edit.c:671:6:seq_edit_step_hold_update	32	static
C:/Users/developpeur/Documents/BRICK5_H743_176/BRICK6/Src/Seq/seq_edit.c:701:9:seq_edit_step_is_pressed	24	static
C:/Users/developpeur/Documents/BRICK5_H743_176/BRICK6/Src/Seq/seq_edit.c:785:9:seq_edit_collect_held_steps	28	static
C:/Users/developpeur/Documents/BRICK5_H743_176/BRICK6/Src/Seq/seq_edit.c:717:9:seq_edit_adjust_held_step_roll	64	static
C:/Users/developpeur/Documents/BRICK5_H743_176/BRICK6/Src/Seq/seq_edit.c:834:9:seq_edit_collect_pressed_steps	20	static
C:/Users/developpeur/Documents/BRICK5_H743_176/BRICK6/Src/Seq/seq_edit.c:874:9:seq_edit_step_plock_find	16	static
C:/Users/developpeur/Documents/BRICK5_H743_176/BRICK6/Src/Seq/seq_edit.c:883:23:seq_edit_step_plock_upsert	16	static
C:/Users/developpeur/Documents/BRICK5_H743_176/BRICK6/Src/Seq/seq_edit.c:898:6:seq_edit_step_plock_commit	24	static
C:/Users/developpeur/Documents/BRICK5_H743_176/BRICK6/Src/Seq/seq_edit.c:921:23:seq_edit_step_plock_delete	8	static
C:/Users/developpeur/Documents/BRICK5_H743_176/BRICK6/Src/Seq/seq_edit.c:935:6:seq_edit_step_plock_clear	8	static
C:/Users/developpeur/Documents/BRICK5_H743_176/BRICK6/Src/Seq/seq_edit.c:945:9:seq_edit_step_plock_count	8	static
C:/Users/developpeur/Documents/BRICK5_H743_176/BRICK6/Src/Seq/seq_edit.c:950:9:seq_edit_step_plock_get_at	8	static
C:/Users/developpeur/Documents/BRICK5_H743_176/BRICK6/Src/Seq/seq_edit.c:958:9:seq_edit_copy_steps	8	static
C:/Users/developpeur/Documents/BRICK5_H743_176/BRICK6/Src/Seq/seq_edit.c:965:9:seq_edit_paste_steps	104	static
C:/Users/developpeur/Documents/BRICK5_H743_176/BRICK6/Src/Seq/seq_edit.c:1016:6:seq_edit_clear_steps_without_undo	8	static
C:/Users/developpeur/Documents/BRICK5_H743_176/BRICK6/Src/Seq/seq_edit.c:1028:6:seq_edit_clear_steps	24	static
