C:/Users/developpeur/Documents/BRICK5_H743_176/BRICK6/Src/Seq/seq_param_iface.c:260:16:seq_param_get_flag	4	static
C:/Users/developpeur/Documents/BRICK5_H743_176/BRICK6/Src/Seq/seq_param_iface.c:322:16:seq_param_iface_is_play_param	16	static
C:/Users/developpeur/Documents/BRICK5_H743_176/BRICK6/Src/Seq/seq_param_iface.c:510:16:seq_param_iface_resolve_runtime_tone_type	8	static
C:/Users/developpeur/Documents/BRICK5_H743_176/BRICK6/Src/Seq/seq_param_iface.c:384:32:seq_param_iface_state_at	24	static
C:/Users/developpeur/Documents/BRICK5_H743_176/BRICK6/Src/Seq/seq_param_iface.c:271:13:seq_param_set_flag	8	static
C:/Users/developpeur/Documents/BRICK5_H743_176/BRICK6/Src/Seq/seq_param_iface.c:436:9:seq_param_iface_is_param_plockable	16	static
C:/Users/developpeur/Documents/BRICK5_H743_176/BRICK6/Src/Seq/seq_param_iface.c:464:16:seq_param_iface_param_matches_set_domain	24	static
C:/Users/developpeur/Documents/BRICK5_H743_176/BRICK6/Src/Seq/seq_param_iface.c:558:9:seq_param_iface_is_set_plockable	0	static
C:/Users/developpeur/Documents/BRICK5_H743_176/BRICK6/Src/Seq/seq_param_iface.c:563:9:seq_param_iface_set_to_mask	0	static
C:/Users/developpeur/Documents/BRICK5_H743_176/BRICK6/Src/Seq/seq_param_iface.c:578:9:seq_param_iface_slot_to_param	24	static
C:/Users/developpeur/Documents/BRICK5_H743_176/BRICK6/Src/Seq/seq_param_iface.c:631:9:seq_param_iface_param_to_slot	32	static
C:/Users/developpeur/Documents/BRICK5_H743_176/BRICK6/Src/Seq/seq_param_iface.c:679:9:seq_param_iface_slot_is_supported	16	static
C:/Users/developpeur/Documents/BRICK5_H743_176/BRICK6/Src/Seq/seq_param_iface.c:573:9:seq_param_iface_is_param_supported	8	static
C:/Users/developpeur/Documents/BRICK5_H743_176/BRICK6/Src/Seq/seq_param_iface.c:696:9:seq_param_iface_param_is_supported	24	static
C:/Users/developpeur/Documents/BRICK5_H743_176/BRICK6/Src/Seq/seq_param_iface.c:743:9:seq_param_iface_set_base_value	32	static
C:/Users/developpeur/Documents/BRICK5_H743_176/BRICK6/Src/Seq/seq_param_iface.c:776:9:seq_param_iface_set_play_base_value	8	static
C:/Users/developpeur/Documents/BRICK5_H743_176/BRICK6/Src/Seq/seq_param_iface.c:783:9:seq_param_iface_commit_base_after_authoritative_apply	32	static
C:/Users/developpeur/Documents/BRICK5_H743_176/BRICK6/Src/Seq/seq_param_iface.c:951:15:seq_param_iface_encode_param_value	0	static
C:/Users/developpeur/Documents/BRICK5_H743_176/BRICK6/Src/Seq/seq_param_iface.c:550:6:seq_param_iface_init	56	static
C:/Users/developpeur/Documents/BRICK5_H743_176/BRICK6/Src/Seq/seq_param_iface.c:709:9:seq_param_iface_get_base_value	40	static
C:/Users/developpeur/Documents/BRICK5_H743_176/BRICK6/Src/Seq/seq_param_iface.c:769:9:seq_param_iface_get_play_base_value	8	static
C:/Users/developpeur/Documents/BRICK5_H743_176/BRICK6/Src/Seq/seq_param_iface.c:1003:7:seq_param_iface_decode_param_value	0	static
C:/Users/developpeur/Documents/BRICK5_H743_176/BRICK6/Src/Seq/seq_param_iface.c:826:9:seq_param_iface_apply_lock	72	static
C:/Users/developpeur/Documents/BRICK5_H743_176/BRICK6/Src/Seq/seq_param_iface.c:894:9:seq_param_iface_restore_base	56	static
